[INFO] [1785156659.491993137] [unity_evaluator_node]: evaluator_node started: will run for 60.0s starting from the first /ground_truth_pose
[INFO] [1785156690.428564374] [unity_evaluator_node]: first ground truth received: measuring for 60.0s
[INFO] [1785156695.136676441] [unity_evaluator_node]: t=4.9s  直近5秒: pos_err mean=4.36mm max=10.13mm  samples=3408  detected_balls=0
[INFO] [1785156700.292562891] [unity_evaluator_node]: t=10.0s  直近5秒: pos_err mean=4.14mm max=5.29mm  samples=8014  detected_balls=0
[INFO] [1785156705.417363875] [unity_evaluator_node]: t=14.9s  直近5秒: pos_err mean=6.44mm max=18.29mm  samples=12124  detected_balls=0
[INFO] [1785156710.720308144] [unity_evaluator_node]: t=20.0s  直近5秒: pos_err mean=4.92mm max=21.92mm  samples=16620  detected_balls=0
[INFO] [1785156715.859518068] [unity_evaluator_node]: t=25.0s  直近5秒: pos_err mean=2.18mm max=2.83mm  samples=21420  detected_balls=0
[INFO] [1785156720.919113750] [unity_evaluator_node]: t=30.0s  直近5秒: pos_err mean=2.21mm max=3.40mm  samples=25850  detected_balls=0
[INFO] [1785156726.094203723] [unity_evaluator_node]: t=35.0s  直近5秒: pos_err mean=2.16mm max=3.28mm  samples=30443  detected_balls=0
[INFO] [1785156731.209172273] [unity_evaluator_node]: t=40.0s  直近5秒: pos_err mean=2.33mm max=3.35mm  samples=35289  detected_balls=0
[INFO] [1785156736.384236584] [unity_evaluator_node]: t=45.0s  直近5秒: pos_err mean=2.28mm max=3.37mm  samples=40120  detected_balls=0
[INFO] [1785156741.490239780] [unity_evaluator_node]: t=50.0s  直近5秒: pos_err mean=2.15mm max=3.20mm  samples=45179  detected_balls=0
[INFO] [1785156746.684838567] [unity_evaluator_node]: t=55.0s  直近5秒: pos_err mean=2.32mm max=3.00mm  samples=50050  detected_balls=0
[INFO] [1785156751.795003501] [unity_evaluator_node]: t=60.0s  直近5秒: pos_err mean=2.25mm max=3.07mm  samples=55071  detected_balls=0
[INFO] [1785156751.798347594] [unity_evaluator_node]: === 評価終了、集計します ===
[INFO] [1785156752.348354080] [unity_evaluator_node]: 
============================================================
main.md 6-A-1 シミュレーション評価レポート
============================================================
総サンプル数: 55073  (定常区間 t>=3.0s: 53296)
真値未着のまま評価できなかったサンプル: 0

--- 全体（要件A: 定常RMSE<=10mm, 最大位置誤差<=10mm） ---
  位置誤差: mean=3.01mm  RMSE=3.50mm  max=21.92mm
  ヨー誤差: mean=0.065deg  RMSE=0.092deg  max=0.377deg
  判定: 定常誤差(RMSE<=10mm) PASS / 最大位置誤差(<=10mm) FAIL

--- 高G旋回スピンバースト中 ---
  位置誤差: mean=nanmm  RMSE=nanmm  max=nanmm

--- ボール横切り中 vs 非横切り中 ---
  横切り中   : mean=nanmm  RMSE=nanmm  max=nanmm
  非横切り中 : mean=3.01mm  RMSE=3.50mm  max=21.92mm
  判定: ボール横切りによる自己位置無影響 PASS
  (参考) 横切り中の検出ボール数(最新): 0
============================================================
[INFO] [1785156752.351305574] [unity_evaluator_node]: レポートを保存しました: /tmp/sim_eval_report.txt
[INFO] [1785156754.759385717] [unity_evaluator_node]: グラフを保存しました: /tmp/sim_eval_plot.png
