[INFO] [1785434645.280342070] [unity_evaluator_node]: C++ realtime evaluator started: measuring 60.0s from first ground truth
[INFO] [1785434771.236569674] [unity_evaluator_node]: first ground truth received; measurement window started
[INFO] [1785434778.022552184] [unity_evaluator_node]: t=5.0s  recent 5s: pos_err mean=0.29mm max=2.11mm samples=5079 balls=0
[INFO] [1785434783.257944709] [unity_evaluator_node]: t=10.0s  recent 5s: pos_err mean=0.28mm max=0.78mm samples=10281 balls=0
[INFO] [1785434788.480463201] [unity_evaluator_node]: t=15.0s  recent 5s: pos_err mean=0.53mm max=1.21mm samples=15481 balls=0
[INFO] [1785434793.646746352] [unity_evaluator_node]: t=20.0s  recent 5s: pos_err mean=1.17mm max=2.45mm samples=20681 balls=0
[INFO] [1785434798.863638153] [unity_evaluator_node]: t=25.0s  recent 5s: pos_err mean=0.62mm max=1.51mm samples=25861 balls=0
[INFO] [1785434804.068671671] [unity_evaluator_node]: t=30.0s  recent 5s: pos_err mean=0.55mm max=1.17mm samples=31078 balls=0
[INFO] [1785434809.291714367] [unity_evaluator_node]: t=35.0s  recent 5s: pos_err mean=1.34mm max=4.98mm samples=36281 balls=0
[INFO] [1785434814.513984870] [unity_evaluator_node]: t=40.0s  recent 5s: pos_err mean=0.59mm max=1.80mm samples=41465 balls=0
[INFO] [1785434819.778163336] [unity_evaluator_node]: t=45.0s  recent 5s: pos_err mean=0.61mm max=1.49mm samples=46678 balls=0
[INFO] [1785434825.107314687] [unity_evaluator_node]: t=50.0s  recent 5s: pos_err mean=1.43mm max=3.00mm samples=51874 balls=0
[INFO] [1785434830.302260471] [unity_evaluator_node]: t=55.0s  recent 5s: pos_err mean=0.71mm max=2.08mm samples=57068 balls=0
[INFO] [1785434835.765969234] [unity_evaluator_node]: t=60.0s  recent 5s: pos_err mean=0.65mm max=1.44mm samples=62278 balls=0
[INFO] [1785434835.782064350] [unity_evaluator_node]: 
============================================================
main.md 6-A-1 シミュレーション評価レポート (C++ realtime evaluator)
============================================================
総サンプル数: 62278  (定常区間 t>=3.0s: 59278)
真値未着のまま評価できなかったサンプル: 9

--- 全体（要件A: 定常RMSE<=10mm, 最大位置誤差<=10mm） ---
  位置誤差: mean=0.76mm  RMSE=0.96mm  max=4.98mm
  ヨー誤差: mean=0.135deg  RMSE=0.166deg  max=0.467deg
  判定: 定常誤差(RMSE<=10mm) PASS / 最大位置誤差(<=10mm) PASS

--- 高G旋回スピンバースト中 ---
  位置誤差: mean=nanmm  RMSE=nanmm  max=nanmm

--- ボール横切り中 vs 非横切り中 ---
  横切り中   : mean=nanmm  RMSE=nanmm  max=nanmm
  非横切り中 : mean=nanmm  RMSE=nanmm  max=nanmm
  判定: ボール横切りによる自己位置無影響 PASS
  (参考) 横切り中の検出ボール数(最新): 0
============================================================

[INFO] [1785434835.894908851] [unity_evaluator_node]: Saved report and raw error CSV in /tmp
