[INFO] [1785422195.655204277] [backend_optimizer_node]: graph (re)initialized at X0=(-2.419, 1.354, 0.000) V0=(0.000, 0.000)
[INFO] [1785422195.655655403] [backend_optimizer_node]: backend_optimizer_node started (0 cylinders registered)
[INFO] [1785422203.594807283] [backend_optimizer_node]: wall prior loosened by ICP covariance: sigma(yaw,x,y)=(0.0064, 0.0063, 0.0063) censi=(0.0063, 0.0063, 0.0063)
[INFO] [1785422205.619673416] [backend_optimizer_node]: wall prior loosened by ICP covariance: sigma(yaw,x,y)=(0.0064, 0.0063, 0.0063) censi=(0.0063, 0.0063, 0.0063)
[INFO] [1785422207.623194098] [backend_optimizer_node]: wall prior loosened by ICP covariance: sigma(yaw,x,y)=(0.0064, 0.0063, 0.0063) censi=(0.0063, 0.0063, 0.0063)
[INFO] [1785422209.644460672] [backend_optimizer_node]: wall prior loosened by ICP covariance: sigma(yaw,x,y)=(0.0064, 0.0063, 0.0063) censi=(0.0063, 0.0063, 0.0063)
[INFO] [1785422211.644492912] [backend_optimizer_node]: wall prior loosened by ICP covariance: sigma(yaw,x,y)=(0.0064, 0.0063, 0.0063) censi=(0.0063, 0.0063, 0.0063)
[INFO] [1785422213.647056810] [backend_optimizer_node]: wall prior loosened by ICP covariance: sigma(yaw,x,y)=(0.0066, 0.0063, 0.0063) censi=(0.0063, 0.0063, 0.0063)
[INFO] [1785422215.669220425] [backend_optimizer_node]: wall prior loosened by ICP covariance: sigma(yaw,x,y)=(0.0064, 0.0063, 0.0063) censi=(0.0063, 0.0063, 0.0063)
[INFO] [1785422217.694824193] [backend_optimizer_node]: wall prior loosened by ICP covariance: sigma(yaw,x,y)=(0.0064, 0.0063, 0.0063) censi=(0.0063, 0.0063, 0.0063)
[INFO] [1785422219.695144266] [backend_optimizer_node]: wall prior loosened by ICP covariance: sigma(yaw,x,y)=(0.0064, 0.0063, 0.0063) censi=(0.0063, 0.0063, 0.0063)
[INFO] [1785422221.720230984] [backend_optimizer_node]: wall prior loosened by ICP covariance: sigma(yaw,x,y)=(0.0064, 0.0063, 0.0063) censi=(0.0063, 0.0063, 0.0063)
[INFO] [1785422223.720872641] [backend_optimizer_node]: wall prior loosened by ICP covariance: sigma(yaw,x,y)=(0.0064, 0.0063, 0.0063) censi=(0.0063, 0.0063, 0.0063)
[INFO] [1785422225.744955604] [backend_optimizer_node]: wall prior loosened by ICP covariance: sigma(yaw,x,y)=(0.0064, 0.0063, 0.0063) censi=(0.0063, 0.0063, 0.0063)
[INFO] [1785422227.769304360] [backend_optimizer_node]: wall prior loosened by ICP covariance: sigma(yaw,x,y)=(0.0064, 0.0063, 0.0063) censi=(0.0063, 0.0063, 0.0063)
[INFO] [1785422229.772341312] [backend_optimizer_node]: wall prior loosened by ICP covariance: sigma(yaw,x,y)=(0.0064, 0.0063, 0.0063) censi=(0.0063, 0.0063, 0.0063)
[INFO] [1785422231.793692349] [backend_optimizer_node]: wall prior loosened by ICP covariance: sigma(yaw,x,y)=(0.0064, 0.0063, 0.0063) censi=(0.0063, 0.0063, 0.0063)
[INFO] [1785422233.794527999] [backend_optimizer_node]: wall prior loosened by ICP covariance: sigma(yaw,x,y)=(0.0064, 0.0063, 0.0063) censi=(0.0063, 0.0063, 0.0063)
[INFO] [1785422235.819024932] [backend_optimizer_node]: wall prior loosened by ICP covariance: sigma(yaw,x,y)=(0.0064, 0.0063, 0.0063) censi=(0.0063, 0.0063, 0.0063)
[INFO] [1785422237.846283895] [backend_optimizer_node]: wall prior loosened by ICP covariance: sigma(yaw,x,y)=(0.0064, 0.0063, 0.0063) censi=(0.0063, 0.0063, 0.0063)
[INFO] [1785422239.869937001] [backend_optimizer_node]: wall prior loosened by ICP covariance: sigma(yaw,x,y)=(0.0064, 0.0063, 0.0063) censi=(0.0063, 0.0063, 0.0063)
[ERROR] [1785422243.356067970] [backend_optimizer_node]: IMU signal LOST (no IMU for 2.03s > 2.00s). Self-localization is the dead-reckoning backbone and cannot continue without it: entering FAIL-SAFE HALT (freezing estimate, no further graph updates).
[INFO] [1785422251.618939040] [rclcpp]: signal_handler(signum=2)
