[INFO] [1785306634.948064860] [unity_evaluator_node]: C++ realtime evaluator started: measuring 60.0s from first ground truth
[INFO] [1785306660.273154169] [unity_evaluator_node]: first ground truth received; measurement window started
[INFO] [1785306665.272095989] [unity_evaluator_node]: t=5.0s  recent 5s: pos_err mean=4.07mm max=8.40mm samples=5162 balls=0
[INFO] [1785306670.271910603] [unity_evaluator_node]: t=10.0s  recent 5s: pos_err mean=3.92mm max=5.22mm samples=10362 balls=0
[INFO] [1785306675.272299575] [unity_evaluator_node]: t=15.0s  recent 5s: pos_err mean=7.59mm max=11.96mm samples=15562 balls=0
[INFO] [1785306680.271939591] [unity_evaluator_node]: t=20.0s  recent 5s: pos_err mean=4.74mm max=11.29mm samples=20762 balls=0
[INFO] [1785306685.271983930] [unity_evaluator_node]: t=25.0s  recent 5s: pos_err mean=7.82mm max=12.15mm samples=25962 balls=0
[INFO] [1785306690.272052312] [unity_evaluator_node]: t=30.0s  recent 5s: pos_err mean=6.89mm max=10.93mm samples=31162 balls=0
[INFO] [1785306695.271902002] [unity_evaluator_node]: t=35.0s  recent 5s: pos_err mean=4.67mm max=10.22mm samples=36362 balls=0
[INFO] [1785306700.272032462] [unity_evaluator_node]: t=40.0s  recent 5s: pos_err mean=7.82mm max=13.17mm samples=41562 balls=0
[INFO] [1785306705.272051041] [unity_evaluator_node]: t=45.0s  recent 5s: pos_err mean=6.60mm max=10.82mm samples=46762 balls=0
[INFO] [1785306710.272111009] [unity_evaluator_node]: t=50.0s  recent 5s: pos_err mean=5.05mm max=10.69mm samples=51962 balls=0
[INFO] [1785306715.272028811] [unity_evaluator_node]: t=55.0s  recent 5s: pos_err mean=8.15mm max=11.65mm samples=57162 balls=0
[INFO] [1785306720.271988632] [unity_evaluator_node]: t=60.0s  recent 5s: pos_err mean=6.52mm max=10.54mm samples=62362 balls=0
[INFO] [1785306720.273312118] [unity_evaluator_node]: 
============================================================
main.md 6-A-1 シミュレーション評価レポート (C++ realtime evaluator)
============================================================
総サンプル数: 62362  (定常区間 t>=3.0s: 59271)
真値未着のまま評価できなかったサンプル: 9

--- 全体（要件A: 定常RMSE<=10mm, 最大位置誤差<=10mm） ---
  位置誤差: mean=6.26mm  RMSE=6.94mm  max=13.17mm
  ヨー誤差: mean=0.168deg  RMSE=0.204deg  max=0.451deg
  判定: 定常誤差(RMSE<=10mm) PASS / 最大位置誤差(<=10mm) FAIL

--- 高G旋回スピンバースト中 ---
  位置誤差: mean=nanmm  RMSE=nanmm  max=nanmm

--- ボール横切り中 vs 非横切り中 ---
  横切り中   : mean=nanmm  RMSE=nanmm  max=nanmm
  非横切り中 : mean=nanmm  RMSE=nanmm  max=nanmm
  判定: ボール横切りによる自己位置無影響 PASS
  (参考) 横切り中の検出ボール数(最新): 0
============================================================

[INFO] [1785306720.352214740] [unity_evaluator_node]: Saved report and raw error CSV in /tmp
