[INFO] [1785153397.748710392] [unity_evaluator_node]: evaluator_node started: will run for 60.0s starting from the first /ground_truth_pose
[INFO] [1785153426.497668340] [unity_evaluator_node]: first ground truth received: measuring for 60.0s
[INFO] [1785153430.713308080] [unity_evaluator_node]: t=5.0s  直近5秒: pos_err mean=8.69mm max=89.41mm  samples=3877  detected_balls=0
[INFO] [1785153435.839670614] [unity_evaluator_node]: t=10.0s  直近5秒: pos_err mean=8.17mm max=12.42mm  samples=8502  detected_balls=0
[INFO] [1785153440.995317135] [unity_evaluator_node]: t=15.0s  直近5秒: pos_err mean=2.56mm max=8.20mm  samples=12508  detected_balls=0
[INFO] [1785153446.194821913] [unity_evaluator_node]: t=20.0s  直近5秒: pos_err mean=2.41mm max=3.77mm  samples=16270  detected_balls=0
[INFO] [1785153451.239374795] [unity_evaluator_node]: t=25.0s  直近5秒: pos_err mean=2.22mm max=3.59mm  samples=20592  detected_balls=0
[INFO] [1785153456.469637042] [unity_evaluator_node]: t=30.0s  直近5秒: pos_err mean=2.34mm max=3.82mm  samples=24339  detected_balls=0
[INFO] [1785153461.653304725] [unity_evaluator_node]: t=35.0s  直近5秒: pos_err mean=2.07mm max=3.03mm  samples=28559  detected_balls=0
[INFO] [1785153466.783858815] [unity_evaluator_node]: t=40.0s  直近5秒: pos_err mean=2.36mm max=4.43mm  samples=32412  detected_balls=0
[INFO] [1785153471.842824815] [unity_evaluator_node]: t=45.0s  直近5秒: pos_err mean=2.33mm max=4.16mm  samples=36350  detected_balls=0
[INFO] [1785153476.961076804] [unity_evaluator_node]: t=50.0s  直近5秒: pos_err mean=2.23mm max=4.19mm  samples=40234  detected_balls=0
[INFO] [1785153482.114147380] [unity_evaluator_node]: t=55.0s  直近5秒: pos_err mean=2.45mm max=3.95mm  samples=44287  detected_balls=0
[INFO] [1785153487.252414923] [unity_evaluator_node]: t=60.0s  直近5秒: pos_err mean=2.31mm max=3.45mm  samples=48632  detected_balls=0
[INFO] [1785153487.253288680] [unity_evaluator_node]: === 評価終了、集計します ===
[INFO] [1785153487.663157797] [unity_evaluator_node]: 
============================================================
main.md 6-A-1 シミュレーション評価レポート
============================================================
総サンプル数: 48632  (定常区間 t>=3.0s: 46749)
真値未着のまま評価できなかったサンプル: 0

--- 全体（要件A: 定常RMSE<=10mm, 最大位置誤差<=10mm） ---
  位置誤差: mean=3.05mm  RMSE=3.69mm  max=12.42mm
  ヨー誤差: mean=0.055deg  RMSE=0.100deg  max=0.434deg
  判定: 定常誤差(RMSE<=10mm) PASS / 最大位置誤差(<=10mm) FAIL

--- 高G旋回スピンバースト中 ---
  位置誤差: mean=nanmm  RMSE=nanmm  max=nanmm

--- ボール横切り中 vs 非横切り中 ---
  横切り中   : mean=nanmm  RMSE=nanmm  max=nanmm
  非横切り中 : mean=3.05mm  RMSE=3.69mm  max=12.42mm
  判定: ボール横切りによる自己位置無影響 PASS
  (参考) 横切り中の検出ボール数(最新): 0
============================================================
