[INFO] [1785324479.125433657] [backend_optimizer_node]: graph (re)initialized at X0=(-2.419, 1.354, 0.000) V0=(0.000, 0.000)
[INFO] [1785324479.125787912] [backend_optimizer_node]: backend_optimizer_node started (0 cylinders registered)
[WARN] [1785324483.154218591] [backend_optimizer_node]: slow smoother update: 34.9ms (index 10)
[ERROR] [1785324485.136199197] [backend_optimizer_node]: IMU ring buffer overflowed (8192 samples / 8.2s capacity): entering FAIL-SAFE HALT
[ERROR] [1785324485.439063516] [backend_optimizer_node]: FAIL-SAFE HALT active (IMU lost): ignoring scan corrections, self-localization is frozen and must be restarted.
[ERROR] [1785324486.002030548] [backend_optimizer_node]: FAIL-SAFE HALT active (IMU lost): ignoring scan corrections, self-localization is frozen and must be restarted.
[ERROR] [1785324486.506242717] [backend_optimizer_node]: FAIL-SAFE HALT active (IMU lost): ignoring scan corrections, self-localization is frozen and must be restarted.
[ERROR] [1785324487.044439708] [backend_optimizer_node]: FAIL-SAFE HALT active (IMU lost): ignoring scan corrections, self-localization is frozen and must be restarted.
[ERROR] [1785324488.660643839] [backend_optimizer_node]: FAIL-SAFE HALT active (IMU lost): ignoring scan corrections, self-localization is frozen and must be restarted.
[ERROR] [1785324489.161332008] [backend_optimizer_node]: FAIL-SAFE HALT active (IMU lost): ignoring scan corrections, self-localization is frozen and must be restarted.
[ERROR] [1785324489.691053887] [backend_optimizer_node]: FAIL-SAFE HALT active (IMU lost): ignoring scan corrections, self-localization is frozen and must be restarted.
[ERROR] [1785324490.191917887] [backend_optimizer_node]: FAIL-SAFE HALT active (IMU lost): ignoring scan corrections, self-localization is frozen and must be restarted.
[ERROR] [1785324490.764030775] [backend_optimizer_node]: FAIL-SAFE HALT active (IMU lost): ignoring scan corrections, self-localization is frozen and must be restarted.
[ERROR] [1785324491.297504010] [backend_optimizer_node]: FAIL-SAFE HALT active (IMU lost): ignoring scan corrections, self-localization is frozen and must be restarted.
[ERROR] [1785324491.804988601] [backend_optimizer_node]: FAIL-SAFE HALT active (IMU lost): ignoring scan corrections, self-localization is frozen and must be restarted.
[ERROR] [1785324492.305891337] [backend_optimizer_node]: FAIL-SAFE HALT active (IMU lost): ignoring scan corrections, self-localization is frozen and must be restarted.
[ERROR] [1785324493.328027742] [backend_optimizer_node]: FAIL-SAFE HALT active (IMU lost): ignoring scan corrections, self-localization is frozen and must be restarted.
[ERROR] [1785324493.895124908] [backend_optimizer_node]: FAIL-SAFE HALT active (IMU lost): ignoring scan corrections, self-localization is frozen and must be restarted.
[ERROR] [1785324494.412219667] [backend_optimizer_node]: FAIL-SAFE HALT active (IMU lost): ignoring scan corrections, self-localization is frozen and must be restarted.
[ERROR] [1785324494.907723635] [backend_optimizer_node]: FAIL-SAFE HALT active (IMU lost): ignoring scan corrections, self-localization is frozen and must be restarted.
[ERROR] [1785324495.425595477] [backend_optimizer_node]: FAIL-SAFE HALT active (IMU lost): ignoring scan corrections, self-localization is frozen and must be restarted.
[ERROR] [1785324495.939786504] [backend_optimizer_node]: FAIL-SAFE HALT active (IMU lost): ignoring scan corrections, self-localization is frozen and must be restarted.
[ERROR] [1785324496.487981079] [backend_optimizer_node]: FAIL-SAFE HALT active (IMU lost): ignoring scan corrections, self-localization is frozen and must be restarted.
[ERROR] [1785324496.991534203] [backend_optimizer_node]: FAIL-SAFE HALT active (IMU lost): ignoring scan corrections, self-localization is frozen and must be restarted.
[ERROR] [1785324499.317815125] [backend_optimizer_node]: FAIL-SAFE HALT active (IMU lost): ignoring scan corrections, self-localization is frozen and must be restarted.
[ros2run]: Received signal:  Interrupt
[INFO] [1785324500.095927104] [rclcpp]: signal_handler(signum=2)
[INFO] [1785324500.140802860] [backend_optimizer_node]: backend concurrency stats: imu_callbacks=62001, during_worker=8359 (13.5%), during_smoother=67 (0.1%), callback_gap_max=302.193ms, gaps>2ms=1295, gaps>10ms=317; stamp_gap_max=1.000ms, gaps>1ms=0; ring_enqueue_max=0.121ms, enqueues>2ms=0; callback_duration_max=302.142ms, durations>2ms=101; worker_jobs=11 mean/max=215.945/2319.690ms; smoother_updates=10 mean/max=4.592/34.906ms
