[INFO] [1785262449.317172985] [laser_scan_matching_node]: laser_scan_matching_node started (0 cylinders, 9 internal walls, field 5.572x3.310m, initial seed=(-2.419, 1.354, 0.000))
[WARN] [1785262482.526420526] [laser_scan_matching_node]: IMU coverage wait exceeded 0.050s, processing scan with extrapolated tail
[WARN] [1785262483.967259674] [laser_scan_matching_node]: IMU coverage wait exceeded 0.050s, processing scan with extrapolated tail
[WARN] [1785262485.591759790] [laser_scan_matching_node]: IMU coverage wait exceeded 0.050s, processing scan with extrapolated tail
[INFO] [1785262486.178891063] [laser_scan_matching_node]: note rejection: 32/541 returns unexplained, 0 clusters -> 0 accepted, 0 points dropped (last extent=-1.0000m; gate <=0.350m, min 4 points)
[WARN] [1785262486.666672134] [laser_scan_matching_node]: IMU coverage wait exceeded 0.050s, processing scan with extrapolated tail
[WARN] [1785262487.932962745] [laser_scan_matching_node]: IMU coverage wait exceeded 0.050s, processing scan with extrapolated tail
[WARN] [1785262492.618784104] [laser_scan_matching_node]: IMU coverage wait exceeded 0.050s, processing scan with extrapolated tail
[INFO] [1785262494.032702375] [laser_scan_matching_node]: note rejection: 29/541 returns unexplained, 0 clusters -> 0 accepted, 0 points dropped (last extent=-1.0000m; gate <=0.350m, min 4 points)
[WARN] [1785262494.807761887] [laser_scan_matching_node]: IMU coverage wait exceeded 0.050s, processing scan with extrapolated tail
[WARN] [1785262496.697661412] [laser_scan_matching_node]: IMU coverage wait exceeded 0.050s, processing scan with extrapolated tail
[INFO] [1785262499.203208352] [laser_scan_matching_node]: note rejection: 69/541 returns unexplained, 3 clusters -> 3 accepted, 50 points dropped (last extent=0.1167m; gate <=0.350m, min 4 points)
[WARN] [1785262500.296689734] [laser_scan_matching_node]: IMU coverage wait exceeded 0.050s, processing scan with extrapolated tail
[WARN] [1785262503.685761033] [laser_scan_matching_node]: IMU coverage wait exceeded 0.050s, processing scan with extrapolated tail
[INFO] [1785262504.406763527] [laser_scan_matching_node]: note rejection: 20/541 returns unexplained, 0 clusters -> 0 accepted, 0 points dropped (last extent=-1.0000m; gate <=0.350m, min 4 points)
[WARN] [1785262504.953009409] [laser_scan_matching_node]: IMU coverage wait exceeded 0.050s, processing scan with extrapolated tail
[WARN] [1785262507.227815043] [laser_scan_matching_node]: IMU coverage wait exceeded 0.050s, processing scan with extrapolated tail
[WARN] [1785262509.074452041] [laser_scan_matching_node]: IMU coverage wait exceeded 0.050s, processing scan with extrapolated tail
[INFO] [1785262509.661206959] [laser_scan_matching_node]: note rejection: 44/541 returns unexplained, 2 clusters -> 1 accepted, 4 points dropped (last extent=0.1096m; gate <=0.350m, min 4 points)
[WARN] [1785262512.026493396] [laser_scan_matching_node]: IMU coverage wait exceeded 0.050s, processing scan with extrapolated tail
[WARN] [1785262514.803580279] [laser_scan_matching_node]: IMU coverage wait exceeded 0.050s, processing scan with extrapolated tail
[INFO] [1785262514.993295425] [laser_scan_matching_node]: note rejection: 33/541 returns unexplained, 0 clusters -> 0 accepted, 0 points dropped (last extent=-1.0000m; gate <=0.350m, min 4 points)
[WARN] [1785262516.008213238] [laser_scan_matching_node]: IMU coverage wait exceeded 0.050s, processing scan with extrapolated tail
[INFO] [1785262520.180680761] [laser_scan_matching_node]: note rejection: 24/541 returns unexplained, 0 clusters -> 0 accepted, 0 points dropped (last extent=-1.0000m; gate <=0.350m, min 4 points)
[WARN] [1785262521.195459186] [laser_scan_matching_node]: IMU coverage wait exceeded 0.050s, processing scan with extrapolated tail
[WARN] [1785262522.485953800] [laser_scan_matching_node]: IMU coverage wait exceeded 0.050s, processing scan with extrapolated tail
[WARN] [1785262523.556808314] [laser_scan_matching_node]: IMU coverage wait exceeded 0.050s, processing scan with extrapolated tail
[INFO] [1785262525.289281924] [laser_scan_matching_node]: note rejection: 27/541 returns unexplained, 0 clusters -> 0 accepted, 0 points dropped (last extent=-1.0000m; gate <=0.350m, min 4 points)
[WARN] [1785262525.461960301] [laser_scan_matching_node]: IMU coverage wait exceeded 0.050s, processing scan with extrapolated tail
[WARN] [1785262527.437836651] [laser_scan_matching_node]: IMU coverage wait exceeded 0.050s, processing scan with extrapolated tail
[WARN] [1785262529.382202442] [laser_scan_matching_node]: IMU coverage wait exceeded 0.050s, processing scan with extrapolated tail
[INFO] [1785262530.523470021] [laser_scan_matching_node]: note rejection: 81/541 returns unexplained, 2 clusters -> 1 accepted, 22 points dropped (last extent=0.1416m; gate <=0.350m, min 4 points)
[WARN] [1785262533.657545375] [laser_scan_matching_node]: IMU coverage wait exceeded 0.050s, processing scan with extrapolated tail
[WARN] [1785262535.615039503] [laser_scan_matching_node]: IMU coverage wait exceeded 0.050s, processing scan with extrapolated tail
[INFO] [1785262536.046476088] [laser_scan_matching_node]: note rejection: 15/541 returns unexplained, 0 clusters -> 0 accepted, 0 points dropped (last extent=-1.0000m; gate <=0.350m, min 4 points)
[WARN] [1785262536.920853601] [laser_scan_matching_node]: IMU coverage wait exceeded 0.050s, processing scan with extrapolated tail
[WARN] [1785262538.903540055] [laser_scan_matching_node]: IMU coverage wait exceeded 0.050s, processing scan with extrapolated tail
[WARN] [1785262540.475790912] [laser_scan_matching_node]: IMU coverage wait exceeded 0.050s, processing scan with extrapolated tail
[INFO] [1785262541.284416408] [laser_scan_matching_node]: note rejection: 21/541 returns unexplained, 0 clusters -> 0 accepted, 0 points dropped (last extent=-1.0000m; gate <=0.350m, min 4 points)
[WARN] [1785262542.102204072] [laser_scan_matching_node]: IMU coverage wait exceeded 0.050s, processing scan with extrapolated tail
[WARN] [1785262544.642912220] [laser_scan_matching_node]: IMU coverage wait exceeded 0.050s, processing scan with extrapolated tail
[WARN] [1785262546.110352984] [laser_scan_matching_node]: IMU coverage wait exceeded 0.050s, processing scan with extrapolated tail
[INFO] [1785262546.592327225] [laser_scan_matching_node]: note rejection: 21/541 returns unexplained, 0 clusters -> 0 accepted, 0 points dropped (last extent=-1.0000m; gate <=0.350m, min 4 points)
[WARN] [1785262547.950872496] [laser_scan_matching_node]: IMU coverage wait exceeded 0.050s, processing scan with extrapolated tail
[WARN] [1785262550.321605642] [laser_scan_matching_node]: IMU coverage wait exceeded 0.050s, processing scan with extrapolated tail
[INFO] [1785262551.584325932] [rclcpp]: signal_handler(signum=2)
