[INFO] [1785262449.536093917] [unity_evaluator_node]: evaluator_node started: will run for 60.0s starting from the first /ground_truth_pose
[INFO] [1785262481.696644784] [unity_evaluator_node]: first ground truth received: measuring for 60.0s
[INFO] [1785262486.232303869] [unity_evaluator_node]: t=4.9s  直近5秒: pos_err mean=4.05mm max=10.88mm  samples=1893  detected_balls=0
[INFO] [1785262494.045401956] [unity_evaluator_node]: t=10.0s  直近5秒: pos_err mean=3.97mm max=6.17mm  samples=5048  detected_balls=0
[INFO] [1785262499.193745919] [unity_evaluator_node]: t=15.0s  直近5秒: pos_err mean=6.69mm max=23.24mm  samples=8044  detected_balls=0
[INFO] [1785262504.410635246] [unity_evaluator_node]: t=20.0s  直近5秒: pos_err mean=8.20mm max=13.42mm  samples=11298  detected_balls=0
[INFO] [1785262509.639902644] [unity_evaluator_node]: t=25.0s  直近5秒: pos_err mean=2.51mm max=7.61mm  samples=14726  detected_balls=0
[INFO] [1785262514.940236745] [unity_evaluator_node]: t=30.0s  直近5秒: pos_err mean=8.25mm max=11.89mm  samples=18245  detected_balls=0
[INFO] [1785262520.154096676] [unity_evaluator_node]: t=35.0s  直近5秒: pos_err mean=3.96mm max=6.25mm  samples=21295  detected_balls=0
[INFO] [1785262525.149200095] [unity_evaluator_node]: t=39.9s  直近5秒: pos_err mean=3.95mm max=5.34mm  samples=24292  detected_balls=0
[INFO] [1785262530.368994857] [unity_evaluator_node]: t=44.9s  直近5秒: pos_err mean=4.18mm max=20.58mm  samples=27320  detected_balls=0
[INFO] [1785262535.845859340] [unity_evaluator_node]: t=49.9s  直近5秒: pos_err mean=7.28mm max=22.92mm  samples=30091  detected_balls=0
[INFO] [1785262541.015039519] [unity_evaluator_node]: t=55.0s  直近5秒: pos_err mean=5.20mm max=55.30mm  samples=33033  detected_balls=0
[INFO] [1785262546.174259960] [unity_evaluator_node]: t=60.0s  直近5秒: pos_err mean=8.95mm max=14.34mm  samples=36367  detected_balls=0
[INFO] [1785262546.180927346] [unity_evaluator_node]: === 評価終了、集計します ===
[INFO] [1785262546.439294724] [unity_evaluator_node]: 
============================================================
main.md 6-A-1 シミュレーション評価レポート
============================================================
総サンプル数: 36370  (定常区間 t>=3.0s: 35432)
真値未着のまま評価できなかったサンプル: 0

--- 全体（要件A: 定常RMSE<=10mm, 最大位置誤差<=10mm） ---
  位置誤差: mean=5.72mm  RMSE=6.54mm  max=55.30mm
  ヨー誤差: mean=0.151deg  RMSE=0.179deg  max=0.437deg
  判定: 定常誤差(RMSE<=10mm) PASS / 最大位置誤差(<=10mm) FAIL

--- 高G旋回スピンバースト中 ---
  位置誤差: mean=nanmm  RMSE=nanmm  max=nanmm

--- ボール横切り中 vs 非横切り中 ---
  横切り中   : mean=nanmm  RMSE=nanmm  max=nanmm
  非横切り中 : mean=5.72mm  RMSE=6.54mm  max=55.30mm
  判定: ボール横切りによる自己位置無影響 PASS
  (参考) 横切り中の検出ボール数(最新): 0
============================================================
[INFO] [1785262546.440905907] [unity_evaluator_node]: レポートを保存しました: /tmp/sim_eval_report.txt
[INFO] [1785262550.668177314] [unity_evaluator_node]: グラフを保存しました: /tmp/sim_eval_plot.png
