[INFO] [launch]: All log files can be found below /home/yukichi6105/.ros/log/2026-07-23-23-29-35-867034-fuku-pc-179021
[INFO] [launch]: Default logging verbosity is set to INFO
[INFO] [default_server_endpoint-1]: process started with pid [179038]
[default_server_endpoint-1] /opt/ros/lyrical/lib/python3.14/site-packages/rclpy/executors.py:1073: UserWarning: MultiThreadedExecutor is used with a single thread.
[default_server_endpoint-1] Use the SingleThreadedExecutor instead.
[default_server_endpoint-1]   warnings.warn(
[default_server_endpoint-1] [INFO] [1784816976.455554271] [unity_endpoint]: Starting server on 0.0.0.0:10000
[INFO] [imu_preintegration_node-2]: process started with pid [179174]
[INFO] [backend_optimizer_node-3]: process started with pid [179175]
[INFO] [laser_scan_matching_node-4]: process started with pid [179176]
[INFO] [ball_tracking_node-5]: process started with pid [179177]
[INFO] [evaluator_node-6]: process started with pid [179178]
[ball_tracking_node-5] [INFO] [1784816981.110026917] [ball_tracking_node]: ball_tracking_node started
[laser_scan_matching_node-4] [INFO] [1784816981.117938953] [laser_scan_matching_node]: laser_scan_matching_node started (0 cylinders, 9 internal walls, field 5.572x3.310m, initial seed=(-2.419, 1.354, 0.000))
[imu_preintegration_node-2] [INFO] [1784816981.126810169] [imu_preintegration_node]: imu_preintegration_node started (waiting for first /state_estimate)
[backend_optimizer_node-3] [INFO] [1784816981.137177576] [backend_optimizer_node]: graph (re)initialized at X0=(-2.419, 1.354, 0.000) V0=(0.000, 0.000)
[backend_optimizer_node-3] [INFO] [1784816981.137356236] [backend_optimizer_node]: backend_optimizer_node started (0 cylinders registered)
[evaluator_node-6] [INFO] [1784816981.799860315] [unity_evaluator_node]: evaluator_node started: will run for 60.0s starting from the first /ground_truth_pose
[default_server_endpoint-1] [INFO] [1784817005.281126073] [unity_endpoint]: Connection from 127.0.0.1
[default_server_endpoint-1] [WARN] [1784817005.318587640] [rcl.logging_rosout]: Publisher already registered for node name: 'unity_endpoint'. If this is due to multiple nodes with the same name then all logs for the logger named 'unity_endpoint' will go out over the existing publisher. As soon as any node with that name is destructed it will unregister the publisher, preventing any further logs for that name from being published on the rosout topic.
[default_server_endpoint-1] [INFO] [1784817005.491857825] [unity_endpoint]: RegisterSubscriber(/odom_fast, <class 'nav_msgs.msg._odometry.Odometry'>) OK
[default_server_endpoint-1] [WARN] [1784817005.500819985] [rcl.logging_rosout]: Publisher already registered for node name: 'unity_endpoint'. If this is due to multiple nodes with the same name then all logs for the logger named 'unity_endpoint' will go out over the existing publisher. As soon as any node with that name is destructed it will unregister the publisher, preventing any further logs for that name from being published on the rosout topic.
[default_server_endpoint-1] [INFO] [1784817005.526736389] [unity_endpoint]: RegisterSubscriber(/tf, <class 'tf2_msgs.msg._tf_message.TFMessage'>) OK
[default_server_endpoint-1] [WARN] [1784817005.527180375] [rcl.logging_rosout]: Publisher already registered for node name: 'unity_endpoint'. If this is due to multiple nodes with the same name then all logs for the logger named 'unity_endpoint' will go out over the existing publisher. As soon as any node with that name is destructed it will unregister the publisher, preventing any further logs for that name from being published on the rosout topic.
[default_server_endpoint-1] [INFO] [1784817005.546273982] [unity_endpoint]: RegisterPublisher(/clock, <class 'rosgraph_msgs.msg._clock.Clock'>) OK
[default_server_endpoint-1] [WARN] [1784817005.631518188] [rcl.logging_rosout]: Publisher already registered for node name: 'unity_endpoint'. If this is due to multiple nodes with the same name then all logs for the logger named 'unity_endpoint' will go out over the existing publisher. As soon as any node with that name is destructed it will unregister the publisher, preventing any further logs for that name from being published on the rosout topic.
[default_server_endpoint-1] [INFO] [1784817005.651804961] [unity_endpoint]: RegisterPublisher(/scan, <class 'sensor_msgs.msg._laser_scan.LaserScan'>) OK
[default_server_endpoint-1] [WARN] [1784817005.652372747] [rcl.logging_rosout]: Publisher already registered for node name: 'unity_endpoint'. If this is due to multiple nodes with the same name then all logs for the logger named 'unity_endpoint' will go out over the existing publisher. As soon as any node with that name is destructed it will unregister the publisher, preventing any further logs for that name from being published on the rosout topic.
[default_server_endpoint-1] [INFO] [1784817005.691183831] [unity_endpoint]: RegisterPublisher(/ground_truth_pose, <class 'nav_msgs.msg._odometry.Odometry'>) OK
[default_server_endpoint-1] [WARN] [1784817005.691616927] [rcl.logging_rosout]: Publisher already registered for node name: 'unity_endpoint'. If this is due to multiple nodes with the same name then all logs for the logger named 'unity_endpoint' will go out over the existing publisher. As soon as any node with that name is destructed it will unregister the publisher, preventing any further logs for that name from being published on the rosout topic.
[default_server_endpoint-1] [INFO] [1784817005.715547638] [unity_endpoint]: RegisterPublisher(/imu/data, <class 'sensor_msgs.msg._imu.Imu'>) OK
[default_server_endpoint-1] [WARN] [1784817005.716954932] [rcl.logging_rosout]: Publisher already registered for node name: 'unity_endpoint'. If this is due to multiple nodes with the same name then all logs for the logger named 'unity_endpoint' will go out over the existing publisher. As soon as any node with that name is destructed it will unregister the publisher, preventing any further logs for that name from being published on the rosout topic.
[evaluator_node-6] [INFO] [1784817005.718690836] [unity_evaluator_node]: first ground truth received: measuring for 60.0s
[default_server_endpoint-1] [INFO] [1784817005.742390673] [unity_endpoint]: RegisterPublisher(/clock, <class 'rosgraph_msgs.msg._clock.Clock'>) OK
[default_server_endpoint-1] [INFO] [1784817005.766681797] [unity_endpoint]: RegisterPublisher(/scan, <class 'sensor_msgs.msg._laser_scan.LaserScan'>) OK
[default_server_endpoint-1] [WARN] [1784817005.767339238] [rcl.logging_rosout]: Publisher already registered for node name: 'unity_endpoint'. If this is due to multiple nodes with the same name then all logs for the logger named 'unity_endpoint' will go out over the existing publisher. As soon as any node with that name is destructed it will unregister the publisher, preventing any further logs for that name from being published on the rosout topic.
[default_server_endpoint-1] [INFO] [1784817005.790395643] [unity_endpoint]: RegisterPublisher(/ground_truth_pose, <class 'nav_msgs.msg._odometry.Odometry'>) OK
[default_server_endpoint-1] [INFO] [1784817005.820670402] [unity_endpoint]: RegisterPublisher(/imu/data, <class 'sensor_msgs.msg._imu.Imu'>) OK
[backend_optimizer_node-3] [WARN] [1784817008.166240996] [backend_optimizer_node]: slow smoother update: 25.2ms (index 1)
[backend_optimizer_node-3] [WARN] [1784817009.742535665] [backend_optimizer_node]: slow smoother update: 25.3ms (index 43)
[backend_optimizer_node-3] [WARN] [1784817013.349054213] [backend_optimizer_node]: slow smoother update: 22.1ms (index 71)
[evaluator_node-6] [INFO] [1784817017.031470444] [unity_evaluator_node]: t=5.0s  直近5秒: pos_err mean=13.37mm max=20.18mm  samples=5142  detected_balls=0
[backend_optimizer_node-3] [WARN] [1784817017.731767642] [backend_optimizer_node]: slow smoother update: 34.4ms (index 220)
[backend_optimizer_node-3] [WARN] [1784817017.805014650] [backend_optimizer_node]: slow smoother update: 21.0ms (index 222)
[backend_optimizer_node-3] [WARN] [1784817018.197317758] [backend_optimizer_node]: slow smoother update: 40.0ms (index 231)
[laser_scan_matching_node-4] [WARN] [1784817019.981456565] [laser_scan_matching_node]: IMU coverage wait exceeded 0.050s, processing scan with extrapolated tail
[backend_optimizer_node-3] [WARN] [1784817022.041332027] [backend_optimizer_node]: slow smoother update: 23.8ms (index 362)
[evaluator_node-6] [INFO] [1784817022.460058668] [unity_evaluator_node]: t=10.0s  直近5秒: pos_err mean=15.08mm max=16.62mm  samples=10140  detected_balls=0
[backend_optimizer_node-3] [WARN] [1784817025.087940109] [backend_optimizer_node]: slow smoother update: 34.2ms (index 479)
[evaluator_node-6] [INFO] [1784817027.549908684] [unity_evaluator_node]: t=15.0s  直近5秒: pos_err mean=14.70mm max=17.29mm  samples=15298  detected_balls=0
[evaluator_node-6] [INFO] [1784817032.680815980] [unity_evaluator_node]: t=20.0s  直近5秒: pos_err mean=15.34mm max=17.85mm  samples=20506  detected_balls=0
[evaluator_node-6] [INFO] [1784817038.032963075] [unity_evaluator_node]: t=25.0s  直近5秒: pos_err mean=15.08mm max=16.93mm  samples=25709  detected_balls=0
[evaluator_node-6] [INFO] [1784817043.549563738] [unity_evaluator_node]: t=30.0s  直近5秒: pos_err mean=14.94mm max=16.73mm  samples=30893  detected_balls=0
[backend_optimizer_node-3] [WARN] [1784817043.659648398] [backend_optimizer_node]: slow smoother update: 24.7ms (index 1175)
[evaluator_node-6] [INFO] [1784817048.868297189] [unity_evaluator_node]: t=35.0s  直近5秒: pos_err mean=14.83mm max=16.83mm  samples=36117  detected_balls=0
[evaluator_node-6] [INFO] [1784817054.155639057] [unity_evaluator_node]: t=40.0s  直近5秒: pos_err mean=15.04mm max=18.00mm  samples=41301  detected_balls=0
[evaluator_node-6] [INFO] [1784817059.327390275] [unity_evaluator_node]: t=45.0s  直近5秒: pos_err mean=14.97mm max=16.67mm  samples=46469  detected_balls=0
[backend_optimizer_node-3] [WARN] [1784817059.596998537] [backend_optimizer_node]: slow smoother update: 22.4ms (index 1773)
[laser_scan_matching_node-4] [WARN] [1784817059.664823746] [laser_scan_matching_node]: IMU coverage wait exceeded 0.050s, processing scan with extrapolated tail
[backend_optimizer_node-3] [WARN] [1784817062.743399406] [backend_optimizer_node]: slow smoother update: 27.4ms (index 1886)
[evaluator_node-6] [INFO] [1784817064.530117027] [unity_evaluator_node]: t=50.0s  直近5秒: pos_err mean=14.76mm max=16.52mm  samples=51586  detected_balls=0
[backend_optimizer_node-3] [WARN] [1784817067.455047891] [backend_optimizer_node]: slow smoother update: 24.0ms (index 2065)
[evaluator_node-6] [INFO] [1784817070.075211875] [unity_evaluator_node]: t=55.0s  直近5秒: pos_err mean=14.88mm max=16.56mm  samples=56744  detected_balls=0
[backend_optimizer_node-3] [WARN] [1784817071.805077661] [backend_optimizer_node]: slow smoother update: 26.8ms (index 2211)
[evaluator_node-6] [INFO] [1784817075.390866430] [unity_evaluator_node]: t=60.0s  直近5秒: pos_err mean=14.90mm max=17.02mm  samples=61921  detected_balls=0
[evaluator_node-6] [INFO] [1784817075.391673362] [unity_evaluator_node]: === 評価終了、集計します ===
[evaluator_node-6] [INFO] [1784817075.830837190] [unity_evaluator_node]: 
[evaluator_node-6] ============================================================
[evaluator_node-6] main.md 6-A-1 シミュレーション評価レポート
[evaluator_node-6] ============================================================
[evaluator_node-6] 総サンプル数: 61921  (定常区間 t>=3.0s: 58845)
[evaluator_node-6] 真値未着のまま評価できなかったサンプル: 0
[evaluator_node-6] 
[evaluator_node-6] --- 全体（要件A: 定常±10mm, 最大±20mm） ---
[evaluator_node-6]   位置誤差: mean=14.97mm  RMSE=14.99mm  max=18.00mm
[evaluator_node-6]   ヨー誤差: mean=0.318deg  RMSE=0.319deg  max=0.397deg
[evaluator_node-6]   判定: 定常誤差(RMSE<=10mm) FAIL / 最大ドリフト(<=20mm) PASS
[evaluator_node-6] 
[evaluator_node-6] --- 高G旋回スピンバースト中 ---
[evaluator_node-6]   位置誤差: mean=nanmm  RMSE=nanmm  max=nanmm
[evaluator_node-6] 
[evaluator_node-6] --- ボール横切り中 vs 非横切り中 ---
[evaluator_node-6]   横切り中   : mean=nanmm  RMSE=nanmm  max=nanmm
[evaluator_node-6]   非横切り中 : mean=14.97mm  RMSE=14.99mm  max=18.00mm
[evaluator_node-6]   判定: ボール横切りによる自己位置無影響 PASS
[evaluator_node-6]   (参考) 横切り中の検出ボール数(最新): 0
[evaluator_node-6] ============================================================
[evaluator_node-6] [INFO] [1784817075.831759537] [unity_evaluator_node]: レポートを保存しました: /tmp/sim_eval_report.txt
[laser_scan_matching_node-4] [WARN] [1784817076.169696101] [laser_scan_matching_node]: IMU coverage wait exceeded 0.050s, processing scan with extrapolated tail
[evaluator_node-6] [INFO] [1784817078.338702596] [unity_evaluator_node]: グラフを保存しました: /tmp/sim_eval_plot.png
[INFO] [evaluator_node-6]: process has finished cleanly [pid 179178]
[INFO] [ball_tracking_node-5]: sending signal 'SIGINT' to process[ball_tracking_node-5]
[INFO] [laser_scan_matching_node-4]: sending signal 'SIGINT' to process[laser_scan_matching_node-4]
[INFO] [backend_optimizer_node-3]: sending signal 'SIGINT' to process[backend_optimizer_node-3]
[INFO] [imu_preintegration_node-2]: sending signal 'SIGINT' to process[imu_preintegration_node-2]
[INFO] [default_server_endpoint-1]: sending signal 'SIGINT' to process[default_server_endpoint-1]
[ball_tracking_node-5] [INFO] [1784817078.884522554] [rclcpp]: signal_handler(signum=2)
[laser_scan_matching_node-4] [INFO] [1784817078.885655392] [rclcpp]: signal_handler(signum=2)
[backend_optimizer_node-3] [INFO] [1784817078.887059186] [rclcpp]: signal_handler(signum=2)
[imu_preintegration_node-2] [INFO] [1784817078.888874517] [rclcpp]: signal_handler(signum=2)
[default_server_endpoint-1] [INFO] [1784817078.899871285] [unity_endpoint]: Disconnected from 127.0.0.1
[default_server_endpoint-1] Exception in thread Thread-2:
[INFO] [ball_tracking_node-5]: process has finished cleanly [pid 179177]
[INFO] [laser_scan_matching_node-4]: process has finished cleanly [pid 179176]
[INFO] [imu_preintegration_node-2]: process has finished cleanly [pid 179174]
[INFO] [backend_optimizer_node-3]: process has finished cleanly [pid 179175]
[INFO] [default_server_endpoint-1]: process has finished cleanly [pid 179038]
