[INFO] [1785396502.290589150] [unity_evaluator_node]: C++ realtime evaluator started: measuring 60.0s from first ground truth
[INFO] [1785396550.516578275] [unity_evaluator_node]: first ground truth received; measurement window started
[INFO] [1785396555.490734993] [unity_evaluator_node]: t=5.0s  recent 5s: pos_err mean=0.36mm max=1.15mm samples=5014 balls=0
[INFO] [1785396560.895694829] [unity_evaluator_node]: t=10.0s  recent 5s: pos_err mean=0.51mm max=1.28mm samples=10160 balls=0
[INFO] [1785396566.158553800] [unity_evaluator_node]: t=15.0s  recent 5s: pos_err mean=0.64mm max=10.45mm samples=15334 balls=0
[INFO] [1785396571.617484317] [unity_evaluator_node]: t=20.0s  recent 5s: pos_err mean=0.87mm max=9.59mm samples=20378 balls=0
[INFO] [1785396577.955628309] [unity_evaluator_node]: t=25.0s  recent 5s: pos_err mean=0.61mm max=2.59mm samples=25478 balls=0
[INFO] [1785396583.404567748] [unity_evaluator_node]: t=30.0s  recent 5s: pos_err mean=0.59mm max=3.04mm samples=30648 balls=0
[INFO] [1785396588.869382004] [unity_evaluator_node]: t=35.0s  recent 5s: pos_err mean=0.71mm max=6.62mm samples=35819 balls=0
[INFO] [1785396594.118950670] [unity_evaluator_node]: t=40.0s  recent 5s: pos_err mean=0.54mm max=1.12mm samples=41002 balls=0
[INFO] [1785396599.683723064] [unity_evaluator_node]: t=45.0s  recent 5s: pos_err mean=0.62mm max=1.37mm samples=46212 balls=0
[INFO] [1785396604.990226093] [unity_evaluator_node]: t=50.0s  recent 5s: pos_err mean=0.54mm max=2.42mm samples=51394 balls=0
[INFO] [1785396610.231784130] [unity_evaluator_node]: t=55.0s  recent 5s: pos_err mean=0.83mm max=10.80mm samples=56586 balls=0
[INFO] [1785396615.918699262] [unity_evaluator_node]: t=60.0s  recent 5s: pos_err mean=0.54mm max=3.72mm samples=61785 balls=0
[INFO] [1785396615.921199793] [unity_evaluator_node]: 
============================================================
main.md 6-A-1 シミュレーション評価レポート (C++ realtime evaluator)
============================================================
総サンプル数: 61785  (定常区間 t>=3.0s: 58845)
真値未着のまま評価できなかったサンプル: 0

--- 全体（要件A: 定常RMSE<=10mm, 最大位置誤差<=10mm） ---
  位置誤差: mean=0.63mm  RMSE=0.80mm  max=10.80mm
  ヨー誤差: mean=0.023deg  RMSE=0.033deg  max=0.092deg
  判定: 定常誤差(RMSE<=10mm) PASS / 最大位置誤差(<=10mm) FAIL

--- 高G旋回スピンバースト中 ---
  位置誤差: mean=nanmm  RMSE=nanmm  max=nanmm

--- ボール横切り中 vs 非横切り中 ---
  横切り中   : mean=nanmm  RMSE=nanmm  max=nanmm
  非横切り中 : mean=nanmm  RMSE=nanmm  max=nanmm
  判定: ボール横切りによる自己位置無影響 PASS
  (参考) 横切り中の検出ボール数(最新): 0
============================================================

[INFO] [1785396616.073998297] [unity_evaluator_node]: Saved report and raw error CSV in /tmp
