[INFO] [1785393456.436198871] [backend_optimizer_node]: graph (re)initialized at X0=(-2.419, 1.354, 0.000) V0=(0.000, 0.000)
[INFO] [1785393456.437433302] [backend_optimizer_node]: backend_optimizer_node started (0 cylinders registered)
[WARN] [1785393500.374194176] [backend_optimizer_node]: slow smoother update: 118.8ms (index 13)
[WARN] [1785393501.755480867] [backend_optimizer_node]: slow smoother update: 28.8ms (index 52)
[INFO] [1785393502.078109870] [backend_optimizer_node]: wall prior loosened by ICP covariance: sigma(yaw,x,y)=(0.0129, 0.0063, 0.0063) censi=(0.0063, 0.0063, 0.0063)
[WARN] [1785393502.669945063] [backend_optimizer_node]: slow smoother update: 34.6ms (index 78)
[WARN] [1785393503.673356108] [backend_optimizer_node]: slow smoother update: 27.7ms (index 102)
[INFO] [1785393503.774652286] [backend_optimizer_node]: wall prior loosened by ICP covariance: sigma(yaw,x,y)=(0.0129, 0.0063, 0.0063) censi=(0.0063, 0.0063, 0.0063)
[WARN] [1785393503.933400229] [backend_optimizer_node]: slow smoother update: 45.0ms (index 110)
[WARN] [1785393504.119800115] [backend_optimizer_node]: slow smoother update: 30.9ms (index 117)
[WARN] [1785393504.605831180] [backend_optimizer_node]: slow smoother update: 26.0ms (index 127)
[INFO] [1785393505.992039106] [backend_optimizer_node]: wall prior loosened by ICP covariance: sigma(yaw,x,y)=(0.0129, 0.0063, 0.0063) censi=(0.0063, 0.0063, 0.0063)
[WARN] [1785393506.152744017] [backend_optimizer_node]: slow smoother update: 34.9ms (index 173)
[WARN] [1785393506.537341275] [backend_optimizer_node]: slow smoother update: 65.4ms (index 186)
[INFO] [1785393507.804540612] [backend_optimizer_node]: wall prior loosened by ICP covariance: sigma(yaw,x,y)=(0.0129, 0.0063, 0.0063) censi=(0.0063, 0.0063, 0.0063)
[WARN] [1785393508.285407226] [backend_optimizer_node]: slow smoother update: 32.8ms (index 247)
[WARN] [1785393508.377420472] [backend_optimizer_node]: slow smoother update: 21.5ms (index 250)
[INFO] [1785393510.095873811] [backend_optimizer_node]: wall prior loosened by ICP covariance: sigma(yaw,x,y)=(0.0129, 0.0063, 0.0063) censi=(0.0063, 0.0063, 0.0063)
[WARN] [1785393511.288777475] [backend_optimizer_node]: slow smoother update: 50.1ms (index 310)
[INFO] [1785393511.800067053] [backend_optimizer_node]: wall prior loosened by ICP covariance: sigma(yaw,x,y)=(0.0131, 0.0063, 0.0063) censi=(0.0063, 0.0063, 0.0063)
[WARN] [1785393512.816289372] [backend_optimizer_node]: slow smoother update: 20.2ms (index 352)
[WARN] [1785393514.160196540] [backend_optimizer_node]: slow smoother update: 28.2ms (index 381)
[INFO] [1785393514.501508974] [backend_optimizer_node]: wall prior loosened by ICP covariance: sigma(yaw,x,y)=(0.0129, 0.0063, 0.0063) censi=(0.0063, 0.0063, 0.0063)
[INFO] [1785393516.375599708] [backend_optimizer_node]: wall prior loosened by ICP covariance: sigma(yaw,x,y)=(0.0133, 0.0063, 0.0063) censi=(0.0063, 0.0063, 0.0063)
[INFO] [1785393518.777489814] [backend_optimizer_node]: wall prior loosened by ICP covariance: sigma(yaw,x,y)=(0.0131, 0.0063, 0.0063) censi=(0.0063, 0.0063, 0.0063)
[WARN] [1785393519.715633631] [backend_optimizer_node]: slow smoother update: 33.5ms (index 529)
[WARN] [1785393520.293914388] [backend_optimizer_node]: slow smoother update: 58.6ms (index 544)
[INFO] [1785393520.731837965] [backend_optimizer_node]: wall prior loosened by ICP covariance: sigma(yaw,x,y)=(0.0134, 0.0063, 0.0063) censi=(0.0063, 0.0063, 0.0063)
[WARN] [1785393520.853595200] [backend_optimizer_node]: slow smoother update: 26.2ms (index 561)
[WARN] [1785393520.924275694] [backend_optimizer_node]: slow smoother update: 26.7ms (index 563)
[WARN] [1785393522.032352603] [backend_optimizer_node]: slow smoother update: 20.8ms (index 593)
[WARN] [1785393522.468387236] [backend_optimizer_node]: slow smoother update: 22.3ms (index 607)
[INFO] [1785393522.950216006] [backend_optimizer_node]: wall prior loosened by ICP covariance: sigma(yaw,x,y)=(0.0135, 0.0063, 0.0063) censi=(0.0063, 0.0063, 0.0063)
[WARN] [1785393523.679789945] [backend_optimizer_node]: slow smoother update: 23.1ms (index 640)
[WARN] [1785393524.440499415] [backend_optimizer_node]: slow smoother update: 20.6ms (index 664)
[WARN] [1785393524.674717854] [backend_optimizer_node]: slow smoother update: 28.6ms (index 669)
[WARN] [1785393524.701428424] [backend_optimizer_node]: slow smoother update: 23.3ms (index 671)
[INFO] [1785393525.167223023] [backend_optimizer_node]: wall prior loosened by ICP covariance: sigma(yaw,x,y)=(0.0131, 0.0063, 0.0063) censi=(0.0063, 0.0063, 0.0063)
[INFO] [1785393527.650519512] [backend_optimizer_node]: wall prior loosened by ICP covariance: sigma(yaw,x,y)=(0.0136, 0.0063, 0.0063) censi=(0.0063, 0.0063, 0.0063)
[WARN] [1785393528.100513117] [backend_optimizer_node]: slow smoother update: 22.8ms (index 758)
[WARN] [1785393528.780081341] [backend_optimizer_node]: slow smoother update: 31.4ms (index 777)
[WARN] [1785393529.418709548] [backend_optimizer_node]: slow smoother update: 23.2ms (index 796)
[INFO] [1785393529.521922158] [backend_optimizer_node]: wall prior loosened by ICP covariance: sigma(yaw,x,y)=(0.0136, 0.0063, 0.0063) censi=(0.0063, 0.0063, 0.0063)
[WARN] [1785393531.011009954] [backend_optimizer_node]: slow smoother update: 22.9ms (index 849)
[WARN] [1785393531.702227912] [backend_optimizer_node]: slow smoother update: 27.4ms (index 866)
[INFO] [1785393531.849553395] [backend_optimizer_node]: wall prior loosened by ICP covariance: sigma(yaw,x,y)=(0.0143, 0.0063, 0.0063) censi=(0.0063, 0.0063, 0.0063)
[INFO] [1785393534.011757851] [backend_optimizer_node]: wall prior loosened by ICP covariance: sigma(yaw,x,y)=(0.0134, 0.0063, 0.0063) censi=(0.0063, 0.0063, 0.0063)
[WARN] [1785393535.112029409] [backend_optimizer_node]: slow smoother update: 28.4ms (index 952)
[WARN] [1785393535.167370340] [backend_optimizer_node]: slow smoother update: 24.5ms (index 954)
[INFO] [1785393536.329177722] [backend_optimizer_node]: wall prior loosened by ICP covariance: sigma(yaw,x,y)=(0.0137, 0.0063, 0.0063) censi=(0.0063, 0.0063, 0.0063)
[WARN] [1785393536.760561119] [backend_optimizer_node]: slow smoother update: 29.0ms (index 995)
[WARN] [1785393537.860112297] [backend_optimizer_node]: slow smoother update: 119.1ms (index 1027)
[INFO] [1785393538.438762981] [backend_optimizer_node]: wall prior loosened by ICP covariance: sigma(yaw,x,y)=(0.0130, 0.0063, 0.0063) censi=(0.0063, 0.0063, 0.0063)
[WARN] [1785393539.730545407] [backend_optimizer_node]: slow smoother update: 35.7ms (index 1077)
[INFO] [1785393540.853717778] [backend_optimizer_node]: wall prior loosened by ICP covariance: sigma(yaw,x,y)=(0.0136, 0.0063, 0.0063) censi=(0.0063, 0.0063, 0.0063)
[WARN] [1785393540.968100451] [backend_optimizer_node]: slow smoother update: 23.4ms (index 1111)
[WARN] [1785393542.342595008] [backend_optimizer_node]: slow smoother update: 21.0ms (index 1142)
[WARN] [1785393542.776632494] [backend_optimizer_node]: slow smoother update: 20.1ms (index 1155)
[WARN] [1785393542.801986542] [backend_optimizer_node]: slow smoother update: 23.4ms (index 1156)
[INFO] [1785393543.221414488] [backend_optimizer_node]: wall prior loosened by ICP covariance: sigma(yaw,x,y)=(0.0136, 0.0063, 0.0063) censi=(0.0063, 0.0063, 0.0063)
[WARN] [1785393543.591640047] [backend_optimizer_node]: slow smoother update: 25.5ms (index 1179)
[WARN] [1785393544.461783432] [backend_optimizer_node]: slow smoother update: 28.0ms (index 1206)
[INFO] [1785393545.594782290] [backend_optimizer_node]: wall prior loosened by ICP covariance: sigma(yaw,x,y)=(0.0134, 0.0063, 0.0063) censi=(0.0063, 0.0063, 0.0063)
[WARN] [1785393545.698873890] [backend_optimizer_node]: slow smoother update: 31.5ms (index 1245)
[WARN] [1785393546.261469357] [backend_optimizer_node]: slow smoother update: 56.7ms (index 1263)
[INFO] [1785393547.837618490] [backend_optimizer_node]: wall prior loosened by ICP covariance: sigma(yaw,x,y)=(0.0135, 0.0063, 0.0063) censi=(0.0063, 0.0063, 0.0063)
[WARN] [1785393548.305225906] [backend_optimizer_node]: slow smoother update: 29.5ms (index 1329)
[INFO] [1785393550.445153032] [backend_optimizer_node]: wall prior loosened by ICP covariance: sigma(yaw,x,y)=(0.0137, 0.0063, 0.0063) censi=(0.0063, 0.0063, 0.0063)
[WARN] [1785393551.406134004] [backend_optimizer_node]: slow smoother update: 30.5ms (index 1423)
[INFO] [1785393552.735688493] [backend_optimizer_node]: wall prior loosened by ICP covariance: sigma(yaw,x,y)=(0.0136, 0.0063, 0.0063) censi=(0.0063, 0.0063, 0.0063)
[INFO] [1785393554.903988262] [backend_optimizer_node]: wall prior loosened by ICP covariance: sigma(yaw,x,y)=(0.0133, 0.0063, 0.0063) censi=(0.0063, 0.0063, 0.0063)
[WARN] [1785393555.469054712] [backend_optimizer_node]: slow smoother update: 64.3ms (index 1546)
[WARN] [1785393556.009116602] [backend_optimizer_node]: slow smoother update: 28.4ms (index 1558)
[INFO] [1785393556.984545948] [backend_optimizer_node]: wall prior loosened by ICP covariance: sigma(yaw,x,y)=(0.0135, 0.0063, 0.0063) censi=(0.0063, 0.0063, 0.0063)
[INFO] [1785393559.423083569] [backend_optimizer_node]: wall prior loosened by ICP covariance: sigma(yaw,x,y)=(0.0136, 0.0063, 0.0063) censi=(0.0063, 0.0063, 0.0063)
[INFO] [1785393561.719778214] [backend_optimizer_node]: wall prior loosened by ICP covariance: sigma(yaw,x,y)=(0.0132, 0.0063, 0.0063) censi=(0.0063, 0.0063, 0.0063)
[INFO] [1785393563.902491257] [backend_optimizer_node]: wall prior loosened by ICP covariance: sigma(yaw,x,y)=(0.0129, 0.0063, 0.0063) censi=(0.0063, 0.0063, 0.0063)
[WARN] [1785393564.738587816] [backend_optimizer_node]: slow smoother update: 30.8ms (index 1832)
[INFO] [1785393565.952173906] [rclcpp]: signal_handler(signum=2)
