[INFO] [1785393456.418804469] [laser_scan_matching_node]: laser_scan_matching_node started (0 cylinders, 9 internal walls, field 5.572x3.310m, initial seed=(-2.419, 1.354, 0.000))
[WARN] [1785393500.490180975] [laser_scan_matching_node]: dropping scan: /odom_fast did not cover scan end after 0.050s (coverage-drop streak=1; IMU prediction continues)
[WARN] [1785393502.394744738] [laser_scan_matching_node]: dropping scan: /odom_fast did not cover scan end after 0.050s (coverage-drop streak=1; IMU prediction continues)
[WARN] [1785393503.433742514] [laser_scan_matching_node]: dropping scan: /odom_fast did not cover scan end after 0.050s (coverage-drop streak=1; IMU prediction continues)
[WARN] [1785393504.731115056] [laser_scan_matching_node]: dropping scan: /odom_fast did not cover scan end after 0.050s (coverage-drop streak=1; IMU prediction continues)
[INFO] [1785393505.102371958] [laser_scan_matching_node]: note rejection: 0/541 returns unexplained, 0 clusters -> 0 accepted, 0 points dropped (last extent=-1.0000m; extent gate <=0.350m, adjacent gap <=0.100m, min 4 points)
[WARN] [1785393505.809983729] [laser_scan_matching_node]: dropping scan: /odom_fast did not cover scan end after 0.050s (coverage-drop streak=3; IMU prediction continues)
[WARN] [1785393506.942932830] [laser_scan_matching_node]: dropping scan: /odom_fast did not cover scan end after 0.050s (coverage-drop streak=1; IMU prediction continues)
[WARN] [1785393507.923542839] [laser_scan_matching_node]: dropping scan: /odom_fast did not cover scan end after 0.050s (coverage-drop streak=1; IMU prediction continues)
[WARN] [1785393509.035356693] [laser_scan_matching_node]: dropping scan: /odom_fast did not cover scan end after 0.050s (coverage-drop streak=1; IMU prediction continues)
[INFO] [1785393509.989512804] [laser_scan_matching_node]: note rejection: 0/541 returns unexplained, 0 clusters -> 0 accepted, 0 points dropped (last extent=-1.0000m; extent gate <=0.350m, adjacent gap <=0.100m, min 4 points)
[WARN] [1785393510.310227327] [laser_scan_matching_node]: dropping scan: /odom_fast did not cover scan end after 0.050s (coverage-drop streak=1; IMU prediction continues)
[WARN] [1785393511.342780815] [laser_scan_matching_node]: dropping scan: /odom_fast did not cover scan end after 0.050s (coverage-drop streak=1; IMU prediction continues)
[WARN] [1785393512.800038941] [laser_scan_matching_node]: dropping scan: /odom_fast did not cover scan end after 0.050s (coverage-drop streak=1; IMU prediction continues)
[WARN] [1785393514.159545477] [laser_scan_matching_node]: dropping scan: /odom_fast did not cover scan end after 0.050s (coverage-drop streak=1; IMU prediction continues)
[WARN] [1785393515.108194752] [laser_scan_matching_node]: dropping scan: /odom_fast did not cover scan end after 0.050s (coverage-drop streak=1; IMU prediction continues)
[INFO] [1785393515.177312897] [laser_scan_matching_node]: note rejection: 29/541 returns unexplained, 6 clusters -> 6 accepted, 29 points dropped (last extent=0.0670m; extent gate <=0.350m, adjacent gap <=0.100m, min 4 points)
[WARN] [1785393516.463981735] [laser_scan_matching_node]: dropping scan: /odom_fast did not cover scan end after 0.050s (coverage-drop streak=1; IMU prediction continues)
[WARN] [1785393517.476644349] [laser_scan_matching_node]: dropping scan: /odom_fast did not cover scan end after 0.050s (coverage-drop streak=1; IMU prediction continues)
[WARN] [1785393518.943878926] [laser_scan_matching_node]: dropping scan: /odom_fast did not cover scan end after 0.050s (coverage-drop streak=1; IMU prediction continues)
[WARN] [1785393520.123009186] [laser_scan_matching_node]: dropping scan: /odom_fast did not cover scan end after 0.050s (coverage-drop streak=1; IMU prediction continues)
[INFO] [1785393520.640410271] [laser_scan_matching_node]: note rejection: 38/541 returns unexplained, 5 clusters -> 5 accepted, 35 points dropped (last extent=0.0767m; extent gate <=0.350m, adjacent gap <=0.100m, min 4 points)
[WARN] [1785393520.908522750] [laser_scan_matching_node]: dropping scan: /odom_fast did not cover scan end after 0.050s (coverage-drop streak=1; IMU prediction continues)
[WARN] [1785393521.946966689] [laser_scan_matching_node]: dropping scan: /odom_fast did not cover scan end after 0.050s (coverage-drop streak=1; IMU prediction continues)
[WARN] [1785393523.511566814] [laser_scan_matching_node]: dropping scan: /odom_fast did not cover scan end after 0.050s (coverage-drop streak=1; IMU prediction continues)
[WARN] [1785393524.591179273] [laser_scan_matching_node]: dropping scan: /odom_fast did not cover scan end after 0.050s (coverage-drop streak=1; IMU prediction continues)
[INFO] [1785393526.041777530] [laser_scan_matching_node]: note rejection: 65/541 returns unexplained, 5 clusters -> 5 accepted, 65 points dropped (last extent=0.0719m; extent gate <=0.350m, adjacent gap <=0.100m, min 4 points)
[WARN] [1785393526.431621834] [laser_scan_matching_node]: dropping scan: /odom_fast did not cover scan end after 0.050s (coverage-drop streak=1; IMU prediction continues)
[WARN] [1785393527.930559010] [laser_scan_matching_node]: dropping scan: /odom_fast did not cover scan end after 0.050s (coverage-drop streak=1; IMU prediction continues)
[WARN] [1785393529.235764189] [laser_scan_matching_node]: dropping scan: /odom_fast did not cover scan end after 0.050s (coverage-drop streak=1; IMU prediction continues)
[WARN] [1785393530.261024107] [laser_scan_matching_node]: dropping scan: /odom_fast did not cover scan end after 0.050s (coverage-drop streak=1; IMU prediction continues)
[INFO] [1785393531.642023237] [laser_scan_matching_node]: note rejection: 69/541 returns unexplained, 5 clusters -> 5 accepted, 69 points dropped (last extent=0.0653m; extent gate <=0.350m, adjacent gap <=0.100m, min 4 points)
[WARN] [1785393532.165620990] [laser_scan_matching_node]: dropping scan: /odom_fast did not cover scan end after 0.050s (coverage-drop streak=1; IMU prediction continues)
[WARN] [1785393533.495859587] [laser_scan_matching_node]: dropping scan: /odom_fast did not cover scan end after 0.050s (coverage-drop streak=1; IMU prediction continues)
[WARN] [1785393534.760239715] [laser_scan_matching_node]: dropping scan: /odom_fast did not cover scan end after 0.050s (coverage-drop streak=1; IMU prediction continues)
[WARN] [1785393535.823959308] [laser_scan_matching_node]: dropping scan: /odom_fast did not cover scan end after 0.050s (coverage-drop streak=1; IMU prediction continues)
[WARN] [1785393537.001184472] [laser_scan_matching_node]: dropping scan: /odom_fast did not cover scan end after 0.050s (coverage-drop streak=1; IMU prediction continues)
[INFO] [1785393537.025098468] [laser_scan_matching_node]: note rejection: 21/541 returns unexplained, 2 clusters -> 2 accepted, 21 points dropped (last extent=0.0656m; extent gate <=0.350m, adjacent gap <=0.100m, min 4 points)
[WARN] [1785393538.168185878] [laser_scan_matching_node]: dropping scan: /odom_fast did not cover scan end after 0.050s (coverage-drop streak=1; IMU prediction continues)
[WARN] [1785393539.518366365] [laser_scan_matching_node]: dropping scan: /odom_fast did not cover scan end after 0.050s (coverage-drop streak=1; IMU prediction continues)
[WARN] [1785393540.827699266] [laser_scan_matching_node]: dropping scan: /odom_fast did not cover scan end after 0.050s (coverage-drop streak=1; IMU prediction continues)
[WARN] [1785393542.470455213] [laser_scan_matching_node]: dropping scan: /odom_fast did not cover scan end after 0.050s (coverage-drop streak=1; IMU prediction continues)
[INFO] [1785393542.943829461] [laser_scan_matching_node]: note rejection: 164/541 returns unexplained, 4 clusters -> 4 accepted, 162 points dropped (last extent=0.0794m; extent gate <=0.350m, adjacent gap <=0.100m, min 4 points)
[WARN] [1785393543.434714906] [laser_scan_matching_node]: dropping scan: /odom_fast did not cover scan end after 0.050s (coverage-drop streak=1; IMU prediction continues)
[WARN] [1785393545.560875962] [laser_scan_matching_node]: dropping scan: /odom_fast did not cover scan end after 0.050s (coverage-drop streak=1; IMU prediction continues)
[WARN] [1785393547.312080784] [laser_scan_matching_node]: dropping scan: /odom_fast did not cover scan end after 0.050s (coverage-drop streak=1; IMU prediction continues)
[INFO] [1785393548.560310301] [laser_scan_matching_node]: note rejection: 38/541 returns unexplained, 3 clusters -> 3 accepted, 38 points dropped (last extent=0.0661m; extent gate <=0.350m, adjacent gap <=0.100m, min 4 points)
[WARN] [1785393549.321422556] [laser_scan_matching_node]: dropping scan: /odom_fast did not cover scan end after 0.050s (coverage-drop streak=1; IMU prediction continues)
[WARN] [1785393550.751323296] [laser_scan_matching_node]: dropping scan: /odom_fast did not cover scan end after 0.050s (coverage-drop streak=1; IMU prediction continues)
[WARN] [1785393551.818953054] [laser_scan_matching_node]: dropping scan: /odom_fast did not cover scan end after 0.050s (coverage-drop streak=1; IMU prediction continues)
[WARN] [1785393553.198164067] [laser_scan_matching_node]: dropping scan: /odom_fast did not cover scan end after 0.050s (coverage-drop streak=1; IMU prediction continues)
[INFO] [1785393554.306808895] [laser_scan_matching_node]: note rejection: 91/541 returns unexplained, 6 clusters -> 6 accepted, 91 points dropped (last extent=0.0542m; extent gate <=0.350m, adjacent gap <=0.100m, min 4 points)
[WARN] [1785393554.351524336] [laser_scan_matching_node]: dropping scan: /odom_fast did not cover scan end after 0.050s (coverage-drop streak=1; IMU prediction continues)
[WARN] [1785393556.005911056] [laser_scan_matching_node]: dropping scan: /odom_fast did not cover scan end after 0.050s (coverage-drop streak=1; IMU prediction continues)
[WARN] [1785393556.843641411] [laser_scan_matching_node]: dropping scan: /odom_fast did not cover scan end after 0.050s (coverage-drop streak=1; IMU prediction continues)
[WARN] [1785393559.381079477] [laser_scan_matching_node]: dropping scan: /odom_fast did not cover scan end after 0.050s (coverage-drop streak=1; IMU prediction continues)
[INFO] [1785393560.087205679] [laser_scan_matching_node]: note rejection: 52/541 returns unexplained, 4 clusters -> 4 accepted, 52 points dropped (last extent=0.0688m; extent gate <=0.350m, adjacent gap <=0.100m, min 4 points)
[WARN] [1785393561.451084386] [laser_scan_matching_node]: dropping scan: /odom_fast did not cover scan end after 0.050s (coverage-drop streak=1; IMU prediction continues)
[WARN] [1785393562.646178343] [laser_scan_matching_node]: dropping scan: /odom_fast did not cover scan end after 0.050s (coverage-drop streak=1; IMU prediction continues)
[WARN] [1785393563.990826174] [laser_scan_matching_node]: dropping scan: /odom_fast did not cover scan end after 0.050s (coverage-drop streak=1; IMU prediction continues)
[WARN] [1785393565.197812563] [laser_scan_matching_node]: dropping scan: /odom_fast did not cover scan end after 0.050s (coverage-drop streak=1; IMU prediction continues)
[INFO] [1785393565.591310939] [laser_scan_matching_node]: note rejection: 0/541 returns unexplained, 0 clusters -> 0 accepted, 0 points dropped (last extent=-1.0000m; extent gate <=0.350m, adjacent gap <=0.100m, min 4 points)
[INFO] [1785393565.951503008] [rclcpp]: signal_handler(signum=2)
