[INFO] [1785435300.802284561] [backend_optimizer_node]: graph (re)initialized at X0=(-2.419, 1.354, 0.000) V0=(0.000, 0.000)
[INFO] [1785435300.802668296] [backend_optimizer_node]: backend_optimizer_node started (0 cylinders registered)
[WARN] [1785435306.432216512] [backend_optimizer_node]: skipping scan: only 0.0000s of IMU integrated since last node (need >= 0.0050s)
[WARN] [1785435308.010525450] [backend_optimizer_node]: skipping scan: only 0.0000s of IMU integrated since last node (need >= 0.0050s)
[WARN] [1785435309.048313293] [backend_optimizer_node]: skipping scan: only 0.0000s of IMU integrated since last node (need >= 0.0050s)
[WARN] [1785435310.069796325] [backend_optimizer_node]: skipping scan: only 0.0000s of IMU integrated since last node (need >= 0.0050s)
[WARN] [1785435311.093361502] [backend_optimizer_node]: skipping scan: only 0.0000s of IMU integrated since last node (need >= 0.0050s)
[WARN] [1785435312.100525610] [backend_optimizer_node]: skipping scan: only 0.0000s of IMU integrated since last node (need >= 0.0050s)
[WARN] [1785435313.126066987] [backend_optimizer_node]: skipping scan: only 0.0000s of IMU integrated since last node (need >= 0.0050s)
[WARN] [1785435314.125884095] [backend_optimizer_node]: skipping scan: only 0.0000s of IMU integrated since last node (need >= 0.0050s)
[WARN] [1785435315.126830615] [backend_optimizer_node]: skipping scan: only 0.0000s of IMU integrated since last node (need >= 0.0050s)
[WARN] [1785435316.145083091] [backend_optimizer_node]: skipping scan: only 0.0000s of IMU integrated since last node (need >= 0.0050s)
[WARN] [1785435317.149932963] [backend_optimizer_node]: skipping scan: only 0.0000s of IMU integrated since last node (need >= 0.0050s)
[WARN] [1785435318.159152213] [backend_optimizer_node]: skipping scan: only 0.0000s of IMU integrated since last node (need >= 0.0050s)
[WARN] [1785435319.159495011] [backend_optimizer_node]: skipping scan: only 0.0000s of IMU integrated since last node (need >= 0.0050s)
[WARN] [1785435320.168016550] [backend_optimizer_node]: skipping scan: only 0.0000s of IMU integrated since last node (need >= 0.0050s)
[WARN] [1785435321.174473085] [backend_optimizer_node]: skipping scan: only 0.0000s of IMU integrated since last node (need >= 0.0050s)
[WARN] [1785435322.214956672] [backend_optimizer_node]: skipping scan: only 0.0000s of IMU integrated since last node (need >= 0.0050s)
[WARN] [1785435323.226601881] [backend_optimizer_node]: skipping scan: only 0.0000s of IMU integrated since last node (need >= 0.0050s)
[WARN] [1785435324.250233305] [backend_optimizer_node]: skipping scan: only 0.0000s of IMU integrated since last node (need >= 0.0050s)
[WARN] [1785435325.271649954] [backend_optimizer_node]: skipping scan: only 0.0000s of IMU integrated since last node (need >= 0.0050s)
[WARN] [1785435326.284945506] [backend_optimizer_node]: skipping scan: only 0.0000s of IMU integrated since last node (need >= 0.0050s)
[WARN] [1785435327.293351208] [backend_optimizer_node]: skipping scan: only 0.0000s of IMU integrated since last node (need >= 0.0050s)
[WARN] [1785435328.300923781] [backend_optimizer_node]: skipping scan: only 0.0000s of IMU integrated since last node (need >= 0.0050s)
[WARN] [1785435329.301029777] [backend_optimizer_node]: skipping scan: only 0.0000s of IMU integrated since last node (need >= 0.0050s)
[WARN] [1785435330.305878709] [backend_optimizer_node]: skipping scan: only 0.0000s of IMU integrated since last node (need >= 0.0050s)
[WARN] [1785435331.331915816] [backend_optimizer_node]: skipping scan: only 0.0000s of IMU integrated since last node (need >= 0.0050s)
[WARN] [1785435332.339888742] [backend_optimizer_node]: skipping scan: only 0.0000s of IMU integrated since last node (need >= 0.0050s)
[WARN] [1785435333.355280732] [backend_optimizer_node]: skipping scan: only 0.0000s of IMU integrated since last node (need >= 0.0050s)
[WARN] [1785435334.370503522] [backend_optimizer_node]: skipping scan: only 0.0000s of IMU integrated since last node (need >= 0.0050s)
[WARN] [1785435335.378567778] [backend_optimizer_node]: skipping scan: only 0.0000s of IMU integrated since last node (need >= 0.0050s)
[WARN] [1785435336.399177806] [backend_optimizer_node]: skipping scan: only 0.0000s of IMU integrated since last node (need >= 0.0050s)
[WARN] [1785435337.407682506] [backend_optimizer_node]: skipping scan: only 0.0000s of IMU integrated since last node (need >= 0.0050s)
[WARN] [1785435338.417836083] [backend_optimizer_node]: skipping scan: only 0.0000s of IMU integrated since last node (need >= 0.0050s)
[WARN] [1785435339.422674553] [backend_optimizer_node]: skipping scan: only 0.0000s of IMU integrated since last node (need >= 0.0050s)
[WARN] [1785435340.443747445] [backend_optimizer_node]: skipping scan: only 0.0000s of IMU integrated since last node (need >= 0.0050s)
[WARN] [1785435341.450627351] [backend_optimizer_node]: skipping scan: only 0.0000s of IMU integrated since last node (need >= 0.0050s)
[WARN] [1785435342.473376792] [backend_optimizer_node]: skipping scan: only 0.0000s of IMU integrated since last node (need >= 0.0050s)
[WARN] [1785435343.477297544] [backend_optimizer_node]: skipping scan: only 0.0000s of IMU integrated since last node (need >= 0.0050s)
[WARN] [1785435344.508242721] [backend_optimizer_node]: skipping scan: only 0.0000s of IMU integrated since last node (need >= 0.0050s)
[WARN] [1785435345.549466603] [backend_optimizer_node]: skipping scan: only 0.0000s of IMU integrated since last node (need >= 0.0050s)
[WARN] [1785435346.573263260] [backend_optimizer_node]: skipping scan: only 0.0000s of IMU integrated since last node (need >= 0.0050s)
[WARN] [1785435347.589360796] [backend_optimizer_node]: skipping scan: only 0.0000s of IMU integrated since last node (need >= 0.0050s)
[WARN] [1785435348.604502348] [backend_optimizer_node]: skipping scan: only 0.0000s of IMU integrated since last node (need >= 0.0050s)
[WARN] [1785435349.613911428] [backend_optimizer_node]: skipping scan: only 0.0000s of IMU integrated since last node (need >= 0.0050s)
[WARN] [1785435350.654139957] [backend_optimizer_node]: skipping scan: only 0.0000s of IMU integrated since last node (need >= 0.0050s)
[WARN] [1785435351.657935200] [backend_optimizer_node]: skipping scan: only 0.0000s of IMU integrated since last node (need >= 0.0050s)
[WARN] [1785435352.674448874] [backend_optimizer_node]: skipping scan: only 0.0000s of IMU integrated since last node (need >= 0.0050s)
[WARN] [1785435353.687965574] [backend_optimizer_node]: skipping scan: only 0.0000s of IMU integrated since last node (need >= 0.0050s)
[WARN] [1785435354.693405201] [backend_optimizer_node]: skipping scan: only 0.0000s of IMU integrated since last node (need >= 0.0050s)
[WARN] [1785435355.706186098] [backend_optimizer_node]: skipping scan: only 0.0000s of IMU integrated since last node (need >= 0.0050s)
[WARN] [1785435356.722486330] [backend_optimizer_node]: skipping scan: only 0.0000s of IMU integrated since last node (need >= 0.0050s)
[WARN] [1785435357.752563608] [backend_optimizer_node]: skipping scan: only 0.0000s of IMU integrated since last node (need >= 0.0050s)
[WARN] [1785435358.762855712] [backend_optimizer_node]: skipping scan: only 0.0000s of IMU integrated since last node (need >= 0.0050s)
[WARN] [1785435359.791072284] [backend_optimizer_node]: skipping scan: only 0.0000s of IMU integrated since last node (need >= 0.0050s)
[WARN] [1785435360.788848880] [backend_optimizer_node]: skipping scan: only 0.0000s of IMU integrated since last node (need >= 0.0050s)
[WARN] [1785435361.817027771] [backend_optimizer_node]: skipping scan: only 0.0000s of IMU integrated since last node (need >= 0.0050s)
[WARN] [1785435362.837110782] [backend_optimizer_node]: skipping scan: only 0.0000s of IMU integrated since last node (need >= 0.0050s)
[WARN] [1785435363.847285160] [backend_optimizer_node]: skipping scan: only 0.0000s of IMU integrated since last node (need >= 0.0050s)
[WARN] [1785435364.880638575] [backend_optimizer_node]: skipping scan: only 0.0000s of IMU integrated since last node (need >= 0.0050s)
[WARN] [1785435365.903380930] [backend_optimizer_node]: skipping scan: only 0.0000s of IMU integrated since last node (need >= 0.0050s)
[WARN] [1785435366.496342413] [backend_optimizer_node]: slow smoother update: 27.1ms (index 2235)
[WARN] [1785435366.917931687] [backend_optimizer_node]: skipping scan: only 0.0000s of IMU integrated since last node (need >= 0.0050s)
[WARN] [1785435367.936476166] [backend_optimizer_node]: skipping scan: only 0.0000s of IMU integrated since last node (need >= 0.0050s)
[ERROR] [1785435370.452798384] [backend_optimizer_node]: IMU signal LOST (no IMU for 2.03s > 2.00s). Self-localization is the dead-reckoning backbone and cannot continue without it: entering FAIL-SAFE HALT (freezing estimate, no further graph updates).
[INFO] [1785435383.803198006] [rclcpp]: signal_handler(signum=2)
