[INFO] [1785420492.646130640] [backend_optimizer_node]: graph (re)initialized at X0=(-2.419, 1.354, 0.000) V0=(0.000, 0.000)
[INFO] [1785420492.646508011] [backend_optimizer_node]: backend_optimizer_node started (0 cylinders registered)
[INFO] [1785420501.246279519] [backend_optimizer_node]: wall prior loosened by ICP covariance: sigma(yaw,x,y)=(0.0063, 0.0063, 0.0063) censi=(0.0063, 0.0063, 0.0063)
[INFO] [1785420503.247783498] [backend_optimizer_node]: wall prior loosened by ICP covariance: sigma(yaw,x,y)=(0.0063, 0.0063, 0.0063) censi=(0.0063, 0.0063, 0.0063)
[INFO] [1785420505.247514932] [backend_optimizer_node]: wall prior loosened by ICP covariance: sigma(yaw,x,y)=(0.0063, 0.0063, 0.0063) censi=(0.0063, 0.0063, 0.0063)
[WARN] [1785420506.447787398] [backend_optimizer_node]: slow smoother update: 36.9ms (index 286)
[WARN] [1785420506.796177296] [backend_optimizer_node]: slow smoother update: 24.7ms (index 301)
[INFO] [1785420507.275778191] [backend_optimizer_node]: wall prior loosened by ICP covariance: sigma(yaw,x,y)=(0.0063, 0.0063, 0.0063) censi=(0.0063, 0.0063, 0.0063)
[WARN] [1785420509.094374689] [backend_optimizer_node]: slow smoother update: 21.8ms (index 393)
[INFO] [1785420509.318412444] [backend_optimizer_node]: wall prior loosened by ICP covariance: sigma(yaw,x,y)=(0.0063, 0.0063, 0.0063) censi=(0.0063, 0.0063, 0.0063)
[INFO] [1785420511.324512534] [backend_optimizer_node]: wall prior loosened by ICP covariance: sigma(yaw,x,y)=(0.0063, 0.0063, 0.0063) censi=(0.0063, 0.0063, 0.0063)
[INFO] [1785420513.327669809] [backend_optimizer_node]: wall prior loosened by ICP covariance: sigma(yaw,x,y)=(0.0063, 0.0063, 0.0063) censi=(0.0063, 0.0063, 0.0063)
[INFO] [1785420515.348186399] [backend_optimizer_node]: wall prior loosened by ICP covariance: sigma(yaw,x,y)=(0.0063, 0.0063, 0.0063) censi=(0.0063, 0.0063, 0.0063)
[INFO] [1785420517.371837626] [backend_optimizer_node]: wall prior loosened by ICP covariance: sigma(yaw,x,y)=(0.0063, 0.0063, 0.0063) censi=(0.0063, 0.0063, 0.0063)
[INFO] [1785420519.375637094] [backend_optimizer_node]: wall prior loosened by ICP covariance: sigma(yaw,x,y)=(0.0063, 0.0063, 0.0063) censi=(0.0063, 0.0063, 0.0063)
[INFO] [1785420521.396764466] [backend_optimizer_node]: wall prior loosened by ICP covariance: sigma(yaw,x,y)=(0.0063, 0.0063, 0.0063) censi=(0.0063, 0.0063, 0.0063)
[INFO] [1785420523.422904719] [backend_optimizer_node]: wall prior loosened by ICP covariance: sigma(yaw,x,y)=(0.0063, 0.0063, 0.0063) censi=(0.0063, 0.0063, 0.0063)
[WARN] [1785420524.023156545] [backend_optimizer_node]: slow smoother update: 23.4ms (index 989)
[WARN] [1785420524.718711958] [backend_optimizer_node]: slow smoother update: 21.4ms (index 1018)
[INFO] [1785420525.446890312] [backend_optimizer_node]: wall prior loosened by ICP covariance: sigma(yaw,x,y)=(0.0063, 0.0063, 0.0063) censi=(0.0063, 0.0063, 0.0063)
[INFO] [1785420527.447145095] [backend_optimizer_node]: wall prior loosened by ICP covariance: sigma(yaw,x,y)=(0.0063, 0.0063, 0.0063) censi=(0.0063, 0.0063, 0.0063)
[INFO] [1785420529.472481848] [backend_optimizer_node]: wall prior loosened by ICP covariance: sigma(yaw,x,y)=(0.0063, 0.0063, 0.0063) censi=(0.0063, 0.0063, 0.0063)
[INFO] [1785420531.496454716] [backend_optimizer_node]: wall prior loosened by ICP covariance: sigma(yaw,x,y)=(0.0063, 0.0063, 0.0063) censi=(0.0063, 0.0063, 0.0063)
[INFO] [1785420533.498709459] [backend_optimizer_node]: wall prior loosened by ICP covariance: sigma(yaw,x,y)=(0.0063, 0.0063, 0.0063) censi=(0.0063, 0.0063, 0.0063)
[INFO] [1785420535.503458187] [backend_optimizer_node]: wall prior loosened by ICP covariance: sigma(yaw,x,y)=(0.0063, 0.0063, 0.0063) censi=(0.0063, 0.0063, 0.0063)
[INFO] [1785420537.520965069] [backend_optimizer_node]: wall prior loosened by ICP covariance: sigma(yaw,x,y)=(0.0063, 0.0063, 0.0063) censi=(0.0063, 0.0063, 0.0063)
[ERROR] [1785420540.996658608] [backend_optimizer_node]: IMU signal LOST (no IMU for 2.01s > 2.00s). Self-localization is the dead-reckoning backbone and cannot continue without it: entering FAIL-SAFE HALT (freezing estimate, no further graph updates).
[ros2run]: Received signal:  Interrupt
[INFO] [1785420549.358913479] [rclcpp]: signal_handler(signum=2)
[INFO] [1785420549.360170710] [backend_optimizer_node]: backend concurrency stats: imu_callbacks=39742, during_worker=2564 (6.5%), during_smoother=1959 (4.9%), callback_gap_max=32.466ms, gaps>2ms=1200, gaps>10ms=85; stamp_gap_max=1.000ms, gaps>1ms=0; ring_enqueue_max=0.394ms, enqueues>2ms=0; callback_duration_max=11.230ms, durations>2ms=24; worker_jobs=1590 mean/max=1.896/37.275ms; smoother_updates=1589 mean/max=1.472/36.882ms; unity_audit reports=0 source_imu_last=0 receiver_at_last_report=0 final_receiver=39742
