[INFO] [1785335586.603053386] [realtime_evaluator_node]: C++ realtime evaluator started: measuring 60.0s from first ground truth
[INFO] [1785335592.252978731] [realtime_evaluator_node]: first ground truth received; measurement window started
[INFO] [1785335597.252976356] [realtime_evaluator_node]: t=5.0s  recent 5s: pos_err mean=0.34mm max=1.14mm samples=5171 balls=0
[INFO] [1785335602.252776450] [realtime_evaluator_node]: t=10.0s  recent 5s: pos_err mean=0.50mm max=1.18mm samples=10362 balls=0
[INFO] [1785335607.253006802] [realtime_evaluator_node]: t=15.0s  recent 5s: pos_err mean=1.56mm max=3.68mm samples=15572 balls=0
[INFO] [1785335612.252791141] [realtime_evaluator_node]: t=20.0s  recent 5s: pos_err mean=2.40mm max=5.40mm samples=20762 balls=0
[INFO] [1785335617.253084895] [realtime_evaluator_node]: t=25.0s  recent 5s: pos_err mean=1.47mm max=3.56mm samples=25962 balls=0
[INFO] [1785335622.252936958] [realtime_evaluator_node]: t=30.0s  recent 5s: pos_err mean=1.76mm max=3.75mm samples=31162 balls=0
[INFO] [1785335627.253061824] [realtime_evaluator_node]: t=35.0s  recent 5s: pos_err mean=2.57mm max=5.37mm samples=36362 balls=0
[INFO] [1785335632.252884945] [realtime_evaluator_node]: t=40.0s  recent 5s: pos_err mean=1.23mm max=3.29mm samples=41562 balls=0
[INFO] [1785335637.253115093] [realtime_evaluator_node]: t=45.0s  recent 5s: pos_err mean=1.60mm max=3.30mm samples=46772 balls=0
[INFO] [1785335642.253066167] [realtime_evaluator_node]: t=50.0s  recent 5s: pos_err mean=2.45mm max=5.07mm samples=51962 balls=0
[INFO] [1785335647.253290408] [realtime_evaluator_node]: t=55.0s  recent 5s: pos_err mean=1.81mm max=3.97mm samples=57162 balls=0
[INFO] [1785335652.253562434] [realtime_evaluator_node]: t=60.0s  recent 5s: pos_err mean=1.67mm max=4.21mm samples=62372 balls=0
[INFO] [1785335652.255430619] [realtime_evaluator_node]: 
============================================================
main.md 6-A-1 シミュレーション評価レポート (C++ realtime evaluator)
============================================================
総サンプル数: 62372  (定常区間 t>=3.0s: 59281)
真値未着のまま評価できなかったサンプル: 0

--- 全体（要件A: 定常RMSE<=10mm, 最大位置誤差<=10mm） ---
  位置誤差: mean=1.69mm  RMSE=2.06mm  max=5.40mm
  ヨー誤差: mean=0.024deg  RMSE=0.032deg  max=0.097deg
  判定: 定常誤差(RMSE<=10mm) PASS / 最大位置誤差(<=10mm) PASS

--- 高G旋回スピンバースト中 ---
  位置誤差: mean=nanmm  RMSE=nanmm  max=nanmm

--- ボール横切り中 vs 非横切り中 ---
  横切り中   : mean=nanmm  RMSE=nanmm  max=nanmm
  非横切り中 : mean=nanmm  RMSE=nanmm  max=nanmm
  判定: ボール横切りによる自己位置無影響 PASS
  (参考) 横切り中の検出ボール数(最新): 0
============================================================

[INFO] [1785335652.310203066] [realtime_evaluator_node]: Saved report and raw error CSV in /home/yukichi6105/ros2_ws/src/lio_localization_sim/docs/stage4_runs/datasheet_accel_scale_p05pct_20260729_r1/evaluator_output
