[INFO] [launch]: All log files can be found below /home/yukichi6105/ros2_ws/src/lio_localization_sim/docs/stage4_runs/max10_1khz_clock250_lag05_cov15_5_5f1_20260727/ros2_logs/2026-07-27-21-38-51-469573-fuku-pc-263957
[INFO] [launch]: Default logging verbosity is set to INFO
[INFO] [default_server_endpoint-1]: process started with pid [263977]
[default_server_endpoint-1] /opt/ros/lyrical/lib/python3.14/site-packages/rclpy/executors.py:1073: UserWarning: MultiThreadedExecutor is used with a single thread.
[default_server_endpoint-1] Use the SingleThreadedExecutor instead.
[default_server_endpoint-1]   warnings.warn(
[default_server_endpoint-1] [INFO] [1785155932.058541986] [unity_endpoint]: Starting server on 0.0.0.0:10000
[default_server_endpoint-1] [INFO] [1785155932.264806589] [unity_endpoint]: Connection from 127.0.0.1
[default_server_endpoint-1] [ERROR] [1785155932.265625123] [unity_endpoint]: Exception: No more data available
[default_server_endpoint-1] [INFO] [1785155932.265909072] [unity_endpoint]: Disconnected from 127.0.0.1
[default_server_endpoint-1] [INFO] [1785155932.369609656] [unity_endpoint]: Connection from 127.0.0.1
[default_server_endpoint-1] [ERROR] [1785155932.370466003] [unity_endpoint]: Exception: No more data available
[default_server_endpoint-1] [INFO] [1785155932.370918725] [unity_endpoint]: Disconnected from 127.0.0.1
[INFO] [imu_preintegration_node-2]: process started with pid [264048]
[INFO] [backend_optimizer_node-3]: process started with pid [264049]
[INFO] [laser_scan_matching_node-4]: process started with pid [264050]
[INFO] [ball_tracking_node-5]: process started with pid [264051]
[INFO] [evaluator_node-6]: process started with pid [264052]
[ball_tracking_node-5] [INFO] [1785155936.639119339] [ball_tracking_node]: ball_tracking_node started
[laser_scan_matching_node-4] [INFO] [1785155936.641698578] [laser_scan_matching_node]: laser_scan_matching_node started (0 cylinders, 9 internal walls, field 5.572x3.310m, initial seed=(-2.419, 1.354, 0.000))
[imu_preintegration_node-2] [INFO] [1785155936.651789017] [imu_preintegration_node]: imu_preintegration_node started (waiting for first /state_estimate)
[backend_optimizer_node-3] [INFO] [1785155936.665048264] [backend_optimizer_node]: graph (re)initialized at X0=(-2.419, 1.354, 0.000) V0=(0.000, 0.000)
[backend_optimizer_node-3] [INFO] [1785155936.665234235] [backend_optimizer_node]: backend_optimizer_node started (0 cylinders registered)
[evaluator_node-6] [INFO] [1785155937.327316601] [unity_evaluator_node]: evaluator_node started: will run for 60.0s starting from the first /ground_truth_pose
[default_server_endpoint-1] [INFO] [1785155963.769278949] [unity_endpoint]: Connection from 172.25.0.1
[default_server_endpoint-1] [WARN] [1785155963.805283299] [rcl.logging_rosout]: Publisher already registered for node name: 'unity_endpoint'. If this is due to multiple nodes with the same name then all logs for the logger named 'unity_endpoint' will go out over the existing publisher. As soon as any node with that name is destructed it will unregister the publisher, preventing any further logs for that name from being published on the rosout topic.
[default_server_endpoint-1] [INFO] [1785155963.984595902] [unity_endpoint]: RegisterSubscriber(/odom_fast, <class 'nav_msgs.msg._odometry.Odometry'>) OK
[default_server_endpoint-1] [WARN] [1785155963.991508680] [rcl.logging_rosout]: Publisher already registered for node name: 'unity_endpoint'. If this is due to multiple nodes with the same name then all logs for the logger named 'unity_endpoint' will go out over the existing publisher. As soon as any node with that name is destructed it will unregister the publisher, preventing any further logs for that name from being published on the rosout topic.
[default_server_endpoint-1] [INFO] [1785155964.017881190] [unity_endpoint]: RegisterSubscriber(/tf, <class 'tf2_msgs.msg._tf_message.TFMessage'>) OK
[default_server_endpoint-1] [WARN] [1785155964.019220199] [rcl.logging_rosout]: Publisher already registered for node name: 'unity_endpoint'. If this is due to multiple nodes with the same name then all logs for the logger named 'unity_endpoint' will go out over the existing publisher. As soon as any node with that name is destructed it will unregister the publisher, preventing any further logs for that name from being published on the rosout topic.
[default_server_endpoint-1] [INFO] [1785155964.041185369] [unity_endpoint]: RegisterPublisher(/clock, <class 'rosgraph_msgs.msg._clock.Clock'>) OK
[default_server_endpoint-1] [WARN] [1785155964.142836415] [rcl.logging_rosout]: Publisher already registered for node name: 'unity_endpoint'. If this is due to multiple nodes with the same name then all logs for the logger named 'unity_endpoint' will go out over the existing publisher. As soon as any node with that name is destructed it will unregister the publisher, preventing any further logs for that name from being published on the rosout topic.
[default_server_endpoint-1] [INFO] [1785155964.162878741] [unity_endpoint]: RegisterPublisher(/scan, <class 'sensor_msgs.msg._laser_scan.LaserScan'>) OK
[default_server_endpoint-1] [WARN] [1785155964.164060857] [rcl.logging_rosout]: Publisher already registered for node name: 'unity_endpoint'. If this is due to multiple nodes with the same name then all logs for the logger named 'unity_endpoint' will go out over the existing publisher. As soon as any node with that name is destructed it will unregister the publisher, preventing any further logs for that name from being published on the rosout topic.
[default_server_endpoint-1] [INFO] [1785155964.188453788] [unity_endpoint]: RegisterPublisher(/ground_truth_pose, <class 'nav_msgs.msg._odometry.Odometry'>) OK
[default_server_endpoint-1] [WARN] [1785155964.188972644] [rcl.logging_rosout]: Publisher already registered for node name: 'unity_endpoint'. If this is due to multiple nodes with the same name then all logs for the logger named 'unity_endpoint' will go out over the existing publisher. As soon as any node with that name is destructed it will unregister the publisher, preventing any further logs for that name from being published on the rosout topic.
[default_server_endpoint-1] [INFO] [1785155964.209696271] [unity_endpoint]: RegisterPublisher(/imu/data, <class 'sensor_msgs.msg._imu.Imu'>) OK
[evaluator_node-6] [INFO] [1785155964.213036321] [unity_evaluator_node]: first ground truth received: measuring for 60.0s
[default_server_endpoint-1] [WARN] [1785155964.214230862] [rcl.logging_rosout]: Publisher already registered for node name: 'unity_endpoint'. If this is due to multiple nodes with the same name then all logs for the logger named 'unity_endpoint' will go out over the existing publisher. As soon as any node with that name is destructed it will unregister the publisher, preventing any further logs for that name from being published on the rosout topic.
[default_server_endpoint-1] [INFO] [1785155964.243036812] [unity_endpoint]: RegisterPublisher(/clock, <class 'rosgraph_msgs.msg._clock.Clock'>) OK
[default_server_endpoint-1] [INFO] [1785155964.270876129] [unity_endpoint]: RegisterPublisher(/scan, <class 'sensor_msgs.msg._laser_scan.LaserScan'>) OK
[default_server_endpoint-1] [INFO] [1785155964.298670505] [unity_endpoint]: RegisterPublisher(/ground_truth_pose, <class 'nav_msgs.msg._odometry.Odometry'>) OK
[default_server_endpoint-1] [INFO] [1785155964.327340838] [unity_endpoint]: RegisterPublisher(/imu/data, <class 'sensor_msgs.msg._imu.Imu'>) OK
[laser_scan_matching_node-4] [WARN] [1785155965.887260210] [laser_scan_matching_node]: IMU coverage wait exceeded 0.050s, processing scan with extrapolated tail
[laser_scan_matching_node-4] [WARN] [1785155967.389027185] [laser_scan_matching_node]: IMU coverage wait exceeded 0.050s, processing scan with extrapolated tail
[laser_scan_matching_node-4] [INFO] [1785155968.989256002] [laser_scan_matching_node]: note rejection: 34/541 returns unexplained, 0 clusters -> 0 accepted, 0 points dropped (last extent=-1.0000m; gate <=0.350m, min 4 points)
[evaluator_node-6] [INFO] [1785155969.024791002] [unity_evaluator_node]: t=5.0s  直近5秒: pos_err mean=4.09mm max=8.44mm  samples=4274  detected_balls=0
[laser_scan_matching_node-4] [WARN] [1785155971.452188260] [laser_scan_matching_node]: IMU coverage wait exceeded 0.050s, processing scan with extrapolated tail
[evaluator_node-6] [INFO] [1785155974.088403999] [unity_evaluator_node]: t=10.0s  直近5秒: pos_err mean=4.15mm max=6.20mm  samples=8772  detected_balls=0
[laser_scan_matching_node-4] [INFO] [1785155974.095106528] [laser_scan_matching_node]: note rejection: 18/541 returns unexplained, 1 clusters -> 1 accepted, 4 points dropped (last extent=0.1467m; gate <=0.350m, min 4 points)
[evaluator_node-6] [INFO] [1785155979.187503688] [unity_evaluator_node]: t=15.0s  直近5秒: pos_err mean=8.14mm max=13.03mm  samples=13476  detected_balls=0
[laser_scan_matching_node-4] [INFO] [1785155979.223822482] [laser_scan_matching_node]: note rejection: 41/541 returns unexplained, 1 clusters -> 0 accepted, 0 points dropped (last extent=1.0661m; gate <=0.350m, min 4 points)
[evaluator_node-6] [INFO] [1785155984.364298144] [unity_evaluator_node]: t=20.0s  直近5秒: pos_err mean=3.57mm max=8.68mm  samples=18425  detected_balls=0
[laser_scan_matching_node-4] [INFO] [1785155984.426360109] [laser_scan_matching_node]: note rejection: 26/541 returns unexplained, 0 clusters -> 0 accepted, 0 points dropped (last extent=-1.0000m; gate <=0.350m, min 4 points)
[backend_optimizer_node-3] [WARN] [1785155987.465589299] [backend_optimizer_node]: slow smoother update: 21.3ms (index 840)
[evaluator_node-6] [INFO] [1785155989.496367471] [unity_evaluator_node]: t=25.0s  直近5秒: pos_err mean=2.19mm max=3.09mm  samples=23260  detected_balls=0
[laser_scan_matching_node-4] [INFO] [1785155989.505482874] [laser_scan_matching_node]: note rejection: 23/541 returns unexplained, 0 clusters -> 0 accepted, 0 points dropped (last extent=-1.0000m; gate <=0.350m, min 4 points)
[laser_scan_matching_node-4] [WARN] [1785155989.969809407] [laser_scan_matching_node]: IMU coverage wait exceeded 0.050s, processing scan with extrapolated tail
[evaluator_node-6] [INFO] [1785155994.615841177] [unity_evaluator_node]: t=30.0s  直近5秒: pos_err mean=2.33mm max=3.80mm  samples=28225  detected_balls=0
[laser_scan_matching_node-4] [INFO] [1785155994.701833524] [laser_scan_matching_node]: note rejection: 24/541 returns unexplained, 0 clusters -> 0 accepted, 0 points dropped (last extent=-1.0000m; gate <=0.350m, min 4 points)
[evaluator_node-6] [INFO] [1785155999.833318431] [unity_evaluator_node]: t=35.0s  直近5秒: pos_err mean=2.23mm max=3.28mm  samples=33227  detected_balls=0
[laser_scan_matching_node-4] [WARN] [1785155999.850109770] [laser_scan_matching_node]: IMU coverage wait exceeded 0.050s, processing scan with extrapolated tail
[laser_scan_matching_node-4] [INFO] [1785155999.857081804] [laser_scan_matching_node]: note rejection: 37/541 returns unexplained, 0 clusters -> 0 accepted, 0 points dropped (last extent=-1.0000m; gate <=0.350m, min 4 points)
[backend_optimizer_node-3] [WARN] [1785156002.083471997] [backend_optimizer_node]: slow smoother update: 23.1ms (index 1375)
[backend_optimizer_node-3] [WARN] [1785156004.155415698] [backend_optimizer_node]: slow smoother update: 20.4ms (index 1448)
[evaluator_node-6] [INFO] [1785156004.931860981] [unity_evaluator_node]: t=40.0s  直近5秒: pos_err mean=2.33mm max=3.76mm  samples=38019  detected_balls=0
[laser_scan_matching_node-4] [INFO] [1785156005.032125473] [laser_scan_matching_node]: note rejection: 32/541 returns unexplained, 0 clusters -> 0 accepted, 0 points dropped (last extent=-1.0000m; gate <=0.350m, min 4 points)
[evaluator_node-6] [INFO] [1785156010.098443169] [unity_evaluator_node]: t=45.0s  直近5秒: pos_err mean=2.41mm max=4.06mm  samples=42817  detected_balls=0
[laser_scan_matching_node-4] [INFO] [1785156010.206183156] [laser_scan_matching_node]: note rejection: 21/541 returns unexplained, 0 clusters -> 0 accepted, 0 points dropped (last extent=-1.0000m; gate <=0.350m, min 4 points)
[evaluator_node-6] [INFO] [1785156015.216491359] [unity_evaluator_node]: t=50.0s  直近5秒: pos_err mean=2.21mm max=3.92mm  samples=47568  detected_balls=0
[laser_scan_matching_node-4] [INFO] [1785156015.361038570] [laser_scan_matching_node]: note rejection: 21/541 returns unexplained, 0 clusters -> 0 accepted, 0 points dropped (last extent=-1.0000m; gate <=0.350m, min 4 points)
[backend_optimizer_node-3] [WARN] [1785156016.887226028] [backend_optimizer_node]: slow smoother update: 26.8ms (index 1914)
[evaluator_node-6] [INFO] [1785156020.436557309] [unity_evaluator_node]: t=55.0s  直近5秒: pos_err mean=2.38mm max=3.29mm  samples=52511  detected_balls=0
[laser_scan_matching_node-4] [INFO] [1785156020.522508416] [laser_scan_matching_node]: note rejection: 22/541 returns unexplained, 0 clusters -> 0 accepted, 0 points dropped (last extent=-1.0000m; gate <=0.350m, min 4 points)
[laser_scan_matching_node-4] [WARN] [1785156022.716949075] [laser_scan_matching_node]: IMU coverage wait exceeded 0.050s, processing scan with extrapolated tail
[evaluator_node-6] [INFO] [1785156025.542495973] [unity_evaluator_node]: t=60.0s  直近5秒: pos_err mean=2.21mm max=3.47mm  samples=57292  detected_balls=0
[evaluator_node-6] [INFO] [1785156025.546583725] [unity_evaluator_node]: === 評価終了、集計します ===
[laser_scan_matching_node-4] [INFO] [1785156025.745232919] [laser_scan_matching_node]: note rejection: 28/541 returns unexplained, 0 clusters -> 0 accepted, 0 points dropped (last extent=-1.0000m; gate <=0.350m, min 4 points)
[evaluator_node-6] [INFO] [1785156025.965870998] [unity_evaluator_node]: 
[evaluator_node-6] ============================================================
[evaluator_node-6] main.md 6-A-1 シミュレーション評価レポート
[evaluator_node-6] ============================================================
[evaluator_node-6] 総サンプル数: 57294  (定常区間 t>=3.0s: 54867)
[evaluator_node-6] 真値未着のまま評価できなかったサンプル: 0
[evaluator_node-6] 
[evaluator_node-6] --- 全体（要件A: 定常RMSE<=10mm, 最大位置誤差<=10mm） ---
[evaluator_node-6]   位置誤差: mean=3.11mm  RMSE=3.72mm  max=13.03mm
[evaluator_node-6]   ヨー誤差: mean=0.068deg  RMSE=0.102deg  max=0.400deg
[evaluator_node-6]   判定: 定常誤差(RMSE<=10mm) PASS / 最大位置誤差(<=10mm) FAIL
[evaluator_node-6] 
[evaluator_node-6] --- 高G旋回スピンバースト中 ---
[evaluator_node-6]   位置誤差: mean=nanmm  RMSE=nanmm  max=nanmm
[evaluator_node-6] 
[evaluator_node-6] --- ボール横切り中 vs 非横切り中 ---
[evaluator_node-6]   横切り中   : mean=nanmm  RMSE=nanmm  max=nanmm
[evaluator_node-6]   非横切り中 : mean=3.11mm  RMSE=3.72mm  max=13.03mm
[evaluator_node-6]   判定: ボール横切りによる自己位置無影響 PASS
[evaluator_node-6]   (参考) 横切り中の検出ボール数(最新): 0
[evaluator_node-6] ============================================================
[evaluator_node-6] [INFO] [1785156025.966899766] [unity_evaluator_node]: レポートを保存しました: /tmp/sim_eval_report.txt
[laser_scan_matching_node-4] [WARN] [1785156027.474729388] [laser_scan_matching_node]: IMU coverage wait exceeded 0.050s, processing scan with extrapolated tail
[evaluator_node-6] [INFO] [1785156028.017678734] [unity_evaluator_node]: グラフを保存しました: /tmp/sim_eval_plot.png
[laser_scan_matching_node-4] [WARN] [1785156028.462781179] [laser_scan_matching_node]: IMU coverage wait exceeded 0.050s, processing scan with extrapolated tail
[INFO] [evaluator_node-6]: process has finished cleanly [pid 264052]
[INFO] [ball_tracking_node-5]: sending signal 'SIGINT' to process[ball_tracking_node-5]
[INFO] [laser_scan_matching_node-4]: sending signal 'SIGINT' to process[laser_scan_matching_node-4]
[INFO] [backend_optimizer_node-3]: sending signal 'SIGINT' to process[backend_optimizer_node-3]
[INFO] [imu_preintegration_node-2]: sending signal 'SIGINT' to process[imu_preintegration_node-2]
[INFO] [default_server_endpoint-1]: sending signal 'SIGINT' to process[default_server_endpoint-1]
[ball_tracking_node-5] [INFO] [1785156028.871639011] [rclcpp]: signal_handler(signum=2)
[backend_optimizer_node-3] [INFO] [1785156028.874954649] [rclcpp]: signal_handler(signum=2)
[laser_scan_matching_node-4] [INFO] [1785156028.875118143] [rclcpp]: signal_handler(signum=2)
[imu_preintegration_node-2] [INFO] [1785156028.879716961] [rclcpp]: signal_handler(signum=2)
[default_server_endpoint-1] [INFO] [1785156028.883976141] [unity_endpoint]: Disconnected from 172.25.0.1
[default_server_endpoint-1] Exception in thread Thread-6:
[default_server_endpoint-1] Traceback (most recent call last):
[default_server_endpoint-1]   File "/usr/lib/python3.14/threading.py", line 1082, in _bootstrap_inner
[default_server_endpoint-1]     self._context.run(self.run)
[default_server_endpoint-1]     ~~~~~~~~~~~~~~~~~^^^^^^^^^^
[default_server_endpoint-1]   File "/home/yukichi6105/ros2_ws/build/ros_tcp_endpoint/ros_tcp_endpoint/client.py", line 216, in run
[default_server_endpoint-1]     ros_communicator.send(data)
[default_server_endpoint-1]     ~~~~~~~~~~~~~~~~~~~~~^^^^^^
[default_server_endpoint-1]   File "/home/yukichi6105/ros2_ws/build/ros_tcp_endpoint/ros_tcp_endpoint/publisher.py", line 57, in send
[default_server_endpoint-1]     self.pub.publish(data)
[default_server_endpoint-1]     ~~~~~~~~~~~~~~~~^^^^^^
[default_server_endpoint-1]   File "/opt/ros/lyrical/lib/python3.14/site-packages/rclpy/publisher.py", line 69, in publish
[default_server_endpoint-1]     self.__publisher.publish_raw(msg)
[default_server_endpoint-1]     ~~~~~~~~~~~~~~~~~~~~~~~~~~~~^^^^^
[default_server_endpoint-1] rclpy._rclpy_pybind11.RCLError: Failed to publish: publisher's context is invalid, at ./src/rcl/publisher.c:427
[INFO] [ball_tracking_node-5]: process has finished cleanly [pid 264051]
[INFO] [laser_scan_matching_node-4]: process has finished cleanly [pid 264050]
[INFO] [imu_preintegration_node-2]: process has finished cleanly [pid 264048]
[INFO] [backend_optimizer_node-3]: process has finished cleanly [pid 264049]
[INFO] [default_server_endpoint-1]: process has finished cleanly [pid 263977]
