[INFO] [1785332177.636848510] [backend_optimizer_node]: graph (re)initialized at X0=(-2.419, 1.354, 0.000) V0=(0.000, 0.000)
[INFO] [1785332177.637424770] [backend_optimizer_node]: backend_optimizer_node started (0 cylinders registered)
[INFO] [1785332186.134932280] [backend_optimizer_node]: wall prior loosened by ICP covariance: sigma(yaw,x,y)=(0.0129, 0.0063, 0.0063) censi=(0.0063, 0.0063, 0.0063)
[INFO] [1785332188.135098274] [backend_optimizer_node]: wall prior loosened by ICP covariance: sigma(yaw,x,y)=(0.0129, 0.0063, 0.0063) censi=(0.0063, 0.0063, 0.0063)
[INFO] [1785332190.159827541] [backend_optimizer_node]: wall prior loosened by ICP covariance: sigma(yaw,x,y)=(0.0129, 0.0063, 0.0063) censi=(0.0063, 0.0063, 0.0063)
[INFO] [1785332192.184438011] [backend_optimizer_node]: wall prior loosened by ICP covariance: sigma(yaw,x,y)=(0.0129, 0.0063, 0.0063) censi=(0.0063, 0.0063, 0.0063)
[INFO] [1785332194.209792661] [backend_optimizer_node]: wall prior loosened by ICP covariance: sigma(yaw,x,y)=(0.0129, 0.0063, 0.0063) censi=(0.0063, 0.0063, 0.0063)
[INFO] [1785332196.211619530] [backend_optimizer_node]: wall prior loosened by ICP covariance: sigma(yaw,x,y)=(0.0136, 0.0063, 0.0063) censi=(0.0063, 0.0063, 0.0063)
[INFO] [1785332198.236747626] [backend_optimizer_node]: wall prior loosened by ICP covariance: sigma(yaw,x,y)=(0.0132, 0.0063, 0.0063) censi=(0.0063, 0.0063, 0.0063)
[INFO] [1785332200.259064176] [backend_optimizer_node]: wall prior loosened by ICP covariance: sigma(yaw,x,y)=(0.0129, 0.0063, 0.0063) censi=(0.0063, 0.0063, 0.0063)
[INFO] [1785332202.259655290] [backend_optimizer_node]: wall prior loosened by ICP covariance: sigma(yaw,x,y)=(0.0129, 0.0063, 0.0063) censi=(0.0063, 0.0063, 0.0063)
[INFO] [1785332204.286254872] [backend_optimizer_node]: wall prior loosened by ICP covariance: sigma(yaw,x,y)=(0.0132, 0.0063, 0.0063) censi=(0.0063, 0.0063, 0.0063)
[INFO] [1785332206.286336630] [backend_optimizer_node]: wall prior loosened by ICP covariance: sigma(yaw,x,y)=(0.0134, 0.0063, 0.0063) censi=(0.0063, 0.0063, 0.0063)
[INFO] [1785332208.285905020] [backend_optimizer_node]: wall prior loosened by ICP covariance: sigma(yaw,x,y)=(0.0129, 0.0063, 0.0063) censi=(0.0063, 0.0063, 0.0063)
[INFO] [1785332210.311043134] [backend_optimizer_node]: wall prior loosened by ICP covariance: sigma(yaw,x,y)=(0.0133, 0.0063, 0.0063) censi=(0.0063, 0.0063, 0.0063)
[INFO] [1785332212.311957321] [backend_optimizer_node]: wall prior loosened by ICP covariance: sigma(yaw,x,y)=(0.0134, 0.0063, 0.0063) censi=(0.0063, 0.0063, 0.0063)
[INFO] [1785332214.336075061] [backend_optimizer_node]: wall prior loosened by ICP covariance: sigma(yaw,x,y)=(0.0131, 0.0063, 0.0063) censi=(0.0063, 0.0063, 0.0063)
[INFO] [1785332216.360406082] [backend_optimizer_node]: wall prior loosened by ICP covariance: sigma(yaw,x,y)=(0.0129, 0.0063, 0.0063) censi=(0.0063, 0.0063, 0.0063)
[WARN] [1785332217.931121241] [backend_optimizer_node]: slow smoother update: 21.1ms (index 1351)
[INFO] [1785332218.359969789] [backend_optimizer_node]: wall prior loosened by ICP covariance: sigma(yaw,x,y)=(0.0129, 0.0063, 0.0063) censi=(0.0063, 0.0063, 0.0063)
[INFO] [1785332220.361429244] [backend_optimizer_node]: wall prior loosened by ICP covariance: sigma(yaw,x,y)=(0.0132, 0.0063, 0.0063) censi=(0.0063, 0.0063, 0.0063)
[INFO] [1785332222.386578233] [backend_optimizer_node]: wall prior loosened by ICP covariance: sigma(yaw,x,y)=(0.0131, 0.0063, 0.0063) censi=(0.0063, 0.0063, 0.0063)
[INFO] [1785332224.410594194] [backend_optimizer_node]: wall prior loosened by ICP covariance: sigma(yaw,x,y)=(0.0129, 0.0063, 0.0063) censi=(0.0063, 0.0063, 0.0063)
[INFO] [1785332226.411177967] [backend_optimizer_node]: wall prior loosened by ICP covariance: sigma(yaw,x,y)=(0.0136, 0.0063, 0.0063) censi=(0.0063, 0.0063, 0.0063)
[INFO] [1785332228.411820091] [backend_optimizer_node]: wall prior loosened by ICP covariance: sigma(yaw,x,y)=(0.0131, 0.0063, 0.0063) censi=(0.0063, 0.0063, 0.0063)
[INFO] [1785332230.434818827] [backend_optimizer_node]: wall prior loosened by ICP covariance: sigma(yaw,x,y)=(0.0130, 0.0063, 0.0063) censi=(0.0063, 0.0063, 0.0063)
[INFO] [1785332232.460295386] [backend_optimizer_node]: wall prior loosened by ICP covariance: sigma(yaw,x,y)=(0.0129, 0.0063, 0.0063) censi=(0.0063, 0.0063, 0.0063)
[INFO] [1785332234.485191032] [backend_optimizer_node]: wall prior loosened by ICP covariance: sigma(yaw,x,y)=(0.0131, 0.0063, 0.0063) censi=(0.0063, 0.0063, 0.0063)
[INFO] [1785332236.496353370] [backend_optimizer_node]: wall prior loosened by ICP covariance: sigma(yaw,x,y)=(0.0133, 0.0063, 0.0063) censi=(0.0063, 0.0063, 0.0063)
[INFO] [1785332238.510899428] [backend_optimizer_node]: wall prior loosened by ICP covariance: sigma(yaw,x,y)=(0.0129, 0.0063, 0.0063) censi=(0.0063, 0.0063, 0.0063)
[INFO] [1785332240.534399110] [backend_optimizer_node]: wall prior loosened by ICP covariance: sigma(yaw,x,y)=(0.0130, 0.0063, 0.0063) censi=(0.0063, 0.0063, 0.0063)
[INFO] [1785332242.536301762] [backend_optimizer_node]: wall prior loosened by ICP covariance: sigma(yaw,x,y)=(0.0135, 0.0063, 0.0063) censi=(0.0063, 0.0063, 0.0063)
[INFO] [1785332244.560429567] [backend_optimizer_node]: wall prior loosened by ICP covariance: sigma(yaw,x,y)=(0.0132, 0.0063, 0.0063) censi=(0.0063, 0.0063, 0.0063)
[ros2run]: Received signal:  Interrupt
[INFO] [1785332246.360080310] [rclcpp]: signal_handler(signum=2)
[INFO] [1785332246.361020523] [backend_optimizer_node]: backend concurrency stats: imu_callbacks=62001, during_worker=2322 (3.7%), during_smoother=1754 (2.8%), callback_gap_max=26.686ms, gaps>2ms=544, gaps>10ms=11; stamp_gap_max=1.000ms, gaps>1ms=0; ring_enqueue_max=0.825ms, enqueues>2ms=0; callback_duration_max=26.626ms, durations>2ms=8; worker_jobs=2480 mean/max=1.039/21.444ms; smoother_updates=2479 mean/max=0.783/21.143ms
