[INFO] [1785324338.809164037] [backend_optimizer_node]: graph (re)initialized at X0=(-2.419, 1.354, 0.000) V0=(0.000, 0.000)
[INFO] [1785324338.810848724] [backend_optimizer_node]: backend_optimizer_node started (0 cylinders registered)
[WARN] [1785324343.286713473] [backend_optimizer_node]: slow smoother update: 38.0ms (index 2)
[WARN] [1785324343.709347938] [backend_optimizer_node]: slow smoother update: 29.2ms (index 20)
[WARN] [1785324343.863828546] [backend_optimizer_node]: slow smoother update: 31.0ms (index 25)
[WARN] [1785324344.015129917] [backend_optimizer_node]: slow smoother update: 22.0ms (index 31)
[WARN] [1785324344.883829480] [backend_optimizer_node]: slow smoother update: 21.9ms (index 62)
[INFO] [1785324345.187294631] [backend_optimizer_node]: wall prior loosened by ICP covariance: sigma(yaw,x,y)=(0.0129, 0.0063, 0.0063) censi=(0.0063, 0.0063, 0.0063)
[WARN] [1785324346.554112286] [backend_optimizer_node]: slow smoother update: 39.9ms (index 127)
[INFO] [1785324347.205491367] [backend_optimizer_node]: wall prior loosened by ICP covariance: sigma(yaw,x,y)=(0.0129, 0.0063, 0.0063) censi=(0.0063, 0.0063, 0.0063)
[INFO] [1785324349.221442765] [backend_optimizer_node]: wall prior loosened by ICP covariance: sigma(yaw,x,y)=(0.0129, 0.0063, 0.0063) censi=(0.0063, 0.0063, 0.0063)
[WARN] [1785324349.376516024] [backend_optimizer_node]: slow smoother update: 22.4ms (index 238)
[WARN] [1785324349.492813412] [backend_optimizer_node]: slow smoother update: 36.4ms (index 242)
[WARN] [1785324349.977215511] [backend_optimizer_node]: slow smoother update: 23.4ms (index 259)
[INFO] [1785324351.236602466] [backend_optimizer_node]: wall prior loosened by ICP covariance: sigma(yaw,x,y)=(0.0129, 0.0063, 0.0063) censi=(0.0063, 0.0063, 0.0063)
[WARN] [1785324351.702154737] [backend_optimizer_node]: slow smoother update: 21.0ms (index 325)
[INFO] [1785324353.239491700] [backend_optimizer_node]: wall prior loosened by ICP covariance: sigma(yaw,x,y)=(0.0129, 0.0063, 0.0063) censi=(0.0063, 0.0063, 0.0063)
[WARN] [1785324353.809552583] [backend_optimizer_node]: slow smoother update: 33.0ms (index 400)
[INFO] [1785324355.259376889] [backend_optimizer_node]: wall prior loosened by ICP covariance: sigma(yaw,x,y)=(0.0129, 0.0063, 0.0063) censi=(0.0063, 0.0063, 0.0063)
[WARN] [1785324356.632852193] [backend_optimizer_node]: slow smoother update: 23.3ms (index 510)
[INFO] [1785324357.282859876] [backend_optimizer_node]: wall prior loosened by ICP covariance: sigma(yaw,x,y)=(0.0129, 0.0063, 0.0063) censi=(0.0063, 0.0063, 0.0063)
[WARN] [1785324359.146724149] [backend_optimizer_node]: slow smoother update: 26.4ms (index 601)
[INFO] [1785324359.286274541] [backend_optimizer_node]: wall prior loosened by ICP covariance: sigma(yaw,x,y)=(0.0129, 0.0063, 0.0063) censi=(0.0063, 0.0063, 0.0063)
[WARN] [1785324359.644521010] [backend_optimizer_node]: slow smoother update: 24.8ms (index 621)
[WARN] [1785324360.054295999] [backend_optimizer_node]: slow smoother update: 32.8ms (index 637)
[WARN] [1785324360.217151710] [backend_optimizer_node]: slow smoother update: 24.3ms (index 644)
[WARN] [1785324360.313645163] [backend_optimizer_node]: slow smoother update: 30.1ms (index 648)
[WARN] [1785324360.536717567] [backend_optimizer_node]: slow smoother update: 44.0ms (index 656)
[WARN] [1785324360.737656252] [backend_optimizer_node]: slow smoother update: 48.7ms (index 664)
[INFO] [1785324361.288203828] [backend_optimizer_node]: wall prior loosened by ICP covariance: sigma(yaw,x,y)=(0.0129, 0.0063, 0.0063) censi=(0.0063, 0.0063, 0.0063)
[WARN] [1785324361.843752417] [backend_optimizer_node]: slow smoother update: 21.9ms (index 705)
[INFO] [1785324363.315572908] [backend_optimizer_node]: wall prior loosened by ICP covariance: sigma(yaw,x,y)=(0.0129, 0.0063, 0.0063) censi=(0.0063, 0.0063, 0.0063)
[INFO] [1785324365.317614675] [backend_optimizer_node]: wall prior loosened by ICP covariance: sigma(yaw,x,y)=(0.0129, 0.0063, 0.0063) censi=(0.0063, 0.0063, 0.0063)
[WARN] [1785324366.730463136] [backend_optimizer_node]: slow smoother update: 24.0ms (index 892)
[INFO] [1785324367.338800660] [backend_optimizer_node]: wall prior loosened by ICP covariance: sigma(yaw,x,y)=(0.0129, 0.0063, 0.0063) censi=(0.0063, 0.0063, 0.0063)
[WARN] [1785324369.095190546] [backend_optimizer_node]: slow smoother update: 40.4ms (index 984)
[INFO] [1785324369.359959451] [backend_optimizer_node]: wall prior loosened by ICP covariance: sigma(yaw,x,y)=(0.0129, 0.0063, 0.0063) censi=(0.0063, 0.0063, 0.0063)
[WARN] [1785324370.094737680] [backend_optimizer_node]: slow smoother update: 23.1ms (index 1023)
[WARN] [1785324370.593784236] [backend_optimizer_node]: slow smoother update: 24.8ms (index 1042)
[INFO] [1785324371.386569076] [backend_optimizer_node]: wall prior loosened by ICP covariance: sigma(yaw,x,y)=(0.0129, 0.0063, 0.0063) censi=(0.0063, 0.0063, 0.0063)
[INFO] [1785324373.426056346] [backend_optimizer_node]: wall prior loosened by ICP covariance: sigma(yaw,x,y)=(0.0130, 0.0063, 0.0063) censi=(0.0063, 0.0063, 0.0063)
[WARN] [1785324373.687084036] [backend_optimizer_node]: slow smoother update: 20.7ms (index 1158)
[WARN] [1785324374.841529926] [backend_optimizer_node]: slow smoother update: 28.8ms (index 1198)
[INFO] [1785324375.433202228] [backend_optimizer_node]: wall prior loosened by ICP covariance: sigma(yaw,x,y)=(0.0129, 0.0063, 0.0063) censi=(0.0063, 0.0063, 0.0063)
[INFO] [1785324377.444475931] [backend_optimizer_node]: wall prior loosened by ICP covariance: sigma(yaw,x,y)=(0.0129, 0.0063, 0.0063) censi=(0.0063, 0.0063, 0.0063)
[WARN] [1785324377.637894862] [backend_optimizer_node]: slow smoother update: 22.5ms (index 1305)
[WARN] [1785324378.572927288] [backend_optimizer_node]: slow smoother update: 28.2ms (index 1341)
[WARN] [1785324379.049018152] [backend_optimizer_node]: slow smoother update: 35.8ms (index 1360)
[INFO] [1785324379.454018642] [backend_optimizer_node]: wall prior loosened by ICP covariance: sigma(yaw,x,y)=(0.0129, 0.0063, 0.0063) censi=(0.0063, 0.0063, 0.0063)
[WARN] [1785324380.156849361] [backend_optimizer_node]: slow smoother update: 24.7ms (index 1404)
[WARN] [1785324380.567802271] [backend_optimizer_node]: slow smoother update: 24.4ms (index 1418)
[WARN] [1785324381.475518157] [backend_optimizer_node]: slow smoother update: 137.5ms (index 1446)
[INFO] [1785324381.476267204] [backend_optimizer_node]: wall prior loosened by ICP covariance: sigma(yaw,x,y)=(0.0129, 0.0063, 0.0063) censi=(0.0063, 0.0063, 0.0063)
[WARN] [1785324383.146868711] [backend_optimizer_node]: slow smoother update: 25.6ms (index 1514)
[INFO] [1785324383.473363998] [backend_optimizer_node]: wall prior loosened by ICP covariance: sigma(yaw,x,y)=(0.0129, 0.0063, 0.0063) censi=(0.0063, 0.0063, 0.0063)
[INFO] [1785324385.486851296] [backend_optimizer_node]: wall prior loosened by ICP covariance: sigma(yaw,x,y)=(0.0129, 0.0063, 0.0063) censi=(0.0063, 0.0063, 0.0063)
[INFO] [1785324387.522208613] [backend_optimizer_node]: wall prior loosened by ICP covariance: sigma(yaw,x,y)=(0.0129, 0.0063, 0.0063) censi=(0.0063, 0.0063, 0.0063)
[WARN] [1785324388.425227375] [backend_optimizer_node]: slow smoother update: 22.3ms (index 1712)
[WARN] [1785324388.576765303] [backend_optimizer_node]: slow smoother update: 22.8ms (index 1718)
[INFO] [1785324389.529842426] [backend_optimizer_node]: wall prior loosened by ICP covariance: sigma(yaw,x,y)=(0.0129, 0.0063, 0.0063) censi=(0.0063, 0.0063, 0.0063)
[WARN] [1785324391.423791347] [backend_optimizer_node]: slow smoother update: 32.4ms (index 1824)
[INFO] [1785324391.553570963] [backend_optimizer_node]: wall prior loosened by ICP covariance: sigma(yaw,x,y)=(0.0129, 0.0063, 0.0063) censi=(0.0063, 0.0063, 0.0063)
[WARN] [1785324392.892910396] [backend_optimizer_node]: slow smoother update: 25.3ms (index 1880)
[INFO] [1785324393.585175876] [backend_optimizer_node]: wall prior loosened by ICP covariance: sigma(yaw,x,y)=(0.0129, 0.0063, 0.0063) censi=(0.0063, 0.0063, 0.0063)
[WARN] [1785324393.746396115] [backend_optimizer_node]: slow smoother update: 33.2ms (index 1911)
[WARN] [1785324394.976666737] [backend_optimizer_node]: slow smoother update: 49.2ms (index 1953)
[INFO] [1785324395.605645347] [backend_optimizer_node]: wall prior loosened by ICP covariance: sigma(yaw,x,y)=(0.0129, 0.0063, 0.0063) censi=(0.0063, 0.0063, 0.0063)
[INFO] [1785324397.608613240] [backend_optimizer_node]: wall prior loosened by ICP covariance: sigma(yaw,x,y)=(0.0129, 0.0063, 0.0063) censi=(0.0063, 0.0063, 0.0063)
[INFO] [1785324399.628630279] [backend_optimizer_node]: wall prior loosened by ICP covariance: sigma(yaw,x,y)=(0.0129, 0.0063, 0.0063) censi=(0.0063, 0.0063, 0.0063)
[INFO] [1785324401.653075452] [backend_optimizer_node]: wall prior loosened by ICP covariance: sigma(yaw,x,y)=(0.0129, 0.0063, 0.0063) censi=(0.0063, 0.0063, 0.0063)
[WARN] [1785324402.239671880] [backend_optimizer_node]: slow smoother update: 32.7ms (index 2237)
[INFO] [1785324403.655564092] [backend_optimizer_node]: wall prior loosened by ICP covariance: sigma(yaw,x,y)=(0.0129, 0.0063, 0.0063) censi=(0.0063, 0.0063, 0.0063)
[INFO] [1785324405.665755909] [rclcpp]: signal_handler(signum=2)
