[INFO] [1785324339.002836441] [realtime_evaluator_node]: C++ realtime evaluator started: measuring 60.0s from first ground truth
[INFO] [1785324343.172651557] [realtime_evaluator_node]: first ground truth received; measurement window started
[INFO] [1785324348.172690153] [realtime_evaluator_node]: t=5.0s  recent 5s: pos_err mean=0.59mm max=2.25mm samples=5156 balls=0
[INFO] [1785324353.172661442] [realtime_evaluator_node]: t=10.0s  recent 5s: pos_err mean=0.55mm max=1.09mm samples=10323 balls=0
[INFO] [1785324358.180978539] [realtime_evaluator_node]: t=15.0s  recent 5s: pos_err mean=0.58mm max=1.39mm samples=15490 balls=0
[INFO] [1785324363.172983171] [realtime_evaluator_node]: t=20.0s  recent 5s: pos_err mean=0.86mm max=2.49mm samples=20640 balls=0
[INFO] [1785324368.172721620] [realtime_evaluator_node]: t=25.0s  recent 5s: pos_err mean=0.45mm max=0.99mm samples=25858 balls=0
[INFO] [1785324373.174278109] [realtime_evaluator_node]: t=30.0s  recent 5s: pos_err mean=0.61mm max=1.41mm samples=31014 balls=0
[INFO] [1785324378.172843767] [realtime_evaluator_node]: t=35.0s  recent 5s: pos_err mean=0.73mm max=1.72mm samples=36204 balls=0
[INFO] [1785324383.175586849] [realtime_evaluator_node]: t=40.0s  recent 5s: pos_err mean=0.60mm max=2.07mm samples=41354 balls=0
[INFO] [1785324388.189619412] [realtime_evaluator_node]: t=45.0s  recent 5s: pos_err mean=0.47mm max=1.56mm samples=46515 balls=0
[INFO] [1785324393.173190271] [realtime_evaluator_node]: t=50.0s  recent 5s: pos_err mean=0.80mm max=2.63mm samples=51702 balls=0
[INFO] [1785324398.172668396] [realtime_evaluator_node]: t=55.0s  recent 5s: pos_err mean=0.60mm max=1.53mm samples=56890 balls=0
[INFO] [1785324403.172590406] [realtime_evaluator_node]: t=60.0s  recent 5s: pos_err mean=0.55mm max=1.22mm samples=62062 balls=0
[INFO] [1785324403.175200452] [realtime_evaluator_node]: 
============================================================
main.md 6-A-1 シミュレーション評価レポート (C++ realtime evaluator)
============================================================
総サンプル数: 62062  (定常区間 t>=3.0s: 58981)
真値未着のまま評価できなかったサンプル: 0

--- 全体（要件A: 定常RMSE<=10mm, 最大位置誤差<=10mm） ---
  位置誤差: mean=0.61mm  RMSE=0.72mm  max=2.63mm
  ヨー誤差: mean=0.022deg  RMSE=0.028deg  max=0.080deg
  判定: 定常誤差(RMSE<=10mm) PASS / 最大位置誤差(<=10mm) PASS

--- 高G旋回スピンバースト中 ---
  位置誤差: mean=nanmm  RMSE=nanmm  max=nanmm

--- ボール横切り中 vs 非横切り中 ---
  横切り中   : mean=nanmm  RMSE=nanmm  max=nanmm
  非横切り中 : mean=nanmm  RMSE=nanmm  max=nanmm
  判定: ボール横切りによる自己位置無影響 PASS
  (参考) 横切り中の検出ボール数(最新): 0
============================================================

[INFO] [1785324403.461461829] [realtime_evaluator_node]: Saved report and raw error CSV in /home/yukichi6105/ros2_ws/src/lio_localization_sim/docs/stage4_runs/max8_ray_to_wall_no_notes_fixed_bag_20260729_r1/evaluator_output
