[INFO] [1785436867.776171937] [laser_scan_matching_node]: laser_scan_matching_node started (0 cylinders, 9 internal walls, field 5.572x3.310m, initial seed=(-2.419, 1.354, 0.000))
[INFO] [1785436875.294076310] [laser_scan_matching_node]: note rejection: 0/541 returns unexplained, 0 clusters -> 0 accepted, 0 points dropped (last extent=-1.0000m; extent gate <=0.350m, adjacent gap <=0.100m, min 4 points)
[INFO] [1785436880.299669572] [laser_scan_matching_node]: note rejection: 0/541 returns unexplained, 0 clusters -> 0 accepted, 0 points dropped (last extent=-1.0000m; extent gate <=0.350m, adjacent gap <=0.100m, min 4 points)
[INFO] [1785436885.309543188] [laser_scan_matching_node]: note rejection: 0/541 returns unexplained, 0 clusters -> 0 accepted, 0 points dropped (last extent=-1.0000m; extent gate <=0.350m, adjacent gap <=0.100m, min 4 points)
[INFO] [1785436890.339115017] [laser_scan_matching_node]: note rejection: 21/541 returns unexplained, 4 clusters -> 4 accepted, 18 points dropped (last extent=0.0696m; extent gate <=0.350m, adjacent gap <=0.100m, min 4 points)
[INFO] [1785436895.340113164] [laser_scan_matching_node]: note rejection: 18/541 returns unexplained, 2 clusters -> 2 accepted, 8 points dropped (last extent=0.0609m; extent gate <=0.350m, adjacent gap <=0.100m, min 4 points)
[INFO] [1785436900.362589467] [laser_scan_matching_node]: note rejection: 39/541 returns unexplained, 6 clusters -> 6 accepted, 39 points dropped (last extent=0.0626m; extent gate <=0.350m, adjacent gap <=0.100m, min 4 points)
[WARN] [1785436905.194276264] [laser_scan_matching_node]: IMU coverage wait exceeded 0.050s, processing scan with extrapolated tail
[INFO] [1785436905.378387951] [laser_scan_matching_node]: note rejection: 16/541 returns unexplained, 3 clusters -> 3 accepted, 13 points dropped (last extent=0.0675m; extent gate <=0.350m, adjacent gap <=0.100m, min 4 points)
[WARN] [1785436906.567525185] [laser_scan_matching_node]: IMU coverage wait exceeded 0.050s, processing scan with extrapolated tail
[WARN] [1785436907.692013510] [laser_scan_matching_node]: IMU coverage wait exceeded 0.050s, processing scan with extrapolated tail
[INFO] [1785436910.386031059] [laser_scan_matching_node]: note rejection: 18/541 returns unexplained, 2 clusters -> 2 accepted, 8 points dropped (last extent=0.0596m; extent gate <=0.350m, adjacent gap <=0.100m, min 4 points)
[INFO] [1785436915.411667576] [laser_scan_matching_node]: note rejection: 39/541 returns unexplained, 6 clusters -> 6 accepted, 39 points dropped (last extent=0.0721m; extent gate <=0.350m, adjacent gap <=0.100m, min 4 points)
[INFO] [1785436920.415034233] [laser_scan_matching_node]: note rejection: 21/541 returns unexplained, 4 clusters -> 4 accepted, 18 points dropped (last extent=0.0590m; extent gate <=0.350m, adjacent gap <=0.100m, min 4 points)
[INFO] [1785436925.440415214] [laser_scan_matching_node]: note rejection: 19/541 returns unexplained, 2 clusters -> 2 accepted, 8 points dropped (last extent=0.0585m; extent gate <=0.350m, adjacent gap <=0.100m, min 4 points)
[INFO] [1785436930.447842597] [laser_scan_matching_node]: note rejection: 45/541 returns unexplained, 6 clusters -> 6 accepted, 45 points dropped (last extent=0.0636m; extent gate <=0.350m, adjacent gap <=0.100m, min 4 points)
[INFO] [1785436935.466104520] [laser_scan_matching_node]: note rejection: 22/541 returns unexplained, 3 clusters -> 3 accepted, 15 points dropped (last extent=0.0587m; extent gate <=0.350m, adjacent gap <=0.100m, min 4 points)
[ros2run]: Received signal:  Interrupt
[INFO] [1785436939.145776551] [rclcpp]: signal_handler(signum=2)
[INFO] [1785436939.146793257] [laser_scan_matching_node]: scan pipeline stats: received=2402 processed=2402 pending_overwrite=0 pending_queue_overflow=0 fast_rotation_drop=0; unity_audit reports=241 source_scan_last=2410 receiver_at_last_report=2400 final_receiver=2402
