[INFO] [1785155776.381051053] [unity_evaluator_node]: evaluator_node started: will run for 60.0s starting from the first /ground_truth_pose
[INFO] [1785155805.956421646] [unity_evaluator_node]: first ground truth received: measuring for 60.0s
[INFO] [1785155810.721689992] [unity_evaluator_node]: t=5.0s  直近5秒: pos_err mean=4.06mm max=9.71mm  samples=4335  detected_balls=0
[INFO] [1785155815.892415537] [unity_evaluator_node]: t=10.0s  直近5秒: pos_err mean=4.10mm max=6.11mm  samples=8994  detected_balls=0
[INFO] [1785155820.967433685] [unity_evaluator_node]: t=15.0s  直近5秒: pos_err mean=6.54mm max=11.83mm  samples=13922  detected_balls=0
[INFO] [1785155826.132990223] [unity_evaluator_node]: t=20.0s  直近5秒: pos_err mean=4.93mm max=12.49mm  samples=18893  detected_balls=0
[INFO] [1785155831.247264535] [unity_evaluator_node]: t=25.0s  直近5秒: pos_err mean=2.22mm max=3.31mm  samples=23621  detected_balls=0
[INFO] [1785155836.402956147] [unity_evaluator_node]: t=30.0s  直近5秒: pos_err mean=2.41mm max=4.02mm  samples=28422  detected_balls=0
[INFO] [1785155841.575812770] [unity_evaluator_node]: t=35.0s  直近5秒: pos_err mean=2.21mm max=3.46mm  samples=32925  detected_balls=0
[INFO] [1785155846.725679776] [unity_evaluator_node]: t=40.0s  直近5秒: pos_err mean=2.36mm max=4.30mm  samples=37714  detected_balls=0
[INFO] [1785155851.904761325] [unity_evaluator_node]: t=45.0s  直近5秒: pos_err mean=2.47mm max=4.31mm  samples=42680  detected_balls=0
[INFO] [1785155857.035971662] [unity_evaluator_node]: t=50.0s  直近5秒: pos_err mean=2.23mm max=4.08mm  samples=47765  detected_balls=0
[INFO] [1785155862.220874344] [unity_evaluator_node]: t=55.0s  直近5秒: pos_err mean=2.47mm max=3.62mm  samples=52664  detected_balls=0
[INFO] [1785155867.360192808] [unity_evaluator_node]: t=60.0s  直近5秒: pos_err mean=2.40mm max=3.64mm  samples=57307  detected_balls=0
[INFO] [1785155867.377857142] [unity_evaluator_node]: === 評価終了、集計します ===
[INFO] [1785155867.921117597] [unity_evaluator_node]: 
============================================================
main.md 6-A-1 シミュレーション評価レポート
============================================================
総サンプル数: 57309  (定常区間 t>=3.0s: 54796)
真値未着のまま評価できなかったサンプル: 0

--- 全体（要件A: 定常RMSE<=10mm, 最大位置誤差<=10mm） ---
  位置誤差: mean=3.16mm  RMSE=3.67mm  max=12.49mm
  ヨー誤差: mean=0.068deg  RMSE=0.102deg  max=0.395deg
  判定: 定常誤差(RMSE<=10mm) PASS / 最大位置誤差(<=10mm) FAIL

--- 高G旋回スピンバースト中 ---
  位置誤差: mean=nanmm  RMSE=nanmm  max=nanmm

--- ボール横切り中 vs 非横切り中 ---
  横切り中   : mean=nanmm  RMSE=nanmm  max=nanmm
  非横切り中 : mean=3.16mm  RMSE=3.67mm  max=12.49mm
  判定: ボール横切りによる自己位置無影響 PASS
  (参考) 横切り中の検出ボール数(最新): 0
============================================================
[INFO] [1785155867.923700224] [unity_evaluator_node]: レポートを保存しました: /tmp/sim_eval_report.txt
[INFO] [1785155870.177380671] [unity_evaluator_node]: グラフを保存しました: /tmp/sim_eval_plot.png
