[INFO] [launch]: All log files can be found below /home/yukichi6105/ros2_ws/src/lio_localization_sim/docs/stage4_runs/max10_1khz_clock250_bias_prior_final_5_5f1_20260727/ros2_logs/2026-07-27-21-50-53-090596-fuku-pc-269017
[INFO] [launch]: Default logging verbosity is set to INFO
[INFO] [default_server_endpoint-1]: process started with pid [269040]
[default_server_endpoint-1] /opt/ros/lyrical/lib/python3.14/site-packages/rclpy/executors.py:1073: UserWarning: MultiThreadedExecutor is used with a single thread.
[default_server_endpoint-1] Use the SingleThreadedExecutor instead.
[default_server_endpoint-1]   warnings.warn(
[default_server_endpoint-1] [INFO] [1785156653.685155396] [unity_endpoint]: Starting server on 0.0.0.0:10000
[default_server_endpoint-1] [INFO] [1785156653.823352715] [unity_endpoint]: Connection from 127.0.0.1
[default_server_endpoint-1] [ERROR] [1785156653.824109817] [unity_endpoint]: Exception: No more data available
[default_server_endpoint-1] [INFO] [1785156653.824432759] [unity_endpoint]: Disconnected from 127.0.0.1
[default_server_endpoint-1] [INFO] [1785156653.926674371] [unity_endpoint]: Connection from 127.0.0.1
[default_server_endpoint-1] [ERROR] [1785156653.927262446] [unity_endpoint]: Exception: No more data available
[default_server_endpoint-1] [INFO] [1785156653.927515134] [unity_endpoint]: Disconnected from 127.0.0.1
[INFO] [imu_preintegration_node-2]: process started with pid [269105]
[INFO] [backend_optimizer_node-3]: process started with pid [269106]
[INFO] [laser_scan_matching_node-4]: process started with pid [269107]
[INFO] [ball_tracking_node-5]: process started with pid [269108]
[INFO] [evaluator_node-6]: process started with pid [269109]
[ball_tracking_node-5] [INFO] [1785156658.267498236] [ball_tracking_node]: ball_tracking_node started
[backend_optimizer_node-3] [INFO] [1785156658.285836183] [backend_optimizer_node]: graph (re)initialized at X0=(-2.419, 1.354, 0.000) V0=(0.000, 0.000)
[backend_optimizer_node-3] [INFO] [1785156658.286608681] [backend_optimizer_node]: backend_optimizer_node started (0 cylinders registered)
[imu_preintegration_node-2] [INFO] [1785156658.288840311] [imu_preintegration_node]: imu_preintegration_node started (waiting for first /state_estimate)
[laser_scan_matching_node-4] [INFO] [1785156658.289504205] [laser_scan_matching_node]: laser_scan_matching_node started (0 cylinders, 9 internal walls, field 5.572x3.310m, initial seed=(-2.419, 1.354, 0.000))
[evaluator_node-6] [INFO] [1785156659.491993137] [unity_evaluator_node]: evaluator_node started: will run for 60.0s starting from the first /ground_truth_pose
[default_server_endpoint-1] [INFO] [1785156689.802078506] [unity_endpoint]: Connection from 172.25.0.1
[default_server_endpoint-1] [WARN] [1785156689.865576529] [rcl.logging_rosout]: Publisher already registered for node name: 'unity_endpoint'. If this is due to multiple nodes with the same name then all logs for the logger named 'unity_endpoint' will go out over the existing publisher. As soon as any node with that name is destructed it will unregister the publisher, preventing any further logs for that name from being published on the rosout topic.
[default_server_endpoint-1] [INFO] [1785156690.156003351] [unity_endpoint]: RegisterSubscriber(/odom_fast, <class 'nav_msgs.msg._odometry.Odometry'>) OK
[default_server_endpoint-1] [WARN] [1785156690.171393310] [rcl.logging_rosout]: Publisher already registered for node name: 'unity_endpoint'. If this is due to multiple nodes with the same name then all logs for the logger named 'unity_endpoint' will go out over the existing publisher. As soon as any node with that name is destructed it will unregister the publisher, preventing any further logs for that name from being published on the rosout topic.
[default_server_endpoint-1] [INFO] [1785156690.195776729] [unity_endpoint]: RegisterSubscriber(/tf, <class 'tf2_msgs.msg._tf_message.TFMessage'>) OK
[default_server_endpoint-1] [WARN] [1785156690.196455830] [rcl.logging_rosout]: Publisher already registered for node name: 'unity_endpoint'. If this is due to multiple nodes with the same name then all logs for the logger named 'unity_endpoint' will go out over the existing publisher. As soon as any node with that name is destructed it will unregister the publisher, preventing any further logs for that name from being published on the rosout topic.
[default_server_endpoint-1] [INFO] [1785156690.218531267] [unity_endpoint]: RegisterPublisher(/clock, <class 'rosgraph_msgs.msg._clock.Clock'>) OK
[default_server_endpoint-1] [WARN] [1785156690.351907190] [rcl.logging_rosout]: Publisher already registered for node name: 'unity_endpoint'. If this is due to multiple nodes with the same name then all logs for the logger named 'unity_endpoint' will go out over the existing publisher. As soon as any node with that name is destructed it will unregister the publisher, preventing any further logs for that name from being published on the rosout topic.
[default_server_endpoint-1] [INFO] [1785156690.378833576] [unity_endpoint]: RegisterPublisher(/scan, <class 'sensor_msgs.msg._laser_scan.LaserScan'>) OK
[default_server_endpoint-1] [WARN] [1785156690.379504373] [rcl.logging_rosout]: Publisher already registered for node name: 'unity_endpoint'. If this is due to multiple nodes with the same name then all logs for the logger named 'unity_endpoint' will go out over the existing publisher. As soon as any node with that name is destructed it will unregister the publisher, preventing any further logs for that name from being published on the rosout topic.
[default_server_endpoint-1] [INFO] [1785156690.397572179] [unity_endpoint]: RegisterPublisher(/ground_truth_pose, <class 'nav_msgs.msg._odometry.Odometry'>) OK
[default_server_endpoint-1] [WARN] [1785156690.398168426] [rcl.logging_rosout]: Publisher already registered for node name: 'unity_endpoint'. If this is due to multiple nodes with the same name then all logs for the logger named 'unity_endpoint' will go out over the existing publisher. As soon as any node with that name is destructed it will unregister the publisher, preventing any further logs for that name from being published on the rosout topic.
[default_server_endpoint-1] [INFO] [1785156690.419471398] [unity_endpoint]: RegisterPublisher(/imu/data, <class 'sensor_msgs.msg._imu.Imu'>) OK
[default_server_endpoint-1] [WARN] [1785156690.421358235] [rcl.logging_rosout]: Publisher already registered for node name: 'unity_endpoint'. If this is due to multiple nodes with the same name then all logs for the logger named 'unity_endpoint' will go out over the existing publisher. As soon as any node with that name is destructed it will unregister the publisher, preventing any further logs for that name from being published on the rosout topic.
[evaluator_node-6] [INFO] [1785156690.428564374] [unity_evaluator_node]: first ground truth received: measuring for 60.0s
[default_server_endpoint-1] [INFO] [1785156690.453801206] [unity_endpoint]: RegisterPublisher(/clock, <class 'rosgraph_msgs.msg._clock.Clock'>) OK
[default_server_endpoint-1] [INFO] [1785156690.482821112] [unity_endpoint]: RegisterPublisher(/scan, <class 'sensor_msgs.msg._laser_scan.LaserScan'>) OK
[default_server_endpoint-1] [INFO] [1785156690.518088904] [unity_endpoint]: RegisterPublisher(/ground_truth_pose, <class 'nav_msgs.msg._odometry.Odometry'>) OK
[default_server_endpoint-1] [INFO] [1785156690.561825285] [unity_endpoint]: RegisterPublisher(/imu/data, <class 'sensor_msgs.msg._imu.Imu'>) OK
[backend_optimizer_node-3] [WARN] [1785156690.873650216] [backend_optimizer_node]: slow smoother update: 20.5ms (index 14)
[laser_scan_matching_node-4] [WARN] [1785156691.065966837] [laser_scan_matching_node]: IMU coverage wait exceeded 0.050s, processing scan with extrapolated tail
[laser_scan_matching_node-4] [WARN] [1785156693.431882489] [laser_scan_matching_node]: IMU coverage wait exceeded 0.050s, processing scan with extrapolated tail
[laser_scan_matching_node-4] [WARN] [1785156694.889546837] [laser_scan_matching_node]: IMU coverage wait exceeded 0.050s, processing scan with extrapolated tail
[backend_optimizer_node-3] [WARN] [1785156694.965224797] [backend_optimizer_node]: slow smoother update: 21.5ms (index 150)
[laser_scan_matching_node-4] [INFO] [1785156695.126573454] [laser_scan_matching_node]: note rejection: 23/541 returns unexplained, 0 clusters -> 0 accepted, 0 points dropped (last extent=-1.0000m; gate <=0.350m, min 4 points)
[evaluator_node-6] [INFO] [1785156695.136676441] [unity_evaluator_node]: t=4.9s  直近5秒: pos_err mean=4.36mm max=10.13mm  samples=3408  detected_balls=0
[laser_scan_matching_node-4] [INFO] [1785156700.290675004] [laser_scan_matching_node]: note rejection: 18/541 returns unexplained, 1 clusters -> 1 accepted, 4 points dropped (last extent=0.1467m; gate <=0.350m, min 4 points)
[evaluator_node-6] [INFO] [1785156700.292562891] [unity_evaluator_node]: t=10.0s  直近5秒: pos_err mean=4.14mm max=5.29mm  samples=8014  detected_balls=0
[evaluator_node-6] [INFO] [1785156705.417363875] [unity_evaluator_node]: t=14.9s  直近5秒: pos_err mean=6.44mm max=18.29mm  samples=12124  detected_balls=0
[laser_scan_matching_node-4] [INFO] [1785156705.519556115] [laser_scan_matching_node]: note rejection: 18/541 returns unexplained, 0 clusters -> 0 accepted, 0 points dropped (last extent=-1.0000m; gate <=0.350m, min 4 points)
[laser_scan_matching_node-4] [WARN] [1785156708.053967874] [laser_scan_matching_node]: IMU coverage wait exceeded 0.050s, processing scan with extrapolated tail
[evaluator_node-6] [INFO] [1785156710.720308144] [unity_evaluator_node]: t=20.0s  直近5秒: pos_err mean=4.92mm max=21.92mm  samples=16620  detected_balls=0
[laser_scan_matching_node-4] [INFO] [1785156710.759556410] [laser_scan_matching_node]: note rejection: 26/541 returns unexplained, 0 clusters -> 0 accepted, 0 points dropped (last extent=-1.0000m; gate <=0.350m, min 4 points)
[evaluator_node-6] [INFO] [1785156715.859518068] [unity_evaluator_node]: t=25.0s  直近5秒: pos_err mean=2.18mm max=2.83mm  samples=21420  detected_balls=0
[laser_scan_matching_node-4] [INFO] [1785156715.891062975] [laser_scan_matching_node]: note rejection: 27/541 returns unexplained, 0 clusters -> 0 accepted, 0 points dropped (last extent=-1.0000m; gate <=0.350m, min 4 points)
[backend_optimizer_node-3] [WARN] [1785156718.443321484] [backend_optimizer_node]: slow smoother update: 37.7ms (index 960)
[evaluator_node-6] [INFO] [1785156720.919113750] [unity_evaluator_node]: t=30.0s  直近5秒: pos_err mean=2.21mm max=3.40mm  samples=25850  detected_balls=0
[laser_scan_matching_node-4] [INFO] [1785156720.991116690] [laser_scan_matching_node]: note rejection: 24/541 returns unexplained, 0 clusters -> 0 accepted, 0 points dropped (last extent=-1.0000m; gate <=0.350m, min 4 points)
[backend_optimizer_node-3] [WARN] [1785156723.385778459] [backend_optimizer_node]: slow smoother update: 20.8ms (index 1136)
[backend_optimizer_node-3] [WARN] [1785156723.472508510] [backend_optimizer_node]: slow smoother update: 21.9ms (index 1138)
[evaluator_node-6] [INFO] [1785156726.094203723] [unity_evaluator_node]: t=35.0s  直近5秒: pos_err mean=2.16mm max=3.28mm  samples=30443  detected_balls=0
[laser_scan_matching_node-4] [INFO] [1785156726.191778738] [laser_scan_matching_node]: note rejection: 17/541 returns unexplained, 0 clusters -> 0 accepted, 0 points dropped (last extent=-1.0000m; gate <=0.350m, min 4 points)
[evaluator_node-6] [INFO] [1785156731.209172273] [unity_evaluator_node]: t=40.0s  直近5秒: pos_err mean=2.33mm max=3.35mm  samples=35289  detected_balls=0
[laser_scan_matching_node-4] [INFO] [1785156731.292146270] [laser_scan_matching_node]: note rejection: 12/541 returns unexplained, 0 clusters -> 0 accepted, 0 points dropped (last extent=-1.0000m; gate <=0.350m, min 4 points)
[backend_optimizer_node-3] [WARN] [1785156735.139035249] [backend_optimizer_node]: slow smoother update: 57.8ms (index 1554)
[evaluator_node-6] [INFO] [1785156736.384236584] [unity_evaluator_node]: t=45.0s  直近5秒: pos_err mean=2.28mm max=3.37mm  samples=40120  detected_balls=0
[laser_scan_matching_node-4] [INFO] [1785156736.460500696] [laser_scan_matching_node]: note rejection: 23/541 returns unexplained, 0 clusters -> 0 accepted, 0 points dropped (last extent=-1.0000m; gate <=0.350m, min 4 points)
[evaluator_node-6] [INFO] [1785156741.490239780] [unity_evaluator_node]: t=50.0s  直近5秒: pos_err mean=2.15mm max=3.20mm  samples=45179  detected_balls=0
[laser_scan_matching_node-4] [INFO] [1785156741.593123066] [laser_scan_matching_node]: note rejection: 33/541 returns unexplained, 0 clusters -> 0 accepted, 0 points dropped (last extent=-1.0000m; gate <=0.350m, min 4 points)
[laser_scan_matching_node-4] [WARN] [1785156743.632384715] [laser_scan_matching_node]: IMU coverage wait exceeded 0.050s, processing scan with extrapolated tail
[laser_scan_matching_node-4] [WARN] [1785156746.009013305] [laser_scan_matching_node]: IMU coverage wait exceeded 0.050s, processing scan with extrapolated tail
[evaluator_node-6] [INFO] [1785156746.684838567] [unity_evaluator_node]: t=55.0s  直近5秒: pos_err mean=2.32mm max=3.00mm  samples=50050  detected_balls=0
[laser_scan_matching_node-4] [INFO] [1785156746.808437713] [laser_scan_matching_node]: note rejection: 31/541 returns unexplained, 0 clusters -> 0 accepted, 0 points dropped (last extent=-1.0000m; gate <=0.350m, min 4 points)
[laser_scan_matching_node-4] [WARN] [1785156747.299247127] [laser_scan_matching_node]: IMU coverage wait exceeded 0.050s, processing scan with extrapolated tail
[backend_optimizer_node-3] [WARN] [1785156747.325887977] [backend_optimizer_node]: slow smoother update: 33.7ms (index 2007)
[backend_optimizer_node-3] [WARN] [1785156749.894148445] [backend_optimizer_node]: slow smoother update: 31.3ms (index 2102)
[evaluator_node-6] [INFO] [1785156751.795003501] [unity_evaluator_node]: t=60.0s  直近5秒: pos_err mean=2.25mm max=3.07mm  samples=55071  detected_balls=0
[evaluator_node-6] [INFO] [1785156751.798347594] [unity_evaluator_node]: === 評価終了、集計します ===
[laser_scan_matching_node-4] [INFO] [1785156751.911569920] [laser_scan_matching_node]: note rejection: 20/541 returns unexplained, 0 clusters -> 0 accepted, 0 points dropped (last extent=-1.0000m; gate <=0.350m, min 4 points)
[laser_scan_matching_node-4] [WARN] [1785156752.060781158] [laser_scan_matching_node]: IMU coverage wait exceeded 0.050s, processing scan with extrapolated tail
[evaluator_node-6] [INFO] [1785156752.348354080] [unity_evaluator_node]: 
[evaluator_node-6] ============================================================
[evaluator_node-6] main.md 6-A-1 シミュレーション評価レポート
[evaluator_node-6] ============================================================
[evaluator_node-6] 総サンプル数: 55073  (定常区間 t>=3.0s: 53296)
[evaluator_node-6] 真値未着のまま評価できなかったサンプル: 0
[evaluator_node-6] 
[evaluator_node-6] --- 全体（要件A: 定常RMSE<=10mm, 最大位置誤差<=10mm） ---
[evaluator_node-6]   位置誤差: mean=3.01mm  RMSE=3.50mm  max=21.92mm
[evaluator_node-6]   ヨー誤差: mean=0.065deg  RMSE=0.092deg  max=0.377deg
[evaluator_node-6]   判定: 定常誤差(RMSE<=10mm) PASS / 最大位置誤差(<=10mm) FAIL
[evaluator_node-6] 
[evaluator_node-6] --- 高G旋回スピンバースト中 ---
[evaluator_node-6]   位置誤差: mean=nanmm  RMSE=nanmm  max=nanmm
[evaluator_node-6] 
[evaluator_node-6] --- ボール横切り中 vs 非横切り中 ---
[evaluator_node-6]   横切り中   : mean=nanmm  RMSE=nanmm  max=nanmm
[evaluator_node-6]   非横切り中 : mean=3.01mm  RMSE=3.50mm  max=21.92mm
[evaluator_node-6]   判定: ボール横切りによる自己位置無影響 PASS
[evaluator_node-6]   (参考) 横切り中の検出ボール数(最新): 0
[evaluator_node-6] ============================================================
[evaluator_node-6] [INFO] [1785156752.351305574] [unity_evaluator_node]: レポートを保存しました: /tmp/sim_eval_report.txt
[laser_scan_matching_node-4] [WARN] [1785156754.013145679] [laser_scan_matching_node]: IMU coverage wait exceeded 0.050s, processing scan with extrapolated tail
[evaluator_node-6] [INFO] [1785156754.759385717] [unity_evaluator_node]: グラフを保存しました: /tmp/sim_eval_plot.png
[backend_optimizer_node-3] [WARN] [1785156755.356808659] [backend_optimizer_node]: slow smoother update: 29.4ms (index 2306)
[INFO] [evaluator_node-6]: process has finished cleanly [pid 269109]
[INFO] [ball_tracking_node-5]: sending signal 'SIGINT' to process[ball_tracking_node-5]
[INFO] [laser_scan_matching_node-4]: sending signal 'SIGINT' to process[laser_scan_matching_node-4]
[INFO] [backend_optimizer_node-3]: sending signal 'SIGINT' to process[backend_optimizer_node-3]
[INFO] [imu_preintegration_node-2]: sending signal 'SIGINT' to process[imu_preintegration_node-2]
[INFO] [default_server_endpoint-1]: sending signal 'SIGINT' to process[default_server_endpoint-1]
[ball_tracking_node-5] [INFO] [1785156755.486802937] [rclcpp]: signal_handler(signum=2)
[backend_optimizer_node-3] [INFO] [1785156755.490479860] [rclcpp]: signal_handler(signum=2)
[laser_scan_matching_node-4] [INFO] [1785156755.491083363] [rclcpp]: signal_handler(signum=2)
[imu_preintegration_node-2] [INFO] [1785156755.492254482] [rclcpp]: signal_handler(signum=2)
[default_server_endpoint-1] [ERROR] [1785156755.541428171] [unity_endpoint]: Exception [Errno 9] Bad file descriptor
[INFO] [ball_tracking_node-5]: process has finished cleanly [pid 269108]
[INFO] [laser_scan_matching_node-4]: process has finished cleanly [pid 269107]
[INFO] [imu_preintegration_node-2]: process has finished cleanly [pid 269105]
[INFO] [backend_optimizer_node-3]: process has finished cleanly [pid 269106]
[INFO] [default_server_endpoint-1]: process has finished cleanly [pid 269040]
