[INFO] [1785318656.731997377] [realtime_evaluator_node]: C++ realtime evaluator started: measuring 60.0s from first ground truth
[INFO] [1785318659.509983759] [realtime_evaluator_node]: first ground truth received; measurement window started
[INFO] [1785318664.509990911] [realtime_evaluator_node]: t=5.0s  recent 5s: pos_err mean=4.02mm max=7.42mm samples=5162 balls=0
[INFO] [1785318669.509930867] [realtime_evaluator_node]: t=10.0s  recent 5s: pos_err mean=3.78mm max=4.68mm samples=10362 balls=0
[INFO] [1785318674.510009795] [realtime_evaluator_node]: t=15.0s  recent 5s: pos_err mean=5.75mm max=8.82mm samples=15562 balls=0
[INFO] [1785318679.510163888] [realtime_evaluator_node]: t=20.0s  recent 5s: pos_err mean=4.00mm max=9.33mm samples=20771 balls=0
[INFO] [1785318684.509969188] [realtime_evaluator_node]: t=25.0s  recent 5s: pos_err mean=6.46mm max=9.08mm samples=25962 balls=0
[INFO] [1785318689.509841391] [realtime_evaluator_node]: t=30.0s  recent 5s: pos_err mean=4.97mm max=7.76mm samples=31162 balls=0
[INFO] [1785318694.510019766] [realtime_evaluator_node]: t=35.0s  recent 5s: pos_err mean=4.10mm max=8.13mm samples=36362 balls=0
[INFO] [1785318699.509776086] [realtime_evaluator_node]: t=40.0s  recent 5s: pos_err mean=6.38mm max=9.46mm samples=41562 balls=0
[INFO] [1785318704.510002641] [realtime_evaluator_node]: t=45.0s  recent 5s: pos_err mean=4.95mm max=7.78mm samples=46762 balls=0
[INFO] [1785318709.509838265] [realtime_evaluator_node]: t=50.0s  recent 5s: pos_err mean=4.35mm max=8.54mm samples=51962 balls=0
[INFO] [1785318714.509975262] [realtime_evaluator_node]: t=55.0s  recent 5s: pos_err mean=6.63mm max=9.34mm samples=57162 balls=0
[INFO] [1785318719.509950951] [realtime_evaluator_node]: t=60.0s  recent 5s: pos_err mean=5.20mm max=7.88mm samples=62362 balls=0
[INFO] [1785318719.511146480] [realtime_evaluator_node]: 
============================================================
main.md 6-A-1 シミュレーション評価レポート (C++ realtime evaluator)
============================================================
総サンプル数: 62362  (定常区間 t>=3.0s: 59271)
真値未着のまま評価できなかったサンプル: 9

--- 全体（要件A: 定常RMSE<=10mm, 最大位置誤差<=10mm） ---
  位置誤差: mean=5.09mm  RMSE=5.54mm  max=9.46mm
  ヨー誤差: mean=0.099deg  RMSE=0.115deg  max=0.226deg
  判定: 定常誤差(RMSE<=10mm) PASS / 最大位置誤差(<=10mm) PASS

--- 高G旋回スピンバースト中 ---
  位置誤差: mean=nanmm  RMSE=nanmm  max=nanmm

--- ボール横切り中 vs 非横切り中 ---
  横切り中   : mean=nanmm  RMSE=nanmm  max=nanmm
  非横切り中 : mean=nanmm  RMSE=nanmm  max=nanmm
  判定: ボール横切りによる自己位置無影響 PASS
  (参考) 横切り中の検出ボール数(最新): 0
============================================================

[INFO] [1785318719.565234174] [realtime_evaluator_node]: Saved report and raw error CSV in /home/yukichi6105/ros2_ws/src/lio_localization_sim/docs/stage4_runs/max8_openloop_no_notes_stage_fixed_bag_20260729_r1/evaluator_output
