[INFO] [launch]: All log files can be found below /home/yukichi6105/.ros/log/2026-07-27-19-07-22-423096-fuku-pc-195039
[INFO] [launch]: Default logging verbosity is set to INFO
[INFO] [default_server_endpoint-1]: process started with pid [195073]
[default_server_endpoint-1] /opt/ros/lyrical/lib/python3.14/site-packages/rclpy/executors.py:1073: UserWarning: MultiThreadedExecutor is used with a single thread.
[default_server_endpoint-1] Use the SingleThreadedExecutor instead.
[default_server_endpoint-1]   warnings.warn(
[default_server_endpoint-1] [INFO] [1785146843.327392037] [unity_endpoint]: Starting server on 0.0.0.0:10000
[INFO] [imu_preintegration_node-2]: process started with pid [195247]
[INFO] [backend_optimizer_node-3]: process started with pid [195248]
[INFO] [laser_scan_matching_node-4]: process started with pid [195249]
[INFO] [ball_tracking_node-5]: process started with pid [195250]
[INFO] [evaluator_node-6]: process started with pid [195251]
[laser_scan_matching_node-4] [INFO] [1785146847.691084438] [laser_scan_matching_node]: laser_scan_matching_node started (0 cylinders, 9 internal walls, field 5.572x3.310m, initial seed=(-2.419, 1.354, 0.000))
[ball_tracking_node-5] [INFO] [1785146847.697955630] [ball_tracking_node]: ball_tracking_node started
[backend_optimizer_node-3] [INFO] [1785146847.721738370] [backend_optimizer_node]: graph (re)initialized at X0=(-2.419, 1.354, 0.000) V0=(0.000, 0.000)
[backend_optimizer_node-3] [INFO] [1785146847.721981777] [backend_optimizer_node]: backend_optimizer_node started (0 cylinders registered)
[imu_preintegration_node-2] [INFO] [1785146847.767843995] [imu_preintegration_node]: imu_preintegration_node started (waiting for first /state_estimate)
[evaluator_node-6] [INFO] [1785146848.991191405] [unity_evaluator_node]: evaluator_node started: will run for 60.0s starting from the first /ground_truth_pose
[imu_preintegration_node-2] [INFO] [1785146885.675045415] [rclcpp]: signal_handler(signum=15)
[backend_optimizer_node-3] [INFO] [1785146885.675173850] [rclcpp]: signal_handler(signum=15)
[laser_scan_matching_node-4] [INFO] [1785146885.675183516] [rclcpp]: signal_handler(signum=15)
[ball_tracking_node-5] [INFO] [1785146885.677018061] [rclcpp]: signal_handler(signum=15)
[evaluator_node-6] Traceback (most recent call last):
[evaluator_node-6]   File "/home/yukichi6105/ros2_ws/install/lio_localization_sim/lib/lio_localization_sim/evaluator_node", line 33, in <module>
[evaluator_node-6]     sys.exit(load_entry_point('lio-localization-sim', 'console_scripts', 'evaluator_node')())
[evaluator_node-6]              ~~~~~~~~~~~~~~~~~~~~~~~~~~~~~~~~~~~~~~~~~~~~~~~~~~~~~~~~~~~~~~~~~~~~~~~~~~~~~^^
[evaluator_node-6]   File "/home/yukichi6105/ros2_ws/build/lio_localization_sim/lio_localization_sim/evaluator_node.py", line 319, in main
[evaluator_node-6]     rclpy.spin(node)
[evaluator_node-6]     ~~~~~~~~~~^^^^^^
[evaluator_node-6]   File "/opt/ros/lyrical/lib/python3.14/site-packages/rclpy/__init__.py", line 324, in spin
[evaluator_node-6]     executor.spin_once()
[evaluator_node-6]     ~~~~~~~~~~~~~~~~~~^^
[evaluator_node-6]   File "/opt/ros/lyrical/lib/python3.14/site-packages/rclpy/executors.py", line 1020, in spin_once
[evaluator_node-6]     self._spin_once_impl(timeout_sec)
[evaluator_node-6]     ~~~~~~~~~~~~~~~~~~~~^^^^^^^^^^^^^
[evaluator_node-6]   File "/opt/ros/lyrical/lib/python3.14/site-packages/rclpy/executors.py", line 1000, in _spin_once_impl
[evaluator_node-6]     handler, entity, node = self.wait_for_ready_callbacks(
[evaluator_node-6]                             ~~~~~~~~~~~~~~~~~~~~~~~~~~~~~^
[evaluator_node-6]         timeout_sec, None, wait_condition)
[evaluator_node-6]         ^^^^^^^^^^^^^^^^^^^^^^^^^^^^^^^^^^
[evaluator_node-6]   File "/opt/ros/lyrical/lib/python3.14/site-packages/rclpy/executors.py", line 970, in wait_for_ready_callbacks
[evaluator_node-6]     return next(self._cb_iter)
[evaluator_node-6]   File "/opt/ros/lyrical/lib/python3.14/site-packages/rclpy/executors.py", line 876, in _wait_for_ready_callbacks
[evaluator_node-6]     raise ExternalShutdownException()
[evaluator_node-6] rclpy.executors.ExternalShutdownException
[INFO] [ball_tracking_node-5]: process has finished cleanly [pid 195250]
[default_server_endpoint-1] Traceback (most recent call last):
[default_server_endpoint-1]   File "/home/yukichi6105/ros2_ws/install/ros_tcp_endpoint/lib/ros_tcp_endpoint/default_server_endpoint", line 33, in <module>
[default_server_endpoint-1]     sys.exit(load_entry_point('ros-tcp-endpoint', 'console_scripts', 'default_server_endpoint')())
[default_server_endpoint-1]              ~~~~~~~~~~~~~~~~~~~~~~~~~~~~~~~~~~~~~~~~~~~~~~~~~~~~~~~~~~~~~~~~~~~~~~~~~~~~~~~~~~^^
[default_server_endpoint-1]   File "/home/yukichi6105/ros2_ws/build/ros_tcp_endpoint/ros_tcp_endpoint/default_server_endpoint.py", line 14, in main
[default_server_endpoint-1]     tcp_server.setup_executor()
[default_server_endpoint-1]     ~~~~~~~~~~~~~~~~~~~~~~~~~^^
[default_server_endpoint-1]   File "/home/yukichi6105/ros2_ws/build/ros_tcp_endpoint/ros_tcp_endpoint/server.py", line 167, in setup_executor
[default_server_endpoint-1]     executor.spin()
[default_server_endpoint-1]     ~~~~~~~~~~~~~^^
[default_server_endpoint-1]   File "/opt/ros/lyrical/lib/python3.14/site-packages/rclpy/executors.py", line 400, in spin
[default_server_endpoint-1]     self._spin_once_impl()
[default_server_endpoint-1]     ~~~~~~~~~~~~~~~~~~~~^^
[default_server_endpoint-1]   File "/opt/ros/lyrical/lib/python3.14/site-packages/rclpy/executors.py", line 1086, in _spin_once_impl
[default_server_endpoint-1]     handler, entity, node = self.wait_for_ready_callbacks(
[default_server_endpoint-1]                             ~~~~~~~~~~~~~~~~~~~~~~~~~~~~~^
[default_server_endpoint-1]         timeout_sec, None, wait_condition)
[default_server_endpoint-1]         ^^^^^^^^^^^^^^^^^^^^^^^^^^^^^^^^^^
[default_server_endpoint-1]   File "/opt/ros/lyrical/lib/python3.14/site-packages/rclpy/executors.py", line 970, in wait_for_ready_callbacks
[default_server_endpoint-1]     return next(self._cb_iter)
[default_server_endpoint-1]   File "/opt/ros/lyrical/lib/python3.14/site-packages/rclpy/executors.py", line 848, in _wait_for_ready_callbacks
[default_server_endpoint-1]     wait_set = _rclpy.WaitSet(
[default_server_endpoint-1]         entity_count.num_subscriptions,
[default_server_endpoint-1]     ...<4 lines>...
[default_server_endpoint-1]         entity_count.num_events,
[default_server_endpoint-1]         self._context.handle)
[default_server_endpoint-1] rclpy._rclpy_pybind11.RCLError: failed to initialize wait set: the given context is not valid, either rcl_init() was not called or rcl_shutdown() was called., at ./src/rcl/wait.c:110
[INFO] [laser_scan_matching_node-4]: process has finished cleanly [pid 195249]
[INFO] [backend_optimizer_node-3]: process has finished cleanly [pid 195248]
[INFO] [imu_preintegration_node-2]: process has finished cleanly [pid 195247]
[ERROR] [default_server_endpoint-1]: process has died [pid 195073, exit code 1, cmd '/home/yukichi6105/ros2_ws/install/ros_tcp_endpoint/lib/ros_tcp_endpoint/default_server_endpoint --ros-args -r __node:=unity_endpoint --params-file /tmp/launch_params_u2ebviiq'].
[ERROR] [evaluator_node-6]: process has died [pid 195251, exit code 1, cmd '/home/yukichi6105/ros2_ws/install/lio_localization_sim/lib/lio_localization_sim/evaluator_node --ros-args -r __node:=unity_evaluator_node --params-file /home/yukichi6105/ros2_ws/install/lio_localization_sim/share/lio_localization_sim/config/robocon2026_unity.yaml --params-file /tmp/launch_params_4jjc1bzh'].
