[INFO] [launch]: All log files can be found below /home/yukichi6105/ros2_ws/src/lio_localization_sim/docs/stage4_runs/bias_random_walk_20260728/ros2_logs/2026-07-28-16-19-11-739049-fuku-pc-575709
[INFO] [launch]: Default logging verbosity is set to INFO
[INFO] [default_server_endpoint-1]: process started with pid [575735]
[default_server_endpoint-1] /opt/ros/lyrical/lib/python3.14/site-packages/rclpy/executors.py:1073: UserWarning: MultiThreadedExecutor is used with a single thread.
[default_server_endpoint-1] Use the SingleThreadedExecutor instead.
[default_server_endpoint-1]   warnings.warn(
[default_server_endpoint-1] [INFO] [1785223152.517232441] [unity_endpoint]: Starting server on 0.0.0.0:10000
[default_server_endpoint-1] [INFO] [1785223152.655945593] [unity_endpoint]: Connection from 127.0.0.1
[default_server_endpoint-1] [ERROR] [1785223152.656722287] [unity_endpoint]: Exception: No more data available
[default_server_endpoint-1] [INFO] [1785223152.657011856] [unity_endpoint]: Disconnected from 127.0.0.1
[default_server_endpoint-1] [INFO] [1785223152.758716829] [unity_endpoint]: Connection from 127.0.0.1
[default_server_endpoint-1] [ERROR] [1785223152.759549291] [unity_endpoint]: Exception: No more data available
[default_server_endpoint-1] [INFO] [1785223152.759859274] [unity_endpoint]: Disconnected from 127.0.0.1
[INFO] [imu_preintegration_node-2]: process started with pid [576212]
[INFO] [backend_optimizer_node-3]: process started with pid [576213]
[INFO] [laser_scan_matching_node-4]: process started with pid [576214]
[INFO] [ball_tracking_node-5]: process started with pid [576215]
[INFO] [evaluator_node-6]: process started with pid [576216]
[ball_tracking_node-5] [INFO] [1785223157.051123743] [ball_tracking_node]: ball_tracking_node started
[imu_preintegration_node-2] [INFO] [1785223157.059613129] [imu_preintegration_node]: imu_preintegration_node started (waiting for first /state_estimate)
[laser_scan_matching_node-4] [INFO] [1785223157.065764055] [laser_scan_matching_node]: laser_scan_matching_node started (0 cylinders, 9 internal walls, field 5.572x3.310m, initial seed=(-2.419, 1.354, 0.000))
[backend_optimizer_node-3] [INFO] [1785223157.087979683] [backend_optimizer_node]: graph (re)initialized at X0=(-2.419, 1.354, 0.000) V0=(0.000, 0.000)
[backend_optimizer_node-3] [INFO] [1785223157.088907731] [backend_optimizer_node]: backend_optimizer_node started (0 cylinders registered)
[evaluator_node-6] [INFO] [1785223157.864378186] [unity_evaluator_node]: evaluator_node started: will run for 60.0s starting from the first /ground_truth_pose
[default_server_endpoint-1] [INFO] [1785223173.489105085] [unity_endpoint]: Connection from 127.0.0.1
[default_server_endpoint-1] [WARN] [1785223173.535204599] [rcl.logging_rosout]: Publisher already registered for node name: 'unity_endpoint'. If this is due to multiple nodes with the same name then all logs for the logger named 'unity_endpoint' will go out over the existing publisher. As soon as any node with that name is destructed it will unregister the publisher, preventing any further logs for that name from being published on the rosout topic.
[default_server_endpoint-1] [INFO] [1785223173.871288138] [unity_endpoint]: RegisterSubscriber(/odom_fast, <class 'nav_msgs.msg._odometry.Odometry'>) OK
[default_server_endpoint-1] [WARN] [1785223173.890558924] [rcl.logging_rosout]: Publisher already registered for node name: 'unity_endpoint'. If this is due to multiple nodes with the same name then all logs for the logger named 'unity_endpoint' will go out over the existing publisher. As soon as any node with that name is destructed it will unregister the publisher, preventing any further logs for that name from being published on the rosout topic.
[default_server_endpoint-1] [INFO] [1785223174.029596476] [unity_endpoint]: RegisterSubscriber(/tf, <class 'tf2_msgs.msg._tf_message.TFMessage'>) OK
[default_server_endpoint-1] [WARN] [1785223174.030137029] [rcl.logging_rosout]: Publisher already registered for node name: 'unity_endpoint'. If this is due to multiple nodes with the same name then all logs for the logger named 'unity_endpoint' will go out over the existing publisher. As soon as any node with that name is destructed it will unregister the publisher, preventing any further logs for that name from being published on the rosout topic.
[default_server_endpoint-1] [INFO] [1785223174.051717428] [unity_endpoint]: RegisterPublisher(/clock, <class 'rosgraph_msgs.msg._clock.Clock'>) OK
[default_server_endpoint-1] [WARN] [1785223174.294897861] [rcl.logging_rosout]: Publisher already registered for node name: 'unity_endpoint'. If this is due to multiple nodes with the same name then all logs for the logger named 'unity_endpoint' will go out over the existing publisher. As soon as any node with that name is destructed it will unregister the publisher, preventing any further logs for that name from being published on the rosout topic.
[default_server_endpoint-1] [INFO] [1785223174.349922079] [unity_endpoint]: RegisterPublisher(/scan, <class 'sensor_msgs.msg._laser_scan.LaserScan'>) OK
[default_server_endpoint-1] [WARN] [1785223174.350511623] [rcl.logging_rosout]: Publisher already registered for node name: 'unity_endpoint'. If this is due to multiple nodes with the same name then all logs for the logger named 'unity_endpoint' will go out over the existing publisher. As soon as any node with that name is destructed it will unregister the publisher, preventing any further logs for that name from being published on the rosout topic.
[default_server_endpoint-1] [INFO] [1785223174.397012442] [unity_endpoint]: RegisterPublisher(/ground_truth_pose, <class 'nav_msgs.msg._odometry.Odometry'>) OK
[default_server_endpoint-1] [WARN] [1785223174.399413112] [rcl.logging_rosout]: Publisher already registered for node name: 'unity_endpoint'. If this is due to multiple nodes with the same name then all logs for the logger named 'unity_endpoint' will go out over the existing publisher. As soon as any node with that name is destructed it will unregister the publisher, preventing any further logs for that name from being published on the rosout topic.
[default_server_endpoint-1] [INFO] [1785223174.449394534] [unity_endpoint]: RegisterPublisher(/imu/data, <class 'sensor_msgs.msg._imu.Imu'>) OK
[default_server_endpoint-1] [WARN] [1785223174.451287217] [rcl.logging_rosout]: Publisher already registered for node name: 'unity_endpoint'. If this is due to multiple nodes with the same name then all logs for the logger named 'unity_endpoint' will go out over the existing publisher. As soon as any node with that name is destructed it will unregister the publisher, preventing any further logs for that name from being published on the rosout topic.
[evaluator_node-6] [INFO] [1785223174.461958545] [unity_evaluator_node]: first ground truth received: measuring for 60.0s
[default_server_endpoint-1] [INFO] [1785223174.491871897] [unity_endpoint]: RegisterPublisher(/clock, <class 'rosgraph_msgs.msg._clock.Clock'>) OK
[default_server_endpoint-1] [INFO] [1785223174.533955245] [unity_endpoint]: RegisterPublisher(/scan, <class 'sensor_msgs.msg._laser_scan.LaserScan'>) OK
[default_server_endpoint-1] [INFO] [1785223174.554252221] [unity_endpoint]: RegisterPublisher(/ground_truth_pose, <class 'nav_msgs.msg._odometry.Odometry'>) OK
[default_server_endpoint-1] [INFO] [1785223174.587678742] [unity_endpoint]: RegisterPublisher(/imu/data, <class 'sensor_msgs.msg._imu.Imu'>) OK
[laser_scan_matching_node-4] [WARN] [1785223174.853762003] [laser_scan_matching_node]: IMU coverage wait exceeded 0.050s, processing scan with extrapolated tail
[laser_scan_matching_node-4] [INFO] [1785223178.790504029] [laser_scan_matching_node]: note rejection: 25/541 returns unexplained, 0 clusters -> 0 accepted, 0 points dropped (last extent=-1.0000m; gate <=0.350m, min 4 points)
[evaluator_node-6] [INFO] [1785223178.806410975] [unity_evaluator_node]: t=5.0s  直近5秒: pos_err mean=3.93mm max=20.55mm  samples=3525  detected_balls=0
[laser_scan_matching_node-4] [INFO] [1785223183.904504389] [laser_scan_matching_node]: note rejection: 29/541 returns unexplained, 0 clusters -> 0 accepted, 0 points dropped (last extent=-1.0000m; gate <=0.350m, min 4 points)
[evaluator_node-6] [INFO] [1785223183.914155685] [unity_evaluator_node]: t=10.0s  直近5秒: pos_err mean=3.97mm max=5.45mm  samples=8390  detected_balls=0
[laser_scan_matching_node-4] [WARN] [1785223184.500237138] [laser_scan_matching_node]: IMU coverage wait exceeded 0.050s, processing scan with extrapolated tail
[laser_scan_matching_node-4] [INFO] [1785223189.058367923] [laser_scan_matching_node]: note rejection: 68/541 returns unexplained, 3 clusters -> 3 accepted, 49 points dropped (last extent=0.1174m; gate <=0.350m, min 4 points)
[evaluator_node-6] [INFO] [1785223189.067532139] [unity_evaluator_node]: t=15.0s  直近5秒: pos_err mean=5.87mm max=9.63mm  samples=13511  detected_balls=0
[laser_scan_matching_node-4] [WARN] [1785223190.017867352] [laser_scan_matching_node]: IMU coverage wait exceeded 0.050s, processing scan with extrapolated tail
[laser_scan_matching_node-4] [INFO] [1785223194.242993416] [laser_scan_matching_node]: note rejection: 33/541 returns unexplained, 0 clusters -> 0 accepted, 0 points dropped (last extent=-1.0000m; gate <=0.350m, min 4 points)
[evaluator_node-6] [INFO] [1785223194.252272178] [unity_evaluator_node]: t=20.0s  直近5秒: pos_err mean=8.26mm max=11.98mm  samples=18501  detected_balls=0
[evaluator_node-6] [INFO] [1785223199.309810992] [unity_evaluator_node]: t=25.0s  直近5秒: pos_err mean=5.36mm max=12.06mm  samples=23316  detected_balls=0
[laser_scan_matching_node-4] [WARN] [1785223199.344992149] [laser_scan_matching_node]: IMU coverage wait exceeded 0.050s, processing scan with extrapolated tail
[laser_scan_matching_node-4] [INFO] [1785223199.350020205] [laser_scan_matching_node]: note rejection: 64/541 returns unexplained, 2 clusters -> 1 accepted, 10 points dropped (last extent=0.0805m; gate <=0.350m, min 4 points)
[backend_optimizer_node-3] [WARN] [1785223199.838438311] [backend_optimizer_node]: slow smoother update: 20.7ms (index 923)
[evaluator_node-6] [INFO] [1785223204.426221859] [unity_evaluator_node]: t=30.0s  直近5秒: pos_err mean=6.42mm max=12.52mm  samples=28389  detected_balls=0
[laser_scan_matching_node-4] [INFO] [1785223204.497371317] [laser_scan_matching_node]: note rejection: 74/541 returns unexplained, 3 clusters -> 3 accepted, 49 points dropped (last extent=0.0883m; gate <=0.350m, min 4 points)
[evaluator_node-6] [INFO] [1785223209.583432040] [unity_evaluator_node]: t=35.0s  直近5秒: pos_err mean=7.66mm max=11.34mm  samples=33361  detected_balls=0
[laser_scan_matching_node-4] [INFO] [1785223209.646214204] [laser_scan_matching_node]: note rejection: 38/541 returns unexplained, 1 clusters -> 0 accepted, 0 points dropped (last extent=0.8036m; gate <=0.350m, min 4 points)
[evaluator_node-6] [INFO] [1785223214.648147756] [unity_evaluator_node]: t=39.9s  直近5秒: pos_err mean=4.45mm max=10.61mm  samples=38381  detected_balls=0
[laser_scan_matching_node-4] [INFO] [1785223214.772263976] [laser_scan_matching_node]: note rejection: 38/541 returns unexplained, 3 clusters -> 3 accepted, 15 points dropped (last extent=0.0709m; gate <=0.350m, min 4 points)
[evaluator_node-6] [INFO] [1785223219.797023766] [unity_evaluator_node]: t=45.0s  直近5秒: pos_err mean=7.28mm max=11.86mm  samples=43524  detected_balls=0
[laser_scan_matching_node-4] [INFO] [1785223219.865620831] [laser_scan_matching_node]: note rejection: 28/541 returns unexplained, 0 clusters -> 0 accepted, 0 points dropped (last extent=-1.0000m; gate <=0.350m, min 4 points)
[evaluator_node-6] [INFO] [1785223224.992901021] [unity_evaluator_node]: t=50.0s  直近5秒: pos_err mean=5.76mm max=8.40mm  samples=48463  detected_balls=0
[laser_scan_matching_node-4] [INFO] [1785223225.074541822] [laser_scan_matching_node]: note rejection: 55/541 returns unexplained, 1 clusters -> 0 accepted, 0 points dropped (last extent=1.0928m; gate <=0.350m, min 4 points)
[backend_optimizer_node-3] [WARN] [1785223226.142419839] [backend_optimizer_node]: slow smoother update: 22.3ms (index 1903)
[evaluator_node-6] [INFO] [1785223230.113781647] [unity_evaluator_node]: t=55.0s  直近5秒: pos_err mean=7.05mm max=11.75mm  samples=53631  detected_balls=0
[laser_scan_matching_node-4] [INFO] [1785223230.221814886] [laser_scan_matching_node]: note rejection: 31/541 returns unexplained, 0 clusters -> 0 accepted, 0 points dropped (last extent=-1.0000m; gate <=0.350m, min 4 points)
[evaluator_node-6] [INFO] [1785223235.197746757] [unity_evaluator_node]: t=60.0s  直近5秒: pos_err mean=7.60mm max=12.90mm  samples=58767  detected_balls=0
[evaluator_node-6] [INFO] [1785223235.208819860] [unity_evaluator_node]: === 評価終了、集計します ===
[laser_scan_matching_node-4] [INFO] [1785223235.297702352] [laser_scan_matching_node]: note rejection: 30/541 returns unexplained, 0 clusters -> 0 accepted, 0 points dropped (last extent=-1.0000m; gate <=0.350m, min 4 points)
[evaluator_node-6] [INFO] [1785223235.593648775] [unity_evaluator_node]: 
[evaluator_node-6] ============================================================
[evaluator_node-6] main.md 6-A-1 シミュレーション評価レポート
[evaluator_node-6] ============================================================
[evaluator_node-6] 総サンプル数: 58769  (定常区間 t>=3.0s: 56923)
[evaluator_node-6] 真値未着のまま評価できなかったサンプル: 0
[evaluator_node-6] 
[evaluator_node-6] --- 全体（要件A: 定常RMSE<=10mm, 最大位置誤差<=10mm） ---
[evaluator_node-6]   位置誤差: mean=6.28mm  RMSE=6.91mm  max=12.90mm
[evaluator_node-6]   ヨー誤差: mean=0.163deg  RMSE=0.202deg  max=0.447deg
[evaluator_node-6]   判定: 定常誤差(RMSE<=10mm) PASS / 最大位置誤差(<=10mm) FAIL
[evaluator_node-6] 
[evaluator_node-6] --- 高G旋回スピンバースト中 ---
[evaluator_node-6]   位置誤差: mean=nanmm  RMSE=nanmm  max=nanmm
[evaluator_node-6] 
[evaluator_node-6] --- ボール横切り中 vs 非横切り中 ---
[evaluator_node-6]   横切り中   : mean=nanmm  RMSE=nanmm  max=nanmm
[evaluator_node-6]   非横切り中 : mean=6.28mm  RMSE=6.91mm  max=12.90mm
[evaluator_node-6]   判定: ボール横切りによる自己位置無影響 PASS
[evaluator_node-6]   (参考) 横切り中の検出ボール数(最新): 0
[evaluator_node-6] ============================================================
[evaluator_node-6] [INFO] [1785223235.594996340] [unity_evaluator_node]: レポートを保存しました: /tmp/sim_eval_report.txt
[evaluator_node-6] [INFO] [1785223237.956864640] [unity_evaluator_node]: グラフを保存しました: /tmp/sim_eval_plot.png
[INFO] [evaluator_node-6]: process has finished cleanly [pid 576216]
[INFO] [ball_tracking_node-5]: sending signal 'SIGINT' to process[ball_tracking_node-5]
[INFO] [laser_scan_matching_node-4]: sending signal 'SIGINT' to process[laser_scan_matching_node-4]
[INFO] [backend_optimizer_node-3]: sending signal 'SIGINT' to process[backend_optimizer_node-3]
[INFO] [imu_preintegration_node-2]: sending signal 'SIGINT' to process[imu_preintegration_node-2]
[INFO] [default_server_endpoint-1]: sending signal 'SIGINT' to process[default_server_endpoint-1]
[ball_tracking_node-5] [INFO] [1785223238.563437354] [rclcpp]: signal_handler(signum=2)
[laser_scan_matching_node-4] [INFO] [1785223238.564032361] [rclcpp]: signal_handler(signum=2)
[backend_optimizer_node-3] [INFO] [1785223238.565597660] [rclcpp]: signal_handler(signum=2)
[imu_preintegration_node-2] [INFO] [1785223238.566998608] [rclcpp]: signal_handler(signum=2)
[INFO] [ball_tracking_node-5]: process has finished cleanly [pid 576215]
[INFO] [laser_scan_matching_node-4]: process has finished cleanly [pid 576214]
[INFO] [backend_optimizer_node-3]: process has finished cleanly [pid 576213]
[INFO] [imu_preintegration_node-2]: process has finished cleanly [pid 576212]
[INFO] [default_server_endpoint-1]: process has finished cleanly [pid 575735]
