[INFO] [1785242443.501790420] [unity_evaluator_node]: evaluator_node started: will run for 60.0s starting from the first /ground_truth_pose
[INFO] [1785242475.334854506] [unity_evaluator_node]: first ground truth received: measuring for 60.0s
[INFO] [1785242480.051822597] [unity_evaluator_node]: t=5.0s  直近5秒: pos_err mean=4.05mm max=16.85mm  samples=4317  detected_balls=0
[INFO] [1785242485.188420575] [unity_evaluator_node]: t=10.0s  直近5秒: pos_err mean=4.01mm max=5.11mm  samples=9267  detected_balls=0
[INFO] [1785242490.352988632] [unity_evaluator_node]: t=15.0s  直近5秒: pos_err mean=5.85mm max=9.54mm  samples=14402  detected_balls=0
[INFO] [1785242495.562344891] [unity_evaluator_node]: t=20.0s  直近5秒: pos_err mean=8.07mm max=11.67mm  samples=19451  detected_balls=0
[INFO] [1785242500.753642214] [unity_evaluator_node]: t=25.0s  直近5秒: pos_err mean=5.12mm max=11.28mm  samples=24621  detected_balls=0
[INFO] [1785242505.856782279] [unity_evaluator_node]: t=30.0s  直近5秒: pos_err mean=6.55mm max=12.42mm  samples=29782  detected_balls=0
[INFO] [1785242511.165018561] [unity_evaluator_node]: t=35.0s  直近5秒: pos_err mean=7.80mm max=11.53mm  samples=34874  detected_balls=0
[INFO] [1785242516.393073628] [unity_evaluator_node]: t=40.0s  直近5秒: pos_err mean=4.86mm max=9.81mm  samples=40007  detected_balls=0
[INFO] [1785242521.555577676] [unity_evaluator_node]: t=45.0s  直近5秒: pos_err mean=6.50mm max=10.82mm  samples=45163  detected_balls=0
[INFO] [1785242526.748555929] [unity_evaluator_node]: t=50.0s  直近5秒: pos_err mean=5.96mm max=9.22mm  samples=50157  detected_balls=0
[INFO] [1785242531.898656536] [unity_evaluator_node]: t=55.0s  直近5秒: pos_err mean=7.06mm max=11.75mm  samples=55304  detected_balls=0
[INFO] [1785242537.050445057] [unity_evaluator_node]: t=60.0s  直近5秒: pos_err mean=7.53mm max=12.54mm  samples=60432  detected_balls=0
[INFO] [1785242537.055641637] [unity_evaluator_node]: === 評価終了、集計します ===
[INFO] [1785242537.413724458] [unity_evaluator_node]: 
============================================================
main.md 6-A-1 シミュレーション評価レポート
============================================================
総サンプル数: 60434  (定常区間 t>=3.0s: 58134)
真値未着のまま評価できなかったサンプル: 0

--- 全体（要件A: 定常RMSE<=10mm, 最大位置誤差<=10mm） ---
  位置誤差: mean=6.22mm  RMSE=6.83mm  max=12.54mm
  ヨー誤差: mean=0.164deg  RMSE=0.202deg  max=0.443deg
  判定: 定常誤差(RMSE<=10mm) PASS / 最大位置誤差(<=10mm) FAIL

--- 高G旋回スピンバースト中 ---
  位置誤差: mean=nanmm  RMSE=nanmm  max=nanmm

--- ボール横切り中 vs 非横切り中 ---
  横切り中   : mean=nanmm  RMSE=nanmm  max=nanmm
  非横切り中 : mean=6.22mm  RMSE=6.83mm  max=12.54mm
  判定: ボール横切りによる自己位置無影響 PASS
  (参考) 横切り中の検出ボール数(最新): 0
============================================================
[INFO] [1785242537.414780558] [unity_evaluator_node]: レポートを保存しました: /tmp/sim_eval_report.txt
[INFO] [1785242539.288467677] [unity_evaluator_node]: グラフを保存しました: /tmp/sim_eval_plot.png
