[INFO] [launch]: All log files can be found below /home/yukichi6105/ros2_ws/src/lio_localization_sim/docs/stage4_runs/unity_direct_openloop_yaw_notes_20260730_r1/ros2_logs/2026-07-30-19-46-00-748661-fuku-pc-838850
[INFO] [launch]: Default logging verbosity is set to INFO
[INFO] [default_server_endpoint-1]: process started with pid [838992]
[default_server_endpoint-1] /opt/ros/lyrical/lib/python3.14/site-packages/rclpy/executors.py:1073: UserWarning: MultiThreadedExecutor is used with a single thread.
[default_server_endpoint-1] Use the SingleThreadedExecutor instead.
[default_server_endpoint-1]   warnings.warn(
[default_server_endpoint-1] [INFO] [1785408361.389043101] [unity_endpoint]: Starting server on 0.0.0.0:10000
[INFO] [imu_preintegration_node-2]: process started with pid [839305]
[INFO] [backend_optimizer_node-3]: process started with pid [839306]
[INFO] [laser_scan_matching_node-4]: process started with pid [839307]
[INFO] [nice-5]: process started with pid [839308]
[INFO] [nice-6]: process started with pid [839309]
[backend_optimizer_node-3] [INFO] [1785408365.946998111] [backend_optimizer_node]: graph (re)initialized at X0=(-2.419, 1.354, 0.000) V0=(0.000, 0.000)
[backend_optimizer_node-3] [INFO] [1785408365.948112877] [backend_optimizer_node]: backend_optimizer_node started (0 cylinders registered)
[laser_scan_matching_node-4] [INFO] [1785408365.949784832] [laser_scan_matching_node]: laser_scan_matching_node started (0 cylinders, 9 internal walls, field 5.572x3.310m, initial seed=(-2.419, 1.354, 0.000))
[nice-6] [INFO] [1785408365.957267076] [unity_evaluator_node]: C++ realtime evaluator started: measuring 60.0s from first ground truth
[imu_preintegration_node-2] [INFO] [1785408365.961414608] [imu_preintegration_node]: imu_preintegration_node started (waiting for first /state_estimate)
[nice-5] [INFO] [1785408365.965569432] [ball_tracking_node]: ball_tracking_node started
[default_server_endpoint-1] [INFO] [1785408386.739062266] [unity_endpoint]: Connection from 127.0.0.1
[default_server_endpoint-1] [WARN] [1785408386.773610553] [rcl.logging_rosout]: Publisher already registered for node name: 'unity_endpoint'. If this is due to multiple nodes with the same name then all logs for the logger named 'unity_endpoint' will go out over the existing publisher. As soon as any node with that name is destructed it will unregister the publisher, preventing any further logs for that name from being published on the rosout topic.
[default_server_endpoint-1] [INFO] [1785408387.014745665] [unity_endpoint]: RegisterSubscriber(/odom_fast, <class 'nav_msgs.msg._odometry.Odometry'>) OK
[default_server_endpoint-1] [WARN] [1785408387.020821057] [rcl.logging_rosout]: Publisher already registered for node name: 'unity_endpoint'. If this is due to multiple nodes with the same name then all logs for the logger named 'unity_endpoint' will go out over the existing publisher. As soon as any node with that name is destructed it will unregister the publisher, preventing any further logs for that name from being published on the rosout topic.
[default_server_endpoint-1] [INFO] [1785408387.041086790] [unity_endpoint]: RegisterSubscriber(/tf, <class 'tf2_msgs.msg._tf_message.TFMessage'>) OK
[default_server_endpoint-1] [WARN] [1785408387.041901529] [rcl.logging_rosout]: Publisher already registered for node name: 'unity_endpoint'. If this is due to multiple nodes with the same name then all logs for the logger named 'unity_endpoint' will go out over the existing publisher. As soon as any node with that name is destructed it will unregister the publisher, preventing any further logs for that name from being published on the rosout topic.
[default_server_endpoint-1] [INFO] [1785408387.060019552] [unity_endpoint]: RegisterPublisher(/clock, <class 'rosgraph_msgs.msg._clock.Clock'>) OK
[default_server_endpoint-1] [WARN] [1785408387.174694887] [rcl.logging_rosout]: Publisher already registered for node name: 'unity_endpoint'. If this is due to multiple nodes with the same name then all logs for the logger named 'unity_endpoint' will go out over the existing publisher. As soon as any node with that name is destructed it will unregister the publisher, preventing any further logs for that name from being published on the rosout topic.
[default_server_endpoint-1] [INFO] [1785408387.196513099] [unity_endpoint]: RegisterPublisher(/scan, <class 'sensor_msgs.msg._laser_scan.LaserScan'>) OK
[default_server_endpoint-1] [WARN] [1785408387.197308801] [rcl.logging_rosout]: Publisher already registered for node name: 'unity_endpoint'. If this is due to multiple nodes with the same name then all logs for the logger named 'unity_endpoint' will go out over the existing publisher. As soon as any node with that name is destructed it will unregister the publisher, preventing any further logs for that name from being published on the rosout topic.
[default_server_endpoint-1] [INFO] [1785408387.218173253] [unity_endpoint]: RegisterPublisher(/ground_truth_pose, <class 'nav_msgs.msg._odometry.Odometry'>) OK
[default_server_endpoint-1] [WARN] [1785408387.218892821] [rcl.logging_rosout]: Publisher already registered for node name: 'unity_endpoint'. If this is due to multiple nodes with the same name then all logs for the logger named 'unity_endpoint' will go out over the existing publisher. As soon as any node with that name is destructed it will unregister the publisher, preventing any further logs for that name from being published on the rosout topic.
[default_server_endpoint-1] [INFO] [1785408387.240967159] [unity_endpoint]: RegisterPublisher(/unity_sensor_publish_counts, <class 'std_msgs.msg._string.String'>) OK
[default_server_endpoint-1] [WARN] [1785408387.241467137] [rcl.logging_rosout]: Publisher already registered for node name: 'unity_endpoint'. If this is due to multiple nodes with the same name then all logs for the logger named 'unity_endpoint' will go out over the existing publisher. As soon as any node with that name is destructed it will unregister the publisher, preventing any further logs for that name from being published on the rosout topic.
[default_server_endpoint-1] [INFO] [1785408387.263659188] [unity_endpoint]: RegisterPublisher(/imu/data, <class 'sensor_msgs.msg._imu.Imu'>) OK
[default_server_endpoint-1] [WARN] [1785408387.265635954] [rcl.logging_rosout]: Publisher already registered for node name: 'unity_endpoint'. If this is due to multiple nodes with the same name then all logs for the logger named 'unity_endpoint' will go out over the existing publisher. As soon as any node with that name is destructed it will unregister the publisher, preventing any further logs for that name from being published on the rosout topic.
[nice-6] [INFO] [1785408387.268099044] [unity_evaluator_node]: first ground truth received; measurement window started
[default_server_endpoint-1] [INFO] [1785408387.288821833] [unity_endpoint]: RegisterPublisher(/clock, <class 'rosgraph_msgs.msg._clock.Clock'>) OK
[default_server_endpoint-1] [INFO] [1785408387.319739164] [unity_endpoint]: RegisterPublisher(/scan, <class 'sensor_msgs.msg._laser_scan.LaserScan'>) OK
[default_server_endpoint-1] [INFO] [1785408387.347572169] [unity_endpoint]: RegisterPublisher(/ground_truth_pose, <class 'nav_msgs.msg._odometry.Odometry'>) OK
[default_server_endpoint-1] [INFO] [1785408387.371527572] [unity_endpoint]: RegisterPublisher(/unity_sensor_publish_counts, <class 'std_msgs.msg._string.String'>) OK
[default_server_endpoint-1] [INFO] [1785408387.398392681] [unity_endpoint]: RegisterPublisher(/imu/data, <class 'sensor_msgs.msg._imu.Imu'>) OK
[backend_optimizer_node-3] [INFO] [1785408388.942894086] [backend_optimizer_node]: wall prior loosened by ICP covariance: sigma(yaw,x,y)=(0.0129, 0.0063, 0.0063) censi=(0.0063, 0.0063, 0.0063)
[backend_optimizer_node-3] [INFO] [1785408391.034204788] [backend_optimizer_node]: wall prior loosened by ICP covariance: sigma(yaw,x,y)=(0.0129, 0.0063, 0.0063) censi=(0.0063, 0.0063, 0.0063)
[nice-6] [INFO] [1785408392.038170174] [unity_evaluator_node]: t=5.0s  recent 5s: pos_err mean=0.37mm max=1.37mm samples=5001 balls=0
[laser_scan_matching_node-4] [INFO] [1785408392.044483590] [laser_scan_matching_node]: note rejection: 0/541 returns unexplained, 0 clusters -> 0 accepted, 0 points dropped (last extent=-1.0000m; extent gate <=0.350m, adjacent gap <=0.100m, min 4 points)
[backend_optimizer_node-3] [INFO] [1785408393.069124781] [backend_optimizer_node]: wall prior loosened by ICP covariance: sigma(yaw,x,y)=(0.0129, 0.0063, 0.0063) censi=(0.0063, 0.0063, 0.0063)
[backend_optimizer_node-3] [INFO] [1785408395.158941302] [backend_optimizer_node]: wall prior loosened by ICP covariance: sigma(yaw,x,y)=(0.0129, 0.0063, 0.0063) censi=(0.0063, 0.0063, 0.0063)
[nice-6] [INFO] [1785408397.165339666] [unity_evaluator_node]: t=10.0s  recent 5s: pos_err mean=0.50mm max=1.19mm samples=10201 balls=0
[laser_scan_matching_node-4] [INFO] [1785408397.207323194] [laser_scan_matching_node]: note rejection: 0/541 returns unexplained, 0 clusters -> 0 accepted, 0 points dropped (last extent=-1.0000m; extent gate <=0.350m, adjacent gap <=0.100m, min 4 points)
[backend_optimizer_node-3] [INFO] [1785408397.208000830] [backend_optimizer_node]: wall prior loosened by ICP covariance: sigma(yaw,x,y)=(0.0129, 0.0063, 0.0063) censi=(0.0063, 0.0063, 0.0063)
[laser_scan_matching_node-4] [WARN] [1785408397.994404821] [laser_scan_matching_node]: wall match rejected by quality check: mean_residual=0.093m (<=0.090) inlier_ratio=0.73 (>=0.40)
[backend_optimizer_node-3] [WARN] [1785408397.996741070] [backend_optimizer_node]: wall correction downweighted by DCS: d_xy=0.087m (> 0.047m, dt=0.025s, scale=1.88x) — reduced confidence, not rejected
[laser_scan_matching_node-4] [WARN] [1785408399.103824767] [laser_scan_matching_node]: IMU coverage wait exceeded 0.050s, processing scan with extrapolated tail
[backend_optimizer_node-3] [WARN] [1785408399.191835271] [backend_optimizer_node]: LiDAR wall correction unavailable for 0.78s (> 0.75s): drifting on IMU dead-reckoning
[backend_optimizer_node-3] [WARN] [1785408399.348761503] [backend_optimizer_node]: wall correction downweighted by DCS: d_xy=0.119m (> 0.047m, dt=0.025s, scale=2.56x) — reduced confidence, not rejected
[laser_scan_matching_node-4] [WARN] [1785408400.114463614] [laser_scan_matching_node]: wall match rejected by quality check: mean_residual=0.132m (<=0.090) inlier_ratio=0.15 (>=0.40)
[backend_optimizer_node-3] [WARN] [1785408400.834232667] [backend_optimizer_node]: LiDAR wall correction unavailable for 0.78s (> 0.75s): drifting on IMU dead-reckoning
[nice-6] [INFO] [1785408402.353635847] [unity_evaluator_node]: t=15.0s  recent 5s: pos_err mean=2656.80mm max=7232.61mm samples=15401 balls=0
[laser_scan_matching_node-4] [INFO] [1785408402.413180062] [laser_scan_matching_node]: note rejection: 541/541 returns unexplained, 2 clusters -> 0 accepted, 0 points dropped (last extent=1.2038m; extent gate <=0.350m, adjacent gap <=0.100m, min 4 points)
[nice-6] [INFO] [1785408407.523252937] [unity_evaluator_node]: t=20.0s  recent 5s: pos_err mean=12209.50mm max=17185.38mm samples=20601 balls=0
[laser_scan_matching_node-4] [INFO] [1785408407.567291175] [laser_scan_matching_node]: note rejection: 541/541 returns unexplained, 2 clusters -> 0 accepted, 0 points dropped (last extent=1.2077m; extent gate <=0.350m, adjacent gap <=0.100m, min 4 points)
[nice-6] [INFO] [1785408412.709934177] [unity_evaluator_node]: t=25.0s  recent 5s: pos_err mean=22142.38mm max=27078.27mm samples=25801 balls=0
[laser_scan_matching_node-4] [INFO] [1785408412.768790096] [laser_scan_matching_node]: note rejection: 541/541 returns unexplained, 2 clusters -> 0 accepted, 0 points dropped (last extent=1.1994m; extent gate <=0.350m, adjacent gap <=0.100m, min 4 points)
[nice-6] [INFO] [1785408417.848101318] [unity_evaluator_node]: t=30.0s  recent 5s: pos_err mean=32125.27mm max=37221.33mm samples=31001 balls=0
[laser_scan_matching_node-4] [INFO] [1785408417.917896207] [laser_scan_matching_node]: note rejection: 541/541 returns unexplained, 2 clusters -> 0 accepted, 0 points dropped (last extent=1.1952m; extent gate <=0.350m, adjacent gap <=0.100m, min 4 points)
[laser_scan_matching_node-4] [WARN] [1785408420.399208815] [laser_scan_matching_node]: IMU coverage wait exceeded 0.050s, processing scan with extrapolated tail
[nice-6] [INFO] [1785408422.997593376] [unity_evaluator_node]: t=35.0s  recent 5s: pos_err mean=42417.02mm max=47663.74mm samples=36178 balls=0
[laser_scan_matching_node-4] [INFO] [1785408423.065792826] [laser_scan_matching_node]: note rejection: 541/541 returns unexplained, 2 clusters -> 0 accepted, 0 points dropped (last extent=1.2071m; extent gate <=0.350m, adjacent gap <=0.100m, min 4 points)
[nice-6] [INFO] [1785408428.227823267] [unity_evaluator_node]: t=40.0s  recent 5s: pos_err mean=52987.96mm max=58347.18mm samples=41373 balls=0
[laser_scan_matching_node-4] [INFO] [1785408428.345445409] [laser_scan_matching_node]: note rejection: 541/541 returns unexplained, 2 clusters -> 0 accepted, 0 points dropped (last extent=1.1936m; extent gate <=0.350m, adjacent gap <=0.100m, min 4 points)
[default_server_endpoint-1] [ERROR] [1785408431.053894903] [unity_endpoint]: Exception: No more data available
[default_server_endpoint-1] [INFO] [1785408431.054408916] [unity_endpoint]: Disconnected from 127.0.0.1
[backend_optimizer_node-3] [ERROR] [1785408433.048327504] [backend_optimizer_node]: IMU signal LOST (no IMU for 2.03s > 2.00s). Self-localization is the dead-reckoning backbone and cannot continue without it: entering FAIL-SAFE HALT (freezing estimate, no further graph updates).
[imu_preintegration_node-2] [ERROR] [1785408433.061615504] [imu_preintegration_node]: IMU signal LOST (no IMU for 2.04s > 2.00s): stopping /odom_fast. IMU is the dead-reckoning backbone; recovery is not possible, restart required.
