[INFO] [1785435607.481182033] [realtime_evaluator_node]: C++ realtime evaluator started: measuring 60.0s from first ground truth
[WARN] [1785435614.095038431] [realtime_evaluator_node]: no /odom_fast samples matched to ground truth yet
[INFO] [1785435614.789239104] [realtime_evaluator_node]: first ground truth received; measurement window started
[INFO] [1785435617.102553954] [realtime_evaluator_node]: t=2.1s  recent 5s: pos_err mean=0.34mm max=1.51mm samples=2177 balls=0
[INFO] [1785435622.102618174] [realtime_evaluator_node]: t=6.9s  recent 5s: pos_err mean=0.38mm max=1.12mm samples=7086 balls=0
[INFO] [1785435627.103163085] [realtime_evaluator_node]: t=11.6s  recent 5s: pos_err mean=0.37mm max=1.07mm samples=12057 balls=0
[INFO] [1785435632.102726580] [realtime_evaluator_node]: t=16.5s  recent 5s: pos_err mean=0.61mm max=2.64mm samples=17091 balls=0
[INFO] [1785435637.102739406] [realtime_evaluator_node]: t=21.3s  recent 5s: pos_err mean=0.89mm max=2.63mm samples=22134 balls=0
[INFO] [1785435642.102686139] [realtime_evaluator_node]: t=26.1s  recent 5s: pos_err mean=0.44mm max=1.44mm samples=27095 balls=0
[INFO] [1785435647.102697974] [realtime_evaluator_node]: t=30.9s  recent 5s: pos_err mean=0.61mm max=2.65mm samples=32107 balls=0
[INFO] [1785435652.102787695] [realtime_evaluator_node]: t=35.6s  recent 5s: pos_err mean=0.83mm max=5.27mm samples=37026 balls=0
[INFO] [1785435657.102868471] [realtime_evaluator_node]: t=40.4s  recent 5s: pos_err mean=0.41mm max=1.29mm samples=41988 balls=0
[INFO] [1785435662.102642189] [realtime_evaluator_node]: t=45.2s  recent 5s: pos_err mean=0.50mm max=1.87mm samples=46980 balls=0
[INFO] [1785435667.102573149] [realtime_evaluator_node]: t=49.9s  recent 5s: pos_err mean=1.10mm max=2.80mm samples=51816 balls=0
[INFO] [1785435672.102650902] [realtime_evaluator_node]: t=54.7s  recent 5s: pos_err mean=0.40mm max=1.16mm samples=56850 balls=0
[INFO] [1785435674.791665339] [realtime_evaluator_node]: 
============================================================
main.md 6-A-1 シミュレーション評価レポート (C++ realtime evaluator)
============================================================
総サンプル数: 59491  (定常区間 t>=3.0s: 56421)
真値未着のまま評価できなかったサンプル: 2

--- 全体（要件A: 定常RMSE<=10mm, 最大位置誤差<=10mm） ---
  位置誤差: mean=0.59mm  RMSE=0.79mm  max=5.27mm
  ヨー誤差: mean=0.062deg  RMSE=0.090deg  max=0.319deg
  判定: 定常誤差(RMSE<=10mm) PASS / 最大位置誤差(<=10mm) PASS

--- 高G旋回スピンバースト中 ---
  位置誤差: mean=nanmm  RMSE=nanmm  max=nanmm

--- ボール横切り中 vs 非横切り中 ---
  横切り中   : mean=nanmm  RMSE=nanmm  max=nanmm
  非横切り中 : mean=nanmm  RMSE=nanmm  max=nanmm
  判定: ボール横切りによる自己位置無影響 PASS
  (参考) 横切り中の検出ボール数(最新): 0
============================================================

[INFO] [1785435674.836646370] [realtime_evaluator_node]: Saved report and raw error CSV in /home/yukichi6105/ros2_ws/src/lio_localization_sim/docs/stage4_runs/collision_bag_baseline_v3_20260731/evaluator_output
