[INFO] [1785401697.678630846] [backend_optimizer_node]: graph (re)initialized at X0=(-2.419, 1.354, 0.000) V0=(0.000, 0.000)
[INFO] [1785401697.678890498] [backend_optimizer_node]: backend_optimizer_node started (0 cylinders registered)
[INFO] [1785401705.735306221] [backend_optimizer_node]: wall prior loosened by ICP covariance: sigma(yaw,x,y)=(0.0129, 0.0063, 0.0063) censi=(0.0063, 0.0063, 0.0063)
[INFO] [1785401707.735363551] [backend_optimizer_node]: wall prior loosened by ICP covariance: sigma(yaw,x,y)=(0.0129, 0.0063, 0.0063) censi=(0.0063, 0.0063, 0.0063)
[INFO] [1785401709.736260541] [backend_optimizer_node]: wall prior loosened by ICP covariance: sigma(yaw,x,y)=(0.0129, 0.0063, 0.0063) censi=(0.0063, 0.0063, 0.0063)
[INFO] [1785401711.761087884] [backend_optimizer_node]: wall prior loosened by ICP covariance: sigma(yaw,x,y)=(0.0129, 0.0063, 0.0063) censi=(0.0063, 0.0063, 0.0063)
[INFO] [1785401713.786118781] [backend_optimizer_node]: wall prior loosened by ICP covariance: sigma(yaw,x,y)=(0.0129, 0.0063, 0.0063) censi=(0.0063, 0.0063, 0.0063)
[INFO] [1785401715.810630644] [backend_optimizer_node]: wall prior loosened by ICP covariance: sigma(yaw,x,y)=(0.0129, 0.0063, 0.0063) censi=(0.0063, 0.0063, 0.0063)
[INFO] [1785401717.810355587] [backend_optimizer_node]: wall prior loosened by ICP covariance: sigma(yaw,x,y)=(0.0129, 0.0063, 0.0063) censi=(0.0063, 0.0063, 0.0063)
[INFO] [1785401719.811341162] [backend_optimizer_node]: wall prior loosened by ICP covariance: sigma(yaw,x,y)=(0.0129, 0.0063, 0.0063) censi=(0.0063, 0.0063, 0.0063)
[INFO] [1785401721.835720368] [backend_optimizer_node]: wall prior loosened by ICP covariance: sigma(yaw,x,y)=(0.0129, 0.0063, 0.0063) censi=(0.0063, 0.0063, 0.0063)
[INFO] [1785401723.861589991] [backend_optimizer_node]: wall prior loosened by ICP covariance: sigma(yaw,x,y)=(0.0129, 0.0063, 0.0063) censi=(0.0063, 0.0063, 0.0063)
[INFO] [1785401725.861224544] [backend_optimizer_node]: wall prior loosened by ICP covariance: sigma(yaw,x,y)=(0.0129, 0.0063, 0.0063) censi=(0.0063, 0.0063, 0.0063)
[INFO] [1785401727.885856543] [backend_optimizer_node]: wall prior loosened by ICP covariance: sigma(yaw,x,y)=(0.0129, 0.0063, 0.0063) censi=(0.0063, 0.0063, 0.0063)
[INFO] [1785401729.910392846] [backend_optimizer_node]: wall prior loosened by ICP covariance: sigma(yaw,x,y)=(0.0129, 0.0063, 0.0063) censi=(0.0063, 0.0063, 0.0063)
[INFO] [1785401731.910587578] [backend_optimizer_node]: wall prior loosened by ICP covariance: sigma(yaw,x,y)=(0.0129, 0.0063, 0.0063) censi=(0.0063, 0.0063, 0.0063)
[INFO] [1785401733.936230528] [backend_optimizer_node]: wall prior loosened by ICP covariance: sigma(yaw,x,y)=(0.0129, 0.0063, 0.0063) censi=(0.0063, 0.0063, 0.0063)
[INFO] [1785401735.960618246] [backend_optimizer_node]: wall prior loosened by ICP covariance: sigma(yaw,x,y)=(0.0129, 0.0063, 0.0063) censi=(0.0063, 0.0063, 0.0063)
[INFO] [1785401737.960629485] [backend_optimizer_node]: wall prior loosened by ICP covariance: sigma(yaw,x,y)=(0.0129, 0.0063, 0.0063) censi=(0.0063, 0.0063, 0.0063)
[INFO] [1785401739.986494551] [backend_optimizer_node]: wall prior loosened by ICP covariance: sigma(yaw,x,y)=(0.0129, 0.0063, 0.0063) censi=(0.0063, 0.0063, 0.0063)
[INFO] [1785401742.010300644] [backend_optimizer_node]: wall prior loosened by ICP covariance: sigma(yaw,x,y)=(0.0129, 0.0063, 0.0063) censi=(0.0063, 0.0063, 0.0063)
[INFO] [1785401744.010969831] [backend_optimizer_node]: wall prior loosened by ICP covariance: sigma(yaw,x,y)=(0.0129, 0.0063, 0.0063) censi=(0.0063, 0.0063, 0.0063)
[INFO] [1785401746.010416649] [backend_optimizer_node]: wall prior loosened by ICP covariance: sigma(yaw,x,y)=(0.0129, 0.0063, 0.0063) censi=(0.0063, 0.0063, 0.0063)
[INFO] [1785401748.010553081] [backend_optimizer_node]: wall prior loosened by ICP covariance: sigma(yaw,x,y)=(0.0129, 0.0063, 0.0063) censi=(0.0063, 0.0063, 0.0063)
[INFO] [1785401750.035230761] [backend_optimizer_node]: wall prior loosened by ICP covariance: sigma(yaw,x,y)=(0.0129, 0.0063, 0.0063) censi=(0.0063, 0.0063, 0.0063)
[INFO] [1785401752.035308950] [backend_optimizer_node]: wall prior loosened by ICP covariance: sigma(yaw,x,y)=(0.0129, 0.0063, 0.0063) censi=(0.0063, 0.0063, 0.0063)
[INFO] [1785401754.036820577] [backend_optimizer_node]: wall prior loosened by ICP covariance: sigma(yaw,x,y)=(0.0130, 0.0063, 0.0063) censi=(0.0063, 0.0063, 0.0063)
[INFO] [1785401756.060536656] [backend_optimizer_node]: wall prior loosened by ICP covariance: sigma(yaw,x,y)=(0.0129, 0.0063, 0.0063) censi=(0.0063, 0.0063, 0.0063)
[INFO] [1785401758.085597079] [backend_optimizer_node]: wall prior loosened by ICP covariance: sigma(yaw,x,y)=(0.0129, 0.0063, 0.0063) censi=(0.0063, 0.0063, 0.0063)
[INFO] [1785401760.085476628] [backend_optimizer_node]: wall prior loosened by ICP covariance: sigma(yaw,x,y)=(0.0129, 0.0063, 0.0063) censi=(0.0063, 0.0063, 0.0063)
[INFO] [1785401762.110774381] [backend_optimizer_node]: wall prior loosened by ICP covariance: sigma(yaw,x,y)=(0.0129, 0.0063, 0.0063) censi=(0.0063, 0.0063, 0.0063)
[INFO] [1785401764.111134452] [backend_optimizer_node]: wall prior loosened by ICP covariance: sigma(yaw,x,y)=(0.0129, 0.0063, 0.0063) censi=(0.0063, 0.0063, 0.0063)
[ros2run]: Received signal:  Interrupt
[INFO] [1785401765.898639702] [rclcpp]: signal_handler(signum=2)
[INFO] [1785401765.900054255] [backend_optimizer_node]: backend concurrency stats: imu_callbacks=62001, during_worker=2041 (3.3%), during_smoother=1741 (2.8%), callback_gap_max=9.916ms, gaps>2ms=68, gaps>10ms=0; stamp_gap_max=1.000ms, gaps>1ms=0; ring_enqueue_max=0.079ms, enqueues>2ms=0; callback_duration_max=1.948ms, durations>2ms=0; worker_jobs=2480 mean/max=0.890/6.537ms; smoother_updates=2479 mean/max=0.703/5.248ms; unity_audit reports=0 source_imu_last=0 receiver_at_last_report=0 final_receiver=62001
