[INFO] [launch]: All log files can be found below /home/yukichi6105/ros2_ws/src/lio_localization_sim/docs/stage4_runs/bag_replay_88s_lockfree_imu_ring_20260729_r3/ros2_logs/2026-07-29-15-51-36-389401-fuku-pc-411489
[INFO] [launch]: Default logging verbosity is set to INFO
[INFO] [default_server_endpoint-1]: process started with pid [411506]
[default_server_endpoint-1] /opt/ros/lyrical/lib/python3.14/site-packages/rclpy/executors.py:1073: UserWarning: MultiThreadedExecutor is used with a single thread.
[default_server_endpoint-1] Use the SingleThreadedExecutor instead.
[default_server_endpoint-1]   warnings.warn(
[default_server_endpoint-1] [INFO] [1785307896.953016155] [unity_endpoint]: Starting server on 0.0.0.0:10000
[INFO] [imu_preintegration_node-2]: process started with pid [411761]
[INFO] [backend_optimizer_node-3]: process started with pid [411762]
[INFO] [laser_scan_matching_node-4]: process started with pid [411763]
[INFO] [nice-5]: process started with pid [411764]
[INFO] [nice-6]: process started with pid [411765]
[nice-5] [INFO] [1785307901.620871958] [ball_tracking_node]: ball_tracking_node started
[laser_scan_matching_node-4] [INFO] [1785307901.637707197] [laser_scan_matching_node]: laser_scan_matching_node started (0 cylinders, 9 internal walls, field 5.572x3.310m, initial seed=(-2.419, 1.354, 0.000))
[nice-6] [INFO] [1785307901.641898905] [unity_evaluator_node]: C++ realtime evaluator started: measuring 60.0s from first ground truth
[backend_optimizer_node-3] [INFO] [1785307901.661692445] [backend_optimizer_node]: graph (re)initialized at X0=(-2.419, 1.354, 0.000) V0=(0.000, 0.000)
[backend_optimizer_node-3] [INFO] [1785307901.664219190] [backend_optimizer_node]: backend_optimizer_node started (0 cylinders registered)
[imu_preintegration_node-2] [INFO] [1785307901.690297124] [imu_preintegration_node]: imu_preintegration_node started (waiting for first /state_estimate)
[nice-6] [INFO] [1785307912.945000325] [unity_evaluator_node]: first ground truth received; measurement window started
[nice-6] [INFO] [1785307917.622954591] [unity_evaluator_node]: t=5.0s  recent 5s: pos_err mean=4.10mm max=16.85mm samples=4942 balls=0
[laser_scan_matching_node-4] [INFO] [1785307917.627002858] [laser_scan_matching_node]: note rejection: 32/541 returns unexplained, 0 clusters -> 0 accepted, 0 points dropped (last extent=-1.0000m; gate <=0.350m, min 4 points)
[nice-6] [INFO] [1785307922.622864562] [unity_evaluator_node]: t=10.0s  recent 5s: pos_err mean=3.90mm max=5.19mm samples=10132 balls=0
[laser_scan_matching_node-4] [INFO] [1785307922.651525414] [laser_scan_matching_node]: note rejection: 31/541 returns unexplained, 0 clusters -> 0 accepted, 0 points dropped (last extent=-1.0000m; gate <=0.350m, min 4 points)
[nice-6] [INFO] [1785307927.622867908] [unity_evaluator_node]: t=15.0s  recent 5s: pos_err mean=7.59mm max=11.95mm samples=15341 balls=0
[laser_scan_matching_node-4] [INFO] [1785307927.653144523] [laser_scan_matching_node]: note rejection: 55/541 returns unexplained, 3 clusters -> 2 accepted, 8 points dropped (last extent=0.0532m; gate <=0.350m, min 4 points)
[nice-6] [INFO] [1785307932.622816980] [unity_evaluator_node]: t=20.0s  recent 5s: pos_err mean=4.74mm max=11.29mm samples=20532 balls=0
[laser_scan_matching_node-4] [INFO] [1785307932.676499120] [laser_scan_matching_node]: note rejection: 51/541 returns unexplained, 1 clusters -> 0 accepted, 0 points dropped (last extent=0.6362m; gate <=0.350m, min 4 points)
[nice-6] [INFO] [1785307937.622850587] [unity_evaluator_node]: t=25.0s  recent 5s: pos_err mean=7.82mm max=12.15mm samples=25732 balls=0
[laser_scan_matching_node-4] [INFO] [1785307937.701988487] [laser_scan_matching_node]: note rejection: 33/541 returns unexplained, 0 clusters -> 0 accepted, 0 points dropped (last extent=-1.0000m; gate <=0.350m, min 4 points)
[nice-6] [INFO] [1785307942.622816355] [unity_evaluator_node]: t=30.0s  recent 5s: pos_err mean=6.89mm max=10.93mm samples=30932 balls=0
[laser_scan_matching_node-4] [INFO] [1785307942.702604267] [laser_scan_matching_node]: note rejection: 51/541 returns unexplained, 3 clusters -> 2 accepted, 14 points dropped (last extent=0.0728m; gate <=0.350m, min 4 points)
[nice-6] [INFO] [1785307947.622900526] [unity_evaluator_node]: t=35.0s  recent 5s: pos_err mean=4.68mm max=10.22mm samples=36132 balls=0
[laser_scan_matching_node-4] [INFO] [1785307947.702973673] [laser_scan_matching_node]: note rejection: 41/541 returns unexplained, 2 clusters -> 1 accepted, 4 points dropped (last extent=0.0565m; gate <=0.350m, min 4 points)
[nice-6] [INFO] [1785307952.622699166] [unity_evaluator_node]: t=40.0s  recent 5s: pos_err mean=7.82mm max=13.17mm samples=41332 balls=0
[laser_scan_matching_node-4] [INFO] [1785307952.726768397] [laser_scan_matching_node]: note rejection: 26/541 returns unexplained, 0 clusters -> 0 accepted, 0 points dropped (last extent=-1.0000m; gate <=0.350m, min 4 points)
[nice-6] [INFO] [1785307957.622793540] [unity_evaluator_node]: t=45.0s  recent 5s: pos_err mean=6.60mm max=10.82mm samples=46532 balls=0
[laser_scan_matching_node-4] [INFO] [1785307957.727099161] [laser_scan_matching_node]: note rejection: 41/541 returns unexplained, 4 clusters -> 4 accepted, 18 points dropped (last extent=0.0628m; gate <=0.350m, min 4 points)
[nice-6] [INFO] [1785307962.622817350] [unity_evaluator_node]: t=50.0s  recent 5s: pos_err mean=5.05mm max=10.68mm samples=51732 balls=0
[laser_scan_matching_node-4] [INFO] [1785307962.751543428] [laser_scan_matching_node]: note rejection: 35/541 returns unexplained, 1 clusters -> 0 accepted, 0 points dropped (last extent=0.8500m; gate <=0.350m, min 4 points)
[nice-6] [INFO] [1785307967.622849964] [unity_evaluator_node]: t=55.0s  recent 5s: pos_err mean=8.15mm max=11.65mm samples=56932 balls=0
[laser_scan_matching_node-4] [INFO] [1785307967.777343666] [laser_scan_matching_node]: note rejection: 32/541 returns unexplained, 0 clusters -> 0 accepted, 0 points dropped (last extent=-1.0000m; gate <=0.350m, min 4 points)
[nice-6] [INFO] [1785307972.622838559] [unity_evaluator_node]: t=60.0s  recent 5s: pos_err mean=6.52mm max=10.54mm samples=62132 balls=0
[nice-6] [INFO] [1785307972.624595617] [unity_evaluator_node]: 
[nice-6] ============================================================
[nice-6] main.md 6-A-1 シミュレーション評価レポート (C++ realtime evaluator)
[nice-6] ============================================================
[nice-6] 総サンプル数: 62132  (定常区間 t>=3.0s: 59271)
[nice-6] 真値未着のまま評価できなかったサンプル: 9
[nice-6] 
[nice-6] --- 全体（要件A: 定常RMSE<=10mm, 最大位置誤差<=10mm） ---
[nice-6]   位置誤差: mean=6.25mm  RMSE=6.94mm  max=13.17mm
[nice-6]   ヨー誤差: mean=0.168deg  RMSE=0.204deg  max=0.451deg
[nice-6]   判定: 定常誤差(RMSE<=10mm) PASS / 最大位置誤差(<=10mm) FAIL
[nice-6] 
[nice-6] --- 高G旋回スピンバースト中 ---
[nice-6]   位置誤差: mean=nanmm  RMSE=nanmm  max=nanmm
[nice-6] 
[nice-6] --- ボール横切り中 vs 非横切り中 ---
[nice-6]   横切り中   : mean=nanmm  RMSE=nanmm  max=nanmm
[nice-6]   非横切り中 : mean=nanmm  RMSE=nanmm  max=nanmm
[nice-6]   判定: ボール横切りによる自己位置無影響 PASS
[nice-6]   (参考) 横切り中の検出ボール数(最新): 0
[nice-6] ============================================================
[nice-6] 
[nice-6] [INFO] [1785307972.723463569] [unity_evaluator_node]: Saved report and raw error CSV in /tmp
[laser_scan_matching_node-4] [INFO] [1785307972.803174644] [laser_scan_matching_node]: note rejection: 32/541 returns unexplained, 3 clusters -> 3 accepted, 14 points dropped (last extent=0.0686m; gate <=0.350m, min 4 points)
[INFO] [nice-6]: process has finished cleanly [pid 411765]
[INFO] [nice-5]: sending signal 'SIGINT' to process[nice-5]
[INFO] [laser_scan_matching_node-4]: sending signal 'SIGINT' to process[laser_scan_matching_node-4]
[INFO] [backend_optimizer_node-3]: sending signal 'SIGINT' to process[backend_optimizer_node-3]
[INFO] [imu_preintegration_node-2]: sending signal 'SIGINT' to process[imu_preintegration_node-2]
[INFO] [default_server_endpoint-1]: sending signal 'SIGINT' to process[default_server_endpoint-1]
[nice-5] [INFO] [1785307972.853774704] [rclcpp]: signal_handler(signum=2)
[imu_preintegration_node-2] [INFO] [1785307972.855954314] [rclcpp]: signal_handler(signum=2)
[backend_optimizer_node-3] [INFO] [1785307972.856116000] [rclcpp]: signal_handler(signum=2)
[backend_optimizer_node-3] [INFO] [1785307972.856807944] [backend_optimizer_node]: backend concurrency stats: imu_callbacks=60234, during_worker=2390 (4.0%), during_smoother=1779 (3.0%), callback_gap_max=28.828ms, gaps>2ms=288, gaps>10ms=11; stamp_gap_max=1.000ms, gaps>1ms=0; ring_enqueue_max=0.065ms, enqueues>2ms=0; callback_duration_max=4.063ms, durations>2ms=2; worker_jobs=2403 mean/max=1.058/12.425ms; smoother_updates=2402 mean/max=0.797/11.987ms
[laser_scan_matching_node-4] [INFO] [1785307972.858681175] [rclcpp]: signal_handler(signum=2)
[INFO] [nice-5]: process has finished cleanly [pid 411764]
[INFO] [imu_preintegration_node-2]: process has finished cleanly [pid 411761]
[INFO] [default_server_endpoint-1]: process has finished cleanly [pid 411506]
[INFO] [backend_optimizer_node-3]: process has finished cleanly [pid 411762]
[INFO] [laser_scan_matching_node-4]: process has finished cleanly [pid 411763]
