[INFO] [launch]: All log files can be found below /home/yukichi6105/ros2_ws/src/lio_localization_sim/docs/stage4_runs/max8_physical_no_notes_live_20260729_diag1/ros2_logs/2026-07-29-18-28-42-061909-fuku-pc-45
[INFO] [launch]: Default logging verbosity is set to INFO
[INFO] [default_server_endpoint-1]: process started with pid [70]
[default_server_endpoint-1] /opt/ros/lyrical/lib/python3.14/site-packages/rclpy/executors.py:1073: UserWarning: MultiThreadedExecutor is used with a single thread.
[default_server_endpoint-1] Use the SingleThreadedExecutor instead.
[default_server_endpoint-1]   warnings.warn(
[default_server_endpoint-1] [INFO] [1785317322.901868054] [unity_endpoint]: Starting server on 0.0.0.0:10000
[INFO] [imu_preintegration_node-2]: process started with pid [109]
[INFO] [backend_optimizer_node-3]: process started with pid [110]
[INFO] [laser_scan_matching_node-4]: process started with pid [111]
[INFO] [nice-5]: process started with pid [112]
[INFO] [nice-6]: process started with pid [113]
[nice-5] [INFO] [1785317327.523065391] [ball_tracking_node]: ball_tracking_node started
[nice-6] [INFO] [1785317327.523508817] [unity_evaluator_node]: C++ realtime evaluator started: measuring 60.0s from first ground truth
[imu_preintegration_node-2] [INFO] [1785317327.531372889] [imu_preintegration_node]: imu_preintegration_node started (waiting for first /state_estimate)
[laser_scan_matching_node-4] [INFO] [1785317327.542121806] [laser_scan_matching_node]: laser_scan_matching_node started (0 cylinders, 9 internal walls, field 5.572x3.310m, initial seed=(-2.419, 1.354, 0.000))
[backend_optimizer_node-3] [INFO] [1785317327.583538301] [backend_optimizer_node]: graph (re)initialized at X0=(-2.419, 1.354, 0.000) V0=(0.000, 0.000)
[backend_optimizer_node-3] [INFO] [1785317327.584353513] [backend_optimizer_node]: backend_optimizer_node started (0 cylinders registered)
[default_server_endpoint-1] [INFO] [1785317352.290001184] [unity_endpoint]: Connection from 127.0.0.1
[default_server_endpoint-1] [WARN] [1785317352.727156590] [rcl.logging_rosout]: Publisher already registered for node name: 'unity_endpoint'. If this is due to multiple nodes with the same name then all logs for the logger named 'unity_endpoint' will go out over the existing publisher. As soon as any node with that name is destructed it will unregister the publisher, preventing any further logs for that name from being published on the rosout topic.
[default_server_endpoint-1] [INFO] [1785317353.872346796] [unity_endpoint]: RegisterSubscriber(/odom_fast, <class 'nav_msgs.msg._odometry.Odometry'>) OK
[default_server_endpoint-1] [WARN] [1785317353.904677198] [rcl.logging_rosout]: Publisher already registered for node name: 'unity_endpoint'. If this is due to multiple nodes with the same name then all logs for the logger named 'unity_endpoint' will go out over the existing publisher. As soon as any node with that name is destructed it will unregister the publisher, preventing any further logs for that name from being published on the rosout topic.
[default_server_endpoint-1] [INFO] [1785317353.948410644] [unity_endpoint]: RegisterSubscriber(/tf, <class 'tf2_msgs.msg._tf_message.TFMessage'>) OK
[default_server_endpoint-1] [WARN] [1785317353.949114893] [rcl.logging_rosout]: Publisher already registered for node name: 'unity_endpoint'. If this is due to multiple nodes with the same name then all logs for the logger named 'unity_endpoint' will go out over the existing publisher. As soon as any node with that name is destructed it will unregister the publisher, preventing any further logs for that name from being published on the rosout topic.
[default_server_endpoint-1] [INFO] [1785317354.030256218] [unity_endpoint]: RegisterPublisher(/clock, <class 'rosgraph_msgs.msg._clock.Clock'>) OK
[default_server_endpoint-1] [WARN] [1785317354.351601402] [rcl.logging_rosout]: Publisher already registered for node name: 'unity_endpoint'. If this is due to multiple nodes with the same name then all logs for the logger named 'unity_endpoint' will go out over the existing publisher. As soon as any node with that name is destructed it will unregister the publisher, preventing any further logs for that name from being published on the rosout topic.
[default_server_endpoint-1] [INFO] [1785317354.460420533] [unity_endpoint]: RegisterPublisher(/scan, <class 'sensor_msgs.msg._laser_scan.LaserScan'>) OK
[default_server_endpoint-1] [WARN] [1785317354.461118658] [rcl.logging_rosout]: Publisher already registered for node name: 'unity_endpoint'. If this is due to multiple nodes with the same name then all logs for the logger named 'unity_endpoint' will go out over the existing publisher. As soon as any node with that name is destructed it will unregister the publisher, preventing any further logs for that name from being published on the rosout topic.
[default_server_endpoint-1] [INFO] [1785317354.504782923] [unity_endpoint]: RegisterPublisher(/ground_truth_pose, <class 'nav_msgs.msg._odometry.Odometry'>) OK
[default_server_endpoint-1] [WARN] [1785317354.506121721] [rcl.logging_rosout]: Publisher already registered for node name: 'unity_endpoint'. If this is due to multiple nodes with the same name then all logs for the logger named 'unity_endpoint' will go out over the existing publisher. As soon as any node with that name is destructed it will unregister the publisher, preventing any further logs for that name from being published on the rosout topic.
[default_server_endpoint-1] [INFO] [1785317354.547564574] [unity_endpoint]: RegisterPublisher(/imu/data, <class 'sensor_msgs.msg._imu.Imu'>) OK
[default_server_endpoint-1] [WARN] [1785317354.549975491] [rcl.logging_rosout]: Publisher already registered for node name: 'unity_endpoint'. If this is due to multiple nodes with the same name then all logs for the logger named 'unity_endpoint' will go out over the existing publisher. As soon as any node with that name is destructed it will unregister the publisher, preventing any further logs for that name from being published on the rosout topic.
[nice-6] [INFO] [1785317354.571221091] [unity_evaluator_node]: first ground truth received; measurement window started
[default_server_endpoint-1] [INFO] [1785317354.629552491] [unity_endpoint]: RegisterPublisher(/clock, <class 'rosgraph_msgs.msg._clock.Clock'>) OK
[default_server_endpoint-1] [INFO] [1785317354.690545714] [unity_endpoint]: RegisterPublisher(/scan, <class 'sensor_msgs.msg._laser_scan.LaserScan'>) OK
[default_server_endpoint-1] [INFO] [1785317354.754558084] [unity_endpoint]: RegisterPublisher(/ground_truth_pose, <class 'nav_msgs.msg._odometry.Odometry'>) OK
[default_server_endpoint-1] [INFO] [1785317354.811321965] [unity_endpoint]: RegisterPublisher(/imu/data, <class 'sensor_msgs.msg._imu.Imu'>) OK
[backend_optimizer_node-3] [WARN] [1785317355.037988494] [backend_optimizer_node]: slow smoother update: 172.7ms (index 1)
[backend_optimizer_node-3] [WARN] [1785317355.134184502] [backend_optimizer_node]: slow smoother update: 48.9ms (index 19)
[backend_optimizer_node-3] [WARN] [1785317355.183108714] [backend_optimizer_node]: slow smoother update: 20.3ms (index 27)
[laser_scan_matching_node-4] [WARN] [1785317355.434067732] [laser_scan_matching_node]: IMU coverage wait exceeded 0.050s, processing scan with extrapolated tail
[backend_optimizer_node-3] [INFO] [1785317356.263308265] [backend_optimizer_node]: wall prior loosened by ICP covariance: sigma(yaw,x,y)=(0.0129, 0.0063, 0.0063) censi=(0.0063, 0.0063, 0.0063)
[laser_scan_matching_node-4] [WARN] [1785317356.928672708] [laser_scan_matching_node]: IMU coverage wait exceeded 0.050s, processing scan with extrapolated tail
[backend_optimizer_node-3] [WARN] [1785317356.985143756] [backend_optimizer_node]: slow smoother update: 30.7ms (index 85)
[backend_optimizer_node-3] [INFO] [1785317360.443467437] [backend_optimizer_node]: wall prior loosened by ICP covariance: sigma(yaw,x,y)=(0.0129, 0.0063, 0.0063) censi=(0.0063, 0.0063, 0.0063)
[backend_optimizer_node-3] [WARN] [1785317360.475953106] [backend_optimizer_node]: slow smoother update: 32.4ms (index 120)
[laser_scan_matching_node-4] [WARN] [1785317360.483675510] [laser_scan_matching_node]: IMU coverage wait exceeded 0.050s, processing scan with extrapolated tail
[backend_optimizer_node-3] [WARN] [1785317360.600992506] [backend_optimizer_node]: slow smoother update: 21.8ms (index 126)
[nice-6] [INFO] [1785317361.364471620] [unity_evaluator_node]: t=5.0s  recent 5s: pos_err mean=3.66mm max=35.00mm samples=3991 balls=0
[laser_scan_matching_node-4] [INFO] [1785317361.409514056] [laser_scan_matching_node]: note rejection: 36/541 returns unexplained, 0 clusters -> 0 accepted, 0 points dropped (last extent=-1.0000m; extent gate <=0.350m, adjacent gap <=0.100m, min 4 points)
[backend_optimizer_node-3] [INFO] [1785317362.514225795] [backend_optimizer_node]: wall prior loosened by ICP covariance: sigma(yaw,x,y)=(0.0129, 0.0063, 0.0063) censi=(0.0063, 0.0063, 0.0063)
[laser_scan_matching_node-4] [WARN] [1785317363.253302261] [laser_scan_matching_node]: IMU coverage wait exceeded 0.050s, processing scan with extrapolated tail
[backend_optimizer_node-3] [WARN] [1785317364.098734930] [backend_optimizer_node]: slow smoother update: 37.5ms (index 227)
[laser_scan_matching_node-4] [WARN] [1785317364.265972595] [laser_scan_matching_node]: IMU coverage wait exceeded 0.050s, processing scan with extrapolated tail
[backend_optimizer_node-3] [INFO] [1785317364.524628592] [backend_optimizer_node]: wall prior loosened by ICP covariance: sigma(yaw,x,y)=(0.0129, 0.0063, 0.0063) censi=(0.0063, 0.0063, 0.0063)
[backend_optimizer_node-3] [WARN] [1785317365.366835465] [backend_optimizer_node]: slow smoother update: 22.8ms (index 264)
[laser_scan_matching_node-4] [WARN] [1785317365.384648789] [laser_scan_matching_node]: IMU coverage wait exceeded 0.050s, processing scan with extrapolated tail
[nice-6] [INFO] [1785317366.442731263] [unity_evaluator_node]: t=10.0s  recent 5s: pos_err mean=3.80mm max=4.58mm samples=8979 balls=0
[laser_scan_matching_node-4] [INFO] [1785317366.501055724] [laser_scan_matching_node]: note rejection: 24/541 returns unexplained, 0 clusters -> 0 accepted, 0 points dropped (last extent=-1.0000m; extent gate <=0.350m, adjacent gap <=0.100m, min 4 points)
[backend_optimizer_node-3] [INFO] [1785317366.623292563] [backend_optimizer_node]: wall prior loosened by ICP covariance: sigma(yaw,x,y)=(0.0129, 0.0063, 0.0063) censi=(0.0063, 0.0063, 0.0063)
[backend_optimizer_node-3] [WARN] [1785317367.631757574] [backend_optimizer_node]: slow smoother update: 23.8ms (index 339)
[backend_optimizer_node-3] [INFO] [1785317368.689026335] [backend_optimizer_node]: wall prior loosened by ICP covariance: sigma(yaw,x,y)=(0.0130, 0.0063, 0.0063) censi=(0.0063, 0.0063, 0.0063)
[laser_scan_matching_node-4] [WARN] [1785317370.763008789] [laser_scan_matching_node]: IMU coverage wait exceeded 0.050s, processing scan with extrapolated tail
[backend_optimizer_node-3] [INFO] [1785317370.774764326] [backend_optimizer_node]: wall prior loosened by ICP covariance: sigma(yaw,x,y)=(0.0129, 0.0063, 0.0063) censi=(0.0063, 0.0063, 0.0063)
[nice-6] [INFO] [1785317371.568097873] [unity_evaluator_node]: t=15.0s  recent 5s: pos_err mean=5.97mm max=8.63mm samples=14114 balls=0
[laser_scan_matching_node-4] [INFO] [1785317371.684944895] [laser_scan_matching_node]: note rejection: 27/541 returns unexplained, 0 clusters -> 0 accepted, 0 points dropped (last extent=-1.0000m; extent gate <=0.350m, adjacent gap <=0.100m, min 4 points)
[backend_optimizer_node-3] [WARN] [1785317372.576076117] [backend_optimizer_node]: slow smoother update: 22.2ms (index 506)
[backend_optimizer_node-3] [INFO] [1785317372.898935385] [backend_optimizer_node]: wall prior loosened by ICP covariance: sigma(yaw,x,y)=(0.0129, 0.0063, 0.0063) censi=(0.0063, 0.0063, 0.0063)
[backend_optimizer_node-3] [INFO] [1785317375.071579473] [backend_optimizer_node]: wall prior loosened by ICP covariance: sigma(yaw,x,y)=(0.0129, 0.0063, 0.0063) censi=(0.0063, 0.0063, 0.0063)
[laser_scan_matching_node-4] [WARN] [1785317376.640096115] [laser_scan_matching_node]: IMU coverage wait exceeded 0.050s, processing scan with extrapolated tail
[nice-6] [INFO] [1785317376.880427306] [unity_evaluator_node]: t=20.0s  recent 5s: pos_err mean=3.66mm max=8.26mm samples=19271 balls=0
[laser_scan_matching_node-4] [INFO] [1785317376.985187513] [laser_scan_matching_node]: note rejection: 23/541 returns unexplained, 0 clusters -> 0 accepted, 0 points dropped (last extent=-1.0000m; extent gate <=0.350m, adjacent gap <=0.100m, min 4 points)
[backend_optimizer_node-3] [INFO] [1785317377.090930322] [backend_optimizer_node]: wall prior loosened by ICP covariance: sigma(yaw,x,y)=(0.0129, 0.0063, 0.0063) censi=(0.0063, 0.0063, 0.0063)
[backend_optimizer_node-3] [INFO] [1785317379.244458437] [backend_optimizer_node]: wall prior loosened by ICP covariance: sigma(yaw,x,y)=(0.0129, 0.0063, 0.0063) censi=(0.0063, 0.0063, 0.0063)
[backend_optimizer_node-3] [INFO] [1785317381.239356001] [backend_optimizer_node]: wall prior loosened by ICP covariance: sigma(yaw,x,y)=(0.0129, 0.0063, 0.0063) censi=(0.0063, 0.0063, 0.0063)
[nice-6] [INFO] [1785317381.937109855] [unity_evaluator_node]: t=25.0s  recent 5s: pos_err mean=6.94mm max=9.35mm samples=24450 balls=0
[laser_scan_matching_node-4] [INFO] [1785317382.134229231] [laser_scan_matching_node]: note rejection: 29/541 returns unexplained, 0 clusters -> 0 accepted, 0 points dropped (last extent=-1.0000m; extent gate <=0.350m, adjacent gap <=0.100m, min 4 points)
[backend_optimizer_node-3] [INFO] [1785317383.282627924] [backend_optimizer_node]: wall prior loosened by ICP covariance: sigma(yaw,x,y)=(0.0129, 0.0063, 0.0063) censi=(0.0063, 0.0063, 0.0063)
[backend_optimizer_node-3] [WARN] [1785317383.714573313] [backend_optimizer_node]: slow smoother update: 29.4ms (index 886)
[laser_scan_matching_node-4] [WARN] [1785317384.150091888] [laser_scan_matching_node]: IMU coverage wait exceeded 0.050s, processing scan with extrapolated tail
[backend_optimizer_node-3] [WARN] [1785317384.181176195] [backend_optimizer_node]: slow smoother update: 27.0ms (index 898)
[backend_optimizer_node-3] [INFO] [1785317385.374849758] [backend_optimizer_node]: wall prior loosened by ICP covariance: sigma(yaw,x,y)=(0.0129, 0.0063, 0.0063) censi=(0.0063, 0.0063, 0.0063)
[nice-6] [INFO] [1785317387.102715206] [unity_evaluator_node]: t=30.0s  recent 5s: pos_err mean=5.05mm max=8.51mm samples=29573 balls=0
[laser_scan_matching_node-4] [INFO] [1785317387.264676469] [laser_scan_matching_node]: note rejection: 26/541 returns unexplained, 0 clusters -> 0 accepted, 0 points dropped (last extent=-1.0000m; extent gate <=0.350m, adjacent gap <=0.100m, min 4 points)
[backend_optimizer_node-3] [INFO] [1785317387.458133092] [backend_optimizer_node]: wall prior loosened by ICP covariance: sigma(yaw,x,y)=(0.0129, 0.0063, 0.0063) censi=(0.0063, 0.0063, 0.0063)
[backend_optimizer_node-3] [WARN] [1785317388.797262072] [backend_optimizer_node]: slow smoother update: 33.4ms (index 1052)
[backend_optimizer_node-3] [INFO] [1785317389.538543784] [backend_optimizer_node]: wall prior loosened by ICP covariance: sigma(yaw,x,y)=(0.0129, 0.0063, 0.0063) censi=(0.0063, 0.0063, 0.0063)
[backend_optimizer_node-3] [WARN] [1785317390.090631663] [backend_optimizer_node]: slow smoother update: 35.2ms (index 1096)
[backend_optimizer_node-3] [WARN] [1785317390.622837106] [backend_optimizer_node]: slow smoother update: 23.3ms (index 1115)
[laser_scan_matching_node-4] [WARN] [1785317391.607541428] [laser_scan_matching_node]: IMU coverage wait exceeded 0.050s, processing scan with extrapolated tail
[backend_optimizer_node-3] [INFO] [1785317391.608577964] [backend_optimizer_node]: wall prior loosened by ICP covariance: sigma(yaw,x,y)=(0.0129, 0.0063, 0.0063) censi=(0.0063, 0.0063, 0.0063)
[nice-6] [INFO] [1785317392.208361285] [unity_evaluator_node]: t=35.0s  recent 5s: pos_err mean=4.08mm max=8.03mm samples=34734 balls=0
[laser_scan_matching_node-4] [INFO] [1785317392.363202680] [laser_scan_matching_node]: note rejection: 25/541 returns unexplained, 0 clusters -> 0 accepted, 0 points dropped (last extent=-1.0000m; extent gate <=0.350m, adjacent gap <=0.100m, min 4 points)
[backend_optimizer_node-3] [INFO] [1785317393.705003504] [backend_optimizer_node]: wall prior loosened by ICP covariance: sigma(yaw,x,y)=(0.0129, 0.0063, 0.0063) censi=(0.0063, 0.0063, 0.0063)
[backend_optimizer_node-3] [WARN] [1785317395.292065559] [backend_optimizer_node]: slow smoother update: 28.6ms (index 1279)
[backend_optimizer_node-3] [INFO] [1785317395.776004108] [backend_optimizer_node]: wall prior loosened by ICP covariance: sigma(yaw,x,y)=(0.0129, 0.0063, 0.0063) censi=(0.0063, 0.0063, 0.0063)
[nice-6] [INFO] [1785317397.352857287] [unity_evaluator_node]: t=40.0s  recent 5s: pos_err mean=6.41mm max=10.17mm samples=39911 balls=0
[laser_scan_matching_node-4] [INFO] [1785317397.579028828] [laser_scan_matching_node]: note rejection: 30/541 returns unexplained, 0 clusters -> 0 accepted, 0 points dropped (last extent=-1.0000m; extent gate <=0.350m, adjacent gap <=0.100m, min 4 points)
[backend_optimizer_node-3] [INFO] [1785317397.906067778] [backend_optimizer_node]: wall prior loosened by ICP covariance: sigma(yaw,x,y)=(0.0129, 0.0063, 0.0063) censi=(0.0063, 0.0063, 0.0063)
[backend_optimizer_node-3] [INFO] [1785317399.965943687] [backend_optimizer_node]: wall prior loosened by ICP covariance: sigma(yaw,x,y)=(0.0129, 0.0063, 0.0063) censi=(0.0063, 0.0063, 0.0063)
[laser_scan_matching_node-4] [WARN] [1785317400.319035437] [laser_scan_matching_node]: IMU coverage wait exceeded 0.050s, processing scan with extrapolated tail
[laser_scan_matching_node-4] [WARN] [1785317401.822523780] [laser_scan_matching_node]: IMU coverage wait exceeded 0.050s, processing scan with extrapolated tail
[backend_optimizer_node-3] [INFO] [1785317402.072085160] [backend_optimizer_node]: wall prior loosened by ICP covariance: sigma(yaw,x,y)=(0.0129, 0.0063, 0.0063) censi=(0.0063, 0.0063, 0.0063)
[nice-6] [INFO] [1785317402.535049692] [unity_evaluator_node]: t=45.0s  recent 5s: pos_err mean=4.82mm max=6.98mm samples=45073 balls=0
[laser_scan_matching_node-4] [INFO] [1785317402.711072918] [laser_scan_matching_node]: note rejection: 26/541 returns unexplained, 0 clusters -> 0 accepted, 0 points dropped (last extent=-1.0000m; extent gate <=0.350m, adjacent gap <=0.100m, min 4 points)
[backend_optimizer_node-3] [INFO] [1785317404.080516281] [backend_optimizer_node]: wall prior loosened by ICP covariance: sigma(yaw,x,y)=(0.0129, 0.0063, 0.0063) censi=(0.0063, 0.0063, 0.0063)
[backend_optimizer_node-3] [INFO] [1785317406.108347856] [backend_optimizer_node]: wall prior loosened by ICP covariance: sigma(yaw,x,y)=(0.0129, 0.0063, 0.0063) censi=(0.0063, 0.0063, 0.0063)
[laser_scan_matching_node-4] [WARN] [1785317406.201420931] [laser_scan_matching_node]: IMU coverage wait exceeded 0.050s, processing scan with extrapolated tail
[nice-6] [INFO] [1785317407.545002022] [unity_evaluator_node]: t=50.0s  recent 5s: pos_err mean=5.98mm max=10.72mm samples=50135 balls=0
[laser_scan_matching_node-4] [INFO] [1785317407.815484199] [laser_scan_matching_node]: note rejection: 24/541 returns unexplained, 0 clusters -> 0 accepted, 0 points dropped (last extent=-1.0000m; extent gate <=0.350m, adjacent gap <=0.100m, min 4 points)
[backend_optimizer_node-3] [INFO] [1785317408.213703848] [backend_optimizer_node]: wall prior loosened by ICP covariance: sigma(yaw,x,y)=(0.0129, 0.0063, 0.0063) censi=(0.0063, 0.0063, 0.0063)
[laser_scan_matching_node-4] [WARN] [1785317409.826388887] [laser_scan_matching_node]: IMU coverage wait exceeded 0.050s, processing scan with extrapolated tail
[backend_optimizer_node-3] [INFO] [1785317410.314522938] [backend_optimizer_node]: wall prior loosened by ICP covariance: sigma(yaw,x,y)=(0.0129, 0.0063, 0.0063) censi=(0.0063, 0.0063, 0.0063)
[backend_optimizer_node-3] [WARN] [1785317410.660578137] [backend_optimizer_node]: slow smoother update: 33.5ms (index 1815)
[laser_scan_matching_node-4] [WARN] [1785317410.940195105] [laser_scan_matching_node]: IMU coverage wait exceeded 0.050s, processing scan with extrapolated tail
[backend_optimizer_node-3] [INFO] [1785317412.393922116] [backend_optimizer_node]: wall prior loosened by ICP covariance: sigma(yaw,x,y)=(0.0129, 0.0063, 0.0063) censi=(0.0063, 0.0063, 0.0063)
[nice-6] [INFO] [1785317412.748558841] [unity_evaluator_node]: t=55.0s  recent 5s: pos_err mean=4.27mm max=23.02mm samples=55258 balls=0
[laser_scan_matching_node-4] [INFO] [1785317413.021753699] [laser_scan_matching_node]: note rejection: 18/541 returns unexplained, 0 clusters -> 0 accepted, 0 points dropped (last extent=-1.0000m; extent gate <=0.350m, adjacent gap <=0.100m, min 4 points)
[backend_optimizer_node-3] [INFO] [1785317414.421998472] [backend_optimizer_node]: wall prior loosened by ICP covariance: sigma(yaw,x,y)=(0.0129, 0.0063, 0.0063) censi=(0.0063, 0.0063, 0.0063)
[backend_optimizer_node-3] [INFO] [1785317416.470676399] [backend_optimizer_node]: wall prior loosened by ICP covariance: sigma(yaw,x,y)=(0.0129, 0.0063, 0.0063) censi=(0.0063, 0.0063, 0.0063)
[nice-6] [INFO] [1785317417.891610354] [unity_evaluator_node]: t=60.0s  recent 5s: pos_err mean=5.79mm max=9.11mm samples=60421 balls=0
[nice-6] [INFO] [1785317417.917092702] [unity_evaluator_node]: 
[nice-6] ============================================================
[nice-6] main.md 6-A-1 シミュレーション評価レポート (C++ realtime evaluator)
[nice-6] ============================================================
[nice-6] 総サンプル数: 60421  (定常区間 t>=3.0s: 58355)
[nice-6] 真値未着のまま評価できなかったサンプル: 0
[nice-6] 
[nice-6] --- 全体（要件A: 定常RMSE<=10mm, 最大位置誤差<=10mm） ---
[nice-6]   位置誤差: mean=5.11mm  RMSE=5.56mm  max=23.02mm
[nice-6]   ヨー誤差: mean=0.097deg  RMSE=0.113deg  max=0.238deg
[nice-6]   判定: 定常誤差(RMSE<=10mm) PASS / 最大位置誤差(<=10mm) FAIL
[nice-6] 
[nice-6] --- 高G旋回スピンバースト中 ---
[nice-6]   位置誤差: mean=nanmm  RMSE=nanmm  max=nanmm
[nice-6] 
[nice-6] --- ボール横切り中 vs 非横切り中 ---
[nice-6]   横切り中   : mean=nanmm  RMSE=nanmm  max=nanmm
[nice-6]   非横切り中 : mean=nanmm  RMSE=nanmm  max=nanmm
[nice-6]   判定: ボール横切りによる自己位置無影響 PASS
[nice-6]   (参考) 横切り中の検出ボール数(最新): 0
[nice-6] ============================================================
[nice-6] 
[nice-6] [INFO] [1785317418.135545276] [unity_evaluator_node]: Saved report and raw error CSV in /tmp
[laser_scan_matching_node-4] [INFO] [1785317418.152557375] [laser_scan_matching_node]: note rejection: 23/541 returns unexplained, 0 clusters -> 0 accepted, 0 points dropped (last extent=-1.0000m; extent gate <=0.350m, adjacent gap <=0.100m, min 4 points)
[backend_optimizer_node-3] [INFO] [1785317418.584329260] [backend_optimizer_node]: wall prior loosened by ICP covariance: sigma(yaw,x,y)=(0.0129, 0.0063, 0.0063) censi=(0.0063, 0.0063, 0.0063)
[INFO] [nice-6]: process has finished cleanly [pid 113]
[INFO] [nice-5]: sending signal 'SIGINT' to process[nice-5]
[INFO] [laser_scan_matching_node-4]: sending signal 'SIGINT' to process[laser_scan_matching_node-4]
[INFO] [backend_optimizer_node-3]: sending signal 'SIGINT' to process[backend_optimizer_node-3]
[INFO] [imu_preintegration_node-2]: sending signal 'SIGINT' to process[imu_preintegration_node-2]
[INFO] [default_server_endpoint-1]: sending signal 'SIGINT' to process[default_server_endpoint-1]
[nice-5] [INFO] [1785317418.677897196] [rclcpp]: signal_handler(signum=2)
[laser_scan_matching_node-4] [INFO] [1785317418.679174396] [rclcpp]: signal_handler(signum=2)
[imu_preintegration_node-2] [INFO] [1785317418.682794984] [rclcpp]: signal_handler(signum=2)
[backend_optimizer_node-3] [INFO] [1785317418.689012331] [rclcpp]: signal_handler(signum=2)
[backend_optimizer_node-3] [INFO] [1785317418.695343429] [backend_optimizer_node]: backend concurrency stats: imu_callbacks=60799, during_worker=6934 (11.4%), during_smoother=4345 (7.1%), callback_gap_max=2279.904ms, gaps>2ms=7340, gaps>10ms=1555; stamp_gap_max=1.000ms, gaps>1ms=0; ring_enqueue_max=21.184ms, enqueues>2ms=4; callback_duration_max=21.221ms, durations>2ms=86; worker_jobs=2109 mean/max=2.661/198.543ms; smoother_updates=2108 mean/max=1.590/172.682ms
[INFO] [nice-5]: process has finished cleanly [pid 112]
[INFO] [laser_scan_matching_node-4]: process has finished cleanly [pid 111]
[INFO] [backend_optimizer_node-3]: process has finished cleanly [pid 110]
[INFO] [imu_preintegration_node-2]: process has finished cleanly [pid 109]
[INFO] [default_server_endpoint-1]: process has finished cleanly [pid 70]
