[INFO] [1785227247.898898660] [unity_evaluator_node]: evaluator_node started: will run for 60.0s starting from the first /ground_truth_pose
[INFO] [1785227261.419890089] [unity_evaluator_node]: first ground truth received: measuring for 60.0s
[INFO] [1785227265.648531599] [unity_evaluator_node]: t=5.0s  直近5秒: pos_err mean=4.02mm max=16.29mm  samples=3241  detected_balls=0
[INFO] [1785227270.792261050] [unity_evaluator_node]: t=10.0s  直近5秒: pos_err mean=3.97mm max=5.55mm  samples=7783  detected_balls=0
[INFO] [1785227276.025327910] [unity_evaluator_node]: t=15.0s  直近5秒: pos_err mean=5.77mm max=9.41mm  samples=12964  detected_balls=0
[INFO] [1785227281.183006211] [unity_evaluator_node]: t=20.0s  直近5秒: pos_err mean=5.59mm max=6.84mm  samples=18154  detected_balls=0
[INFO] [1785227286.327860981] [unity_evaluator_node]: t=25.0s  直近5秒: pos_err mean=7.21mm max=11.02mm  samples=23330  detected_balls=0
[INFO] [1785227291.507703011] [unity_evaluator_node]: t=30.0s  直近5秒: pos_err mean=6.45mm max=12.61mm  samples=28533  detected_balls=0
[INFO] [1785227296.693076498] [unity_evaluator_node]: t=35.0s  直近5秒: pos_err mean=5.66mm max=11.19mm  samples=33696  detected_balls=0
[INFO] [1785227301.892229863] [unity_evaluator_node]: t=40.0s  直近5秒: pos_err mean=6.94mm max=11.55mm  samples=38919  detected_balls=0
[INFO] [1785227307.027047491] [unity_evaluator_node]: t=45.0s  直近5秒: pos_err mean=5.07mm max=11.09mm  samples=44120  detected_balls=0
[INFO] [1785227312.188296725] [unity_evaluator_node]: t=50.0s  直近5秒: pos_err mean=8.02mm max=12.34mm  samples=49306  detected_balls=0
[INFO] [1785227317.372305556] [unity_evaluator_node]: t=55.0s  直近5秒: pos_err mean=6.07mm max=11.77mm  samples=54504  detected_balls=0
[INFO] [1785227322.630825577] [unity_evaluator_node]: t=60.0s  直近5秒: pos_err mean=5.55mm max=10.64mm  samples=59706  detected_balls=0
[INFO] [1785227322.633534647] [unity_evaluator_node]: === 評価終了、集計します ===
[INFO] [1785227322.927041902] [unity_evaluator_node]: 
============================================================
main.md 6-A-1 シミュレーション評価レポート
============================================================
総サンプル数: 59706  (定常区間 t>=3.0s: 58162)
真値未着のまま評価できなかったサンプル: 0

--- 全体（要件A: 定常RMSE<=10mm, 最大位置誤差<=10mm） ---
  位置誤差: mean=5.98mm  RMSE=6.57mm  max=12.61mm
  ヨー誤差: mean=0.139deg  RMSE=0.184deg  max=0.444deg
  判定: 定常誤差(RMSE<=10mm) PASS / 最大位置誤差(<=10mm) FAIL

--- 高G旋回スピンバースト中 ---
  位置誤差: mean=nanmm  RMSE=nanmm  max=nanmm

--- ボール横切り中 vs 非横切り中 ---
  横切り中   : mean=nanmm  RMSE=nanmm  max=nanmm
  非横切り中 : mean=5.98mm  RMSE=6.57mm  max=12.61mm
  判定: ボール横切りによる自己位置無影響 PASS
  (参考) 横切り中の検出ボール数(最新): 0
============================================================
[INFO] [1785227322.930762458] [unity_evaluator_node]: レポートを保存しました: /tmp/sim_eval_report.txt
[INFO] [1785227324.631624878] [unity_evaluator_node]: グラフを保存しました: /tmp/sim_eval_plot.png
