[INFO] [1785217421.853661906] [unity_evaluator_node]: evaluator_node started: will run for 60.0s starting from the first /ground_truth_pose
[INFO] [1785217451.933746733] [unity_evaluator_node]: first ground truth received: measuring for 60.0s
[INFO] [1785217457.128093785] [unity_evaluator_node]: t=5.0s  直近5秒: pos_err mean=3.81mm max=12.13mm  samples=4692  detected_balls=0
[INFO] [1785217462.277809495] [unity_evaluator_node]: t=10.0s  直近5秒: pos_err mean=4.07mm max=5.24mm  samples=9853  detected_balls=0
[INFO] [1785217467.471092591] [unity_evaluator_node]: t=15.0s  直近5秒: pos_err mean=6.58mm max=11.00mm  samples=15040  detected_balls=0
[INFO] [1785217472.584285945] [unity_evaluator_node]: t=20.0s  直近5秒: pos_err mean=5.31mm max=10.52mm  samples=20234  detected_balls=0
[INFO] [1785217477.790190121] [unity_evaluator_node]: t=25.0s  直近5秒: pos_err mean=8.10mm max=12.24mm  samples=25423  detected_balls=0
[INFO] [1785217483.004180081] [unity_evaluator_node]: t=30.0s  直近5秒: pos_err mean=5.27mm max=8.58mm  samples=30609  detected_balls=0
[INFO] [1785217488.197870770] [unity_evaluator_node]: t=34.9s  直近5秒: pos_err mean=7.55mm max=11.45mm  samples=35711  detected_balls=0
[INFO] [1785217493.311422349] [unity_evaluator_node]: t=40.0s  直近5秒: pos_err mean=6.59mm max=12.40mm  samples=40743  detected_balls=0
[INFO] [1785217498.532440734] [unity_evaluator_node]: t=45.0s  直近5秒: pos_err mean=5.76mm max=11.70mm  samples=45958  detected_balls=0
[INFO] [1785217503.701427057] [unity_evaluator_node]: t=50.0s  直近5秒: pos_err mean=7.47mm max=10.64mm  samples=51122  detected_balls=0
[INFO] [1785217508.883545906] [unity_evaluator_node]: t=55.0s  直近5秒: pos_err mean=4.87mm max=9.59mm  samples=56318  detected_balls=0
[INFO] [1785217514.054987266] [unity_evaluator_node]: t=60.0s  直近5秒: pos_err mean=6.69mm max=12.34mm  samples=61509  detected_balls=0
[INFO] [1785217514.056553086] [unity_evaluator_node]: === 評価終了、集計します ===
[INFO] [1785217514.471063703] [unity_evaluator_node]: 
============================================================
main.md 6-A-1 シミュレーション評価レポート
============================================================
総サンプル数: 61509  (定常区間 t>=3.0s: 58852)
真値未着のまま評価できなかったサンプル: 0

--- 全体（要件A: 定常RMSE<=10mm, 最大位置誤差<=10mm） ---
  位置誤差: mean=6.11mm  RMSE=6.70mm  max=12.40mm
  ヨー誤差: mean=0.160deg  RMSE=0.199deg  max=0.420deg
  判定: 定常誤差(RMSE<=10mm) PASS / 最大位置誤差(<=10mm) FAIL

--- 高G旋回スピンバースト中 ---
  位置誤差: mean=nanmm  RMSE=nanmm  max=nanmm

--- ボール横切り中 vs 非横切り中 ---
  横切り中   : mean=nanmm  RMSE=nanmm  max=nanmm
  非横切り中 : mean=6.11mm  RMSE=6.70mm  max=12.40mm
  判定: ボール横切りによる自己位置無影響 PASS
  (参考) 横切り中の検出ボール数(最新): 0
============================================================
[INFO] [1785217514.472163038] [unity_evaluator_node]: レポートを保存しました: /tmp/sim_eval_report.txt
[INFO] [1785217516.273692482] [unity_evaluator_node]: グラフを保存しました: /tmp/sim_eval_plot.png
