[INFO] [1785155590.404811514] [unity_evaluator_node]: evaluator_node started: will run for 60.0s starting from the first /ground_truth_pose
[INFO] [1785155621.282632653] [unity_evaluator_node]: first ground truth received: measuring for 60.0s
[INFO] [1785155626.007496719] [unity_evaluator_node]: t=4.9s  直近5秒: pos_err mean=4.22mm max=13.21mm  samples=4197  detected_balls=0
[INFO] [1785155631.138649316] [unity_evaluator_node]: t=10.0s  直近5秒: pos_err mean=4.14mm max=6.03mm  samples=8987  detected_balls=0
[INFO] [1785155636.279887344] [unity_evaluator_node]: t=15.0s  直近5秒: pos_err mean=6.75mm max=11.55mm  samples=13839  detected_balls=0
[INFO] [1785155641.470925526] [unity_evaluator_node]: t=20.0s  直近5秒: pos_err mean=4.90mm max=13.09mm  samples=18918  detected_balls=0
[INFO] [1785155646.601886759] [unity_evaluator_node]: t=25.0s  直近5秒: pos_err mean=2.22mm max=3.54mm  samples=23920  detected_balls=0
[INFO] [1785155651.808912004] [unity_evaluator_node]: t=30.0s  直近5秒: pos_err mean=2.48mm max=4.00mm  samples=28467  detected_balls=0
[INFO] [1785155657.046843968] [unity_evaluator_node]: t=35.0s  直近5秒: pos_err mean=2.21mm max=3.21mm  samples=33574  detected_balls=0
[INFO] [1785155662.095879016] [unity_evaluator_node]: t=40.0s  直近5秒: pos_err mean=2.40mm max=4.29mm  samples=38499  detected_balls=0
[INFO] [1785155667.250504152] [unity_evaluator_node]: t=45.0s  直近5秒: pos_err mean=2.43mm max=4.47mm  samples=43269  detected_balls=0
[INFO] [1785155672.471555656] [unity_evaluator_node]: t=50.0s  直近5秒: pos_err mean=2.23mm max=3.61mm  samples=48102  detected_balls=0
[INFO] [1785155677.631179835] [unity_evaluator_node]: t=55.0s  直近5秒: pos_err mean=2.50mm max=3.74mm  samples=52881  detected_balls=0
[INFO] [1785155682.771873866] [unity_evaluator_node]: t=60.0s  直近5秒: pos_err mean=2.33mm max=3.44mm  samples=57840  detected_balls=0
[INFO] [1785155682.781250910] [unity_evaluator_node]: === 評価終了、集計します ===
[INFO] [1785155683.164529649] [unity_evaluator_node]: 
============================================================
main.md 6-A-1 シミュレーション評価レポート
============================================================
総サンプル数: 57840  (定常区間 t>=3.0s: 55357)
真値未着のまま評価できなかったサンプル: 0

--- 全体（要件A: 定常RMSE<=10mm, 最大位置誤差<=10mm） ---
  位置誤差: mean=3.17mm  RMSE=3.72mm  max=13.09mm
  ヨー誤差: mean=0.071deg  RMSE=0.111deg  max=0.439deg
  判定: 定常誤差(RMSE<=10mm) PASS / 最大位置誤差(<=10mm) FAIL

--- 高G旋回スピンバースト中 ---
  位置誤差: mean=nanmm  RMSE=nanmm  max=nanmm

--- ボール横切り中 vs 非横切り中 ---
  横切り中   : mean=nanmm  RMSE=nanmm  max=nanmm
  非横切り中 : mean=3.17mm  RMSE=3.72mm  max=13.09mm
  判定: ボール横切りによる自己位置無影響 PASS
  (参考) 横切り中の検出ボール数(最新): 0
============================================================
[INFO] [1785155683.167570345] [unity_evaluator_node]: レポートを保存しました: /tmp/sim_eval_report.txt
[INFO] [1785155685.604076331] [unity_evaluator_node]: グラフを保存しました: /tmp/sim_eval_plot.png
