[INFO] [launch]: All log files can be found below /home/yukichi6105/ros2_ws/src/lio_localization_sim/docs/stage4_runs/signed_error_diag_20260728/ros2_logs/2026-07-28-19-52-55-485380-fuku-pc-1272975
[INFO] [launch]: Default logging verbosity is set to INFO
[INFO] [default_server_endpoint-1]: process started with pid [1273000]
[default_server_endpoint-1] /opt/ros/lyrical/lib/python3.14/site-packages/rclpy/executors.py:1073: UserWarning: MultiThreadedExecutor is used with a single thread.
[default_server_endpoint-1] Use the SingleThreadedExecutor instead.
[default_server_endpoint-1]   warnings.warn(
[default_server_endpoint-1] [INFO] [1785235976.243962976] [unity_endpoint]: Starting server on 0.0.0.0:10000
[default_server_endpoint-1] [INFO] [1785235976.610848338] [unity_endpoint]: Connection from 127.0.0.1
[default_server_endpoint-1] [ERROR] [1785235976.613280903] [unity_endpoint]: Exception: No more data available
[default_server_endpoint-1] [INFO] [1785235976.614203640] [unity_endpoint]: Disconnected from 127.0.0.1
[default_server_endpoint-1] [INFO] [1785235976.717518542] [unity_endpoint]: Connection from 127.0.0.1
[default_server_endpoint-1] [ERROR] [1785235976.718930017] [unity_endpoint]: Exception: No more data available
[default_server_endpoint-1] [INFO] [1785235976.719440408] [unity_endpoint]: Disconnected from 127.0.0.1
[INFO] [imu_preintegration_node-2]: process started with pid [1273458]
[INFO] [backend_optimizer_node-3]: process started with pid [1273459]
[INFO] [laser_scan_matching_node-4]: process started with pid [1273460]
[INFO] [ball_tracking_node-5]: process started with pid [1273461]
[INFO] [evaluator_node-6]: process started with pid [1273470]
[ball_tracking_node-5] [INFO] [1785235980.713958516] [ball_tracking_node]: ball_tracking_node started
[laser_scan_matching_node-4] [INFO] [1785235980.734358537] [laser_scan_matching_node]: laser_scan_matching_node started (0 cylinders, 9 internal walls, field 5.572x3.310m, initial seed=(-2.419, 1.354, 0.000))
[imu_preintegration_node-2] [INFO] [1785235980.737969873] [imu_preintegration_node]: imu_preintegration_node started (waiting for first /state_estimate)
[backend_optimizer_node-3] [INFO] [1785235980.757817014] [backend_optimizer_node]: graph (re)initialized at X0=(-2.419, 1.354, 0.000) V0=(0.000, 0.000)
[backend_optimizer_node-3] [INFO] [1785235980.758650588] [backend_optimizer_node]: backend_optimizer_node started (0 cylinders registered)
[evaluator_node-6] [INFO] [1785235981.598556956] [unity_evaluator_node]: evaluator_node started: will run for 60.0s starting from the first /ground_truth_pose
[default_server_endpoint-1] [INFO] [1785236031.901922281] [unity_endpoint]: Connection from 127.0.0.1
[default_server_endpoint-1] [WARN] [1785236031.962575494] [rcl.logging_rosout]: Publisher already registered for node name: 'unity_endpoint'. If this is due to multiple nodes with the same name then all logs for the logger named 'unity_endpoint' will go out over the existing publisher. As soon as any node with that name is destructed it will unregister the publisher, preventing any further logs for that name from being published on the rosout topic.
[default_server_endpoint-1] [INFO] [1785236032.281855604] [unity_endpoint]: RegisterSubscriber(/odom_fast, <class 'nav_msgs.msg._odometry.Odometry'>) OK
[default_server_endpoint-1] [WARN] [1785236032.293208172] [rcl.logging_rosout]: Publisher already registered for node name: 'unity_endpoint'. If this is due to multiple nodes with the same name then all logs for the logger named 'unity_endpoint' will go out over the existing publisher. As soon as any node with that name is destructed it will unregister the publisher, preventing any further logs for that name from being published on the rosout topic.
[default_server_endpoint-1] [INFO] [1785236032.333278717] [unity_endpoint]: RegisterSubscriber(/tf, <class 'tf2_msgs.msg._tf_message.TFMessage'>) OK
[default_server_endpoint-1] [WARN] [1785236032.334052150] [rcl.logging_rosout]: Publisher already registered for node name: 'unity_endpoint'. If this is due to multiple nodes with the same name then all logs for the logger named 'unity_endpoint' will go out over the existing publisher. As soon as any node with that name is destructed it will unregister the publisher, preventing any further logs for that name from being published on the rosout topic.
[default_server_endpoint-1] [INFO] [1785236032.370886465] [unity_endpoint]: RegisterPublisher(/clock, <class 'rosgraph_msgs.msg._clock.Clock'>) OK
[default_server_endpoint-1] [WARN] [1785236032.627853861] [rcl.logging_rosout]: Publisher already registered for node name: 'unity_endpoint'. If this is due to multiple nodes with the same name then all logs for the logger named 'unity_endpoint' will go out over the existing publisher. As soon as any node with that name is destructed it will unregister the publisher, preventing any further logs for that name from being published on the rosout topic.
[default_server_endpoint-1] [INFO] [1785236032.690331735] [unity_endpoint]: RegisterPublisher(/scan, <class 'sensor_msgs.msg._laser_scan.LaserScan'>) OK
[default_server_endpoint-1] [WARN] [1785236032.691888058] [rcl.logging_rosout]: Publisher already registered for node name: 'unity_endpoint'. If this is due to multiple nodes with the same name then all logs for the logger named 'unity_endpoint' will go out over the existing publisher. As soon as any node with that name is destructed it will unregister the publisher, preventing any further logs for that name from being published on the rosout topic.
[default_server_endpoint-1] [INFO] [1785236032.728634417] [unity_endpoint]: RegisterPublisher(/ground_truth_pose, <class 'nav_msgs.msg._odometry.Odometry'>) OK
[default_server_endpoint-1] [WARN] [1785236032.729265384] [rcl.logging_rosout]: Publisher already registered for node name: 'unity_endpoint'. If this is due to multiple nodes with the same name then all logs for the logger named 'unity_endpoint' will go out over the existing publisher. As soon as any node with that name is destructed it will unregister the publisher, preventing any further logs for that name from being published on the rosout topic.
[default_server_endpoint-1] [INFO] [1785236032.772950501] [unity_endpoint]: RegisterPublisher(/imu/data, <class 'sensor_msgs.msg._imu.Imu'>) OK
[evaluator_node-6] [INFO] [1785236032.783460817] [unity_evaluator_node]: first ground truth received: measuring for 60.0s
[default_server_endpoint-1] [WARN] [1785236032.784655247] [rcl.logging_rosout]: Publisher already registered for node name: 'unity_endpoint'. If this is due to multiple nodes with the same name then all logs for the logger named 'unity_endpoint' will go out over the existing publisher. As soon as any node with that name is destructed it will unregister the publisher, preventing any further logs for that name from being published on the rosout topic.
[default_server_endpoint-1] [INFO] [1785236032.877055446] [unity_endpoint]: RegisterPublisher(/clock, <class 'rosgraph_msgs.msg._clock.Clock'>) OK
[default_server_endpoint-1] [INFO] [1785236032.929207890] [unity_endpoint]: RegisterPublisher(/scan, <class 'sensor_msgs.msg._laser_scan.LaserScan'>) OK
[default_server_endpoint-1] [INFO] [1785236032.994604586] [unity_endpoint]: RegisterPublisher(/ground_truth_pose, <class 'nav_msgs.msg._odometry.Odometry'>) OK
[default_server_endpoint-1] [INFO] [1785236033.035890525] [unity_endpoint]: RegisterPublisher(/imu/data, <class 'sensor_msgs.msg._imu.Imu'>) OK
[backend_optimizer_node-3] [WARN] [1785236034.298659689] [backend_optimizer_node]: slow smoother update: 21.0ms (index 45)
[laser_scan_matching_node-4] [WARN] [1785236035.075094369] [laser_scan_matching_node]: IMU coverage wait exceeded 0.050s, processing scan with extrapolated tail
[laser_scan_matching_node-4] [WARN] [1785236036.852889724] [laser_scan_matching_node]: IMU coverage wait exceeded 0.050s, processing scan with extrapolated tail
[backend_optimizer_node-3] [WARN] [1785236037.488324049] [backend_optimizer_node]: slow smoother update: 23.8ms (index 132)
[evaluator_node-6] [INFO] [1785236038.501110589] [unity_evaluator_node]: t=4.9s  直近5秒: pos_err mean=4.01mm max=22.50mm  samples=3740  detected_balls=0
[laser_scan_matching_node-4] [INFO] [1785236038.511175561] [laser_scan_matching_node]: note rejection: 32/541 returns unexplained, 0 clusters -> 0 accepted, 0 points dropped (last extent=-1.0000m; gate <=0.350m, min 4 points)
[laser_scan_matching_node-4] [WARN] [1785236040.102150545] [laser_scan_matching_node]: IMU coverage wait exceeded 0.050s, processing scan with extrapolated tail
[backend_optimizer_node-3] [WARN] [1785236040.329625663] [backend_optimizer_node]: slow smoother update: 28.6ms (index 207)
[backend_optimizer_node-3] [WARN] [1785236041.455021769] [backend_optimizer_node]: slow smoother update: 31.3ms (index 235)
[laser_scan_matching_node-4] [WARN] [1785236042.469434652] [laser_scan_matching_node]: IMU coverage wait exceeded 0.050s, processing scan with extrapolated tail
[evaluator_node-6] [INFO] [1785236044.085128318] [unity_evaluator_node]: t=10.0s  直近5秒: pos_err mean=4.11mm max=5.98mm  samples=7559  detected_balls=0
[laser_scan_matching_node-4] [INFO] [1785236044.100747583] [laser_scan_matching_node]: note rejection: 29/541 returns unexplained, 0 clusters -> 0 accepted, 0 points dropped (last extent=-1.0000m; gate <=0.350m, min 4 points)
[laser_scan_matching_node-4] [WARN] [1785236044.199899828] [laser_scan_matching_node]: IMU coverage wait exceeded 0.050s, processing scan with extrapolated tail
[laser_scan_matching_node-4] [WARN] [1785236045.561230835] [laser_scan_matching_node]: IMU coverage wait exceeded 0.050s, processing scan with extrapolated tail
[laser_scan_matching_node-4] [WARN] [1785236046.770055313] [laser_scan_matching_node]: IMU coverage wait exceeded 0.050s, processing scan with extrapolated tail
[backend_optimizer_node-3] [WARN] [1785236048.240405691] [backend_optimizer_node]: slow smoother update: 34.2ms (index 420)
[evaluator_node-6] [INFO] [1785236049.700147341] [unity_evaluator_node]: t=15.0s  直近5秒: pos_err mean=6.14mm max=13.90mm  samples=11300  detected_balls=0
[laser_scan_matching_node-4] [INFO] [1785236049.714177326] [laser_scan_matching_node]: note rejection: 73/541 returns unexplained, 2 clusters -> 1 accepted, 17 points dropped (last extent=0.1209m; gate <=0.350m, min 4 points)
[laser_scan_matching_node-4] [WARN] [1785236049.917580323] [laser_scan_matching_node]: IMU coverage wait exceeded 0.050s, processing scan with extrapolated tail
[laser_scan_matching_node-4] [WARN] [1785236052.276911621] [laser_scan_matching_node]: IMU coverage wait exceeded 0.050s, processing scan with extrapolated tail
[evaluator_node-6] [INFO] [1785236055.299078480] [unity_evaluator_node]: t=20.0s  直近5秒: pos_err mean=7.32mm max=11.68mm  samples=15709  detected_balls=0
[laser_scan_matching_node-4] [INFO] [1785236055.329545040] [laser_scan_matching_node]: note rejection: 32/541 returns unexplained, 0 clusters -> 0 accepted, 0 points dropped (last extent=-1.0000m; gate <=0.350m, min 4 points)
[laser_scan_matching_node-4] [WARN] [1785236060.304598346] [laser_scan_matching_node]: IMU coverage wait exceeded 0.050s, processing scan with extrapolated tail
[evaluator_node-6] [INFO] [1785236061.769117269] [unity_evaluator_node]: t=25.0s  直近5秒: pos_err mean=6.17mm max=12.50mm  samples=19974  detected_balls=0
[laser_scan_matching_node-4] [INFO] [1785236061.895958201] [laser_scan_matching_node]: note rejection: 74/541 returns unexplained, 3 clusters -> 2 accepted, 22 points dropped (last extent=0.1081m; gate <=0.350m, min 4 points)
[evaluator_node-6] [INFO] [1785236067.995221670] [unity_evaluator_node]: t=30.0s  直近5秒: pos_err mean=5.77mm max=11.76mm  samples=24643  detected_balls=0
[laser_scan_matching_node-4] [INFO] [1785236068.198826922] [laser_scan_matching_node]: note rejection: 85/541 returns unexplained, 3 clusters -> 3 accepted, 50 points dropped (last extent=0.1121m; gate <=0.350m, min 4 points)
[backend_optimizer_node-3] [WARN] [1785236068.402506076] [backend_optimizer_node]: slow smoother update: 26.7ms (index 1021)
[laser_scan_matching_node-4] [WARN] [1785236069.390991036] [laser_scan_matching_node]: IMU coverage wait exceeded 0.050s, processing scan with extrapolated tail
[backend_optimizer_node-3] [WARN] [1785236070.070559165] [backend_optimizer_node]: slow smoother update: 30.9ms (index 1067)
[backend_optimizer_node-3] [WARN] [1785236072.877124663] [backend_optimizer_node]: slow smoother update: 40.5ms (index 1135)
[evaluator_node-6] [INFO] [1785236074.756739499] [unity_evaluator_node]: t=35.0s  直近5秒: pos_err mean=7.98mm max=12.04mm  samples=29119  detected_balls=0
[laser_scan_matching_node-4] [INFO] [1785236074.990161357] [laser_scan_matching_node]: note rejection: 18/541 returns unexplained, 0 clusters -> 0 accepted, 0 points dropped (last extent=-1.0000m; gate <=0.350m, min 4 points)
[backend_optimizer_node-3] [WARN] [1785236082.028805044] [backend_optimizer_node]: slow smoother update: 20.2ms (index 1365)
[evaluator_node-6] [INFO] [1785236082.203562035] [unity_evaluator_node]: t=40.0s  直近5秒: pos_err mean=4.79mm max=9.89mm  samples=33733  detected_balls=0
[backend_optimizer_node-3] [WARN] [1785236082.273818433] [backend_optimizer_node]: slow smoother update: 25.8ms (index 1369)
[laser_scan_matching_node-4] [INFO] [1785236082.411828477] [laser_scan_matching_node]: note rejection: 45/541 returns unexplained, 1 clusters -> 0 accepted, 0 points dropped (last extent=1.0190m; gate <=0.350m, min 4 points)
[backend_optimizer_node-3] [WARN] [1785236084.814926854] [backend_optimizer_node]: slow smoother update: 33.5ms (index 1441)
[laser_scan_matching_node-4] [WARN] [1785236086.302381803] [laser_scan_matching_node]: IMU coverage wait exceeded 0.050s, processing scan with extrapolated tail
[evaluator_node-6] [INFO] [1785236088.702863526] [unity_evaluator_node]: t=45.0s  直近5秒: pos_err mean=6.58mm max=11.86mm  samples=38315  detected_balls=0
[laser_scan_matching_node-4] [INFO] [1785236088.961678966] [laser_scan_matching_node]: note rejection: 87/541 returns unexplained, 3 clusters -> 3 accepted, 53 points dropped (last extent=0.1147m; gate <=0.350m, min 4 points)
[laser_scan_matching_node-4] [WARN] [1785236090.302397418] [laser_scan_matching_node]: IMU coverage wait exceeded 0.050s, processing scan with extrapolated tail
[laser_scan_matching_node-4] [WARN] [1785236091.473707760] [laser_scan_matching_node]: IMU coverage wait exceeded 0.050s, processing scan with extrapolated tail
[evaluator_node-6] [INFO] [1785236094.470070809] [unity_evaluator_node]: t=50.0s  直近5秒: pos_err mean=7.06mm max=11.27mm  samples=42437  detected_balls=0
[laser_scan_matching_node-4] [INFO] [1785236094.632126245] [laser_scan_matching_node]: note rejection: 43/541 returns unexplained, 1 clusters -> 0 accepted, 0 points dropped (last extent=1.0670m; gate <=0.350m, min 4 points)
[laser_scan_matching_node-4] [WARN] [1785236098.696576527] [laser_scan_matching_node]: IMU coverage wait exceeded 0.050s, processing scan with extrapolated tail
[evaluator_node-6] [INFO] [1785236099.821048391] [unity_evaluator_node]: t=55.0s  直近5秒: pos_err mean=5.92mm max=10.74mm  samples=47426  detected_balls=0
[laser_scan_matching_node-4] [WARN] [1785236100.151565299] [laser_scan_matching_node]: IMU coverage wait exceeded 0.050s, processing scan with extrapolated tail
[laser_scan_matching_node-4] [INFO] [1785236100.155695682] [laser_scan_matching_node]: note rejection: 43/541 returns unexplained, 1 clusters -> 0 accepted, 0 points dropped (last extent=1.1159m; gate <=0.350m, min 4 points)
[backend_optimizer_node-3] [WARN] [1785236100.359681590] [backend_optimizer_node]: slow smoother update: 22.7ms (index 1913)
[backend_optimizer_node-3] [WARN] [1785236102.851636504] [backend_optimizer_node]: slow smoother update: 37.6ms (index 1997)
[evaluator_node-6] [INFO] [1785236105.415470601] [unity_evaluator_node]: t=60.0s  直近5秒: pos_err mean=8.37mm max=13.62mm  samples=51942  detected_balls=0
[evaluator_node-6] [INFO] [1785236105.417115676] [unity_evaluator_node]: === 評価終了、集計します ===
[laser_scan_matching_node-4] [INFO] [1785236105.591505981] [laser_scan_matching_node]: note rejection: 34/541 returns unexplained, 0 clusters -> 0 accepted, 0 points dropped (last extent=-1.0000m; gate <=0.350m, min 4 points)
[evaluator_node-6] [INFO] [1785236105.976150831] [unity_evaluator_node]: 
[evaluator_node-6] ============================================================
[evaluator_node-6] main.md 6-A-1 シミュレーション評価レポート
[evaluator_node-6] ============================================================
[evaluator_node-6] 総サンプル数: 51942  (定常区間 t>=3.0s: 49820)
[evaluator_node-6] 真値未着のまま評価できなかったサンプル: 0
[evaluator_node-6] 
[evaluator_node-6] --- 全体（要件A: 定常RMSE<=10mm, 最大位置誤差<=10mm） ---
[evaluator_node-6]   位置誤差: mean=6.32mm  RMSE=6.96mm  max=13.90mm
[evaluator_node-6]   ヨー誤差: mean=0.176deg  RMSE=0.208deg  max=0.413deg
[evaluator_node-6]   判定: 定常誤差(RMSE<=10mm) PASS / 最大位置誤差(<=10mm) FAIL
[evaluator_node-6] 
[evaluator_node-6] --- 高G旋回スピンバースト中 ---
[evaluator_node-6]   位置誤差: mean=nanmm  RMSE=nanmm  max=nanmm
[evaluator_node-6] 
[evaluator_node-6] --- ボール横切り中 vs 非横切り中 ---
[evaluator_node-6]   横切り中   : mean=nanmm  RMSE=nanmm  max=nanmm
[evaluator_node-6]   非横切り中 : mean=6.32mm  RMSE=6.96mm  max=13.90mm
[evaluator_node-6]   判定: ボール横切りによる自己位置無影響 PASS
[evaluator_node-6]   (参考) 横切り中の検出ボール数(最新): 0
[evaluator_node-6] ============================================================
[evaluator_node-6] [INFO] [1785236105.980630943] [unity_evaluator_node]: レポートを保存しました: /tmp/sim_eval_report.txt
[evaluator_node-6] [INFO] [1785236108.269037859] [unity_evaluator_node]: グラフを保存しました: /tmp/sim_eval_plot.png
[backend_optimizer_node-3] [WARN] [1785236109.161256679] [backend_optimizer_node]: slow smoother update: 26.6ms (index 2197)
[INFO] [evaluator_node-6]: process has finished cleanly [pid 1273470]
[INFO] [ball_tracking_node-5]: sending signal 'SIGINT' to process[ball_tracking_node-5]
[INFO] [laser_scan_matching_node-4]: sending signal 'SIGINT' to process[laser_scan_matching_node-4]
[INFO] [backend_optimizer_node-3]: sending signal 'SIGINT' to process[backend_optimizer_node-3]
[INFO] [imu_preintegration_node-2]: sending signal 'SIGINT' to process[imu_preintegration_node-2]
[INFO] [default_server_endpoint-1]: sending signal 'SIGINT' to process[default_server_endpoint-1]
[ball_tracking_node-5] [INFO] [1785236109.268020421] [rclcpp]: signal_handler(signum=2)
[backend_optimizer_node-3] [INFO] [1785236109.285065542] [rclcpp]: signal_handler(signum=2)
[laser_scan_matching_node-4] [INFO] [1785236109.289311790] [rclcpp]: signal_handler(signum=2)
[imu_preintegration_node-2] [INFO] [1785236109.294818004] [rclcpp]: signal_handler(signum=2)
[default_server_endpoint-1] [INFO] [1785236109.397936644] [unity_endpoint]: Disconnected from 127.0.0.1
[default_server_endpoint-1] Exception in thread Thread-6:
[INFO] [backend_optimizer_node-3]: process has finished cleanly [pid 1273459]
[INFO] [imu_preintegration_node-2]: process has finished cleanly [pid 1273458]
[INFO] [ball_tracking_node-5]: process has finished cleanly [pid 1273461]
[INFO] [laser_scan_matching_node-4]: process has finished cleanly [pid 1273460]
[INFO] [default_server_endpoint-1]: process has finished cleanly [pid 1273000]
