[INFO] [launch]: All log files can be found below /home/yukichi6105/ros2_ws/src/lio_localization_sim/docs/stage4_runs/zupt_v3_thresh03_20260728/ros2_logs/2026-07-28-19-12-58-821770-fuku-pc-1155154
[INFO] [launch]: Default logging verbosity is set to INFO
[INFO] [default_server_endpoint-1]: process started with pid [1155180]
[default_server_endpoint-1] /opt/ros/lyrical/lib/python3.14/site-packages/rclpy/executors.py:1073: UserWarning: MultiThreadedExecutor is used with a single thread.
[default_server_endpoint-1] Use the SingleThreadedExecutor instead.
[default_server_endpoint-1]   warnings.warn(
[default_server_endpoint-1] [INFO] [1785233579.603685521] [unity_endpoint]: Starting server on 0.0.0.0:10000
[default_server_endpoint-1] [INFO] [1785233580.015621190] [unity_endpoint]: Connection from 127.0.0.1
[default_server_endpoint-1] [ERROR] [1785233580.017176328] [unity_endpoint]: Exception: No more data available
[default_server_endpoint-1] [INFO] [1785233580.017811101] [unity_endpoint]: Disconnected from 127.0.0.1
[default_server_endpoint-1] [INFO] [1785233580.124403964] [unity_endpoint]: Connection from 127.0.0.1
[default_server_endpoint-1] [ERROR] [1785233580.126683737] [unity_endpoint]: Exception: No more data available
[default_server_endpoint-1] [INFO] [1785233580.127695466] [unity_endpoint]: Disconnected from 127.0.0.1
[INFO] [imu_preintegration_node-2]: process started with pid [1155644]
[INFO] [backend_optimizer_node-3]: process started with pid [1155645]
[INFO] [laser_scan_matching_node-4]: process started with pid [1155646]
[INFO] [ball_tracking_node-5]: process started with pid [1155647]
[INFO] [evaluator_node-6]: process started with pid [1155648]
[ball_tracking_node-5] [INFO] [1785233584.084415142] [ball_tracking_node]: ball_tracking_node started
[imu_preintegration_node-2] [INFO] [1785233584.092844560] [imu_preintegration_node]: imu_preintegration_node started (waiting for first /state_estimate)
[backend_optimizer_node-3] [INFO] [1785233584.104884998] [backend_optimizer_node]: graph (re)initialized at X0=(-2.419, 1.354, 0.000) V0=(0.000, 0.000)
[backend_optimizer_node-3] [INFO] [1785233584.105766011] [backend_optimizer_node]: backend_optimizer_node started (0 cylinders registered)
[laser_scan_matching_node-4] [INFO] [1785233584.108340945] [laser_scan_matching_node]: laser_scan_matching_node started (0 cylinders, 9 internal walls, field 5.572x3.310m, initial seed=(-2.419, 1.354, 0.000))
[evaluator_node-6] [INFO] [1785233585.538038680] [unity_evaluator_node]: evaluator_node started: will run for 60.0s starting from the first /ground_truth_pose
[default_server_endpoint-1] [INFO] [1785233610.180590934] [unity_endpoint]: Connection from 127.0.0.1
[default_server_endpoint-1] [WARN] [1785233610.269639305] [rcl.logging_rosout]: Publisher already registered for node name: 'unity_endpoint'. If this is due to multiple nodes with the same name then all logs for the logger named 'unity_endpoint' will go out over the existing publisher. As soon as any node with that name is destructed it will unregister the publisher, preventing any further logs for that name from being published on the rosout topic.
[default_server_endpoint-1] [INFO] [1785233610.809132083] [unity_endpoint]: RegisterSubscriber(/odom_fast, <class 'nav_msgs.msg._odometry.Odometry'>) OK
[default_server_endpoint-1] [WARN] [1785233610.828827527] [rcl.logging_rosout]: Publisher already registered for node name: 'unity_endpoint'. If this is due to multiple nodes with the same name then all logs for the logger named 'unity_endpoint' will go out over the existing publisher. As soon as any node with that name is destructed it will unregister the publisher, preventing any further logs for that name from being published on the rosout topic.
[default_server_endpoint-1] [INFO] [1785233610.886981271] [unity_endpoint]: RegisterSubscriber(/tf, <class 'tf2_msgs.msg._tf_message.TFMessage'>) OK
[default_server_endpoint-1] [WARN] [1785233610.887683114] [rcl.logging_rosout]: Publisher already registered for node name: 'unity_endpoint'. If this is due to multiple nodes with the same name then all logs for the logger named 'unity_endpoint' will go out over the existing publisher. As soon as any node with that name is destructed it will unregister the publisher, preventing any further logs for that name from being published on the rosout topic.
[default_server_endpoint-1] [INFO] [1785233610.924188745] [unity_endpoint]: RegisterPublisher(/clock, <class 'rosgraph_msgs.msg._clock.Clock'>) OK
[default_server_endpoint-1] [WARN] [1785233611.214097020] [rcl.logging_rosout]: Publisher already registered for node name: 'unity_endpoint'. If this is due to multiple nodes with the same name then all logs for the logger named 'unity_endpoint' will go out over the existing publisher. As soon as any node with that name is destructed it will unregister the publisher, preventing any further logs for that name from being published on the rosout topic.
[default_server_endpoint-1] [INFO] [1785233611.267323656] [unity_endpoint]: RegisterPublisher(/scan, <class 'sensor_msgs.msg._laser_scan.LaserScan'>) OK
[default_server_endpoint-1] [WARN] [1785233611.268092604] [rcl.logging_rosout]: Publisher already registered for node name: 'unity_endpoint'. If this is due to multiple nodes with the same name then all logs for the logger named 'unity_endpoint' will go out over the existing publisher. As soon as any node with that name is destructed it will unregister the publisher, preventing any further logs for that name from being published on the rosout topic.
[default_server_endpoint-1] [INFO] [1785233611.326097763] [unity_endpoint]: RegisterPublisher(/ground_truth_pose, <class 'nav_msgs.msg._odometry.Odometry'>) OK
[default_server_endpoint-1] [WARN] [1785233611.326744221] [rcl.logging_rosout]: Publisher already registered for node name: 'unity_endpoint'. If this is due to multiple nodes with the same name then all logs for the logger named 'unity_endpoint' will go out over the existing publisher. As soon as any node with that name is destructed it will unregister the publisher, preventing any further logs for that name from being published on the rosout topic.
[default_server_endpoint-1] [INFO] [1785233611.403343957] [unity_endpoint]: RegisterPublisher(/imu/data, <class 'sensor_msgs.msg._imu.Imu'>) OK
[evaluator_node-6] [INFO] [1785233611.411271181] [unity_evaluator_node]: first ground truth received: measuring for 60.0s
[default_server_endpoint-1] [WARN] [1785233611.411414403] [rcl.logging_rosout]: Publisher already registered for node name: 'unity_endpoint'. If this is due to multiple nodes with the same name then all logs for the logger named 'unity_endpoint' will go out over the existing publisher. As soon as any node with that name is destructed it will unregister the publisher, preventing any further logs for that name from being published on the rosout topic.
[default_server_endpoint-1] [INFO] [1785233611.477744955] [unity_endpoint]: RegisterPublisher(/clock, <class 'rosgraph_msgs.msg._clock.Clock'>) OK
[default_server_endpoint-1] [INFO] [1785233611.551724125] [unity_endpoint]: RegisterPublisher(/scan, <class 'sensor_msgs.msg._laser_scan.LaserScan'>) OK
[default_server_endpoint-1] [INFO] [1785233611.607492667] [unity_endpoint]: RegisterPublisher(/ground_truth_pose, <class 'nav_msgs.msg._odometry.Odometry'>) OK
[default_server_endpoint-1] [INFO] [1785233611.663506016] [unity_endpoint]: RegisterPublisher(/imu/data, <class 'sensor_msgs.msg._imu.Imu'>) OK
[backend_optimizer_node-3] [WARN] [1785233611.803073917] [backend_optimizer_node]: slow smoother update: 22.4ms (index 7)
[laser_scan_matching_node-4] [WARN] [1785233612.740669095] [laser_scan_matching_node]: IMU coverage wait exceeded 0.050s, processing scan with extrapolated tail
[backend_optimizer_node-3] [WARN] [1785233615.174476157] [backend_optimizer_node]: slow smoother update: 22.3ms (index 84)
[evaluator_node-6] [INFO] [1785233617.950382019] [unity_evaluator_node]: t=5.0s  直近5秒: pos_err mean=3.97mm max=5.00mm  samples=2760  detected_balls=0
[laser_scan_matching_node-4] [INFO] [1785233617.975797798] [laser_scan_matching_node]: note rejection: 26/541 returns unexplained, 0 clusters -> 0 accepted, 0 points dropped (last extent=-1.0000m; gate <=0.350m, min 4 points)
[laser_scan_matching_node-4] [WARN] [1785233618.443389187] [laser_scan_matching_node]: IMU coverage wait exceeded 0.050s, processing scan with extrapolated tail
[backend_optimizer_node-3] [WARN] [1785233618.792032262] [backend_optimizer_node]: slow smoother update: 25.4ms (index 183)
[backend_optimizer_node-3] [WARN] [1785233619.585726569] [backend_optimizer_node]: slow smoother update: 21.2ms (index 209)
[backend_optimizer_node-3] [WARN] [1785233622.721918373] [backend_optimizer_node]: slow smoother update: 21.0ms (index 292)
[laser_scan_matching_node-4] [WARN] [1785233623.712793567] [laser_scan_matching_node]: IMU coverage wait exceeded 0.050s, processing scan with extrapolated tail
[evaluator_node-6] [INFO] [1785233624.278462451] [unity_evaluator_node]: t=10.0s  直近5秒: pos_err mean=4.00mm max=5.47mm  samples=7039  detected_balls=0
[laser_scan_matching_node-4] [INFO] [1785233624.369097603] [laser_scan_matching_node]: note rejection: 23/541 returns unexplained, 0 clusters -> 0 accepted, 0 points dropped (last extent=-1.0000m; gate <=0.350m, min 4 points)
[laser_scan_matching_node-4] [WARN] [1785233625.249306428] [laser_scan_matching_node]: IMU coverage wait exceeded 0.050s, processing scan with extrapolated tail
[backend_optimizer_node-3] [WARN] [1785233625.914857578] [backend_optimizer_node]: slow smoother update: 23.1ms (index 380)
[backend_optimizer_node-3] [WARN] [1785233628.969612790] [backend_optimizer_node]: slow smoother update: 27.4ms (index 476)
[laser_scan_matching_node-4] [WARN] [1785233629.807645445] [laser_scan_matching_node]: IMU coverage wait exceeded 0.050s, processing scan with extrapolated tail
[backend_optimizer_node-3] [WARN] [1785233629.945395135] [backend_optimizer_node]: slow smoother update: 22.6ms (index 501)
[evaluator_node-6] [INFO] [1785233630.501253323] [unity_evaluator_node]: t=15.0s  直近5秒: pos_err mean=7.39mm max=11.65mm  samples=10604  detected_balls=0
[laser_scan_matching_node-4] [INFO] [1785233630.605680396] [laser_scan_matching_node]: note rejection: 54/541 returns unexplained, 2 clusters -> 1 accepted, 5 points dropped (last extent=0.0674m; gate <=0.350m, min 4 points)
[backend_optimizer_node-3] [WARN] [1785233630.635403000] [backend_optimizer_node]: slow smoother update: 28.2ms (index 517)
[laser_scan_matching_node-4] [WARN] [1785233631.194114476] [laser_scan_matching_node]: IMU coverage wait exceeded 0.050s, processing scan with extrapolated tail
[laser_scan_matching_node-4] [WARN] [1785233633.781152191] [laser_scan_matching_node]: IMU coverage wait exceeded 0.050s, processing scan with extrapolated tail
[backend_optimizer_node-3] [WARN] [1785233633.826949006] [backend_optimizer_node]: slow smoother update: 87.0ms (index 602)
[laser_scan_matching_node-4] [WARN] [1785233635.261973160] [laser_scan_matching_node]: IMU coverage wait exceeded 0.050s, processing scan with extrapolated tail
[evaluator_node-6] [INFO] [1785233636.031678096] [unity_evaluator_node]: t=19.9s  直近5秒: pos_err mean=5.45mm max=12.03mm  samples=13566  detected_balls=0
[laser_scan_matching_node-4] [INFO] [1785233636.201504588] [laser_scan_matching_node]: note rejection: 41/541 returns unexplained, 2 clusters -> 1 accepted, 4 points dropped (last extent=0.0534m; gate <=0.350m, min 4 points)
[laser_scan_matching_node-4] [WARN] [1785233636.379300679] [laser_scan_matching_node]: IMU coverage wait exceeded 0.050s, processing scan with extrapolated tail
[backend_optimizer_node-3] [WARN] [1785233638.622696689] [backend_optimizer_node]: slow smoother update: 21.2ms (index 749)
[evaluator_node-6] [INFO] [1785233641.357390758] [unity_evaluator_node]: t=25.0s  直近5秒: pos_err mean=7.33mm max=11.56mm  samples=17669  detected_balls=0
[laser_scan_matching_node-4] [INFO] [1785233641.558642876] [laser_scan_matching_node]: note rejection: 28/541 returns unexplained, 0 clusters -> 0 accepted, 0 points dropped (last extent=-1.0000m; gate <=0.350m, min 4 points)
[laser_scan_matching_node-4] [WARN] [1785233642.595225255] [laser_scan_matching_node]: IMU coverage wait exceeded 0.050s, processing scan with extrapolated tail
[laser_scan_matching_node-4] [WARN] [1785233645.154752367] [laser_scan_matching_node]: IMU coverage wait exceeded 0.050s, processing scan with extrapolated tail
[evaluator_node-6] [INFO] [1785233646.851509153] [unity_evaluator_node]: t=30.0s  直近5秒: pos_err mean=7.14mm max=14.20mm  samples=21708  detected_balls=0
[laser_scan_matching_node-4] [INFO] [1785233647.081372025] [laser_scan_matching_node]: note rejection: 27/541 returns unexplained, 2 clusters -> 2 accepted, 8 points dropped (last extent=0.0467m; gate <=0.350m, min 4 points)
[laser_scan_matching_node-4] [WARN] [1785233649.803427736] [laser_scan_matching_node]: IMU coverage wait exceeded 0.050s, processing scan with extrapolated tail
[laser_scan_matching_node-4] [WARN] [1785233651.862996519] [laser_scan_matching_node]: IMU coverage wait exceeded 0.050s, processing scan with extrapolated tail
[evaluator_node-6] [INFO] [1785233652.199630112] [unity_evaluator_node]: t=35.0s  直近5秒: pos_err mean=4.89mm max=11.45mm  samples=26214  detected_balls=0
[laser_scan_matching_node-4] [INFO] [1785233652.500382457] [laser_scan_matching_node]: note rejection: 39/541 returns unexplained, 2 clusters -> 1 accepted, 4 points dropped (last extent=0.0634m; gate <=0.350m, min 4 points)
[backend_optimizer_node-3] [WARN] [1785233654.622575550] [backend_optimizer_node]: slow smoother update: 26.3ms (index 1278)
[evaluator_node-6] [INFO] [1785233657.606793593] [unity_evaluator_node]: t=40.0s  直近5秒: pos_err mean=8.13mm max=12.07mm  samples=30775  detected_balls=0
[laser_scan_matching_node-4] [INFO] [1785233657.879327504] [laser_scan_matching_node]: note rejection: 33/541 returns unexplained, 0 clusters -> 0 accepted, 0 points dropped (last extent=-1.0000m; gate <=0.350m, min 4 points)
[evaluator_node-6] [INFO] [1785233662.846039665] [unity_evaluator_node]: t=45.0s  直近5秒: pos_err mean=5.18mm max=10.12mm  samples=35552  detected_balls=0
[laser_scan_matching_node-4] [INFO] [1785233663.119392954] [laser_scan_matching_node]: note rejection: 45/541 returns unexplained, 1 clusters -> 0 accepted, 0 points dropped (last extent=1.0728m; gate <=0.350m, min 4 points)
[laser_scan_matching_node-4] [WARN] [1785233664.090471163] [laser_scan_matching_node]: IMU coverage wait exceeded 0.050s, processing scan with extrapolated tail
[evaluator_node-6] [INFO] [1785233668.014415556] [unity_evaluator_node]: t=50.0s  直近5秒: pos_err mean=6.87mm max=11.37mm  samples=40373  detected_balls=0
[laser_scan_matching_node-4] [INFO] [1785233668.309134869] [laser_scan_matching_node]: note rejection: 26/541 returns unexplained, 0 clusters -> 0 accepted, 0 points dropped (last extent=-1.0000m; gate <=0.350m, min 4 points)
[evaluator_node-6] [INFO] [1785233673.236761899] [unity_evaluator_node]: t=55.0s  直近5秒: pos_err mean=7.54mm max=13.89mm  samples=45264  detected_balls=0
[laser_scan_matching_node-4] [INFO] [1785233673.622989767] [laser_scan_matching_node]: note rejection: 25/541 returns unexplained, 0 clusters -> 0 accepted, 0 points dropped (last extent=-1.0000m; gate <=0.350m, min 4 points)
[evaluator_node-6] [INFO] [1785233678.557851587] [unity_evaluator_node]: t=60.0s  直近5秒: pos_err mean=4.97mm max=8.61mm  samples=49984  detected_balls=0
[evaluator_node-6] [INFO] [1785233678.558842608] [unity_evaluator_node]: === 評価終了、集計します ===
[evaluator_node-6] [INFO] [1785233678.901974491] [unity_evaluator_node]: 
[evaluator_node-6] ============================================================
[evaluator_node-6] main.md 6-A-1 シミュレーション評価レポート
[evaluator_node-6] ============================================================
[evaluator_node-6] 総サンプル数: 49984  (定常区間 t>=3.0s: 48557)
[evaluator_node-6] 真値未着のまま評価できなかったサンプル: 0
[evaluator_node-6] 
[evaluator_node-6] --- 全体（要件A: 定常RMSE<=10mm, 最大位置誤差<=10mm） ---
[evaluator_node-6]   位置誤差: mean=6.21mm  RMSE=6.91mm  max=14.20mm
[evaluator_node-6]   ヨー誤差: mean=0.159deg  RMSE=0.191deg  max=0.411deg
[evaluator_node-6]   判定: 定常誤差(RMSE<=10mm) PASS / 最大位置誤差(<=10mm) FAIL
[evaluator_node-6] 
[evaluator_node-6] --- 高G旋回スピンバースト中 ---
[evaluator_node-6]   位置誤差: mean=nanmm  RMSE=nanmm  max=nanmm
[evaluator_node-6] 
[evaluator_node-6] --- ボール横切り中 vs 非横切り中 ---
[evaluator_node-6]   横切り中   : mean=nanmm  RMSE=nanmm  max=nanmm
[evaluator_node-6]   非横切り中 : mean=6.21mm  RMSE=6.91mm  max=14.20mm
[evaluator_node-6]   判定: ボール横切りによる自己位置無影響 PASS
[evaluator_node-6]   (参考) 横切り中の検出ボール数(最新): 0
[evaluator_node-6] ============================================================
[evaluator_node-6] [INFO] [1785233678.903357772] [unity_evaluator_node]: レポートを保存しました: /tmp/sim_eval_report.txt
[laser_scan_matching_node-4] [INFO] [1785233678.909412732] [laser_scan_matching_node]: note rejection: 77/541 returns unexplained, 3 clusters -> 3 accepted, 51 points dropped (last extent=0.1148m; gate <=0.350m, min 4 points)
[laser_scan_matching_node-4] [WARN] [1785233679.067866058] [laser_scan_matching_node]: IMU coverage wait exceeded 0.050s, processing scan with extrapolated tail
[evaluator_node-6] [INFO] [1785233681.005950223] [unity_evaluator_node]: グラフを保存しました: /tmp/sim_eval_plot.png
[laser_scan_matching_node-4] [WARN] [1785233681.254944557] [laser_scan_matching_node]: IMU coverage wait exceeded 0.050s, processing scan with extrapolated tail
[INFO] [evaluator_node-6]: process has finished cleanly [pid 1155648]
[INFO] [ball_tracking_node-5]: sending signal 'SIGINT' to process[ball_tracking_node-5]
[INFO] [laser_scan_matching_node-4]: sending signal 'SIGINT' to process[laser_scan_matching_node-4]
[INFO] [backend_optimizer_node-3]: sending signal 'SIGINT' to process[backend_optimizer_node-3]
[INFO] [imu_preintegration_node-2]: sending signal 'SIGINT' to process[imu_preintegration_node-2]
[INFO] [default_server_endpoint-1]: sending signal 'SIGINT' to process[default_server_endpoint-1]
[ball_tracking_node-5] [INFO] [1785233681.800167304] [rclcpp]: signal_handler(signum=2)
[imu_preintegration_node-2] [INFO] [1785233681.816850424] [rclcpp]: signal_handler(signum=2)
[laser_scan_matching_node-4] [INFO] [1785233681.825702560] [rclcpp]: signal_handler(signum=2)
[backend_optimizer_node-3] [INFO] [1785233681.831385854] [rclcpp]: signal_handler(signum=2)
[default_server_endpoint-1] [INFO] [1785233681.832126748] [unity_endpoint]: Disconnected from 127.0.0.1
[default_server_endpoint-1] Exception in thread Thread-6:
[default_server_endpoint-1] Traceback (most recent call last):
[default_server_endpoint-1]   File "/usr/lib/python3.14/threading.py", line 1082, in _bootstrap_inner
[default_server_endpoint-1]     self._context.run(self.run)
[default_server_endpoint-1]     ~~~~~~~~~~~~~~~~~^^^^^^^^^^
[default_server_endpoint-1]   File "/home/yukichi6105/ros2_ws/build/ros_tcp_endpoint/ros_tcp_endpoint/client.py", line 216, in run
[default_server_endpoint-1]     ros_communicator.send(data)
[default_server_endpoint-1]     ~~~~~~~~~~~~~~~~~~~~~^^^^^^
[default_server_endpoint-1]   File "/home/yukichi6105/ros2_ws/build/ros_tcp_endpoint/ros_tcp_endpoint/publisher.py", line 57, in send
[default_server_endpoint-1]     self.pub.publish(data)
[default_server_endpoint-1]     ~~~~~~~~~~~~~~~~^^^^^^
[default_server_endpoint-1]   File "/opt/ros/lyrical/lib/python3.14/site-packages/rclpy/publisher.py", line 69, in publish
[default_server_endpoint-1]     self.__publisher.publish_raw(msg)
[default_server_endpoint-1]     ~~~~~~~~~~~~~~~~~~~~~~~~~~~~^^^^^
[default_server_endpoint-1] rclpy._rclpy_pybind11.RCLError: Failed to publish: publisher's context is invalid, at ./src/rcl/publisher.c:427
[INFO] [laser_scan_matching_node-4]: process has finished cleanly [pid 1155646]
[INFO] [ball_tracking_node-5]: process has finished cleanly [pid 1155647]
[INFO] [imu_preintegration_node-2]: process has finished cleanly [pid 1155644]
[INFO] [backend_optimizer_node-3]: process has finished cleanly [pid 1155645]
[default_server_endpoint-1] Traceback (most recent call last):
[default_server_endpoint-1]   File "/home/yukichi6105/ros2_ws/install/ros_tcp_endpoint/lib/ros_tcp_endpoint/default_server_endpoint", line 33, in <module>
[default_server_endpoint-1]     sys.exit(load_entry_point('ros-tcp-endpoint', 'console_scripts', 'default_server_endpoint')())
[default_server_endpoint-1]              ~~~~~~~~~~~~~~~~~~~~~~~~~~~~~~~~~~~~~~~~~~~~~~~~~~~~~~~~~~~~~~~~~~~~~~~~~~~~~~~~~~^^
[default_server_endpoint-1]   File "/home/yukichi6105/ros2_ws/build/ros_tcp_endpoint/ros_tcp_endpoint/default_server_endpoint.py", line 14, in main
[default_server_endpoint-1]     tcp_server.setup_executor()
[default_server_endpoint-1]     ~~~~~~~~~~~~~~~~~~~~~~~~~^^
[default_server_endpoint-1]   File "/home/yukichi6105/ros2_ws/build/ros_tcp_endpoint/ros_tcp_endpoint/server.py", line 167, in setup_executor
[default_server_endpoint-1]     executor.spin()
[default_server_endpoint-1]     ~~~~~~~~~~~~~^^
[default_server_endpoint-1]   File "/opt/ros/lyrical/lib/python3.14/site-packages/rclpy/executors.py", line 400, in spin
[default_server_endpoint-1]     self._spin_once_impl()
[default_server_endpoint-1]     ~~~~~~~~~~~~~~~~~~~~^^
[default_server_endpoint-1]   File "/opt/ros/lyrical/lib/python3.14/site-packages/rclpy/executors.py", line 1086, in _spin_once_impl
[default_server_endpoint-1]     handler, entity, node = self.wait_for_ready_callbacks(
[default_server_endpoint-1]                             ~~~~~~~~~~~~~~~~~~~~~~~~~~~~~^
[default_server_endpoint-1]         timeout_sec, None, wait_condition)
[default_server_endpoint-1]         ^^^^^^^^^^^^^^^^^^^^^^^^^^^^^^^^^^
[default_server_endpoint-1]   File "/opt/ros/lyrical/lib/python3.14/site-packages/rclpy/executors.py", line 970, in wait_for_ready_callbacks
[default_server_endpoint-1]     return next(self._cb_iter)
[default_server_endpoint-1]   File "/opt/ros/lyrical/lib/python3.14/site-packages/rclpy/executors.py", line 848, in _wait_for_ready_callbacks
[default_server_endpoint-1]     wait_set = _rclpy.WaitSet(
[default_server_endpoint-1]         entity_count.num_subscriptions,
[default_server_endpoint-1]     ...<4 lines>...
[default_server_endpoint-1]         entity_count.num_events,
[default_server_endpoint-1]         self._context.handle)
[default_server_endpoint-1] rclpy._rclpy_pybind11.RCLError: failed to initialize wait set: the given context is not valid, either rcl_init() was not called or rcl_shutdown() was called., at ./src/rcl/wait.c:110
[ERROR] [default_server_endpoint-1]: process has died [pid 1155180, exit code 1, cmd '/home/yukichi6105/ros2_ws/install/ros_tcp_endpoint/lib/ros_tcp_endpoint/default_server_endpoint --ros-args -r __node:=unity_endpoint --params-file /tmp/launch_params_32bkhnkp'].
