[INFO] [1785240978.202689481] [backend_optimizer_node]: graph (re)initialized at X0=(-2.419, 1.354, 0.000) V0=(0.000, 0.000)
[INFO] [1785240978.203070975] [backend_optimizer_node]: backend_optimizer_node started (0 cylinders registered)
[WARN] [1785241024.260502775] [backend_optimizer_node]: slow smoother update: 26.3ms (index 6)
[WARN] [1785241025.653033339] [backend_optimizer_node]: slow smoother update: 27.8ms (index 20)
[WARN] [1785241025.742383280] [backend_optimizer_node]: slow smoother update: 27.4ms (index 21)
[WARN] [1785241026.829611512] [backend_optimizer_node]: slow smoother update: 50.1ms (index 32)
[WARN] [1785241028.446608724] [backend_optimizer_node]: slow smoother update: 26.0ms (index 46)
[WARN] [1785241033.443049912] [backend_optimizer_node]: slow smoother update: 20.0ms (index 109)
[WARN] [1785241035.419859915] [backend_optimizer_node]: slow smoother update: 21.0ms (index 134)
[WARN] [1785241036.850810298] [backend_optimizer_node]: slow smoother update: 21.5ms (index 148)
[WARN] [1785241037.605382213] [backend_optimizer_node]: slow smoother update: 28.1ms (index 151)
[WARN] [1785241043.268360695] [backend_optimizer_node]: slow smoother update: 27.7ms (index 212)
[WARN] [1785241043.607745038] [backend_optimizer_node]: slow smoother update: 28.4ms (index 216)
[WARN] [1785241045.147236734] [backend_optimizer_node]: slow smoother update: 30.4ms (index 231)
[WARN] [1785241047.298092292] [backend_optimizer_node]: slow smoother update: 34.6ms (index 256)
[WARN] [1785241048.041258086] [backend_optimizer_node]: slow smoother update: 34.3ms (index 266)
[WARN] [1785241051.455715412] [backend_optimizer_node]: slow smoother update: 24.6ms (index 308)
[WARN] [1785241056.734057262] [backend_optimizer_node]: slow smoother update: 23.3ms (index 354)
[WARN] [1785241058.585279829] [backend_optimizer_node]: slow smoother update: 30.5ms (index 378)
[WARN] [1785241058.694940411] [backend_optimizer_node]: slow smoother update: 25.0ms (index 379)
[WARN] [1785241058.780318734] [backend_optimizer_node]: slow smoother update: 21.3ms (index 381)
[WARN] [1785241058.919474471] [backend_optimizer_node]: slow smoother update: 22.7ms (index 382)
[WARN] [1785241063.431190929] [backend_optimizer_node]: slow smoother update: 23.0ms (index 427)
[WARN] [1785241063.691978721] [backend_optimizer_node]: slow smoother update: 32.5ms (index 430)
[WARN] [1785241065.455837809] [backend_optimizer_node]: slow smoother update: 34.7ms (index 449)
[WARN] [1785241067.640041597] [backend_optimizer_node]: wall correction downweighted by DCS: d_xy=0.101m (> 0.083m, dt=0.125s, scale=1.21x) — reduced confidence, not rejected
[WARN] [1785241073.853702735] [backend_optimizer_node]: slow smoother update: 21.0ms (index 550)
[WARN] [1785241078.181766616] [backend_optimizer_node]: slow smoother update: 23.1ms (index 598)
[WARN] [1785241080.128451423] [backend_optimizer_node]: slow smoother update: 36.8ms (index 616)
[WARN] [1785241085.741845873] [backend_optimizer_node]: slow smoother update: 23.0ms (index 678)
[WARN] [1785241086.993725214] [backend_optimizer_node]: slow smoother update: 20.3ms (index 695)
[WARN] [1785241088.387710735] [backend_optimizer_node]: slow smoother update: 20.6ms (index 714)
[WARN] [1785241090.702920099] [backend_optimizer_node]: slow smoother update: 34.9ms (index 742)
[WARN] [1785241091.005236059] [backend_optimizer_node]: slow smoother update: 30.0ms (index 748)
[WARN] [1785241091.651849829] [backend_optimizer_node]: slow smoother update: 44.4ms (index 756)
[WARN] [1785241094.396466037] [backend_optimizer_node]: slow smoother update: 24.1ms (index 788)
[WARN] [1785241095.744192369] [backend_optimizer_node]: slow smoother update: 22.0ms (index 807)
[WARN] [1785241095.925720827] [backend_optimizer_node]: slow smoother update: 34.9ms (index 808)
[WARN] [1785241108.831362516] [backend_optimizer_node]: slow smoother update: 34.2ms (index 968)
[WARN] [1785241110.056186149] [backend_optimizer_node]: slow smoother update: 30.1ms (index 987)
[WARN] [1785241112.268165378] [backend_optimizer_node]: slow smoother update: 31.8ms (index 1013)
[WARN] [1785241112.296169492] [backend_optimizer_node]: slow smoother update: 26.9ms (index 1014)
[WARN] [1785241115.343776315] [backend_optimizer_node]: slow smoother update: 29.0ms (index 1044)
[WARN] [1785241115.733645431] [backend_optimizer_node]: slow smoother update: 28.4ms (index 1049)
[WARN] [1785241117.177477981] [backend_optimizer_node]: slow smoother update: 30.1ms (index 1069)
[WARN] [1785241117.421080027] [backend_optimizer_node]: slow smoother update: 20.3ms (index 1072)
[WARN] [1785241119.785720680] [backend_optimizer_node]: slow smoother update: 38.3ms (index 1096)
[WARN] [1785241121.812195164] [backend_optimizer_node]: slow smoother update: 34.8ms (index 1121)
[WARN] [1785241124.535351781] [backend_optimizer_node]: slow smoother update: 21.8ms (index 1153)
[WARN] [1785241124.811444077] [backend_optimizer_node]: slow smoother update: 20.7ms (index 1156)
[WARN] [1785241125.783494174] [backend_optimizer_node]: slow smoother update: 24.0ms (index 1168)
[WARN] [1785241125.845512265] [backend_optimizer_node]: slow smoother update: 45.4ms (index 1169)
[WARN] [1785241129.439485043] [backend_optimizer_node]: slow smoother update: 24.3ms (index 1218)
[WARN] [1785241130.949282098] [backend_optimizer_node]: slow smoother update: 27.6ms (index 1229)
[WARN] [1785241131.529887346] [backend_optimizer_node]: slow smoother update: 21.7ms (index 1236)
[WARN] [1785241134.519699130] [backend_optimizer_node]: slow smoother update: 22.6ms (index 1271)
[WARN] [1785241139.395618706] [backend_optimizer_node]: slow smoother update: 21.1ms (index 1332)
[WARN] [1785241140.293836044] [backend_optimizer_node]: slow smoother update: 22.4ms (index 1336)
[WARN] [1785241141.513829803] [backend_optimizer_node]: slow smoother update: 34.1ms (index 1350)
[WARN] [1785241142.859047231] [backend_optimizer_node]: slow smoother update: 26.4ms (index 1360)
[WARN] [1785241143.098443973] [backend_optimizer_node]: slow smoother update: 29.2ms (index 1362)
[WARN] [1785241144.019393551] [backend_optimizer_node]: slow smoother update: 25.6ms (index 1371)
[WARN] [1785241144.757185618] [backend_optimizer_node]: slow smoother update: 56.3ms (index 1380)
[WARN] [1785241146.991869303] [backend_optimizer_node]: slow smoother update: 40.3ms (index 1406)
[WARN] [1785241149.907881503] [backend_optimizer_node]: slow smoother update: 20.7ms (index 1439)
[WARN] [1785241152.972501633] [backend_optimizer_node]: slow smoother update: 23.8ms (index 1475)
[WARN] [1785241154.801501657] [backend_optimizer_node]: slow smoother update: 26.1ms (index 1497)
[WARN] [1785241157.790919063] [backend_optimizer_node]: slow smoother update: 35.8ms (index 1530)
[WARN] [1785241159.098921295] [backend_optimizer_node]: slow smoother update: 26.6ms (index 1542)
[WARN] [1785241159.287197500] [backend_optimizer_node]: slow smoother update: 35.2ms (index 1544)
[WARN] [1785241160.503834006] [backend_optimizer_node]: slow smoother update: 30.4ms (index 1559)
[WARN] [1785241161.361017473] [backend_optimizer_node]: slow smoother update: 21.1ms (index 1568)
[WARN] [1785241167.690698699] [backend_optimizer_node]: slow smoother update: 38.8ms (index 1640)
[WARN] [1785241167.713364012] [backend_optimizer_node]: slow smoother update: 21.6ms (index 1641)
[WARN] [1785241169.643892447] [backend_optimizer_node]: slow smoother update: 25.8ms (index 1661)
[WARN] [1785241171.937751530] [backend_optimizer_node]: slow smoother update: 30.9ms (index 1685)
[WARN] [1785241176.198004052] [backend_optimizer_node]: slow smoother update: 29.9ms (index 1730)
[WARN] [1785241177.448024871] [backend_optimizer_node]: slow smoother update: 30.8ms (index 1746)
[WARN] [1785241187.994826998] [backend_optimizer_node]: slow smoother update: 23.1ms (index 1862)
[WARN] [1785241190.119116674] [backend_optimizer_node]: slow smoother update: 20.4ms (index 1890)
[WARN] [1785241195.396942372] [backend_optimizer_node]: slow smoother update: 25.1ms (index 1953)
[WARN] [1785241196.066867319] [backend_optimizer_node]: slow smoother update: 30.5ms (index 1960)
[WARN] [1785241196.616862545] [backend_optimizer_node]: slow smoother update: 43.2ms (index 1965)
[WARN] [1785241196.648184328] [backend_optimizer_node]: slow smoother update: 28.9ms (index 1966)
[WARN] [1785241197.511511086] [backend_optimizer_node]: slow smoother update: 29.0ms (index 1978)
[WARN] [1785241199.154591470] [backend_optimizer_node]: slow smoother update: 36.9ms (index 1992)
[WARN] [1785241199.639021814] [backend_optimizer_node]: slow smoother update: 31.5ms (index 1998)
[WARN] [1785241199.668749512] [backend_optimizer_node]: slow smoother update: 27.9ms (index 1999)
[INFO] [1785241204.576046964] [rclcpp]: signal_handler(signum=2)
