[INFO] [1785240980.653482429] [unity_evaluator_node]: evaluator_node started: will run for 60.0s starting from the first /ground_truth_pose
[INFO] [1785241023.392034788] [unity_evaluator_node]: first ground truth received: measuring for 60.0s
[INFO] [1785241037.260056483] [unity_evaluator_node]: t=4.9s  直近5秒: pos_err mean=5.63mm max=12.41mm  samples=2453  detected_balls=0
[INFO] [1785241050.486391350] [unity_evaluator_node]: t=10.0s  直近5秒: pos_err mean=4.24mm max=6.51mm  samples=4778  detected_balls=0
[INFO] [1785241066.489353203] [unity_evaluator_node]: t=14.9s  直近5秒: pos_err mean=7.01mm max=16.40mm  samples=7979  detected_balls=0
[INFO] [1785241080.371764575] [unity_evaluator_node]: t=20.0s  直近5秒: pos_err mean=6.74mm max=13.48mm  samples=10954  detected_balls=0
[INFO] [1785241094.221912263] [unity_evaluator_node]: t=25.0s  直近5秒: pos_err mean=7.88mm max=13.89mm  samples=13764  detected_balls=0
[INFO] [1785241107.189474866] [unity_evaluator_node]: t=30.0s  直近5秒: pos_err mean=1.61mm max=2.93mm  samples=16318  detected_balls=0
[INFO] [1785241120.672386271] [unity_evaluator_node]: t=35.0s  直近5秒: pos_err mean=3.86mm max=11.08mm  samples=18605  detected_balls=0
[INFO] [1785241134.596950340] [unity_evaluator_node]: t=40.0s  直近5秒: pos_err mean=8.55mm max=15.10mm  samples=21561  detected_balls=0
[INFO] [1785241149.781632729] [unity_evaluator_node]: t=44.9s  直近5秒: pos_err mean=5.71mm max=11.62mm  samples=24764  detected_balls=0
[INFO] [1785241164.788282231] [unity_evaluator_node]: t=49.9s  直近5秒: pos_err mean=8.65mm max=12.88mm  samples=27672  detected_balls=0
[INFO] [1785241180.768951302] [unity_evaluator_node]: t=55.0s  直近5秒: pos_err mean=2.24mm max=7.71mm  samples=30923  detected_balls=0
[INFO] [1785241195.405229696] [unity_evaluator_node]: t=60.0s  直近5秒: pos_err mean=6.92mm max=12.74mm  samples=34108  detected_balls=0
[INFO] [1785241195.418001986] [unity_evaluator_node]: === 評価終了、集計します ===
[INFO] [1785241196.546816866] [unity_evaluator_node]: 
============================================================
main.md 6-A-1 シミュレーション評価レポート
============================================================
総サンプル数: 34108  (定常区間 t>=3.0s: 32451)
真値未着のまま評価できなかったサンプル: 0

--- 全体（要件A: 定常RMSE<=10mm, 最大位置誤差<=10mm） ---
  位置誤差: mean=5.82mm  RMSE=6.79mm  max=16.40mm
  ヨー誤差: mean=0.097deg  RMSE=0.120deg  max=0.240deg
  判定: 定常誤差(RMSE<=10mm) PASS / 最大位置誤差(<=10mm) FAIL

--- 高G旋回スピンバースト中 ---
  位置誤差: mean=nanmm  RMSE=nanmm  max=nanmm

--- ボール横切り中 vs 非横切り中 ---
  横切り中   : mean=nanmm  RMSE=nanmm  max=nanmm
  非横切り中 : mean=5.82mm  RMSE=6.79mm  max=16.40mm
  判定: ボール横切りによる自己位置無影響 PASS
  (参考) 横切り中の検出ボール数(最新): 0
============================================================
[INFO] [1785241196.553993933] [unity_evaluator_node]: レポートを保存しました: /tmp/sim_eval_report.txt
[INFO] [1785241203.668177676] [unity_evaluator_node]: グラフを保存しました: /tmp/sim_eval_plot.png
