[INFO] [1785436867.882076330] [realtime_evaluator_node]: C++ realtime evaluator started: measuring 60.0s from first ground truth
[WARN] [1785436874.139366860] [realtime_evaluator_node]: no /odom_fast samples matched to ground truth yet
[INFO] [1785436875.285900778] [realtime_evaluator_node]: first ground truth received; measurement window started
[INFO] [1785436877.599223167] [realtime_evaluator_node]: t=2.1s  recent 5s: pos_err mean=0.32mm max=2.17mm samples=1965 balls=0
[INFO] [1785436882.599590508] [realtime_evaluator_node]: t=6.9s  recent 5s: pos_err mean=0.38mm max=1.13mm samples=6874 balls=0
[INFO] [1785436887.599211865] [realtime_evaluator_node]: t=11.6s  recent 5s: pos_err mean=0.37mm max=1.07mm samples=11845 balls=0
[INFO] [1785436892.599206345] [realtime_evaluator_node]: t=16.5s  recent 5s: pos_err mean=0.61mm max=2.57mm samples=16879 balls=0
[INFO] [1785436897.602204944] [realtime_evaluator_node]: t=21.3s  recent 5s: pos_err mean=0.89mm max=2.63mm samples=21919 balls=0
[INFO] [1785436902.599346945] [realtime_evaluator_node]: t=26.1s  recent 5s: pos_err mean=0.45mm max=1.58mm samples=26880 balls=0
[INFO] [1785436907.608033504] [realtime_evaluator_node]: t=30.9s  recent 5s: pos_err mean=0.99mm max=13.93mm samples=31863 balls=0
[INFO] [1785436912.599262504] [realtime_evaluator_node]: t=35.6s  recent 5s: pos_err mean=1.25mm max=18.37mm samples=36807 balls=0
[INFO] [1785436917.599299687] [realtime_evaluator_node]: t=40.4s  recent 5s: pos_err mean=0.41mm max=1.29mm samples=41769 balls=0
[INFO] [1785436922.599442202] [realtime_evaluator_node]: t=45.2s  recent 5s: pos_err mean=0.51mm max=1.87mm samples=46761 balls=0
[INFO] [1785436927.599623272] [realtime_evaluator_node]: t=49.9s  recent 5s: pos_err mean=1.10mm max=2.83mm samples=51593 balls=0
[INFO] [1785436932.599681995] [realtime_evaluator_node]: t=54.7s  recent 5s: pos_err mean=0.44mm max=1.46mm samples=56598 balls=0
[INFO] [1785436935.295312811] [realtime_evaluator_node]: 
============================================================
main.md 6-A-1 シミュレーション評価レポート (C++ realtime evaluator)
============================================================
総サンプル数: 59239  (定常区間 t>=3.0s: 56381)
真値未着のまま評価できなかったサンプル: 2

--- 全体（要件A: 定常RMSE<=10mm, 最大位置誤差<=10mm） ---
  位置誤差: mean=0.64mm  RMSE=1.09mm  max=18.37mm
  ヨー誤差: mean=0.081deg  RMSE=0.267deg  max=6.789deg
  判定: 定常誤差(RMSE<=10mm) PASS / 最大位置誤差(<=10mm) FAIL

--- 高G旋回スピンバースト中 ---
  位置誤差: mean=nanmm  RMSE=nanmm  max=nanmm

--- ボール横切り中 vs 非横切り中 ---
  横切り中   : mean=nanmm  RMSE=nanmm  max=nanmm
  非横切り中 : mean=nanmm  RMSE=nanmm  max=nanmm
  判定: ボール横切りによる自己位置無影響 PASS
  (参考) 横切り中の検出ボール数(最新): 0
============================================================

[INFO] [1785436935.440022580] [realtime_evaluator_node]: Saved report and raw error CSV in /home/yukichi6105/ros2_ws/src/lio_localization_sim/docs/stage4_runs/collision_bag_odomfast_hold_retry_20260731/evaluator_output
