[INFO] [1785420661.296931470] [backend_optimizer_node]: graph (re)initialized at X0=(-2.419, 1.354, 0.000) V0=(0.000, 0.000)
[INFO] [1785420661.297366910] [backend_optimizer_node]: backend_optimizer_node started (0 cylinders registered)
[INFO] [1785420669.992504129] [backend_optimizer_node]: wall prior loosened by ICP covariance: sigma(yaw,x,y)=(0.0064, 0.0063, 0.0063) censi=(0.0063, 0.0063, 0.0063)
[WARN] [1785420670.377979814] [backend_optimizer_node]: slow smoother update: 32.8ms (index 94)
[WARN] [1785420670.568395888] [backend_optimizer_node]: slow smoother update: 59.1ms (index 100)
[WARN] [1785420670.746421200] [backend_optimizer_node]: slow smoother update: 47.1ms (index 109)
[WARN] [1785420671.744162841] [backend_optimizer_node]: slow smoother update: 23.5ms (index 150)
[INFO] [1785420672.006427456] [backend_optimizer_node]: wall prior loosened by ICP covariance: sigma(yaw,x,y)=(0.0064, 0.0063, 0.0063) censi=(0.0063, 0.0063, 0.0063)
[INFO] [1785420674.020641515] [backend_optimizer_node]: wall prior loosened by ICP covariance: sigma(yaw,x,y)=(0.0064, 0.0063, 0.0063) censi=(0.0063, 0.0063, 0.0063)
[INFO] [1785420676.026373874] [backend_optimizer_node]: wall prior loosened by ICP covariance: sigma(yaw,x,y)=(0.0064, 0.0063, 0.0063) censi=(0.0063, 0.0063, 0.0063)
[INFO] [1785420678.045131892] [backend_optimizer_node]: wall prior loosened by ICP covariance: sigma(yaw,x,y)=(0.0065, 0.0063, 0.0063) censi=(0.0063, 0.0063, 0.0063)
[INFO] [1785420680.050120249] [backend_optimizer_node]: wall prior loosened by ICP covariance: sigma(yaw,x,y)=(0.0065, 0.0063, 0.0063) censi=(0.0063, 0.0063, 0.0063)
[INFO] [1785420682.071215999] [backend_optimizer_node]: wall prior loosened by ICP covariance: sigma(yaw,x,y)=(0.0064, 0.0063, 0.0063) censi=(0.0063, 0.0063, 0.0063)
[INFO] [1785420684.074912476] [backend_optimizer_node]: wall prior loosened by ICP covariance: sigma(yaw,x,y)=(0.0064, 0.0063, 0.0063) censi=(0.0063, 0.0063, 0.0063)
[INFO] [1785420686.097516601] [backend_optimizer_node]: wall prior loosened by ICP covariance: sigma(yaw,x,y)=(0.0064, 0.0063, 0.0063) censi=(0.0063, 0.0063, 0.0063)
[INFO] [1785420688.127750379] [backend_optimizer_node]: wall prior loosened by ICP covariance: sigma(yaw,x,y)=(0.0064, 0.0063, 0.0063) censi=(0.0063, 0.0063, 0.0063)
[INFO] [1785420690.145341139] [backend_optimizer_node]: wall prior loosened by ICP covariance: sigma(yaw,x,y)=(0.0064, 0.0063, 0.0063) censi=(0.0063, 0.0063, 0.0063)
[INFO] [1785420692.146807221] [backend_optimizer_node]: wall prior loosened by ICP covariance: sigma(yaw,x,y)=(0.0064, 0.0063, 0.0063) censi=(0.0063, 0.0063, 0.0063)
[INFO] [1785420694.170631415] [backend_optimizer_node]: wall prior loosened by ICP covariance: sigma(yaw,x,y)=(0.0064, 0.0063, 0.0063) censi=(0.0063, 0.0063, 0.0063)
[INFO] [1785420696.171198889] [backend_optimizer_node]: wall prior loosened by ICP covariance: sigma(yaw,x,y)=(0.0064, 0.0063, 0.0063) censi=(0.0063, 0.0063, 0.0063)
[INFO] [1785420698.173649805] [backend_optimizer_node]: wall prior loosened by ICP covariance: sigma(yaw,x,y)=(0.0064, 0.0063, 0.0063) censi=(0.0063, 0.0063, 0.0063)
[INFO] [1785420700.194782540] [backend_optimizer_node]: wall prior loosened by ICP covariance: sigma(yaw,x,y)=(0.0064, 0.0063, 0.0063) censi=(0.0063, 0.0063, 0.0063)
[INFO] [1785420702.223332554] [backend_optimizer_node]: wall prior loosened by ICP covariance: sigma(yaw,x,y)=(0.0064, 0.0063, 0.0063) censi=(0.0063, 0.0063, 0.0063)
[WARN] [1785420704.094847119] [backend_optimizer_node]: slow smoother update: 22.8ms (index 1444)
[INFO] [1785420704.246671015] [backend_optimizer_node]: wall prior loosened by ICP covariance: sigma(yaw,x,y)=(0.0064, 0.0063, 0.0063) censi=(0.0063, 0.0063, 0.0063)
[INFO] [1785420706.269802709] [backend_optimizer_node]: wall prior loosened by ICP covariance: sigma(yaw,x,y)=(0.0064, 0.0063, 0.0063) censi=(0.0063, 0.0063, 0.0063)
[ERROR] [1785420709.747532716] [backend_optimizer_node]: IMU signal LOST (no IMU for 2.04s > 2.00s). Self-localization is the dead-reckoning backbone and cannot continue without it: entering FAIL-SAFE HALT (freezing estimate, no further graph updates).
[ros2run]: Received signal:  Interrupt
[INFO] [1785420717.982106674] [rclcpp]: signal_handler(signum=2)
[INFO] [1785420717.985550248] [backend_optimizer_node]: backend concurrency stats: imu_callbacks=39742, during_worker=2428 (6.1%), during_smoother=1864 (4.7%), callback_gap_max=108.929ms, gaps>2ms=1218, gaps>10ms=57; stamp_gap_max=1.000ms, gaps>1ms=0; ring_enqueue_max=0.459ms, enqueues>2ms=0; callback_duration_max=10.122ms, durations>2ms=12; worker_jobs=1590 mean/max=1.922/59.766ms; smoother_updates=1589 mean/max=1.464/59.063ms; unity_audit reports=0 source_imu_last=0 receiver_at_last_report=0 final_receiver=39742
