[INFO] [1785422125.693261012] [backend_optimizer_node]: graph (re)initialized at X0=(-2.419, 1.354, 0.000) V0=(0.000, 0.000)
[INFO] [1785422125.693498261] [backend_optimizer_node]: backend_optimizer_node started (0 cylinders registered)
[INFO] [1785422133.833272434] [backend_optimizer_node]: wall prior loosened by ICP covariance: sigma(yaw,x,y)=(0.0064, 0.0063, 0.0063) censi=(0.0063, 0.0063, 0.0063)
[INFO] [1785422135.837607899] [backend_optimizer_node]: wall prior loosened by ICP covariance: sigma(yaw,x,y)=(0.0064, 0.0063, 0.0063) censi=(0.0063, 0.0063, 0.0063)
[INFO] [1785422137.858852297] [backend_optimizer_node]: wall prior loosened by ICP covariance: sigma(yaw,x,y)=(0.0064, 0.0063, 0.0063) censi=(0.0063, 0.0063, 0.0063)
[INFO] [1785422139.858403582] [backend_optimizer_node]: wall prior loosened by ICP covariance: sigma(yaw,x,y)=(0.0064, 0.0063, 0.0063) censi=(0.0063, 0.0063, 0.0063)
[INFO] [1785422141.884141181] [backend_optimizer_node]: wall prior loosened by ICP covariance: sigma(yaw,x,y)=(0.0064, 0.0063, 0.0063) censi=(0.0063, 0.0063, 0.0063)
[INFO] [1785422143.886161386] [backend_optimizer_node]: wall prior loosened by ICP covariance: sigma(yaw,x,y)=(0.0066, 0.0063, 0.0063) censi=(0.0063, 0.0063, 0.0063)
[INFO] [1785422145.908137561] [backend_optimizer_node]: wall prior loosened by ICP covariance: sigma(yaw,x,y)=(0.0064, 0.0063, 0.0063) censi=(0.0063, 0.0063, 0.0063)
[INFO] [1785422147.909050917] [backend_optimizer_node]: wall prior loosened by ICP covariance: sigma(yaw,x,y)=(0.0064, 0.0063, 0.0063) censi=(0.0063, 0.0063, 0.0063)
[INFO] [1785422149.934496138] [backend_optimizer_node]: wall prior loosened by ICP covariance: sigma(yaw,x,y)=(0.0064, 0.0063, 0.0063) censi=(0.0063, 0.0063, 0.0063)
[INFO] [1785422151.959462233] [backend_optimizer_node]: wall prior loosened by ICP covariance: sigma(yaw,x,y)=(0.0064, 0.0063, 0.0063) censi=(0.0063, 0.0063, 0.0063)
[INFO] [1785422153.960397835] [backend_optimizer_node]: wall prior loosened by ICP covariance: sigma(yaw,x,y)=(0.0064, 0.0063, 0.0063) censi=(0.0063, 0.0063, 0.0063)
[INFO] [1785422155.983573863] [backend_optimizer_node]: wall prior loosened by ICP covariance: sigma(yaw,x,y)=(0.0064, 0.0063, 0.0063) censi=(0.0063, 0.0063, 0.0063)
[INFO] [1785422157.983364619] [backend_optimizer_node]: wall prior loosened by ICP covariance: sigma(yaw,x,y)=(0.0064, 0.0063, 0.0063) censi=(0.0063, 0.0063, 0.0063)
[INFO] [1785422159.983120496] [backend_optimizer_node]: wall prior loosened by ICP covariance: sigma(yaw,x,y)=(0.0064, 0.0063, 0.0063) censi=(0.0063, 0.0063, 0.0063)
[INFO] [1785422162.008300860] [backend_optimizer_node]: wall prior loosened by ICP covariance: sigma(yaw,x,y)=(0.0064, 0.0063, 0.0063) censi=(0.0063, 0.0063, 0.0063)
[INFO] [1785422164.008900536] [backend_optimizer_node]: wall prior loosened by ICP covariance: sigma(yaw,x,y)=(0.0064, 0.0063, 0.0063) censi=(0.0063, 0.0063, 0.0063)
[INFO] [1785422166.033362563] [backend_optimizer_node]: wall prior loosened by ICP covariance: sigma(yaw,x,y)=(0.0065, 0.0063, 0.0063) censi=(0.0063, 0.0063, 0.0063)
[INFO] [1785422168.034389761] [backend_optimizer_node]: wall prior loosened by ICP covariance: sigma(yaw,x,y)=(0.0064, 0.0063, 0.0063) censi=(0.0063, 0.0063, 0.0063)
[INFO] [1785422170.033827885] [backend_optimizer_node]: wall prior loosened by ICP covariance: sigma(yaw,x,y)=(0.0064, 0.0063, 0.0063) censi=(0.0063, 0.0063, 0.0063)
[ERROR] [1785422173.593943077] [backend_optimizer_node]: IMU signal LOST (no IMU for 2.02s > 2.00s). Self-localization is the dead-reckoning backbone and cannot continue without it: entering FAIL-SAFE HALT (freezing estimate, no further graph updates).
[INFO] [1785422181.917065497] [rclcpp]: signal_handler(signum=2)
