[INFO] [1785335445.480758169] [realtime_evaluator_node]: C++ realtime evaluator started: measuring 60.0s from first ground truth
[INFO] [1785335451.986857053] [realtime_evaluator_node]: first ground truth received; measurement window started
[INFO] [1785335456.986835179] [realtime_evaluator_node]: t=5.0s  recent 5s: pos_err mean=0.34mm max=1.14mm samples=5162 balls=0
[INFO] [1785335461.986846058] [realtime_evaluator_node]: t=10.0s  recent 5s: pos_err mean=0.50mm max=1.18mm samples=10362 balls=0
[INFO] [1785335466.986778022] [realtime_evaluator_node]: t=15.0s  recent 5s: pos_err mean=0.55mm max=1.24mm samples=15562 balls=0
[INFO] [1785335471.986775195] [realtime_evaluator_node]: t=20.0s  recent 5s: pos_err mean=0.69mm max=1.52mm samples=20772 balls=0
[INFO] [1785335476.986794501] [realtime_evaluator_node]: t=25.0s  recent 5s: pos_err mean=0.47mm max=1.07mm samples=25971 balls=0
[INFO] [1785335481.986735467] [realtime_evaluator_node]: t=30.0s  recent 5s: pos_err mean=0.53mm max=1.26mm samples=31162 balls=0
[INFO] [1785335486.987273435] [realtime_evaluator_node]: t=35.0s  recent 5s: pos_err mean=0.64mm max=1.48mm samples=36362 balls=0
[INFO] [1785335491.986725983] [realtime_evaluator_node]: t=40.0s  recent 5s: pos_err mean=0.46mm max=0.89mm samples=41562 balls=0
[INFO] [1785335496.986806124] [realtime_evaluator_node]: t=45.0s  recent 5s: pos_err mean=0.43mm max=1.20mm samples=46772 balls=0
[INFO] [1785335501.986801698] [realtime_evaluator_node]: t=50.0s  recent 5s: pos_err mean=0.77mm max=2.18mm samples=51962 balls=0
[INFO] [1785335506.986749997] [realtime_evaluator_node]: t=55.0s  recent 5s: pos_err mean=0.64mm max=1.21mm samples=57162 balls=0
[INFO] [1785335511.986788028] [realtime_evaluator_node]: t=60.0s  recent 5s: pos_err mean=0.47mm max=0.82mm samples=62372 balls=0
[INFO] [1785335511.988384720] [realtime_evaluator_node]: 
============================================================
main.md 6-A-1 シミュレーション評価レポート (C++ realtime evaluator)
============================================================
総サンプル数: 62372  (定常区間 t>=3.0s: 59281)
真値未着のまま評価できなかったサンプル: 0

--- 全体（要件A: 定常RMSE<=10mm, 最大位置誤差<=10mm） ---
  位置誤差: mean=0.56mm  RMSE=0.65mm  max=2.18mm
  ヨー誤差: mean=0.024deg  RMSE=0.032deg  max=0.094deg
  判定: 定常誤差(RMSE<=10mm) PASS / 最大位置誤差(<=10mm) PASS

--- 高G旋回スピンバースト中 ---
  位置誤差: mean=nanmm  RMSE=nanmm  max=nanmm

--- ボール横切り中 vs 非横切り中 ---
  横切り中   : mean=nanmm  RMSE=nanmm  max=nanmm
  非横切り中 : mean=nanmm  RMSE=nanmm  max=nanmm
  判定: ボール横切りによる自己位置無影響 PASS
  (参考) 横切り中の検出ボール数(最新): 0
============================================================

[INFO] [1785335512.166128823] [realtime_evaluator_node]: Saved report and raw error CSV in /home/yukichi6105/ros2_ws/src/lio_localization_sim/docs/stage4_runs/datasheet_vibration_100hz_010g_20260729_r1/evaluator_output
