[INFO] [launch]: All log files can be found below /home/yukichi6105/ros2_ws/src/lio_localization_sim/docs/stage4_runs/backend_worker_20260729_r2/ros2_logs/2026-07-29-03-17-41-628740-fuku-pc-2541912
[INFO] [launch]: Default logging verbosity is set to INFO
[INFO] [default_server_endpoint-1]: process started with pid [2541940]
[default_server_endpoint-1] /opt/ros/lyrical/lib/python3.14/site-packages/rclpy/executors.py:1073: UserWarning: MultiThreadedExecutor is used with a single thread.
[default_server_endpoint-1] Use the SingleThreadedExecutor instead.
[default_server_endpoint-1]   warnings.warn(
[default_server_endpoint-1] [INFO] [1785262662.173756165] [unity_endpoint]: Starting server on 0.0.0.0:10000
[default_server_endpoint-1] [INFO] [1785262662.473867043] [unity_endpoint]: Connection from 127.0.0.1
[default_server_endpoint-1] [ERROR] [1785262662.474801913] [unity_endpoint]: Exception: No more data available
[default_server_endpoint-1] [INFO] [1785262662.475145099] [unity_endpoint]: Disconnected from 127.0.0.1
[default_server_endpoint-1] [INFO] [1785262662.579213478] [unity_endpoint]: Connection from 127.0.0.1
[default_server_endpoint-1] [ERROR] [1785262662.580060625] [unity_endpoint]: Exception: No more data available
[default_server_endpoint-1] [INFO] [1785262662.580390506] [unity_endpoint]: Disconnected from 127.0.0.1
[INFO] [imu_preintegration_node-2]: process started with pid [2542644]
[INFO] [backend_optimizer_node-3]: process started with pid [2542646]
[INFO] [laser_scan_matching_node-4]: process started with pid [2542649]
[INFO] [ball_tracking_node-5]: process started with pid [2542650]
[INFO] [evaluator_node-6]: process started with pid [2542651]
[laser_scan_matching_node-4] [INFO] [1785262666.793578963] [laser_scan_matching_node]: laser_scan_matching_node started (0 cylinders, 9 internal walls, field 5.572x3.310m, initial seed=(-2.419, 1.354, 0.000))
[ball_tracking_node-5] [INFO] [1785262666.795970694] [ball_tracking_node]: ball_tracking_node started
[imu_preintegration_node-2] [INFO] [1785262666.809596320] [imu_preintegration_node]: imu_preintegration_node started (waiting for first /state_estimate)
[backend_optimizer_node-3] [INFO] [1785262666.827377087] [backend_optimizer_node]: graph (re)initialized at X0=(-2.419, 1.354, 0.000) V0=(0.000, 0.000)
[backend_optimizer_node-3] [INFO] [1785262666.828355131] [backend_optimizer_node]: backend_optimizer_node started (0 cylinders registered)
[evaluator_node-6] [INFO] [1785262667.597804111] [unity_evaluator_node]: evaluator_node started: will run for 60.0s starting from the first /ground_truth_pose
[default_server_endpoint-1] [INFO] [1785262695.824641728] [unity_endpoint]: Connection from 127.0.0.1
[default_server_endpoint-1] [WARN] [1785262695.959688301] [rcl.logging_rosout]: Publisher already registered for node name: 'unity_endpoint'. If this is due to multiple nodes with the same name then all logs for the logger named 'unity_endpoint' will go out over the existing publisher. As soon as any node with that name is destructed it will unregister the publisher, preventing any further logs for that name from being published on the rosout topic.
[default_server_endpoint-1] [INFO] [1785262696.455330967] [unity_endpoint]: RegisterSubscriber(/odom_fast, <class 'nav_msgs.msg._odometry.Odometry'>) OK
[default_server_endpoint-1] [WARN] [1785262696.475506164] [rcl.logging_rosout]: Publisher already registered for node name: 'unity_endpoint'. If this is due to multiple nodes with the same name then all logs for the logger named 'unity_endpoint' will go out over the existing publisher. As soon as any node with that name is destructed it will unregister the publisher, preventing any further logs for that name from being published on the rosout topic.
[default_server_endpoint-1] [INFO] [1785262696.535365887] [unity_endpoint]: RegisterSubscriber(/tf, <class 'tf2_msgs.msg._tf_message.TFMessage'>) OK
[default_server_endpoint-1] [WARN] [1785262696.539762213] [rcl.logging_rosout]: Publisher already registered for node name: 'unity_endpoint'. If this is due to multiple nodes with the same name then all logs for the logger named 'unity_endpoint' will go out over the existing publisher. As soon as any node with that name is destructed it will unregister the publisher, preventing any further logs for that name from being published on the rosout topic.
[default_server_endpoint-1] [INFO] [1785262696.571457314] [unity_endpoint]: RegisterPublisher(/clock, <class 'rosgraph_msgs.msg._clock.Clock'>) OK
[default_server_endpoint-1] [WARN] [1785262696.778524054] [rcl.logging_rosout]: Publisher already registered for node name: 'unity_endpoint'. If this is due to multiple nodes with the same name then all logs for the logger named 'unity_endpoint' will go out over the existing publisher. As soon as any node with that name is destructed it will unregister the publisher, preventing any further logs for that name from being published on the rosout topic.
[default_server_endpoint-1] [INFO] [1785262696.806658809] [unity_endpoint]: RegisterPublisher(/scan, <class 'sensor_msgs.msg._laser_scan.LaserScan'>) OK
[default_server_endpoint-1] [WARN] [1785262696.807239529] [rcl.logging_rosout]: Publisher already registered for node name: 'unity_endpoint'. If this is due to multiple nodes with the same name then all logs for the logger named 'unity_endpoint' will go out over the existing publisher. As soon as any node with that name is destructed it will unregister the publisher, preventing any further logs for that name from being published on the rosout topic.
[default_server_endpoint-1] [INFO] [1785262696.876100061] [unity_endpoint]: RegisterPublisher(/ground_truth_pose, <class 'nav_msgs.msg._odometry.Odometry'>) OK
[default_server_endpoint-1] [WARN] [1785262696.877073750] [rcl.logging_rosout]: Publisher already registered for node name: 'unity_endpoint'. If this is due to multiple nodes with the same name then all logs for the logger named 'unity_endpoint' will go out over the existing publisher. As soon as any node with that name is destructed it will unregister the publisher, preventing any further logs for that name from being published on the rosout topic.
[default_server_endpoint-1] [INFO] [1785262696.953121746] [unity_endpoint]: RegisterPublisher(/imu/data, <class 'sensor_msgs.msg._imu.Imu'>) OK
[evaluator_node-6] [INFO] [1785262696.972834134] [unity_evaluator_node]: first ground truth received: measuring for 60.0s
[default_server_endpoint-1] [WARN] [1785262696.976337209] [rcl.logging_rosout]: Publisher already registered for node name: 'unity_endpoint'. If this is due to multiple nodes with the same name then all logs for the logger named 'unity_endpoint' will go out over the existing publisher. As soon as any node with that name is destructed it will unregister the publisher, preventing any further logs for that name from being published on the rosout topic.
[default_server_endpoint-1] [INFO] [1785262697.027168689] [unity_endpoint]: RegisterPublisher(/clock, <class 'rosgraph_msgs.msg._clock.Clock'>) OK
[default_server_endpoint-1] [INFO] [1785262697.063703350] [unity_endpoint]: RegisterPublisher(/scan, <class 'sensor_msgs.msg._laser_scan.LaserScan'>) OK
[default_server_endpoint-1] [INFO] [1785262697.108375521] [unity_endpoint]: RegisterPublisher(/ground_truth_pose, <class 'nav_msgs.msg._odometry.Odometry'>) OK
[default_server_endpoint-1] [INFO] [1785262697.190484855] [unity_endpoint]: RegisterPublisher(/imu/data, <class 'sensor_msgs.msg._imu.Imu'>) OK
[laser_scan_matching_node-4] [WARN] [1785262697.743605444] [laser_scan_matching_node]: IMU coverage wait exceeded 0.050s, processing scan with extrapolated tail
[laser_scan_matching_node-4] [WARN] [1785262699.169516303] [laser_scan_matching_node]: IMU coverage wait exceeded 0.050s, processing scan with extrapolated tail
[laser_scan_matching_node-4] [INFO] [1785262703.768444944] [laser_scan_matching_node]: note rejection: 32/541 returns unexplained, 0 clusters -> 0 accepted, 0 points dropped (last extent=-1.0000m; gate <=0.350m, min 4 points)
[evaluator_node-6] [INFO] [1785262703.774389101] [unity_evaluator_node]: t=5.0s  直近5秒: pos_err mean=4.13mm max=8.76mm  samples=3590  detected_balls=0
[laser_scan_matching_node-4] [WARN] [1785262705.424995419] [laser_scan_matching_node]: IMU coverage wait exceeded 0.050s, processing scan with extrapolated tail
[backend_optimizer_node-3] [WARN] [1785262705.518641001] [backend_optimizer_node]: slow smoother update: 23.7ms (index 170)
[evaluator_node-6] [INFO] [1785262711.011884382] [unity_evaluator_node]: t=10.0s  直近5秒: pos_err mean=3.90mm max=5.68mm  samples=8074  detected_balls=0
[laser_scan_matching_node-4] [INFO] [1785262711.060435475] [laser_scan_matching_node]: note rejection: 23/541 returns unexplained, 0 clusters -> 0 accepted, 0 points dropped (last extent=-1.0000m; gate <=0.350m, min 4 points)
[laser_scan_matching_node-4] [WARN] [1785262712.189693634] [laser_scan_matching_node]: IMU coverage wait exceeded 0.050s, processing scan with extrapolated tail
[backend_optimizer_node-3] [WARN] [1785262715.682460419] [backend_optimizer_node]: slow smoother update: 20.5ms (index 474)
[evaluator_node-6] [INFO] [1785262716.474722620] [unity_evaluator_node]: t=15.0s  直近5秒: pos_err mean=5.65mm max=9.19mm  samples=13152  detected_balls=0
[laser_scan_matching_node-4] [INFO] [1785262716.521053993] [laser_scan_matching_node]: note rejection: 79/541 returns unexplained, 3 clusters -> 3 accepted, 52 points dropped (last extent=0.1055m; gate <=0.350m, min 4 points)
[laser_scan_matching_node-4] [WARN] [1785262717.937592453] [laser_scan_matching_node]: IMU coverage wait exceeded 0.050s, processing scan with extrapolated tail
[laser_scan_matching_node-4] [WARN] [1785262720.048049532] [laser_scan_matching_node]: IMU coverage wait exceeded 0.050s, processing scan with extrapolated tail
[evaluator_node-6] [INFO] [1785262721.635093938] [unity_evaluator_node]: t=20.0s  直近5秒: pos_err mean=8.05mm max=11.91mm  samples=18080  detected_balls=0
[laser_scan_matching_node-4] [INFO] [1785262721.689254136] [laser_scan_matching_node]: note rejection: 18/541 returns unexplained, 0 clusters -> 0 accepted, 0 points dropped (last extent=-1.0000m; gate <=0.350m, min 4 points)
[evaluator_node-6] [INFO] [1785262726.852493472] [unity_evaluator_node]: t=25.0s  直近5秒: pos_err mean=4.57mm max=10.20mm  samples=23163  detected_balls=0
[laser_scan_matching_node-4] [INFO] [1785262726.935218682] [laser_scan_matching_node]: note rejection: 42/541 returns unexplained, 1 clusters -> 0 accepted, 0 points dropped (last extent=1.2229m; gate <=0.350m, min 4 points)
[evaluator_node-6] [INFO] [1785262732.228064011] [unity_evaluator_node]: t=30.0s  直近5秒: pos_err mean=6.85mm max=12.38mm  samples=28327  detected_balls=0
[laser_scan_matching_node-4] [INFO] [1785262732.291619931] [laser_scan_matching_node]: note rejection: 74/541 returns unexplained, 3 clusters -> 3 accepted, 49 points dropped (last extent=0.0896m; gate <=0.350m, min 4 points)
[evaluator_node-6] [INFO] [1785262737.814783824] [unity_evaluator_node]: t=35.0s  直近5秒: pos_err mean=7.88mm max=13.15mm  samples=33500  detected_balls=0
[laser_scan_matching_node-4] [INFO] [1785262737.930661620] [laser_scan_matching_node]: note rejection: 40/541 returns unexplained, 1 clusters -> 0 accepted, 0 points dropped (last extent=1.0889m; gate <=0.350m, min 4 points)
[evaluator_node-6] [INFO] [1785262743.077109551] [unity_evaluator_node]: t=40.0s  直近5秒: pos_err mean=4.95mm max=10.28mm  samples=38665  detected_balls=0
[laser_scan_matching_node-4] [INFO] [1785262743.151096369] [laser_scan_matching_node]: note rejection: 45/541 returns unexplained, 4 clusters -> 4 accepted, 22 points dropped (last extent=0.0719m; gate <=0.350m, min 4 points)
[evaluator_node-6] [INFO] [1785262748.660396107] [unity_evaluator_node]: t=45.0s  直近5秒: pos_err mean=6.89mm max=12.25mm  samples=43824  detected_balls=0
[laser_scan_matching_node-4] [INFO] [1785262748.802775166] [laser_scan_matching_node]: note rejection: 30/541 returns unexplained, 0 clusters -> 0 accepted, 0 points dropped (last extent=-1.0000m; gate <=0.350m, min 4 points)
[evaluator_node-6] [INFO] [1785262754.088420309] [unity_evaluator_node]: t=50.0s  直近5秒: pos_err mean=8.39mm max=11.21mm  samples=48912  detected_balls=0
[laser_scan_matching_node-4] [INFO] [1785262754.229553473] [laser_scan_matching_node]: note rejection: 31/541 returns unexplained, 0 clusters -> 0 accepted, 0 points dropped (last extent=-1.0000m; gate <=0.350m, min 4 points)
[evaluator_node-6] [INFO] [1785262759.842827342] [unity_evaluator_node]: t=55.0s  直近5秒: pos_err mean=4.54mm max=9.36mm  samples=54014  detected_balls=0
[laser_scan_matching_node-4] [INFO] [1785262759.965606290] [laser_scan_matching_node]: note rejection: 49/541 returns unexplained, 1 clusters -> 0 accepted, 0 points dropped (last extent=1.0583m; gate <=0.350m, min 4 points)
[evaluator_node-6] [INFO] [1785262765.537281493] [unity_evaluator_node]: t=60.0s  直近5秒: pos_err mean=6.95mm max=22.72mm  samples=58933  detected_balls=0
[evaluator_node-6] [INFO] [1785262765.539578657] [unity_evaluator_node]: === 評価終了、集計します ===
[laser_scan_matching_node-4] [INFO] [1785262765.692828198] [laser_scan_matching_node]: note rejection: 32/541 returns unexplained, 1 clusters -> 1 accepted, 10 points dropped (last extent=0.0965m; gate <=0.350m, min 4 points)
[evaluator_node-6] [INFO] [1785262765.994325989] [unity_evaluator_node]: 
[evaluator_node-6] ============================================================
[evaluator_node-6] main.md 6-A-1 シミュレーション評価レポート
[evaluator_node-6] ============================================================
[evaluator_node-6] 総サンプル数: 58933  (定常区間 t>=3.0s: 57170)
[evaluator_node-6] 真値未着のまま評価できなかったサンプル: 0
[evaluator_node-6] 
[evaluator_node-6] --- 全体（要件A: 定常RMSE<=10mm, 最大位置誤差<=10mm） ---
[evaluator_node-6]   位置誤差: mean=6.19mm  RMSE=6.84mm  max=22.72mm
[evaluator_node-6]   ヨー誤差: mean=0.162deg  RMSE=0.200deg  max=0.443deg
[evaluator_node-6]   判定: 定常誤差(RMSE<=10mm) PASS / 最大位置誤差(<=10mm) FAIL
[evaluator_node-6] 
[evaluator_node-6] --- 高G旋回スピンバースト中 ---
[evaluator_node-6]   位置誤差: mean=nanmm  RMSE=nanmm  max=nanmm
[evaluator_node-6] 
[evaluator_node-6] --- ボール横切り中 vs 非横切り中 ---
[evaluator_node-6]   横切り中   : mean=nanmm  RMSE=nanmm  max=nanmm
[evaluator_node-6]   非横切り中 : mean=6.19mm  RMSE=6.84mm  max=22.72mm
[evaluator_node-6]   判定: ボール横切りによる自己位置無影響 PASS
[evaluator_node-6]   (参考) 横切り中の検出ボール数(最新): 0
[evaluator_node-6] ============================================================
[evaluator_node-6] [INFO] [1785262765.995623353] [unity_evaluator_node]: レポートを保存しました: /tmp/sim_eval_report.txt
[laser_scan_matching_node-4] [WARN] [1785262766.946054577] [laser_scan_matching_node]: IMU coverage wait exceeded 0.050s, processing scan with extrapolated tail
[evaluator_node-6] [INFO] [1785262768.628766866] [unity_evaluator_node]: グラフを保存しました: /tmp/sim_eval_plot.png
[INFO] [evaluator_node-6]: process has finished cleanly [pid 2542651]
[INFO] [ball_tracking_node-5]: sending signal 'SIGINT' to process[ball_tracking_node-5]
[INFO] [laser_scan_matching_node-4]: sending signal 'SIGINT' to process[laser_scan_matching_node-4]
[INFO] [backend_optimizer_node-3]: sending signal 'SIGINT' to process[backend_optimizer_node-3]
[INFO] [imu_preintegration_node-2]: sending signal 'SIGINT' to process[imu_preintegration_node-2]
[INFO] [default_server_endpoint-1]: sending signal 'SIGINT' to process[default_server_endpoint-1]
[ball_tracking_node-5] [INFO] [1785262769.519452964] [rclcpp]: signal_handler(signum=2)
[laser_scan_matching_node-4] [INFO] [1785262769.528280855] [rclcpp]: signal_handler(signum=2)
[backend_optimizer_node-3] [INFO] [1785262769.530146057] [rclcpp]: signal_handler(signum=2)
[imu_preintegration_node-2] [INFO] [1785262769.542169565] [rclcpp]: signal_handler(signum=2)
[INFO] [ball_tracking_node-5]: process has finished cleanly [pid 2542650]
[INFO] [imu_preintegration_node-2]: process has finished cleanly [pid 2542644]
[INFO] [backend_optimizer_node-3]: process has finished cleanly [pid 2542646]
[INFO] [laser_scan_matching_node-4]: process has finished cleanly [pid 2542649]
[INFO] [default_server_endpoint-1]: process has finished cleanly [pid 2541940]
