[INFO] [1785297397.275543272] [realtime_evaluator_node]: C++ realtime evaluator started: measuring 60.0s from first ground truth
[INFO] [1785297400.861704715] [realtime_evaluator_node]: first ground truth received; measurement window started
[INFO] [1785297405.861796681] [realtime_evaluator_node]: t=5.0s  recent 5s: pos_err mean=4.08mm max=8.89mm samples=5154 balls=0
[INFO] [1785297410.861956456] [realtime_evaluator_node]: t=10.0s  recent 5s: pos_err mean=3.92mm max=5.22mm samples=10354 balls=0
[INFO] [1785297415.862238658] [realtime_evaluator_node]: t=15.0s  recent 5s: pos_err mean=7.59mm max=11.97mm samples=15554 balls=0
[INFO] [1785297420.861998460] [realtime_evaluator_node]: t=20.0s  recent 5s: pos_err mean=4.74mm max=11.29mm samples=20763 balls=0
[INFO] [1785297425.862125961] [realtime_evaluator_node]: t=25.0s  recent 5s: pos_err mean=7.82mm max=12.15mm samples=25963 balls=0
[INFO] [1785297430.861737075] [realtime_evaluator_node]: t=30.0s  recent 5s: pos_err mean=6.89mm max=10.93mm samples=31154 balls=0
[INFO] [1785297435.861763744] [realtime_evaluator_node]: t=35.0s  recent 5s: pos_err mean=4.68mm max=10.25mm samples=36354 balls=0
[INFO] [1785297440.861862675] [realtime_evaluator_node]: t=40.0s  recent 5s: pos_err mean=7.83mm max=13.17mm samples=41554 balls=0
[INFO] [1785297445.861629546] [realtime_evaluator_node]: t=45.0s  recent 5s: pos_err mean=6.59mm max=10.83mm samples=46754 balls=0
[INFO] [1785297450.861502479] [realtime_evaluator_node]: t=50.0s  recent 5s: pos_err mean=5.06mm max=10.69mm samples=51954 balls=0
[INFO] [1785297455.861898941] [realtime_evaluator_node]: t=55.0s  recent 5s: pos_err mean=8.16mm max=11.65mm samples=57154 balls=0
[INFO] [1785297460.861888457] [realtime_evaluator_node]: t=60.0s  recent 5s: pos_err mean=6.52mm max=10.54mm samples=62354 balls=0
[INFO] [1785297460.863883513] [realtime_evaluator_node]: 
============================================================
main.md 6-A-1 シミュレーション評価レポート (C++ realtime evaluator)
============================================================
総サンプル数: 62354  (定常区間 t>=3.0s: 59271)
真値未着のまま評価できなかったサンプル: 9

--- 全体（要件A: 定常RMSE<=10mm, 最大位置誤差<=10mm） ---
  位置誤差: mean=6.26mm  RMSE=6.95mm  max=13.17mm
  ヨー誤差: mean=0.168deg  RMSE=0.204deg  max=0.451deg
  判定: 定常誤差(RMSE<=10mm) PASS / 最大位置誤差(<=10mm) FAIL

--- 高G旋回スピンバースト中 ---
  位置誤差: mean=nanmm  RMSE=nanmm  max=nanmm

--- ボール横切り中 vs 非横切り中 ---
  横切り中   : mean=nanmm  RMSE=nanmm  max=nanmm
  非横切り中 : mean=nanmm  RMSE=nanmm  max=nanmm
  判定: ボール横切りによる自己位置無影響 PASS
  (参考) 横切り中の検出ボール数(最新): 0
============================================================

[INFO] [1785297461.007512762] [realtime_evaluator_node]: Saved report and raw error CSV in /tmp
