[INFO] [launch]: All log files can be found below /home/yukichi6105/.ros/log/2026-07-27-18-55-36-119100-fuku-pc-189942
[INFO] [launch]: Default logging verbosity is set to INFO
[INFO] [default_server_endpoint-1]: process started with pid [189961]
[default_server_endpoint-1] /opt/ros/lyrical/lib/python3.14/site-packages/rclpy/executors.py:1073: UserWarning: MultiThreadedExecutor is used with a single thread.
[default_server_endpoint-1] Use the SingleThreadedExecutor instead.
[default_server_endpoint-1]   warnings.warn(
[default_server_endpoint-1] [INFO] [1785146136.974311368] [unity_endpoint]: Starting server on 0.0.0.0:10000
[INFO] [imu_preintegration_node-2]: process started with pid [190061]
[INFO] [backend_optimizer_node-3]: process started with pid [190062]
[INFO] [laser_scan_matching_node-4]: process started with pid [190067]
[INFO] [ball_tracking_node-5]: process started with pid [190068]
[INFO] [evaluator_node-6]: process started with pid [190069]
[imu_preintegration_node-2] [INFO] [1785146141.387348115] [imu_preintegration_node]: imu_preintegration_node started (waiting for first /state_estimate)
[backend_optimizer_node-3] [INFO] [1785146141.391320575] [backend_optimizer_node]: graph (re)initialized at X0=(-2.419, 1.354, 0.000) V0=(0.000, 0.000)
[backend_optimizer_node-3] [INFO] [1785146141.391505501] [backend_optimizer_node]: backend_optimizer_node started (0 cylinders registered)
[laser_scan_matching_node-4] [INFO] [1785146141.407870160] [laser_scan_matching_node]: laser_scan_matching_node started (0 cylinders, 9 internal walls, field 5.572x3.310m, initial seed=(-2.419, 1.354, 0.000))
[ball_tracking_node-5] [INFO] [1785146141.413242331] [ball_tracking_node]: ball_tracking_node started
[evaluator_node-6] [INFO] [1785146142.254820739] [unity_evaluator_node]: evaluator_node started: will run for 60.0s starting from the first /ground_truth_pose
[imu_preintegration_node-2] [INFO] [1785146306.028550215] [rclcpp]: signal_handler(signum=15)
[laser_scan_matching_node-4] [INFO] [1785146306.028787537] [rclcpp]: signal_handler(signum=15)
[backend_optimizer_node-3] [INFO] [1785146306.029146533] [rclcpp]: signal_handler(signum=15)
[ball_tracking_node-5] [INFO] [1785146306.029582341] [rclcpp]: signal_handler(signum=15)
[INFO] [laser_scan_matching_node-4]: process has finished cleanly [pid 190067]
[INFO] [backend_optimizer_node-3]: process has finished cleanly [pid 190062]
[INFO] [ball_tracking_node-5]: process has finished cleanly [pid 190068]
[INFO] [imu_preintegration_node-2]: process has finished cleanly [pid 190061]
[INFO] [default_server_endpoint-1]: process has finished cleanly [pid 189961]
[evaluator_node-6] Traceback (most recent call last):
[evaluator_node-6]   File "/home/yukichi6105/ros2_ws/install/lio_localization_sim/lib/lio_localization_sim/evaluator_node", line 33, in <module>
[evaluator_node-6]     sys.exit(load_entry_point('lio-localization-sim', 'console_scripts', 'evaluator_node')())
[evaluator_node-6]              ~~~~~~~~~~~~~~~~~~~~~~~~~~~~~~~~~~~~~~~~~~~~~~~~~~~~~~~~~~~~~~~~~~~~~~~~~~~~~^^
[evaluator_node-6]   File "/home/yukichi6105/ros2_ws/build/lio_localization_sim/lio_localization_sim/evaluator_node.py", line 319, in main
[evaluator_node-6]     rclpy.spin(node)
[evaluator_node-6]     ~~~~~~~~~~^^^^^^
[evaluator_node-6]   File "/opt/ros/lyrical/lib/python3.14/site-packages/rclpy/__init__.py", line 324, in spin
[evaluator_node-6]     executor.spin_once()
[evaluator_node-6]     ~~~~~~~~~~~~~~~~~~^^
[evaluator_node-6]   File "/opt/ros/lyrical/lib/python3.14/site-packages/rclpy/executors.py", line 1020, in spin_once
[evaluator_node-6]     self._spin_once_impl(timeout_sec)
[evaluator_node-6]     ~~~~~~~~~~~~~~~~~~~~^^^^^^^^^^^^^
[evaluator_node-6]   File "/opt/ros/lyrical/lib/python3.14/site-packages/rclpy/executors.py", line 1000, in _spin_once_impl
[evaluator_node-6]     handler, entity, node = self.wait_for_ready_callbacks(
[evaluator_node-6]                             ~~~~~~~~~~~~~~~~~~~~~~~~~~~~~^
[evaluator_node-6]         timeout_sec, None, wait_condition)
[evaluator_node-6]         ^^^^^^^^^^^^^^^^^^^^^^^^^^^^^^^^^^
[evaluator_node-6]   File "/opt/ros/lyrical/lib/python3.14/site-packages/rclpy/executors.py", line 970, in wait_for_ready_callbacks
[evaluator_node-6]     return next(self._cb_iter)
[evaluator_node-6]   File "/opt/ros/lyrical/lib/python3.14/site-packages/rclpy/executors.py", line 876, in _wait_for_ready_callbacks
[evaluator_node-6]     raise ExternalShutdownException()
[evaluator_node-6] rclpy.executors.ExternalShutdownException
[ERROR] [evaluator_node-6]: process has died [pid 190069, exit code 1, cmd '/home/yukichi6105/ros2_ws/install/lio_localization_sim/lib/lio_localization_sim/evaluator_node --ros-args -r __node:=unity_evaluator_node --params-file /home/yukichi6105/ros2_ws/install/lio_localization_sim/share/lio_localization_sim/config/robocon2026_unity.yaml --params-file /tmp/launch_params_97wqagmv'].
