[INFO] [1785263926.191258267] [laser_scan_matching_node]: laser_scan_matching_node started (0 cylinders, 9 internal walls, field 5.572x3.310m, initial seed=(-2.419, 1.354, 0.000))
[WARN] [1785263959.054088063] [laser_scan_matching_node]: IMU coverage wait exceeded 0.050s, processing scan with extrapolated tail
[INFO] [1785263961.065900399] [laser_scan_matching_node]: note rejection: 32/541 returns unexplained, 0 clusters -> 0 accepted, 0 points dropped (last extent=-1.0000m; gate <=0.350m, min 4 points)
[WARN] [1785263962.782340503] [laser_scan_matching_node]: IMU coverage wait exceeded 0.050s, processing scan with extrapolated tail
[INFO] [1785263967.129981447] [laser_scan_matching_node]: note rejection: 29/541 returns unexplained, 0 clusters -> 0 accepted, 0 points dropped (last extent=-1.0000m; gate <=0.350m, min 4 points)
[WARN] [1785263971.949945782] [laser_scan_matching_node]: IMU coverage wait exceeded 0.050s, processing scan with extrapolated tail
[INFO] [1785263972.952519195] [laser_scan_matching_node]: note rejection: 65/541 returns unexplained, 3 clusters -> 2 accepted, 20 points dropped (last extent=0.1030m; gate <=0.350m, min 4 points)
[WARN] [1785263978.064592752] [laser_scan_matching_node]: IMU coverage wait exceeded 0.050s, processing scan with extrapolated tail
[INFO] [1785263979.494966852] [laser_scan_matching_node]: note rejection: 31/541 returns unexplained, 0 clusters -> 0 accepted, 0 points dropped (last extent=-1.0000m; gate <=0.350m, min 4 points)
[INFO] [1785263985.078882761] [laser_scan_matching_node]: note rejection: 71/541 returns unexplained, 2 clusters -> 1 accepted, 12 points dropped (last extent=0.1133m; gate <=0.350m, min 4 points)
[WARN] [1785263986.031871560] [laser_scan_matching_node]: IMU coverage wait exceeded 0.050s, processing scan with extrapolated tail
[WARN] [1785263989.243522530] [laser_scan_matching_node]: IMU coverage wait exceeded 0.050s, processing scan with extrapolated tail
[INFO] [1785263990.858955102] [laser_scan_matching_node]: note rejection: 78/541 returns unexplained, 3 clusters -> 3 accepted, 48 points dropped (last extent=0.1015m; gate <=0.350m, min 4 points)
[INFO] [1785263996.279021231] [laser_scan_matching_node]: note rejection: 39/541 returns unexplained, 2 clusters -> 1 accepted, 4 points dropped (last extent=0.0625m; gate <=0.350m, min 4 points)
[INFO] [1785264001.995986232] [laser_scan_matching_node]: note rejection: 39/541 returns unexplained, 3 clusters -> 3 accepted, 14 points dropped (last extent=0.0773m; gate <=0.350m, min 4 points)
[INFO] [1785264007.791278111] [laser_scan_matching_node]: note rejection: 30/541 returns unexplained, 0 clusters -> 0 accepted, 0 points dropped (last extent=-1.0000m; gate <=0.350m, min 4 points)
[INFO] [1785264013.565033351] [laser_scan_matching_node]: note rejection: 58/541 returns unexplained, 2 clusters -> 1 accepted, 10 points dropped (last extent=0.0900m; gate <=0.350m, min 4 points)
[INFO] [1785264019.591403531] [laser_scan_matching_node]: note rejection: 28/541 returns unexplained, 0 clusters -> 0 accepted, 0 points dropped (last extent=-1.0000m; gate <=0.350m, min 4 points)
[INFO] [1785264025.023055457] [laser_scan_matching_node]: note rejection: 39/541 returns unexplained, 2 clusters -> 2 accepted, 13 points dropped (last extent=0.1101m; gate <=0.350m, min 4 points)
[INFO] [1785264028.729546182] [rclcpp]: signal_handler(signum=2)
