[INFO] [launch]: All log files can be found below /home/yukichi6105/ros2_ws/src/lio_localization_sim/docs/stage4_runs/max10_1khz_5_5f1_dcs_guard_20260727/ros2_logs/2026-07-27-20-45-48-373234-fuku-pc-241500
[INFO] [launch]: Default logging verbosity is set to INFO
[INFO] [default_server_endpoint-1]: process started with pid [241515]
[default_server_endpoint-1] /opt/ros/lyrical/lib/python3.14/site-packages/rclpy/executors.py:1073: UserWarning: MultiThreadedExecutor is used with a single thread.
[default_server_endpoint-1] Use the SingleThreadedExecutor instead.
[default_server_endpoint-1]   warnings.warn(
[default_server_endpoint-1] [INFO] [1785152748.943660846] [unity_endpoint]: Starting server on 0.0.0.0:10000
[default_server_endpoint-1] [INFO] [1785152749.145360478] [unity_endpoint]: Connection from 127.0.0.1
[default_server_endpoint-1] [ERROR] [1785152749.146120167] [unity_endpoint]: Exception: No more data available
[default_server_endpoint-1] [INFO] [1785152749.146405822] [unity_endpoint]: Disconnected from 127.0.0.1
[default_server_endpoint-1] [INFO] [1785152749.249454615] [unity_endpoint]: Connection from 127.0.0.1
[default_server_endpoint-1] [ERROR] [1785152749.250176601] [unity_endpoint]: Exception: No more data available
[default_server_endpoint-1] [INFO] [1785152749.250455223] [unity_endpoint]: Disconnected from 127.0.0.1
[INFO] [imu_preintegration_node-2]: process started with pid [241581]
[INFO] [backend_optimizer_node-3]: process started with pid [241582]
[INFO] [laser_scan_matching_node-4]: process started with pid [241583]
[INFO] [ball_tracking_node-5]: process started with pid [241584]
[INFO] [evaluator_node-6]: process started with pid [241585]
[backend_optimizer_node-3] [INFO] [1785152753.570635704] [backend_optimizer_node]: graph (re)initialized at X0=(-2.419, 1.354, 0.000) V0=(0.000, 0.000)
[backend_optimizer_node-3] [INFO] [1785152753.571512416] [backend_optimizer_node]: backend_optimizer_node started (0 cylinders registered)
[laser_scan_matching_node-4] [INFO] [1785152753.572390200] [laser_scan_matching_node]: laser_scan_matching_node started (0 cylinders, 9 internal walls, field 5.572x3.310m, initial seed=(-2.419, 1.354, 0.000))
[ball_tracking_node-5] [INFO] [1785152753.572634449] [ball_tracking_node]: ball_tracking_node started
[imu_preintegration_node-2] [INFO] [1785152753.582317439] [imu_preintegration_node]: imu_preintegration_node started (waiting for first /state_estimate)
[evaluator_node-6] [INFO] [1785152754.109588466] [unity_evaluator_node]: evaluator_node started: will run for 60.0s starting from the first /ground_truth_pose
[default_server_endpoint-1] [INFO] [1785152781.805699681] [unity_endpoint]: Connection from 172.25.0.1
[default_server_endpoint-1] [WARN] [1785152781.868040534] [rcl.logging_rosout]: Publisher already registered for node name: 'unity_endpoint'. If this is due to multiple nodes with the same name then all logs for the logger named 'unity_endpoint' will go out over the existing publisher. As soon as any node with that name is destructed it will unregister the publisher, preventing any further logs for that name from being published on the rosout topic.
[default_server_endpoint-1] [INFO] [1785152782.197056440] [unity_endpoint]: RegisterSubscriber(/odom_fast, <class 'nav_msgs.msg._odometry.Odometry'>) OK
[default_server_endpoint-1] [WARN] [1785152782.204565120] [rcl.logging_rosout]: Publisher already registered for node name: 'unity_endpoint'. If this is due to multiple nodes with the same name then all logs for the logger named 'unity_endpoint' will go out over the existing publisher. As soon as any node with that name is destructed it will unregister the publisher, preventing any further logs for that name from being published on the rosout topic.
[default_server_endpoint-1] [INFO] [1785152782.230100946] [unity_endpoint]: RegisterSubscriber(/tf, <class 'tf2_msgs.msg._tf_message.TFMessage'>) OK
[default_server_endpoint-1] [WARN] [1785152782.231008009] [rcl.logging_rosout]: Publisher already registered for node name: 'unity_endpoint'. If this is due to multiple nodes with the same name then all logs for the logger named 'unity_endpoint' will go out over the existing publisher. As soon as any node with that name is destructed it will unregister the publisher, preventing any further logs for that name from being published on the rosout topic.
[default_server_endpoint-1] [INFO] [1785152782.251047358] [unity_endpoint]: RegisterPublisher(/clock, <class 'rosgraph_msgs.msg._clock.Clock'>) OK
[default_server_endpoint-1] [WARN] [1785152782.388460035] [rcl.logging_rosout]: Publisher already registered for node name: 'unity_endpoint'. If this is due to multiple nodes with the same name then all logs for the logger named 'unity_endpoint' will go out over the existing publisher. As soon as any node with that name is destructed it will unregister the publisher, preventing any further logs for that name from being published on the rosout topic.
[default_server_endpoint-1] [INFO] [1785152782.417256176] [unity_endpoint]: RegisterPublisher(/scan, <class 'sensor_msgs.msg._laser_scan.LaserScan'>) OK
[default_server_endpoint-1] [WARN] [1785152782.418012954] [rcl.logging_rosout]: Publisher already registered for node name: 'unity_endpoint'. If this is due to multiple nodes with the same name then all logs for the logger named 'unity_endpoint' will go out over the existing publisher. As soon as any node with that name is destructed it will unregister the publisher, preventing any further logs for that name from being published on the rosout topic.
[default_server_endpoint-1] [INFO] [1785152782.438825857] [unity_endpoint]: RegisterPublisher(/ground_truth_pose, <class 'nav_msgs.msg._odometry.Odometry'>) OK
[default_server_endpoint-1] [WARN] [1785152782.442221718] [rcl.logging_rosout]: Publisher already registered for node name: 'unity_endpoint'. If this is due to multiple nodes with the same name then all logs for the logger named 'unity_endpoint' will go out over the existing publisher. As soon as any node with that name is destructed it will unregister the publisher, preventing any further logs for that name from being published on the rosout topic.
[default_server_endpoint-1] [INFO] [1785152782.466144103] [unity_endpoint]: RegisterPublisher(/imu/data, <class 'sensor_msgs.msg._imu.Imu'>) OK
[evaluator_node-6] [INFO] [1785152782.469119016] [unity_evaluator_node]: first ground truth received: measuring for 60.0s
[default_server_endpoint-1] [WARN] [1785152782.469389764] [rcl.logging_rosout]: Publisher already registered for node name: 'unity_endpoint'. If this is due to multiple nodes with the same name then all logs for the logger named 'unity_endpoint' will go out over the existing publisher. As soon as any node with that name is destructed it will unregister the publisher, preventing any further logs for that name from being published on the rosout topic.
[default_server_endpoint-1] [INFO] [1785152782.504384410] [unity_endpoint]: RegisterPublisher(/clock, <class 'rosgraph_msgs.msg._clock.Clock'>) OK
[default_server_endpoint-1] [INFO] [1785152782.537736662] [unity_endpoint]: RegisterPublisher(/scan, <class 'sensor_msgs.msg._laser_scan.LaserScan'>) OK
[default_server_endpoint-1] [INFO] [1785152782.571521533] [unity_endpoint]: RegisterPublisher(/ground_truth_pose, <class 'nav_msgs.msg._odometry.Odometry'>) OK
[default_server_endpoint-1] [INFO] [1785152782.610601850] [unity_endpoint]: RegisterPublisher(/imu/data, <class 'sensor_msgs.msg._imu.Imu'>) OK
[backend_optimizer_node-3] [INFO] [1785152783.796703728] [backend_optimizer_node]: collision unavoidable (point of no return): forcing hard scan trust for 150ms
[laser_scan_matching_node-4] [WARN] [1785152784.122502893] [laser_scan_matching_node]: IMU coverage wait exceeded 0.050s, processing scan with extrapolated tail
[backend_optimizer_node-3] [WARN] [1785152784.162227353] [backend_optimizer_node]: slow smoother update: 25.1ms (index 58)
[laser_scan_matching_node-4] [WARN] [1785152785.583455445] [laser_scan_matching_node]: IMU coverage wait exceeded 0.050s, processing scan with extrapolated tail
[backend_optimizer_node-3] [INFO] [1785152785.600683571] [backend_optimizer_node]: collision unavoidable (point of no return): forcing hard scan trust for 150ms
[backend_optimizer_node-3] [INFO] [1785152785.922317892] [backend_optimizer_node]: collision unavoidable (point of no return): forcing hard scan trust for 150ms
[backend_optimizer_node-3] [WARN] [1785152786.001758133] [backend_optimizer_node]: wall correction downweighted by DCS: d_xy=0.091m (> 0.059m, dt=0.075s, scale=1.55x) — reduced confidence, not rejected
[backend_optimizer_node-3] [WARN] [1785152786.001882580] [backend_optimizer_node]: hard scan trust suppressed: collision-window wall correction failed physical plausibility (DCS scale 1.55x)
[backend_optimizer_node-3] [WARN] [1785152787.043854151] [backend_optimizer_node]: slow smoother update: 22.7ms (index 147)
[laser_scan_matching_node-4] [WARN] [1785152787.199380395] [laser_scan_matching_node]: IMU coverage wait exceeded 0.050s, processing scan with extrapolated tail
[evaluator_node-6] [INFO] [1785152787.566273498] [unity_evaluator_node]: t=5.0s  直近5秒: pos_err mean=14.14mm max=67.61mm  samples=3970  detected_balls=0
[laser_scan_matching_node-4] [INFO] [1785152787.566502680] [laser_scan_matching_node]: note rejection: 51/541 returns unexplained, 4 clusters -> 4 accepted, 26 points dropped (last extent=0.0786m; gate <=0.350m, min 4 points)
[backend_optimizer_node-3] [INFO] [1785152787.990299590] [backend_optimizer_node]: collision unavoidable (point of no return): forcing hard scan trust for 150ms
[backend_optimizer_node-3] [WARN] [1785152788.601396577] [backend_optimizer_node]: wall correction downweighted by DCS: d_xy=0.083m (> 0.047m, dt=0.025s, scale=1.78x) — reduced confidence, not rejected
[backend_optimizer_node-3] [INFO] [1785152788.601689101] [backend_optimizer_node]: collision unavoidable (point of no return): forcing hard scan trust for 150ms
[backend_optimizer_node-3] [WARN] [1785152788.601701810] [backend_optimizer_node]: hard scan trust suppressed: collision-window wall correction failed physical plausibility (DCS scale 1.78x)
[backend_optimizer_node-3] [INFO] [1785152789.341974914] [backend_optimizer_node]: collision unavoidable (point of no return): forcing hard scan trust for 150ms
[laser_scan_matching_node-4] [WARN] [1785152789.454772953] [laser_scan_matching_node]: IMU coverage wait exceeded 0.050s, processing scan with extrapolated tail
[backend_optimizer_node-3] [INFO] [1785152789.698951607] [backend_optimizer_node]: collision unavoidable (point of no return): forcing hard scan trust for 150ms
[backend_optimizer_node-3] [INFO] [1785152790.963062402] [backend_optimizer_node]: collision unavoidable (point of no return): forcing hard scan trust for 150ms
[laser_scan_matching_node-4] [WARN] [1785152791.081194874] [laser_scan_matching_node]: IMU coverage wait exceeded 0.050s, processing scan with extrapolated tail
[backend_optimizer_node-3] [WARN] [1785152791.167747127] [backend_optimizer_node]: slow smoother update: 20.4ms (index 292)
[laser_scan_matching_node-4] [INFO] [1785152792.247670886] [laser_scan_matching_node]: note rejection: 87/541 returns unexplained, 3 clusters -> 2 accepted, 31 points dropped (last extent=0.1100m; gate <=0.350m, min 4 points)
[evaluator_node-6] [INFO] [1785152792.252521395] [unity_evaluator_node]: t=10.0s  直近5秒: pos_err mean=12.90mm max=62.14mm  samples=7764  detected_balls=0
[backend_optimizer_node-3] [WARN] [1785152792.869045828] [backend_optimizer_node]: slow smoother update: 23.0ms (index 339)
[backend_optimizer_node-3] [INFO] [1785152793.403053161] [backend_optimizer_node]: collision unavoidable (point of no return): forcing hard scan trust for 150ms
[backend_optimizer_node-3] [INFO] [1785152794.695716236] [backend_optimizer_node]: collision unavoidable (point of no return): forcing hard scan trust for 150ms
[backend_optimizer_node-3] [WARN] [1785152794.716027669] [backend_optimizer_node]: slow smoother update: 20.1ms (index 401)
[backend_optimizer_node-3] [WARN] [1785152794.759905527] [backend_optimizer_node]: slow smoother update: 22.7ms (index 402)
[laser_scan_matching_node-4] [WARN] [1785152795.609256965] [laser_scan_matching_node]: IMU coverage wait exceeded 0.050s, processing scan with extrapolated tail
[laser_scan_matching_node-4] [WARN] [1785152797.422781263] [laser_scan_matching_node]: IMU coverage wait exceeded 0.050s, processing scan with extrapolated tail
[evaluator_node-6] [INFO] [1785152797.463121412] [unity_evaluator_node]: t=15.0s  直近5秒: pos_err mean=8.39mm max=17.87mm  samples=11801  detected_balls=0
[laser_scan_matching_node-4] [INFO] [1785152797.531478175] [laser_scan_matching_node]: note rejection: 77/541 returns unexplained, 3 clusters -> 3 accepted, 49 points dropped (last extent=0.1177m; gate <=0.350m, min 4 points)
[laser_scan_matching_node-4] [WARN] [1785152798.791248080] [laser_scan_matching_node]: IMU coverage wait exceeded 0.050s, processing scan with extrapolated tail
[backend_optimizer_node-3] [INFO] [1785152798.834357304] [backend_optimizer_node]: collision unavoidable (point of no return): forcing hard scan trust for 150ms
[backend_optimizer_node-3] [WARN] [1785152798.856478618] [backend_optimizer_node]: slow smoother update: 22.0ms (index 516)
[evaluator_node-6] [INFO] [1785152802.455467466] [unity_evaluator_node]: t=20.0s  直近5秒: pos_err mean=9.36mm max=39.88mm  samples=16174  detected_balls=0
[laser_scan_matching_node-4] [INFO] [1785152802.564828068] [laser_scan_matching_node]: note rejection: 48/541 returns unexplained, 1 clusters -> 0 accepted, 0 points dropped (last extent=1.0867m; gate <=0.350m, min 4 points)
[backend_optimizer_node-3] [INFO] [1785152802.745338625] [backend_optimizer_node]: collision unavoidable (point of no return): forcing hard scan trust for 150ms
[laser_scan_matching_node-4] [WARN] [1785152806.632950688] [laser_scan_matching_node]: IMU coverage wait exceeded 0.050s, processing scan with extrapolated tail
[evaluator_node-6] [INFO] [1785152807.677378659] [unity_evaluator_node]: t=25.0s  直近5秒: pos_err mean=10.29mm max=20.59mm  samples=20901  detected_balls=0
[laser_scan_matching_node-4] [INFO] [1785152807.740233771] [laser_scan_matching_node]: note rejection: 30/541 returns unexplained, 1 clusters -> 0 accepted, 0 points dropped (last extent=1.0299m; gate <=0.350m, min 4 points)
[laser_scan_matching_node-4] [WARN] [1785152812.793283233] [laser_scan_matching_node]: IMU coverage wait exceeded 0.050s, processing scan with extrapolated tail
[evaluator_node-6] [INFO] [1785152812.803193558] [unity_evaluator_node]: t=29.9s  直近5秒: pos_err mean=10.15mm max=12.36mm  samples=25444  detected_balls=0
[laser_scan_matching_node-4] [INFO] [1785152812.863099256] [laser_scan_matching_node]: note rejection: 40/541 returns unexplained, 1 clusters -> 0 accepted, 0 points dropped (last extent=1.0348m; gate <=0.350m, min 4 points)
[laser_scan_matching_node-4] [WARN] [1785152813.785624156] [laser_scan_matching_node]: IMU coverage wait exceeded 0.050s, processing scan with extrapolated tail
[backend_optimizer_node-3] [WARN] [1785152813.818483482] [backend_optimizer_node]: slow smoother update: 24.2ms (index 1038)
[laser_scan_matching_node-4] [WARN] [1785152817.821794336] [laser_scan_matching_node]: IMU coverage wait exceeded 0.050s, processing scan with extrapolated tail
[evaluator_node-6] [INFO] [1785152817.903922849] [unity_evaluator_node]: t=34.9s  直近5秒: pos_err mean=10.20mm max=11.55mm  samples=29750  detected_balls=0
[laser_scan_matching_node-4] [INFO] [1785152818.095221752] [laser_scan_matching_node]: note rejection: 31/541 returns unexplained, 1 clusters -> 0 accepted, 0 points dropped (last extent=1.0555m; gate <=0.350m, min 4 points)
[laser_scan_matching_node-4] [WARN] [1785152820.108749636] [laser_scan_matching_node]: IMU coverage wait exceeded 0.050s, processing scan with extrapolated tail
[laser_scan_matching_node-4] [WARN] [1785152821.847013465] [laser_scan_matching_node]: IMU coverage wait exceeded 0.050s, processing scan with extrapolated tail
[laser_scan_matching_node-4] [INFO] [1785152823.286446051] [laser_scan_matching_node]: note rejection: 34/541 returns unexplained, 1 clusters -> 0 accepted, 0 points dropped (last extent=1.0328m; gate <=0.350m, min 4 points)
[evaluator_node-6] [INFO] [1785152823.308149296] [unity_evaluator_node]: t=39.9s  直近5秒: pos_err mean=10.24mm max=12.83mm  samples=34135  detected_balls=0
[laser_scan_matching_node-4] [WARN] [1785152827.239728043] [laser_scan_matching_node]: IMU coverage wait exceeded 0.050s, processing scan with extrapolated tail
[evaluator_node-6] [INFO] [1785152828.189977337] [unity_evaluator_node]: t=45.0s  直近5秒: pos_err mean=10.24mm max=11.97mm  samples=38318  detected_balls=0
[laser_scan_matching_node-4] [INFO] [1785152828.445696804] [laser_scan_matching_node]: note rejection: 30/541 returns unexplained, 1 clusters -> 0 accepted, 0 points dropped (last extent=1.0777m; gate <=0.350m, min 4 points)
[laser_scan_matching_node-4] [WARN] [1785152829.675631156] [laser_scan_matching_node]: IMU coverage wait exceeded 0.050s, processing scan with extrapolated tail
[laser_scan_matching_node-4] [WARN] [1785152830.735559504] [laser_scan_matching_node]: IMU coverage wait exceeded 0.050s, processing scan with extrapolated tail
[laser_scan_matching_node-4] [WARN] [1785152833.426062694] [laser_scan_matching_node]: IMU coverage wait exceeded 0.050s, processing scan with extrapolated tail
[evaluator_node-6] [INFO] [1785152833.451317530] [unity_evaluator_node]: t=49.9s  直近5秒: pos_err mean=10.23mm max=12.67mm  samples=42833  detected_balls=0
[laser_scan_matching_node-4] [INFO] [1785152833.628714657] [laser_scan_matching_node]: note rejection: 43/541 returns unexplained, 2 clusters -> 1 accepted, 4 points dropped (last extent=1.0486m; gate <=0.350m, min 4 points)
[backend_optimizer_node-3] [WARN] [1785152833.790624223] [backend_optimizer_node]: slow smoother update: 32.8ms (index 1716)
[laser_scan_matching_node-4] [WARN] [1785152835.052310638] [laser_scan_matching_node]: IMU coverage wait exceeded 0.050s, processing scan with extrapolated tail
[laser_scan_matching_node-4] [WARN] [1785152837.248491168] [laser_scan_matching_node]: IMU coverage wait exceeded 0.050s, processing scan with extrapolated tail
[evaluator_node-6] [INFO] [1785152838.495604089] [unity_evaluator_node]: t=55.0s  直近5秒: pos_err mean=9.76mm max=11.17mm  samples=47438  detected_balls=0
[laser_scan_matching_node-4] [INFO] [1785152838.732962889] [laser_scan_matching_node]: note rejection: 36/541 returns unexplained, 1 clusters -> 0 accepted, 0 points dropped (last extent=1.0479m; gate <=0.350m, min 4 points)
[laser_scan_matching_node-4] [WARN] [1785152840.998073810] [laser_scan_matching_node]: IMU coverage wait exceeded 0.050s, processing scan with extrapolated tail
[laser_scan_matching_node-4] [WARN] [1785152842.097191992] [laser_scan_matching_node]: IMU coverage wait exceeded 0.050s, processing scan with extrapolated tail
[evaluator_node-6] [INFO] [1785152843.691867917] [unity_evaluator_node]: t=60.0s  直近5秒: pos_err mean=10.26mm max=12.03mm  samples=52085  detected_balls=0
[evaluator_node-6] [INFO] [1785152843.692662333] [unity_evaluator_node]: === 評価終了、集計します ===
[laser_scan_matching_node-4] [INFO] [1785152844.058015729] [laser_scan_matching_node]: note rejection: 40/541 returns unexplained, 1 clusters -> 0 accepted, 0 points dropped (last extent=1.0284m; gate <=0.350m, min 4 points)
[evaluator_node-6] [INFO] [1785152844.303233893] [unity_evaluator_node]: 
[evaluator_node-6] ============================================================
[evaluator_node-6] main.md 6-A-1 シミュレーション評価レポート
[evaluator_node-6] ============================================================
[evaluator_node-6] 総サンプル数: 52085  (定常区間 t>=3.0s: 49601)
[evaluator_node-6] 真値未着のまま評価できなかったサンプル: 0
[evaluator_node-6] 
[evaluator_node-6] --- 全体（要件A: 定常RMSE<=10mm, 最大位置誤差<=10mm） ---
[evaluator_node-6]   位置誤差: mean=10.53mm  RMSE=11.69mm  max=67.61mm
[evaluator_node-6]   ヨー誤差: mean=0.608deg  RMSE=0.695deg  max=0.920deg
[evaluator_node-6]   判定: 定常誤差(RMSE<=10mm) FAIL / 最大位置誤差(<=10mm) FAIL
[evaluator_node-6] 
[evaluator_node-6] --- 高G旋回スピンバースト中 ---
[evaluator_node-6]   位置誤差: mean=nanmm  RMSE=nanmm  max=nanmm
[evaluator_node-6] 
[evaluator_node-6] --- ボール横切り中 vs 非横切り中 ---
[evaluator_node-6]   横切り中   : mean=nanmm  RMSE=nanmm  max=nanmm
[evaluator_node-6]   非横切り中 : mean=10.53mm  RMSE=11.69mm  max=67.61mm
[evaluator_node-6]   判定: ボール横切りによる自己位置無影響 PASS
[evaluator_node-6]   (参考) 横切り中の検出ボール数(最新): 0
[evaluator_node-6] ============================================================
[evaluator_node-6] [INFO] [1785152844.322101170] [unity_evaluator_node]: レポートを保存しました: /tmp/sim_eval_report.txt
[laser_scan_matching_node-4] [WARN] [1785152844.365532133] [laser_scan_matching_node]: IMU coverage wait exceeded 0.050s, processing scan with extrapolated tail
[backend_optimizer_node-3] [WARN] [1785152844.453180324] [backend_optimizer_node]: slow smoother update: 21.7ms (index 2090)
[evaluator_node-6] [INFO] [1785152846.567850192] [unity_evaluator_node]: グラフを保存しました: /tmp/sim_eval_plot.png
