[INFO] [1785335681.219186585] [backend_optimizer_node]: graph (re)initialized at X0=(-2.419, 1.354, 0.000) V0=(0.000, 0.000)
[INFO] [1785335681.219625373] [backend_optimizer_node]: backend_optimizer_node started (0 cylinders registered)
[INFO] [1785335689.296816648] [backend_optimizer_node]: wall prior loosened by ICP covariance: sigma(yaw,x,y)=(0.0129, 0.0063, 0.0063) censi=(0.0063, 0.0063, 0.0063)
[INFO] [1785335691.299610521] [backend_optimizer_node]: wall prior loosened by ICP covariance: sigma(yaw,x,y)=(0.0129, 0.0063, 0.0063) censi=(0.0063, 0.0063, 0.0063)
[INFO] [1785335693.321971595] [backend_optimizer_node]: wall prior loosened by ICP covariance: sigma(yaw,x,y)=(0.0129, 0.0063, 0.0063) censi=(0.0063, 0.0063, 0.0063)
[INFO] [1785335695.347306455] [backend_optimizer_node]: wall prior loosened by ICP covariance: sigma(yaw,x,y)=(0.0129, 0.0063, 0.0063) censi=(0.0063, 0.0063, 0.0063)
[INFO] [1785335697.371090760] [backend_optimizer_node]: wall prior loosened by ICP covariance: sigma(yaw,x,y)=(0.0129, 0.0063, 0.0063) censi=(0.0063, 0.0063, 0.0063)
[INFO] [1785335699.373958479] [backend_optimizer_node]: wall prior loosened by ICP covariance: sigma(yaw,x,y)=(0.0136, 0.0063, 0.0063) censi=(0.0063, 0.0063, 0.0063)
[INFO] [1785335701.376891819] [backend_optimizer_node]: wall prior loosened by ICP covariance: sigma(yaw,x,y)=(0.0132, 0.0063, 0.0063) censi=(0.0063, 0.0063, 0.0063)
[INFO] [1785335703.397283102] [backend_optimizer_node]: wall prior loosened by ICP covariance: sigma(yaw,x,y)=(0.0129, 0.0063, 0.0063) censi=(0.0063, 0.0063, 0.0063)
[INFO] [1785335705.398098341] [backend_optimizer_node]: wall prior loosened by ICP covariance: sigma(yaw,x,y)=(0.0129, 0.0063, 0.0063) censi=(0.0063, 0.0063, 0.0063)
[INFO] [1785335707.423276174] [backend_optimizer_node]: wall prior loosened by ICP covariance: sigma(yaw,x,y)=(0.0132, 0.0063, 0.0063) censi=(0.0063, 0.0063, 0.0063)
[INFO] [1785335709.447963534] [backend_optimizer_node]: wall prior loosened by ICP covariance: sigma(yaw,x,y)=(0.0134, 0.0063, 0.0063) censi=(0.0063, 0.0063, 0.0063)
[INFO] [1785335711.447808669] [backend_optimizer_node]: wall prior loosened by ICP covariance: sigma(yaw,x,y)=(0.0129, 0.0063, 0.0063) censi=(0.0063, 0.0063, 0.0063)
[INFO] [1785335713.473376437] [backend_optimizer_node]: wall prior loosened by ICP covariance: sigma(yaw,x,y)=(0.0133, 0.0063, 0.0063) censi=(0.0063, 0.0063, 0.0063)
[INFO] [1785335715.497536732] [backend_optimizer_node]: wall prior loosened by ICP covariance: sigma(yaw,x,y)=(0.0134, 0.0063, 0.0063) censi=(0.0063, 0.0063, 0.0063)
[INFO] [1785335717.522351620] [backend_optimizer_node]: wall prior loosened by ICP covariance: sigma(yaw,x,y)=(0.0131, 0.0063, 0.0063) censi=(0.0063, 0.0063, 0.0063)
[INFO] [1785335719.521912074] [backend_optimizer_node]: wall prior loosened by ICP covariance: sigma(yaw,x,y)=(0.0129, 0.0063, 0.0063) censi=(0.0063, 0.0063, 0.0063)
[INFO] [1785335721.548491121] [backend_optimizer_node]: wall prior loosened by ICP covariance: sigma(yaw,x,y)=(0.0129, 0.0063, 0.0063) censi=(0.0063, 0.0063, 0.0063)
[INFO] [1785335723.572840794] [backend_optimizer_node]: wall prior loosened by ICP covariance: sigma(yaw,x,y)=(0.0132, 0.0063, 0.0063) censi=(0.0063, 0.0063, 0.0063)
[INFO] [1785335725.597811682] [backend_optimizer_node]: wall prior loosened by ICP covariance: sigma(yaw,x,y)=(0.0131, 0.0063, 0.0063) censi=(0.0063, 0.0063, 0.0063)
[INFO] [1785335727.596891055] [backend_optimizer_node]: wall prior loosened by ICP covariance: sigma(yaw,x,y)=(0.0129, 0.0063, 0.0063) censi=(0.0063, 0.0063, 0.0063)
[INFO] [1785335729.624421377] [backend_optimizer_node]: wall prior loosened by ICP covariance: sigma(yaw,x,y)=(0.0136, 0.0063, 0.0063) censi=(0.0063, 0.0063, 0.0063)
[INFO] [1785335731.648066772] [backend_optimizer_node]: wall prior loosened by ICP covariance: sigma(yaw,x,y)=(0.0132, 0.0063, 0.0063) censi=(0.0063, 0.0063, 0.0063)
[INFO] [1785335733.647866237] [backend_optimizer_node]: wall prior loosened by ICP covariance: sigma(yaw,x,y)=(0.0130, 0.0063, 0.0063) censi=(0.0063, 0.0063, 0.0063)
[INFO] [1785335735.671939895] [backend_optimizer_node]: wall prior loosened by ICP covariance: sigma(yaw,x,y)=(0.0129, 0.0063, 0.0063) censi=(0.0063, 0.0063, 0.0063)
[INFO] [1785335737.697093716] [backend_optimizer_node]: wall prior loosened by ICP covariance: sigma(yaw,x,y)=(0.0131, 0.0063, 0.0063) censi=(0.0063, 0.0063, 0.0063)
[INFO] [1785335739.697733633] [backend_optimizer_node]: wall prior loosened by ICP covariance: sigma(yaw,x,y)=(0.0133, 0.0063, 0.0063) censi=(0.0063, 0.0063, 0.0063)
[INFO] [1785335741.699770567] [backend_optimizer_node]: wall prior loosened by ICP covariance: sigma(yaw,x,y)=(0.0129, 0.0063, 0.0063) censi=(0.0063, 0.0063, 0.0063)
[INFO] [1785335743.722808053] [backend_optimizer_node]: wall prior loosened by ICP covariance: sigma(yaw,x,y)=(0.0130, 0.0063, 0.0063) censi=(0.0063, 0.0063, 0.0063)
[INFO] [1785335745.749033360] [backend_optimizer_node]: wall prior loosened by ICP covariance: sigma(yaw,x,y)=(0.0136, 0.0063, 0.0063) censi=(0.0063, 0.0063, 0.0063)
[INFO] [1785335747.772307306] [backend_optimizer_node]: wall prior loosened by ICP covariance: sigma(yaw,x,y)=(0.0132, 0.0063, 0.0063) censi=(0.0063, 0.0063, 0.0063)
[ros2run]: Received signal:  Interrupt
[INFO] [1785335749.529560049] [rclcpp]: signal_handler(signum=2)
[INFO] [1785335749.530960079] [backend_optimizer_node]: backend concurrency stats: imu_callbacks=62001, during_worker=2800 (4.5%), during_smoother=2132 (3.4%), callback_gap_max=31.936ms, gaps>2ms=649, gaps>10ms=7; stamp_gap_max=1.000ms, gaps>1ms=0; ring_enqueue_max=0.319ms, enqueues>2ms=0; callback_duration_max=3.225ms, durations>2ms=1; worker_jobs=2480 mean/max=1.245/17.680ms; smoother_updates=2479 mean/max=0.946/17.444ms
