[INFO] [1785226751.743462444] [laser_scan_matching_node]: laser_scan_matching_node started (0 cylinders, 9 internal walls, field 5.572x3.310m, initial seed=(-2.419, 1.354, 0.000))
[WARN] [1785226766.269868368] [laser_scan_matching_node]: IMU coverage wait exceeded 0.050s, processing scan with extrapolated tail
[WARN] [1785226767.848896957] [laser_scan_matching_node]: IMU coverage wait exceeded 0.050s, processing scan with extrapolated tail
[INFO] [1785226770.807635112] [laser_scan_matching_node]: note rejection: 32/541 returns unexplained, 0 clusters -> 0 accepted, 0 points dropped (last extent=-1.0000m; gate <=0.350m, min 4 points)
[WARN] [1785226775.519117664] [laser_scan_matching_node]: IMU coverage wait exceeded 0.050s, processing scan with extrapolated tail
[INFO] [1785226777.196006731] [laser_scan_matching_node]: note rejection: 31/541 returns unexplained, 0 clusters -> 0 accepted, 0 points dropped (last extent=-1.0000m; gate <=0.350m, min 4 points)
[WARN] [1785226777.512544055] [laser_scan_matching_node]: IMU coverage wait exceeded 0.050s, processing scan with extrapolated tail
[INFO] [1785226782.889837736] [laser_scan_matching_node]: note rejection: 40/541 returns unexplained, 1 clusters -> 0 accepted, 0 points dropped (last extent=1.0048m; gate <=0.350m, min 4 points)
[INFO] [1785226788.278774155] [laser_scan_matching_node]: note rejection: 47/541 returns unexplained, 3 clusters -> 3 accepted, 14 points dropped (last extent=0.0836m; gate <=0.350m, min 4 points)
[INFO] [1785226793.439486971] [laser_scan_matching_node]: note rejection: 32/541 returns unexplained, 0 clusters -> 0 accepted, 0 points dropped (last extent=-1.0000m; gate <=0.350m, min 4 points)
[INFO] [1785226801.056370375] [laser_scan_matching_node]: note rejection: 32/541 returns unexplained, 2 clusters -> 2 accepted, 9 points dropped (last extent=0.0612m; gate <=0.350m, min 4 points)
[INFO] [1785226806.359903498] [laser_scan_matching_node]: note rejection: 41/541 returns unexplained, 2 clusters -> 1 accepted, 4 points dropped (last extent=0.0650m; gate <=0.350m, min 4 points)
[INFO] [1785226811.590155717] [laser_scan_matching_node]: note rejection: 26/541 returns unexplained, 0 clusters -> 0 accepted, 0 points dropped (last extent=-1.0000m; gate <=0.350m, min 4 points)
[INFO] [1785226817.070568452] [laser_scan_matching_node]: note rejection: 43/541 returns unexplained, 1 clusters -> 0 accepted, 0 points dropped (last extent=1.0418m; gate <=0.350m, min 4 points)
[INFO] [1785226822.356576586] [laser_scan_matching_node]: note rejection: 19/541 returns unexplained, 0 clusters -> 0 accepted, 0 points dropped (last extent=-1.0000m; gate <=0.350m, min 4 points)
[WARN] [1785226824.885442124] [laser_scan_matching_node]: IMU coverage wait exceeded 0.050s, processing scan with extrapolated tail
[INFO] [1785226827.638861314] [laser_scan_matching_node]: note rejection: 29/541 returns unexplained, 0 clusters -> 0 accepted, 0 points dropped (last extent=-1.0000m; gate <=0.350m, min 4 points)
[WARN] [1785226830.890239493] [laser_scan_matching_node]: IMU coverage wait exceeded 0.050s, processing scan with extrapolated tail
[INFO] [1785226833.287111947] [laser_scan_matching_node]: note rejection: 82/541 returns unexplained, 4 clusters -> 4 accepted, 53 points dropped (last extent=0.1180m; gate <=0.350m, min 4 points)
[INFO] [1785226836.228458595] [rclcpp]: signal_handler(signum=2)
