[INFO] [1785232833.511268866] [unity_evaluator_node]: evaluator_node started: will run for 60.0s starting from the first /ground_truth_pose
[INFO] [1785232861.819949394] [unity_evaluator_node]: first ground truth received: measuring for 60.0s
[INFO] [1785232866.223421655] [unity_evaluator_node]: t=5.0s  直近5秒: pos_err mean=3.90mm max=5.13mm  samples=2446  detected_balls=0
[INFO] [1785232871.481033463] [unity_evaluator_node]: t=9.9s  直近5秒: pos_err mean=3.94mm max=5.06mm  samples=6047  detected_balls=0
[INFO] [1785232876.940030180] [unity_evaluator_node]: t=15.0s  直近5秒: pos_err mean=6.91mm max=27.92mm  samples=9358  detected_balls=0
[INFO] [1785232882.359123641] [unity_evaluator_node]: t=20.0s  直近5秒: pos_err mean=5.47mm max=11.69mm  samples=13924  detected_balls=0
[INFO] [1785232887.972088618] [unity_evaluator_node]: t=25.0s  直近5秒: pos_err mean=7.97mm max=12.74mm  samples=18605  detected_balls=0
[INFO] [1785232893.272116230] [unity_evaluator_node]: t=30.0s  直近5秒: pos_err mean=6.29mm max=13.45mm  samples=23411  detected_balls=0
[INFO] [1785232898.659181858] [unity_evaluator_node]: t=35.0s  直近5秒: pos_err mean=5.08mm max=12.00mm  samples=27983  detected_balls=0
[INFO] [1785232904.035238063] [unity_evaluator_node]: t=40.0s  直近5秒: pos_err mean=8.12mm max=13.08mm  samples=32564  detected_balls=0
[INFO] [1785232909.419521615] [unity_evaluator_node]: t=44.9s  直近5秒: pos_err mean=4.98mm max=8.75mm  samples=37152  detected_balls=0
[INFO] [1785232914.777374453] [unity_evaluator_node]: t=49.9s  直近5秒: pos_err mean=7.55mm max=11.04mm  samples=41806  detected_balls=0
[INFO] [1785232920.055963758] [unity_evaluator_node]: t=55.0s  直近5秒: pos_err mean=6.98mm max=13.93mm  samples=46638  detected_balls=0
[INFO] [1785232925.347549728] [unity_evaluator_node]: t=60.0s  直近5秒: pos_err mean=6.46mm max=13.66mm  samples=51095  detected_balls=0
[INFO] [1785232925.349986753] [unity_evaluator_node]: === 評価終了、集計します ===
[INFO] [1785232925.838992804] [unity_evaluator_node]: 
============================================================
main.md 6-A-1 シミュレーション評価レポート
============================================================
総サンプル数: 51096  (定常区間 t>=3.0s: 50009)
真値未着のまま評価できなかったサンプル: 0

--- 全体（要件A: 定常RMSE<=10mm, 最大位置誤差<=10mm） ---
  位置誤差: mean=6.32mm  RMSE=7.06mm  max=27.92mm
  ヨー誤差: mean=0.166deg  RMSE=0.199deg  max=0.449deg
  判定: 定常誤差(RMSE<=10mm) PASS / 最大位置誤差(<=10mm) FAIL

--- 高G旋回スピンバースト中 ---
  位置誤差: mean=nanmm  RMSE=nanmm  max=nanmm

--- ボール横切り中 vs 非横切り中 ---
  横切り中   : mean=nanmm  RMSE=nanmm  max=nanmm
  非横切り中 : mean=6.32mm  RMSE=7.06mm  max=27.92mm
  判定: ボール横切りによる自己位置無影響 PASS
  (参考) 横切り中の検出ボール数(最新): 0
============================================================
[INFO] [1785232925.840807159] [unity_evaluator_node]: レポートを保存しました: /tmp/sim_eval_report.txt
[INFO] [1785232928.494187966] [unity_evaluator_node]: グラフを保存しました: /tmp/sim_eval_plot.png
