[INFO] [launch]: All log files can be found below /home/yukichi6105/ros2_ws/src/lio_localization_sim/docs/stage4_runs/max10_1khz_clock250_reintegration_clip_diag_5_5f1_20260727/ros2_logs/2026-07-27-21-19-51-368961-fuku-pc-256100
[INFO] [launch]: Default logging verbosity is set to INFO
[INFO] [default_server_endpoint-1]: process started with pid [256126]
[default_server_endpoint-1] /opt/ros/lyrical/lib/python3.14/site-packages/rclpy/executors.py:1073: UserWarning: MultiThreadedExecutor is used with a single thread.
[default_server_endpoint-1] Use the SingleThreadedExecutor instead.
[default_server_endpoint-1]   warnings.warn(
[default_server_endpoint-1] [INFO] [1785154792.005944593] [unity_endpoint]: Starting server on 0.0.0.0:10000
[default_server_endpoint-1] [INFO] [1785154792.097687815] [unity_endpoint]: Connection from 127.0.0.1
[default_server_endpoint-1] [ERROR] [1785154792.098681498] [unity_endpoint]: Exception: No more data available
[default_server_endpoint-1] [INFO] [1785154792.099049597] [unity_endpoint]: Disconnected from 127.0.0.1
[default_server_endpoint-1] [INFO] [1785154792.201278935] [unity_endpoint]: Connection from 127.0.0.1
[default_server_endpoint-1] [ERROR] [1785154792.202173816] [unity_endpoint]: Exception: No more data available
[default_server_endpoint-1] [INFO] [1785154792.202499856] [unity_endpoint]: Disconnected from 127.0.0.1
[INFO] [imu_preintegration_node-2]: process started with pid [256185]
[INFO] [backend_optimizer_node-3]: process started with pid [256186]
[INFO] [laser_scan_matching_node-4]: process started with pid [256187]
[INFO] [ball_tracking_node-5]: process started with pid [256188]
[INFO] [evaluator_node-6]: process started with pid [256189]
[ball_tracking_node-5] [INFO] [1785154796.597577122] [ball_tracking_node]: ball_tracking_node started
[backend_optimizer_node-3] [INFO] [1785154796.606255709] [backend_optimizer_node]: graph (re)initialized at X0=(-2.419, 1.354, 0.000) V0=(0.000, 0.000)
[backend_optimizer_node-3] [INFO] [1785154796.607674620] [backend_optimizer_node]: backend_optimizer_node started (0 cylinders registered)
[imu_preintegration_node-2] [INFO] [1785154796.621372863] [imu_preintegration_node]: imu_preintegration_node started (waiting for first /state_estimate)
[laser_scan_matching_node-4] [INFO] [1785154796.632558191] [laser_scan_matching_node]: laser_scan_matching_node started (0 cylinders, 9 internal walls, field 5.572x3.310m, initial seed=(-2.419, 1.354, 0.000))
[evaluator_node-6] [INFO] [1785154797.221720460] [unity_evaluator_node]: evaluator_node started: will run for 60.0s starting from the first /ground_truth_pose
[default_server_endpoint-1] [INFO] [1785154828.675699194] [unity_endpoint]: Connection from 172.25.0.1
[default_server_endpoint-1] [WARN] [1785154828.716042649] [rcl.logging_rosout]: Publisher already registered for node name: 'unity_endpoint'. If this is due to multiple nodes with the same name then all logs for the logger named 'unity_endpoint' will go out over the existing publisher. As soon as any node with that name is destructed it will unregister the publisher, preventing any further logs for that name from being published on the rosout topic.
[default_server_endpoint-1] [INFO] [1785154828.894267559] [unity_endpoint]: RegisterSubscriber(/odom_fast, <class 'nav_msgs.msg._odometry.Odometry'>) OK
[default_server_endpoint-1] [WARN] [1785154828.906132418] [rcl.logging_rosout]: Publisher already registered for node name: 'unity_endpoint'. If this is due to multiple nodes with the same name then all logs for the logger named 'unity_endpoint' will go out over the existing publisher. As soon as any node with that name is destructed it will unregister the publisher, preventing any further logs for that name from being published on the rosout topic.
[default_server_endpoint-1] [INFO] [1785154828.928796486] [unity_endpoint]: RegisterSubscriber(/tf, <class 'tf2_msgs.msg._tf_message.TFMessage'>) OK
[default_server_endpoint-1] [WARN] [1785154828.929397749] [rcl.logging_rosout]: Publisher already registered for node name: 'unity_endpoint'. If this is due to multiple nodes with the same name then all logs for the logger named 'unity_endpoint' will go out over the existing publisher. As soon as any node with that name is destructed it will unregister the publisher, preventing any further logs for that name from being published on the rosout topic.
[default_server_endpoint-1] [INFO] [1785154828.956517622] [unity_endpoint]: RegisterPublisher(/clock, <class 'rosgraph_msgs.msg._clock.Clock'>) OK
[default_server_endpoint-1] [WARN] [1785154829.065071750] [rcl.logging_rosout]: Publisher already registered for node name: 'unity_endpoint'. If this is due to multiple nodes with the same name then all logs for the logger named 'unity_endpoint' will go out over the existing publisher. As soon as any node with that name is destructed it will unregister the publisher, preventing any further logs for that name from being published on the rosout topic.
[default_server_endpoint-1] [INFO] [1785154829.083056741] [unity_endpoint]: RegisterPublisher(/scan, <class 'sensor_msgs.msg._laser_scan.LaserScan'>) OK
[default_server_endpoint-1] [WARN] [1785154829.083570962] [rcl.logging_rosout]: Publisher already registered for node name: 'unity_endpoint'. If this is due to multiple nodes with the same name then all logs for the logger named 'unity_endpoint' will go out over the existing publisher. As soon as any node with that name is destructed it will unregister the publisher, preventing any further logs for that name from being published on the rosout topic.
[default_server_endpoint-1] [INFO] [1785154829.102997892] [unity_endpoint]: RegisterPublisher(/ground_truth_pose, <class 'nav_msgs.msg._odometry.Odometry'>) OK
[default_server_endpoint-1] [WARN] [1785154829.103544287] [rcl.logging_rosout]: Publisher already registered for node name: 'unity_endpoint'. If this is due to multiple nodes with the same name then all logs for the logger named 'unity_endpoint' will go out over the existing publisher. As soon as any node with that name is destructed it will unregister the publisher, preventing any further logs for that name from being published on the rosout topic.
[default_server_endpoint-1] [INFO] [1785154829.122647265] [unity_endpoint]: RegisterPublisher(/imu/data, <class 'sensor_msgs.msg._imu.Imu'>) OK
[evaluator_node-6] [INFO] [1785154829.125030589] [unity_evaluator_node]: first ground truth received: measuring for 60.0s
[default_server_endpoint-1] [WARN] [1785154829.126785677] [rcl.logging_rosout]: Publisher already registered for node name: 'unity_endpoint'. If this is due to multiple nodes with the same name then all logs for the logger named 'unity_endpoint' will go out over the existing publisher. As soon as any node with that name is destructed it will unregister the publisher, preventing any further logs for that name from being published on the rosout topic.
[default_server_endpoint-1] [INFO] [1785154829.154773623] [unity_endpoint]: RegisterPublisher(/clock, <class 'rosgraph_msgs.msg._clock.Clock'>) OK
[default_server_endpoint-1] [INFO] [1785154829.183567577] [unity_endpoint]: RegisterPublisher(/scan, <class 'sensor_msgs.msg._laser_scan.LaserScan'>) OK
[default_server_endpoint-1] [INFO] [1785154829.206202061] [unity_endpoint]: RegisterPublisher(/ground_truth_pose, <class 'nav_msgs.msg._odometry.Odometry'>) OK
[default_server_endpoint-1] [INFO] [1785154829.235865110] [unity_endpoint]: RegisterPublisher(/imu/data, <class 'sensor_msgs.msg._imu.Imu'>) OK
[laser_scan_matching_node-4] [INFO] [1785154833.925591211] [laser_scan_matching_node]: note rejection: 34/541 returns unexplained, 0 clusters -> 0 accepted, 0 points dropped (last extent=-1.0000m; gate <=0.350m, min 4 points)
[evaluator_node-6] [INFO] [1785154833.940631480] [unity_evaluator_node]: t=5.0s  直近5秒: pos_err mean=4.02mm max=7.97mm  samples=4601  detected_balls=0
[laser_scan_matching_node-4] [INFO] [1785154839.060527599] [laser_scan_matching_node]: note rejection: 17/541 returns unexplained, 0 clusters -> 0 accepted, 0 points dropped (last extent=-1.0000m; gate <=0.350m, min 4 points)
[evaluator_node-6] [INFO] [1785154839.072153404] [unity_evaluator_node]: t=10.0s  直近5秒: pos_err mean=4.03mm max=6.01mm  samples=9215  detected_balls=0
[backend_optimizer_node-3] [WARN] [1785154842.516094854] [backend_optimizer_node]: slow smoother update: 21.5ms (index 490)
[laser_scan_matching_node-4] [WARN] [1785154843.852761548] [laser_scan_matching_node]: IMU coverage wait exceeded 0.050s, processing scan with extrapolated tail
[evaluator_node-6] [INFO] [1785154844.223319131] [unity_evaluator_node]: t=15.0s  直近5秒: pos_err mean=6.34mm max=12.23mm  samples=14016  detected_balls=0
[laser_scan_matching_node-4] [INFO] [1785154844.225145853] [laser_scan_matching_node]: note rejection: 46/541 returns unexplained, 3 clusters -> 3 accepted, 14 points dropped (last extent=0.0851m; gate <=0.350m, min 4 points)
[backend_optimizer_node-3] [WARN] [1785154844.495125642] [backend_optimizer_node]: slow smoother update: 21.4ms (index 559)
[laser_scan_matching_node-4] [WARN] [1785154846.432965744] [laser_scan_matching_node]: IMU coverage wait exceeded 0.050s, processing scan with extrapolated tail
[backend_optimizer_node-3] [WARN] [1785154848.906819523] [backend_optimizer_node]: slow smoother update: 21.7ms (index 720)
[evaluator_node-6] [INFO] [1785154849.397534001] [unity_evaluator_node]: t=20.0s  直近5秒: pos_err mean=5.10mm max=13.42mm  samples=18867  detected_balls=0
[laser_scan_matching_node-4] [INFO] [1785154849.426279909] [laser_scan_matching_node]: note rejection: 27/541 returns unexplained, 0 clusters -> 0 accepted, 0 points dropped (last extent=-1.0000m; gate <=0.350m, min 4 points)
[backend_optimizer_node-3] [WARN] [1785154854.533072128] [backend_optimizer_node]: slow smoother update: 23.8ms (index 933)
[evaluator_node-6] [INFO] [1785154854.575258919] [unity_evaluator_node]: t=25.0s  直近5秒: pos_err mean=2.27mm max=3.91mm  samples=23941  detected_balls=0
[laser_scan_matching_node-4] [INFO] [1785154854.581464828] [laser_scan_matching_node]: note rejection: 23/541 returns unexplained, 0 clusters -> 0 accepted, 0 points dropped (last extent=-1.0000m; gate <=0.350m, min 4 points)
[backend_optimizer_node-3] [WARN] [1785154857.908492745] [backend_optimizer_node]: slow smoother update: 31.5ms (index 1057)
[evaluator_node-6] [INFO] [1785154859.741568320] [unity_evaluator_node]: t=30.0s  直近5秒: pos_err mean=2.37mm max=4.24mm  samples=28787  detected_balls=0
[laser_scan_matching_node-4] [INFO] [1785154859.791311684] [laser_scan_matching_node]: note rejection: 21/541 returns unexplained, 0 clusters -> 0 accepted, 0 points dropped (last extent=-1.0000m; gate <=0.350m, min 4 points)
[evaluator_node-6] [INFO] [1785154864.866481338] [unity_evaluator_node]: t=35.0s  直近5秒: pos_err mean=2.19mm max=3.13mm  samples=33727  detected_balls=0
[laser_scan_matching_node-4] [INFO] [1785154864.928267169] [laser_scan_matching_node]: note rejection: 23/541 returns unexplained, 0 clusters -> 0 accepted, 0 points dropped (last extent=-1.0000m; gate <=0.350m, min 4 points)
[backend_optimizer_node-3] [WARN] [1785154865.313055897] [backend_optimizer_node]: slow smoother update: 25.5ms (index 1331)
[backend_optimizer_node-3] [WARN] [1785154867.735102353] [backend_optimizer_node]: slow smoother update: 31.0ms (index 1425)
[laser_scan_matching_node-4] [WARN] [1785154868.772957697] [laser_scan_matching_node]: IMU coverage wait exceeded 0.050s, processing scan with extrapolated tail
[backend_optimizer_node-3] [WARN] [1785154868.904058174] [backend_optimizer_node]: slow smoother update: 25.7ms (index 1467)
[evaluator_node-6] [INFO] [1785154870.006090578] [unity_evaluator_node]: t=40.0s  直近5秒: pos_err mean=2.36mm max=4.29mm  samples=38609  detected_balls=0
[laser_scan_matching_node-4] [INFO] [1785154870.067998076] [laser_scan_matching_node]: note rejection: 12/541 returns unexplained, 0 clusters -> 0 accepted, 0 points dropped (last extent=-1.0000m; gate <=0.350m, min 4 points)
[backend_optimizer_node-3] [WARN] [1785154873.864691167] [backend_optimizer_node]: slow smoother update: 21.9ms (index 1656)
[evaluator_node-6] [INFO] [1785154875.165213022] [unity_evaluator_node]: t=45.0s  直近5秒: pos_err mean=2.44mm max=4.23mm  samples=43543  detected_balls=0
[laser_scan_matching_node-4] [INFO] [1785154875.265805382] [laser_scan_matching_node]: note rejection: 34/541 returns unexplained, 0 clusters -> 0 accepted, 0 points dropped (last extent=-1.0000m; gate <=0.350m, min 4 points)
[laser_scan_matching_node-4] [WARN] [1785154875.505281804] [laser_scan_matching_node]: IMU coverage wait exceeded 0.050s, processing scan with extrapolated tail
[backend_optimizer_node-3] [WARN] [1785154876.646771324] [backend_optimizer_node]: slow smoother update: 21.1ms (index 1755)
[backend_optimizer_node-3] [WARN] [1785154877.589163738] [backend_optimizer_node]: slow smoother update: 21.5ms (index 1792)
[evaluator_node-6] [INFO] [1785154880.264735450] [unity_evaluator_node]: t=50.0s  直近5秒: pos_err mean=2.25mm max=5.10mm  samples=48458  detected_balls=0
[laser_scan_matching_node-4] [INFO] [1785154880.466377901] [laser_scan_matching_node]: note rejection: 30/541 returns unexplained, 0 clusters -> 0 accepted, 0 points dropped (last extent=-1.0000m; gate <=0.350m, min 4 points)
[laser_scan_matching_node-4] [WARN] [1785154885.152524811] [laser_scan_matching_node]: IMU coverage wait exceeded 0.050s, processing scan with extrapolated tail
[evaluator_node-6] [INFO] [1785154885.448397157] [unity_evaluator_node]: t=55.0s  直近5秒: pos_err mean=2.42mm max=3.48mm  samples=53439  detected_balls=0
[laser_scan_matching_node-4] [INFO] [1785154885.613776510] [laser_scan_matching_node]: note rejection: 24/541 returns unexplained, 0 clusters -> 0 accepted, 0 points dropped (last extent=-1.0000m; gate <=0.350m, min 4 points)
[backend_optimizer_node-3] [WARN] [1785154885.857359174] [backend_optimizer_node]: slow smoother update: 28.7ms (index 2096)
[backend_optimizer_node-3] [WARN] [1785154889.505229979] [backend_optimizer_node]: slow smoother update: 22.2ms (index 2234)
[evaluator_node-6] [INFO] [1785154890.581009384] [unity_evaluator_node]: t=60.0s  直近5秒: pos_err mean=2.38mm max=3.55mm  samples=58438  detected_balls=0
[evaluator_node-6] [INFO] [1785154890.582280127] [unity_evaluator_node]: === 評価終了、集計します ===
[laser_scan_matching_node-4] [INFO] [1785154890.782504328] [laser_scan_matching_node]: note rejection: 20/541 returns unexplained, 0 clusters -> 0 accepted, 0 points dropped (last extent=-1.0000m; gate <=0.350m, min 4 points)
[evaluator_node-6] [INFO] [1785154891.176905555] [unity_evaluator_node]: 
[evaluator_node-6] ============================================================
[evaluator_node-6] main.md 6-A-1 シミュレーション評価レポート
[evaluator_node-6] ============================================================
[evaluator_node-6] 総サンプル数: 58438  (定常区間 t>=3.0s: 55688)
[evaluator_node-6] 真値未着のまま評価できなかったサンプル: 0
[evaluator_node-6] 
[evaluator_node-6] --- 全体（要件A: 定常RMSE<=10mm, 最大位置誤差<=10mm） ---
[evaluator_node-6]   位置誤差: mean=3.11mm  RMSE=3.63mm  max=13.42mm
[evaluator_node-6]   ヨー誤差: mean=0.068deg  RMSE=0.100deg  max=0.407deg
[evaluator_node-6]   判定: 定常誤差(RMSE<=10mm) PASS / 最大位置誤差(<=10mm) FAIL
[evaluator_node-6] 
[evaluator_node-6] --- 高G旋回スピンバースト中 ---
[evaluator_node-6]   位置誤差: mean=nanmm  RMSE=nanmm  max=nanmm
[evaluator_node-6] 
[evaluator_node-6] --- ボール横切り中 vs 非横切り中 ---
[evaluator_node-6]   横切り中   : mean=nanmm  RMSE=nanmm  max=nanmm
[evaluator_node-6]   非横切り中 : mean=3.11mm  RMSE=3.63mm  max=13.42mm
[evaluator_node-6]   判定: ボール横切りによる自己位置無影響 PASS
[evaluator_node-6]   (参考) 横切り中の検出ボール数(最新): 0
[evaluator_node-6] ============================================================
[evaluator_node-6] [INFO] [1785154891.178692838] [unity_evaluator_node]: レポートを保存しました: /tmp/sim_eval_report.txt
[backend_optimizer_node-3] [WARN] [1785154893.597989740] [backend_optimizer_node]: slow smoother update: 24.2ms (index 2385)
[evaluator_node-6] [INFO] [1785154893.903786506] [unity_evaluator_node]: グラフを保存しました: /tmp/sim_eval_plot.png
[INFO] [evaluator_node-6]: process has finished cleanly [pid 256189]
[INFO] [ball_tracking_node-5]: sending signal 'SIGINT' to process[ball_tracking_node-5]
[INFO] [laser_scan_matching_node-4]: sending signal 'SIGINT' to process[laser_scan_matching_node-4]
[INFO] [backend_optimizer_node-3]: sending signal 'SIGINT' to process[backend_optimizer_node-3]
[INFO] [imu_preintegration_node-2]: sending signal 'SIGINT' to process[imu_preintegration_node-2]
[INFO] [default_server_endpoint-1]: sending signal 'SIGINT' to process[default_server_endpoint-1]
[ball_tracking_node-5] [INFO] [1785154894.700990187] [rclcpp]: signal_handler(signum=2)
[backend_optimizer_node-3] [INFO] [1785154894.708433863] [rclcpp]: signal_handler(signum=2)
[laser_scan_matching_node-4] [INFO] [1785154894.708700477] [rclcpp]: signal_handler(signum=2)
[imu_preintegration_node-2] [INFO] [1785154894.718961582] [rclcpp]: signal_handler(signum=2)
[default_server_endpoint-1] [ERROR] [1785154894.735760685] [unity_endpoint]: Exception [Errno 9] Bad file descriptor
[default_server_endpoint-1] [INFO] [1785154894.745659296] [unity_endpoint]: Disconnected from 172.25.0.1
[default_server_endpoint-1] Exception in thread Thread-6:
[INFO] [ball_tracking_node-5]: process has finished cleanly [pid 256188]
[INFO] [laser_scan_matching_node-4]: process has finished cleanly [pid 256187]
[INFO] [backend_optimizer_node-3]: process has finished cleanly [pid 256186]
[INFO] [default_server_endpoint-1]: process has finished cleanly [pid 256126]
[imu_preintegration_node-2] [INFO] [1785154895.157190392] [imu_preintegration_node]: diag odom dump: ok (66449 records)
[imu_preintegration_node-2] Failed to publish log message to rosout: publisher's context is invalid, at ./src/rcl/publisher.c:427
[INFO] [imu_preintegration_node-2]: process has finished cleanly [pid 256185]
