[INFO] [1785155134.933693676] [unity_evaluator_node]: evaluator_node started: will run for 60.0s starting from the first /ground_truth_pose
[INFO] [1785155161.426427762] [unity_evaluator_node]: first ground truth received: measuring for 60.0s
[INFO] [1785155166.249997552] [unity_evaluator_node]: t=5.0s  直近5秒: pos_err mean=4.11mm max=10.21mm  samples=4589  detected_balls=0
[INFO] [1785155171.339583501] [unity_evaluator_node]: t=10.0s  直近5秒: pos_err mean=4.22mm max=6.68mm  samples=9245  detected_balls=0
[INFO] [1785155176.502040365] [unity_evaluator_node]: t=15.0s  直近5秒: pos_err mean=7.67mm max=14.63mm  samples=13923  detected_balls=0
[INFO] [1785155181.642102982] [unity_evaluator_node]: t=20.0s  直近5秒: pos_err mean=4.02mm max=11.68mm  samples=18943  detected_balls=0
[INFO] [1785155186.831892723] [unity_evaluator_node]: t=25.0s  直近5秒: pos_err mean=2.23mm max=3.63mm  samples=24027  detected_balls=0
[INFO] [1785155191.939080593] [unity_evaluator_node]: t=30.0s  直近5秒: pos_err mean=2.43mm max=3.84mm  samples=28790  detected_balls=0
[INFO] [1785155197.131254609] [unity_evaluator_node]: t=35.0s  直近5秒: pos_err mean=2.23mm max=3.03mm  samples=33622  detected_balls=0
[INFO] [1785155202.219311162] [unity_evaluator_node]: t=40.0s  直近5秒: pos_err mean=2.36mm max=4.25mm  samples=38470  detected_balls=0
[INFO] [1785155207.373360194] [unity_evaluator_node]: t=44.9s  直近5秒: pos_err mean=2.41mm max=4.28mm  samples=43260  detected_balls=0
[INFO] [1785155212.555899916] [unity_evaluator_node]: t=50.0s  直近5秒: pos_err mean=2.26mm max=4.00mm  samples=48199  detected_balls=0
[INFO] [1785155217.678366667] [unity_evaluator_node]: t=55.0s  直近5秒: pos_err mean=2.50mm max=3.58mm  samples=53188  detected_balls=0
[INFO] [1785155222.799793865] [unity_evaluator_node]: t=60.0s  直近5秒: pos_err mean=2.41mm max=3.57mm  samples=58104  detected_balls=0
[INFO] [1785155222.801959717] [unity_evaluator_node]: === 評価終了、集計します ===
[INFO] [1785155223.172158671] [unity_evaluator_node]: 
============================================================
main.md 6-A-1 シミュレーション評価レポート
============================================================
総サンプル数: 58105  (定常区間 t>=3.0s: 55486)
真値未着のまま評価できなかったサンプル: 0

--- 全体（要件A: 定常RMSE<=10mm, 最大位置誤差<=10mm） ---
  位置誤差: mean=3.16mm  RMSE=3.75mm  max=14.63mm
  ヨー誤差: mean=0.071deg  RMSE=0.111deg  max=0.435deg
  判定: 定常誤差(RMSE<=10mm) PASS / 最大位置誤差(<=10mm) FAIL

--- 高G旋回スピンバースト中 ---
  位置誤差: mean=nanmm  RMSE=nanmm  max=nanmm

--- ボール横切り中 vs 非横切り中 ---
  横切り中   : mean=nanmm  RMSE=nanmm  max=nanmm
  非横切り中 : mean=3.16mm  RMSE=3.75mm  max=14.63mm
  判定: ボール横切りによる自己位置無影響 PASS
  (参考) 横切り中の検出ボール数(最新): 0
============================================================
[INFO] [1785155223.173445950] [unity_evaluator_node]: レポートを保存しました: /tmp/sim_eval_report.txt
[INFO] [1785155225.686893259] [unity_evaluator_node]: グラフを保存しました: /tmp/sim_eval_plot.png
