[INFO] [launch]: All log files can be found below /home/yukichi6105/ros2_ws/src/lio_localization_sim/docs/stage4_runs/bag_replay_88s_lockfree_imu_ring_20260729_r1/ros2_logs/2026-07-29-15-44-23-963281-fuku-pc-390588
[INFO] [launch]: Default logging verbosity is set to INFO
[INFO] [default_server_endpoint-1]: process started with pid [390860]
[default_server_endpoint-1] /opt/ros/lyrical/lib/python3.14/site-packages/rclpy/executors.py:1073: UserWarning: MultiThreadedExecutor is used with a single thread.
[default_server_endpoint-1] Use the SingleThreadedExecutor instead.
[default_server_endpoint-1]   warnings.warn(
[default_server_endpoint-1] [INFO] [1785307465.833298056] [unity_endpoint]: Starting server on 0.0.0.0:10000
[INFO] [imu_preintegration_node-2]: process started with pid [391138]
[INFO] [backend_optimizer_node-3]: process started with pid [391139]
[INFO] [laser_scan_matching_node-4]: process started with pid [391140]
[INFO] [nice-5]: process started with pid [391141]
[INFO] [nice-6]: process started with pid [391142]
[nice-5] [INFO] [1785307469.603140492] [ball_tracking_node]: ball_tracking_node started
[laser_scan_matching_node-4] [INFO] [1785307469.640050944] [laser_scan_matching_node]: laser_scan_matching_node started (0 cylinders, 9 internal walls, field 5.572x3.310m, initial seed=(-2.419, 1.354, 0.000))
[imu_preintegration_node-2] [INFO] [1785307469.677035869] [imu_preintegration_node]: imu_preintegration_node started (waiting for first /state_estimate)
[nice-6] [INFO] [1785307469.714720155] [unity_evaluator_node]: C++ realtime evaluator started: measuring 60.0s from first ground truth
[backend_optimizer_node-3] [INFO] [1785307470.048537794] [backend_optimizer_node]: graph (re)initialized at X0=(-2.419, 1.354, 0.000) V0=(0.000, 0.000)
[backend_optimizer_node-3] [INFO] [1785307470.048821856] [backend_optimizer_node]: backend_optimizer_node started (0 cylinders registered)
[nice-6] [INFO] [1785307485.283433250] [unity_evaluator_node]: first ground truth received; measurement window started
[nice-6] [INFO] [1785307490.282115935] [unity_evaluator_node]: t=5.0s  recent 5s: pos_err mean=4.24mm max=6.33mm samples=2154 balls=0
[laser_scan_matching_node-4] [INFO] [1785307490.290023428] [laser_scan_matching_node]: note rejection: 32/541 returns unexplained, 0 clusters -> 0 accepted, 0 points dropped (last extent=-1.0000m; gate <=0.350m, min 4 points)
[nice-6] [INFO] [1785307495.282302026] [unity_evaluator_node]: t=10.0s  recent 5s: pos_err mean=3.95mm max=5.49mm samples=7345 balls=0
[laser_scan_matching_node-4] [INFO] [1785307495.289905277] [laser_scan_matching_node]: note rejection: 29/541 returns unexplained, 0 clusters -> 0 accepted, 0 points dropped (last extent=-1.0000m; gate <=0.350m, min 4 points)
[nice-6] [INFO] [1785307500.295080710] [unity_evaluator_node]: t=15.0s  recent 5s: pos_err mean=7.67mm max=12.03mm samples=12565 balls=0
[laser_scan_matching_node-4] [INFO] [1785307500.302896821] [laser_scan_matching_node]: note rejection: 38/541 returns unexplained, 2 clusters -> 1 accepted, 5 points dropped (last extent=0.0786m; gate <=0.350m, min 4 points)
[nice-6] [INFO] [1785307505.282058960] [unity_evaluator_node]: t=20.0s  recent 5s: pos_err mean=4.73mm max=11.34mm samples=17744 balls=0
[laser_scan_matching_node-4] [INFO] [1785307505.312524467] [laser_scan_matching_node]: note rejection: 55/541 returns unexplained, 2 clusters -> 1 accepted, 4 points dropped (last extent=0.0914m; gate <=0.350m, min 4 points)
[nice-6] [INFO] [1785307510.282818006] [unity_evaluator_node]: t=25.0s  recent 5s: pos_err mean=7.84mm max=12.18mm samples=22944 balls=0
[laser_scan_matching_node-4] [INFO] [1785307510.312074884] [laser_scan_matching_node]: note rejection: 28/541 returns unexplained, 0 clusters -> 0 accepted, 0 points dropped (last extent=-1.0000m; gate <=0.350m, min 4 points)
[backend_optimizer_node-3] [WARN] [1785307511.984634001] [backend_optimizer_node]: slow smoother update: 21.5ms (index 951)
[backend_optimizer_node-3] [WARN] [1785307514.117193599] [backend_optimizer_node]: slow smoother update: 54.8ms (index 1035)
[nice-6] [INFO] [1785307515.282227738] [unity_evaluator_node]: t=30.0s  recent 5s: pos_err mean=6.91mm max=10.95mm samples=28144 balls=0
[laser_scan_matching_node-4] [INFO] [1785307515.338390317] [laser_scan_matching_node]: note rejection: 46/541 returns unexplained, 3 clusters -> 2 accepted, 9 points dropped (last extent=0.0643m; gate <=0.350m, min 4 points)
[nice-6] [INFO] [1785307520.282232449] [unity_evaluator_node]: t=35.0s  recent 5s: pos_err mean=4.66mm max=10.22mm samples=33344 balls=0
[laser_scan_matching_node-4] [INFO] [1785307520.363086268] [laser_scan_matching_node]: note rejection: 41/541 returns unexplained, 2 clusters -> 1 accepted, 4 points dropped (last extent=0.0565m; gate <=0.350m, min 4 points)
[nice-6] [INFO] [1785307525.282148828] [unity_evaluator_node]: t=40.0s  recent 5s: pos_err mean=7.82mm max=13.18mm samples=38544 balls=0
[laser_scan_matching_node-4] [INFO] [1785307525.387407722] [laser_scan_matching_node]: note rejection: 26/541 returns unexplained, 0 clusters -> 0 accepted, 0 points dropped (last extent=-1.0000m; gate <=0.350m, min 4 points)
[nice-6] [INFO] [1785307530.282222252] [unity_evaluator_node]: t=45.0s  recent 5s: pos_err mean=6.61mm max=10.84mm samples=43744 balls=0
[laser_scan_matching_node-4] [INFO] [1785307530.388381472] [laser_scan_matching_node]: note rejection: 41/541 returns unexplained, 4 clusters -> 4 accepted, 18 points dropped (last extent=0.0628m; gate <=0.350m, min 4 points)
[nice-6] [INFO] [1785307535.282292658] [unity_evaluator_node]: t=50.0s  recent 5s: pos_err mean=5.05mm max=10.68mm samples=48953 balls=0
[laser_scan_matching_node-4] [INFO] [1785307535.387481308] [laser_scan_matching_node]: note rejection: 45/541 returns unexplained, 3 clusters -> 3 accepted, 13 points dropped (last extent=0.1619m; gate <=0.350m, min 4 points)
[nice-6] [INFO] [1785307540.282168281] [unity_evaluator_node]: t=55.0s  recent 5s: pos_err mean=8.15mm max=11.65mm samples=54144 balls=0
[laser_scan_matching_node-4] [INFO] [1785307540.411487105] [laser_scan_matching_node]: note rejection: 38/541 returns unexplained, 0 clusters -> 0 accepted, 0 points dropped (last extent=-1.0000m; gate <=0.350m, min 4 points)
[nice-6] [INFO] [1785307545.282471824] [unity_evaluator_node]: t=60.0s  recent 5s: pos_err mean=6.53mm max=10.59mm samples=59344 balls=0
[nice-6] [INFO] [1785307545.285003867] [unity_evaluator_node]: 
[nice-6] ============================================================
[nice-6] main.md 6-A-1 シミュレーション評価レポート (C++ realtime evaluator)
[nice-6] ============================================================
[nice-6] 総サンプル数: 59344  (定常区間 t>=3.0s: 59270)
[nice-6] 真値未着のまま評価できなかったサンプル: 8
[nice-6] 
[nice-6] --- 全体（要件A: 定常RMSE<=10mm, 最大位置誤差<=10mm） ---
[nice-6]   位置誤差: mean=6.28mm  RMSE=6.96mm  max=13.18mm
[nice-6]   ヨー誤差: mean=0.167deg  RMSE=0.203deg  max=0.451deg
[nice-6]   判定: 定常誤差(RMSE<=10mm) PASS / 最大位置誤差(<=10mm) FAIL
[nice-6] 
[nice-6] --- 高G旋回スピンバースト中 ---
[nice-6]   位置誤差: mean=nanmm  RMSE=nanmm  max=nanmm
[nice-6] 
[nice-6] --- ボール横切り中 vs 非横切り中 ---
[nice-6]   横切り中   : mean=nanmm  RMSE=nanmm  max=nanmm
[nice-6]   非横切り中 : mean=nanmm  RMSE=nanmm  max=nanmm
[nice-6]   判定: ボール横切りによる自己位置無影響 PASS
[nice-6]   (参考) 横切り中の検出ボール数(最新): 0
[nice-6] ============================================================
[nice-6] 
[laser_scan_matching_node-4] [INFO] [1785307545.420463185] [laser_scan_matching_node]: note rejection: 33/541 returns unexplained, 3 clusters -> 3 accepted, 14 points dropped (last extent=0.0602m; gate <=0.350m, min 4 points)
[nice-6] [INFO] [1785307545.452292781] [unity_evaluator_node]: Saved report and raw error CSV in /tmp
[INFO] [nice-6]: process has finished cleanly [pid 391142]
[INFO] [nice-5]: sending signal 'SIGINT' to process[nice-5]
[INFO] [laser_scan_matching_node-4]: sending signal 'SIGINT' to process[laser_scan_matching_node-4]
[INFO] [backend_optimizer_node-3]: sending signal 'SIGINT' to process[backend_optimizer_node-3]
[INFO] [imu_preintegration_node-2]: sending signal 'SIGINT' to process[imu_preintegration_node-2]
[INFO] [default_server_endpoint-1]: sending signal 'SIGINT' to process[default_server_endpoint-1]
[nice-5] [INFO] [1785307545.721376720] [rclcpp]: signal_handler(signum=2)
[backend_optimizer_node-3] [INFO] [1785307545.728059999] [rclcpp]: signal_handler(signum=2)
[imu_preintegration_node-2] [INFO] [1785307545.730353066] [rclcpp]: signal_handler(signum=2)
[laser_scan_matching_node-4] [INFO] [1785307545.731496271] [rclcpp]: signal_handler(signum=2)
[backend_optimizer_node-3] [INFO] [1785307545.735119786] [backend_optimizer_node]: backend concurrency stats: imu_callbacks=60444, during_worker=3357 (5.6%), during_smoother=2492 (4.1%), callback_gap_max=35.075ms, gaps>2ms=1486, gaps>10ms=98; stamp_gap_max=1.000ms, gaps>1ms=0; queue_lock_wait_max=16.423ms, waits>2ms=10; callback_duration_max=19.799ms, durations>2ms=28; worker_jobs=2301 mean/max=1.576/58.358ms; smoother_updates=2301 mean/max=1.158/54.834ms
[INFO] [nice-5]: process has finished cleanly [pid 391141]
[INFO] [imu_preintegration_node-2]: process has finished cleanly [pid 391138]
[INFO] [backend_optimizer_node-3]: process has finished cleanly [pid 391139]
[INFO] [default_server_endpoint-1]: process has finished cleanly [pid 390860]
[INFO] [laser_scan_matching_node-4]: process has finished cleanly [pid 391140]
