[INFO] [launch]: All log files can be found below /home/yukichi6105/.ros/log/2026-07-23-20-47-16-462275-fuku-pc-122031
[INFO] [launch]: Default logging verbosity is set to INFO
[INFO] [default_server_endpoint-1]: process started with pid [122045]
[default_server_endpoint-1] /opt/ros/lyrical/lib/python3.14/site-packages/rclpy/executors.py:1073: UserWarning: MultiThreadedExecutor is used with a single thread.
[default_server_endpoint-1] Use the SingleThreadedExecutor instead.
[default_server_endpoint-1]   warnings.warn(
[default_server_endpoint-1] [INFO] [1784807236.884720298] [unity_endpoint]: Starting server on 0.0.0.0:10000
[INFO] [imu_preintegration_node-2]: process started with pid [122119]
[INFO] [backend_optimizer_node-3]: process started with pid [122120]
[INFO] [laser_scan_matching_node-4]: process started with pid [122121]
[INFO] [ball_tracking_node-5]: process started with pid [122122]
[INFO] [evaluator_node-6]: process started with pid [122123]
[ball_tracking_node-5] [INFO] [1784807241.600654089] [ball_tracking_node]: ball_tracking_node started
[laser_scan_matching_node-4] [INFO] [1784807241.622564747] [laser_scan_matching_node]: laser_scan_matching_node started (0 cylinders, 9 internal walls, field 5.572x3.310m, initial seed=(-2.419, 1.354, 0.000))
[backend_optimizer_node-3] [INFO] [1784807241.630277657] [backend_optimizer_node]: graph (re)initialized at X0=(-2.419, 1.354, 0.000) V0=(0.000, 0.000)
[backend_optimizer_node-3] [INFO] [1784807241.630434366] [backend_optimizer_node]: backend_optimizer_node started (0 cylinders registered)
[imu_preintegration_node-2] [INFO] [1784807241.630633268] [imu_preintegration_node]: imu_preintegration_node started (waiting for first /state_estimate)
[evaluator_node-6] [INFO] [1784807242.412624921] [unity_evaluator_node]: evaluator_node started: will run for 60.0s starting from the first /ground_truth_pose
[default_server_endpoint-1] [INFO] [1784807261.369756351] [unity_endpoint]: Connection from 127.0.0.1
[default_server_endpoint-1] [WARN] [1784807261.429687397] [rcl.logging_rosout]: Publisher already registered for node name: 'unity_endpoint'. If this is due to multiple nodes with the same name then all logs for the logger named 'unity_endpoint' will go out over the existing publisher. As soon as any node with that name is destructed it will unregister the publisher, preventing any further logs for that name from being published on the rosout topic.
[default_server_endpoint-1] [INFO] [1784807261.561716870] [unity_endpoint]: RegisterSubscriber(/odom_fast, <class 'nav_msgs.msg._odometry.Odometry'>) OK
[default_server_endpoint-1] [WARN] [1784807261.567935834] [rcl.logging_rosout]: Publisher already registered for node name: 'unity_endpoint'. If this is due to multiple nodes with the same name then all logs for the logger named 'unity_endpoint' will go out over the existing publisher. As soon as any node with that name is destructed it will unregister the publisher, preventing any further logs for that name from being published on the rosout topic.
[default_server_endpoint-1] [INFO] [1784807261.585106902] [unity_endpoint]: RegisterSubscriber(/tf, <class 'tf2_msgs.msg._tf_message.TFMessage'>) OK
[default_server_endpoint-1] [WARN] [1784807261.585585062] [rcl.logging_rosout]: Publisher already registered for node name: 'unity_endpoint'. If this is due to multiple nodes with the same name then all logs for the logger named 'unity_endpoint' will go out over the existing publisher. As soon as any node with that name is destructed it will unregister the publisher, preventing any further logs for that name from being published on the rosout topic.
[default_server_endpoint-1] [INFO] [1784807261.601874673] [unity_endpoint]: RegisterPublisher(/clock, <class 'rosgraph_msgs.msg._clock.Clock'>) OK
[default_server_endpoint-1] [WARN] [1784807261.692854817] [rcl.logging_rosout]: Publisher already registered for node name: 'unity_endpoint'. If this is due to multiple nodes with the same name then all logs for the logger named 'unity_endpoint' will go out over the existing publisher. As soon as any node with that name is destructed it will unregister the publisher, preventing any further logs for that name from being published on the rosout topic.
[default_server_endpoint-1] [INFO] [1784807261.708337510] [unity_endpoint]: RegisterPublisher(/scan, <class 'sensor_msgs.msg._laser_scan.LaserScan'>) OK
[default_server_endpoint-1] [WARN] [1784807261.709162909] [rcl.logging_rosout]: Publisher already registered for node name: 'unity_endpoint'. If this is due to multiple nodes with the same name then all logs for the logger named 'unity_endpoint' will go out over the existing publisher. As soon as any node with that name is destructed it will unregister the publisher, preventing any further logs for that name from being published on the rosout topic.
[default_server_endpoint-1] [INFO] [1784807261.725214511] [unity_endpoint]: RegisterPublisher(/ground_truth_pose, <class 'nav_msgs.msg._odometry.Odometry'>) OK
[default_server_endpoint-1] [WARN] [1784807261.726732295] [rcl.logging_rosout]: Publisher already registered for node name: 'unity_endpoint'. If this is due to multiple nodes with the same name then all logs for the logger named 'unity_endpoint' will go out over the existing publisher. As soon as any node with that name is destructed it will unregister the publisher, preventing any further logs for that name from being published on the rosout topic.
[default_server_endpoint-1] [INFO] [1784807261.743161801] [unity_endpoint]: RegisterPublisher(/imu/data, <class 'sensor_msgs.msg._imu.Imu'>) OK
[default_server_endpoint-1] [WARN] [1784807261.745226803] [rcl.logging_rosout]: Publisher already registered for node name: 'unity_endpoint'. If this is due to multiple nodes with the same name then all logs for the logger named 'unity_endpoint' will go out over the existing publisher. As soon as any node with that name is destructed it will unregister the publisher, preventing any further logs for that name from being published on the rosout topic.
[evaluator_node-6] [INFO] [1784807261.745675146] [unity_evaluator_node]: first ground truth received: measuring for 60.0s
[default_server_endpoint-1] [INFO] [1784807261.768419827] [unity_endpoint]: RegisterPublisher(/clock, <class 'rosgraph_msgs.msg._clock.Clock'>) OK
[default_server_endpoint-1] [INFO] [1784807261.794956984] [unity_endpoint]: RegisterPublisher(/scan, <class 'sensor_msgs.msg._laser_scan.LaserScan'>) OK
[default_server_endpoint-1] [WARN] [1784807261.795823546] [rcl.logging_rosout]: Publisher already registered for node name: 'unity_endpoint'. If this is due to multiple nodes with the same name then all logs for the logger named 'unity_endpoint' will go out over the existing publisher. As soon as any node with that name is destructed it will unregister the publisher, preventing any further logs for that name from being published on the rosout topic.
[default_server_endpoint-1] [INFO] [1784807261.818299425] [unity_endpoint]: RegisterPublisher(/ground_truth_pose, <class 'nav_msgs.msg._odometry.Odometry'>) OK
[default_server_endpoint-1] [INFO] [1784807261.845209381] [unity_endpoint]: RegisterPublisher(/imu/data, <class 'sensor_msgs.msg._imu.Imu'>) OK
[backend_optimizer_node-3] [WARN] [1784807265.482788832] [backend_optimizer_node]: slow smoother update: 27.0ms (index 29)
[evaluator_node-6] [INFO] [1784807269.844870195] [unity_evaluator_node]: t=5.0s  直近5秒: pos_err mean=17.87mm max=31.01mm  samples=5154  detected_balls=0
[evaluator_node-6] [INFO] [1784807274.955173102] [unity_evaluator_node]: t=10.0s  直近5秒: pos_err mean=21.02mm max=22.65mm  samples=10309  detected_balls=0
[evaluator_node-6] [INFO] [1784807280.137067511] [unity_evaluator_node]: t=15.0s  直近5秒: pos_err mean=20.86mm max=23.25mm  samples=15470  detected_balls=0
[evaluator_node-6] [INFO] [1784807285.223495392] [unity_evaluator_node]: t=20.0s  直近5秒: pos_err mean=21.32mm max=23.27mm  samples=20669  detected_balls=0
[backend_optimizer_node-3] [WARN] [1784807289.106558948] [backend_optimizer_node]: slow smoother update: 26.2ms (index 937)
[evaluator_node-6] [INFO] [1784807290.357896978] [unity_evaluator_node]: t=25.0s  直近5秒: pos_err mean=21.25mm max=22.81mm  samples=25855  detected_balls=0
[evaluator_node-6] [INFO] [1784807295.431604141] [unity_evaluator_node]: t=30.0s  直近5秒: pos_err mean=21.00mm max=22.90mm  samples=31053  detected_balls=0
[evaluator_node-6] [INFO] [1784807300.534139726] [unity_evaluator_node]: t=35.0s  直近5秒: pos_err mean=20.93mm max=22.89mm  samples=36265  detected_balls=0
[backend_optimizer_node-3] [WARN] [1784807301.017701218] [backend_optimizer_node]: slow smoother update: 29.0ms (index 1404)
[backend_optimizer_node-3] [WARN] [1784807304.274374221] [backend_optimizer_node]: slow smoother update: 21.1ms (index 1527)
[evaluator_node-6] [INFO] [1784807305.730254660] [unity_evaluator_node]: t=40.0s  直近5秒: pos_err mean=21.06mm max=23.75mm  samples=41439  detected_balls=0
[evaluator_node-6] [INFO] [1784807310.817744006] [unity_evaluator_node]: t=45.0s  直近5秒: pos_err mean=20.94mm max=22.96mm  samples=46642  detected_balls=0
[evaluator_node-6] [INFO] [1784807316.168463073] [unity_evaluator_node]: t=50.0s  直近5秒: pos_err mean=20.84mm max=23.02mm  samples=51799  detected_balls=0
[evaluator_node-6] [INFO] [1784807321.290196896] [unity_evaluator_node]: t=55.0s  直近5秒: pos_err mean=20.96mm max=22.66mm  samples=56988  detected_balls=0
[backend_optimizer_node-3] [WARN] [1784807325.901399262] [backend_optimizer_node]: slow smoother update: 22.5ms (index 2347)
[evaluator_node-6] [INFO] [1784807326.486706730] [unity_evaluator_node]: t=60.0s  直近5秒: pos_err mean=20.94mm max=23.23mm  samples=62121  detected_balls=0
[evaluator_node-6] [INFO] [1784807326.487625498] [unity_evaluator_node]: === 評価終了、集計します ===
[backend_optimizer_node-3] [WARN] [1784807326.848964572] [backend_optimizer_node]: slow smoother update: 22.0ms (index 2383)
[evaluator_node-6] [INFO] [1784807326.894119350] [unity_evaluator_node]: 
[evaluator_node-6] ============================================================
[evaluator_node-6] main.md 6-A-1 シミュレーション評価レポート
[evaluator_node-6] ============================================================
[evaluator_node-6] 総サンプル数: 62121  (定常区間 t>=3.0s: 59037)
[evaluator_node-6] 真値未着のまま評価できなかったサンプル: 0
[evaluator_node-6] 
[evaluator_node-6] --- 全体（要件A: 定常±10mm, 最大±20mm） ---
[evaluator_node-6]   位置誤差: mean=21.02mm  RMSE=21.04mm  max=23.75mm
[evaluator_node-6]   ヨー誤差: mean=0.540deg  RMSE=0.541deg  max=0.659deg
[evaluator_node-6]   判定: 定常誤差(RMSE<=10mm) FAIL / 最大ドリフト(<=20mm) FAIL
[evaluator_node-6] 
[evaluator_node-6] --- 高G旋回スピンバースト中 ---
[evaluator_node-6]   位置誤差: mean=nanmm  RMSE=nanmm  max=nanmm
[evaluator_node-6] 
[evaluator_node-6] --- ボール横切り中 vs 非横切り中 ---
[evaluator_node-6]   横切り中   : mean=nanmm  RMSE=nanmm  max=nanmm
[evaluator_node-6]   非横切り中 : mean=21.02mm  RMSE=21.04mm  max=23.75mm
[evaluator_node-6]   判定: ボール横切りによる自己位置無影響 PASS
[evaluator_node-6]   (参考) 横切り中の検出ボール数(最新): 0
[evaluator_node-6] ============================================================
[evaluator_node-6] [INFO] [1784807326.895192008] [unity_evaluator_node]: レポートを保存しました: /tmp/sim_eval_report.txt
[evaluator_node-6] [INFO] [1784807328.643158101] [unity_evaluator_node]: グラフを保存しました: /tmp/sim_eval_plot.png
[INFO] [evaluator_node-6]: process has finished cleanly [pid 122123]
[INFO] [ball_tracking_node-5]: sending signal 'SIGINT' to process[ball_tracking_node-5]
[INFO] [laser_scan_matching_node-4]: sending signal 'SIGINT' to process[laser_scan_matching_node-4]
[INFO] [backend_optimizer_node-3]: sending signal 'SIGINT' to process[backend_optimizer_node-3]
[INFO] [imu_preintegration_node-2]: sending signal 'SIGINT' to process[imu_preintegration_node-2]
[INFO] [default_server_endpoint-1]: sending signal 'SIGINT' to process[default_server_endpoint-1]
[ball_tracking_node-5] [INFO] [1784807329.167536631] [rclcpp]: signal_handler(signum=2)
[laser_scan_matching_node-4] [INFO] [1784807329.171167720] [rclcpp]: signal_handler(signum=2)
[imu_preintegration_node-2] [INFO] [1784807329.177317360] [rclcpp]: signal_handler(signum=2)
[backend_optimizer_node-3] [INFO] [1784807329.177445743] [rclcpp]: signal_handler(signum=2)
[default_server_endpoint-1] [INFO] [1784807329.231166664] [unity_endpoint]: Disconnected from 127.0.0.1
[default_server_endpoint-1] Exception in thread Thread-2:
[default_server_endpoint-1] Traceback (most recent call last):
[default_server_endpoint-1]   File "/usr/lib/python3.14/threading.py", line 1082, in _bootstrap_inner
[default_server_endpoint-1]     self._context.run(self.run)
[default_server_endpoint-1]     ~~~~~~~~~~~~~~~~~^^^^^^^^^^
[default_server_endpoint-1]   File "/home/yukichi6105/ros2_ws/install/ros_tcp_endpoint/lib/python3.14/site-packages/ros_tcp_endpoint/client.py", line 216, in run
[default_server_endpoint-1]     ros_communicator.send(data)
[default_server_endpoint-1]     ~~~~~~~~~~~~~~~~~~~~~^^^^^^
[default_server_endpoint-1]   File "/home/yukichi6105/ros2_ws/install/ros_tcp_endpoint/lib/python3.14/site-packages/ros_tcp_endpoint/publisher.py", line 57, in send
[default_server_endpoint-1]     self.pub.publish(data)
[default_server_endpoint-1]     ~~~~~~~~~~~~~~~~^^^^^^
[default_server_endpoint-1]   File "/opt/ros/lyrical/lib/python3.14/site-packages/rclpy/publisher.py", line 69, in publish
[default_server_endpoint-1]     self.__publisher.publish_raw(msg)
[default_server_endpoint-1]     ~~~~~~~~~~~~~~~~~~~~~~~~~~~~^^^^^
[default_server_endpoint-1] rclpy._rclpy_pybind11.RCLError: Failed to publish: publisher's context is invalid, at ./src/rcl/publisher.c:427
[default_server_endpoint-1] Traceback (most recent call last):
[default_server_endpoint-1]   File "/home/yukichi6105/ros2_ws/install/ros_tcp_endpoint/lib/ros_tcp_endpoint/default_server_endpoint", line 33, in <module>
[default_server_endpoint-1]     sys.exit(load_entry_point('ros-tcp-endpoint==0.0.1', 'console_scripts', 'default_server_endpoint')())
[default_server_endpoint-1]              ~~~~~~~~~~~~~~~~~~~~~~~~~~~~~~~~~~~~~~~~~~~~~~~~~~~~~~~~~~~~~~~~~~~~~~~~~~~~~~~~~~~~~~~~~^^
[default_server_endpoint-1]   File "/home/yukichi6105/ros2_ws/install/ros_tcp_endpoint/lib/python3.14/site-packages/ros_tcp_endpoint/default_server_endpoint.py", line 14, in main
[default_server_endpoint-1]     tcp_server.setup_executor()
[default_server_endpoint-1]     ~~~~~~~~~~~~~~~~~~~~~~~~~^^
[default_server_endpoint-1]   File "/home/yukichi6105/ros2_ws/install/ros_tcp_endpoint/lib/python3.14/site-packages/ros_tcp_endpoint/server.py", line 167, in setup_executor
[default_server_endpoint-1]     executor.spin()
[default_server_endpoint-1]     ~~~~~~~~~~~~~^^
[default_server_endpoint-1]   File "/opt/ros/lyrical/lib/python3.14/site-packages/rclpy/executors.py", line 400, in spin
[default_server_endpoint-1]     self._spin_once_impl()
[default_server_endpoint-1]     ~~~~~~~~~~~~~~~~~~~~^^
[default_server_endpoint-1]   File "/opt/ros/lyrical/lib/python3.14/site-packages/rclpy/executors.py", line 1086, in _spin_once_impl
[default_server_endpoint-1]     handler, entity, node = self.wait_for_ready_callbacks(
[default_server_endpoint-1]                             ~~~~~~~~~~~~~~~~~~~~~~~~~~~~~^
[default_server_endpoint-1]         timeout_sec, None, wait_condition)
[default_server_endpoint-1]         ^^^^^^^^^^^^^^^^^^^^^^^^^^^^^^^^^^
[default_server_endpoint-1]   File "/opt/ros/lyrical/lib/python3.14/site-packages/rclpy/executors.py", line 970, in wait_for_ready_callbacks
[default_server_endpoint-1]     return next(self._cb_iter)
[default_server_endpoint-1]   File "/opt/ros/lyrical/lib/python3.14/site-packages/rclpy/executors.py", line 848, in _wait_for_ready_callbacks
[default_server_endpoint-1]     wait_set = _rclpy.WaitSet(
[default_server_endpoint-1]         entity_count.num_subscriptions,
[default_server_endpoint-1]     ...<4 lines>...
[default_server_endpoint-1]         entity_count.num_events,
[default_server_endpoint-1]         self._context.handle)
[default_server_endpoint-1] rclpy._rclpy_pybind11.RCLError: failed to initialize wait set: the given context is not valid, either rcl_init() was not called or rcl_shutdown() was called., at ./src/rcl/wait.c:110
[INFO] [ball_tracking_node-5]: process has finished cleanly [pid 122122]
[INFO] [backend_optimizer_node-3]: process has finished cleanly [pid 122120]
[INFO] [laser_scan_matching_node-4]: process has finished cleanly [pid 122121]
[INFO] [imu_preintegration_node-2]: process has finished cleanly [pid 122119]
[ERROR] [default_server_endpoint-1]: process has died [pid 122045, exit code 1, cmd '/home/yukichi6105/ros2_ws/install/ros_tcp_endpoint/lib/ros_tcp_endpoint/default_server_endpoint --ros-args -r __node:=unity_endpoint --params-file /tmp/launch_params_qc04q80v'].
