[INFO] [launch]: All log files can be found below /home/yukichi6105/ros2_ws/src/lio_localization_sim/docs/stage4_runs/backend_worker_quant_20260729_r2/ros2_logs/2026-07-29-10-58-03-117980-fuku-pc-3701790
[INFO] [launch]: Default logging verbosity is set to INFO
[INFO] [default_server_endpoint-1]: process started with pid [3701995]
[default_server_endpoint-1] /opt/ros/lyrical/lib/python3.14/site-packages/rclpy/executors.py:1073: UserWarning: MultiThreadedExecutor is used with a single thread.
[default_server_endpoint-1] Use the SingleThreadedExecutor instead.
[default_server_endpoint-1]   warnings.warn(
[default_server_endpoint-1] [INFO] [1785290283.940674519] [unity_endpoint]: Starting server on 0.0.0.0:10000
[default_server_endpoint-1] [INFO] [1785290284.011410020] [unity_endpoint]: Connection from 127.0.0.1
[default_server_endpoint-1] [ERROR] [1785290284.013109415] [unity_endpoint]: Exception: No more data available
[default_server_endpoint-1] [INFO] [1785290284.013507190] [unity_endpoint]: Disconnected from 127.0.0.1
[default_server_endpoint-1] [INFO] [1785290284.117893011] [unity_endpoint]: Connection from 127.0.0.1
[default_server_endpoint-1] [ERROR] [1785290284.118699701] [unity_endpoint]: Exception: No more data available
[default_server_endpoint-1] [INFO] [1785290284.119012524] [unity_endpoint]: Disconnected from 127.0.0.1
[INFO] [imu_preintegration_node-2]: process started with pid [3702259]
[INFO] [backend_optimizer_node-3]: process started with pid [3702260]
[INFO] [laser_scan_matching_node-4]: process started with pid [3702261]
[INFO] [ball_tracking_node-5]: process started with pid [3702262]
[INFO] [evaluator_node-6]: process started with pid [3702263]
[ball_tracking_node-5] [INFO] [1785290288.430898041] [ball_tracking_node]: ball_tracking_node started
[laser_scan_matching_node-4] [INFO] [1785290288.441314677] [laser_scan_matching_node]: laser_scan_matching_node started (0 cylinders, 9 internal walls, field 5.572x3.310m, initial seed=(-2.419, 1.354, 0.000))
[imu_preintegration_node-2] [INFO] [1785290288.441523857] [imu_preintegration_node]: imu_preintegration_node started (waiting for first /state_estimate)
[backend_optimizer_node-3] [INFO] [1785290288.467438125] [backend_optimizer_node]: graph (re)initialized at X0=(-2.419, 1.354, 0.000) V0=(0.000, 0.000)
[backend_optimizer_node-3] [INFO] [1785290288.468027224] [backend_optimizer_node]: backend_optimizer_node started (0 cylinders registered)
[evaluator_node-6] [INFO] [1785290289.248811368] [unity_evaluator_node]: evaluator_node started: will run for 60.0s starting from the first /ground_truth_pose
[default_server_endpoint-1] [INFO] [1785290365.352686335] [unity_endpoint]: Connection from 127.0.0.1
[default_server_endpoint-1] [WARN] [1785290365.396427069] [rcl.logging_rosout]: Publisher already registered for node name: 'unity_endpoint'. If this is due to multiple nodes with the same name then all logs for the logger named 'unity_endpoint' will go out over the existing publisher. As soon as any node with that name is destructed it will unregister the publisher, preventing any further logs for that name from being published on the rosout topic.
[default_server_endpoint-1] [INFO] [1785290365.703526835] [unity_endpoint]: RegisterSubscriber(/odom_fast, <class 'nav_msgs.msg._odometry.Odometry'>) OK
[default_server_endpoint-1] [WARN] [1785290365.723717087] [rcl.logging_rosout]: Publisher already registered for node name: 'unity_endpoint'. If this is due to multiple nodes with the same name then all logs for the logger named 'unity_endpoint' will go out over the existing publisher. As soon as any node with that name is destructed it will unregister the publisher, preventing any further logs for that name from being published on the rosout topic.
[default_server_endpoint-1] [INFO] [1785290365.807179843] [unity_endpoint]: RegisterSubscriber(/tf, <class 'tf2_msgs.msg._tf_message.TFMessage'>) OK
[default_server_endpoint-1] [WARN] [1785290365.807703068] [rcl.logging_rosout]: Publisher already registered for node name: 'unity_endpoint'. If this is due to multiple nodes with the same name then all logs for the logger named 'unity_endpoint' will go out over the existing publisher. As soon as any node with that name is destructed it will unregister the publisher, preventing any further logs for that name from being published on the rosout topic.
[default_server_endpoint-1] [INFO] [1785290365.829152652] [unity_endpoint]: RegisterPublisher(/clock, <class 'rosgraph_msgs.msg._clock.Clock'>) OK
[default_server_endpoint-1] [WARN] [1785290366.036297199] [rcl.logging_rosout]: Publisher already registered for node name: 'unity_endpoint'. If this is due to multiple nodes with the same name then all logs for the logger named 'unity_endpoint' will go out over the existing publisher. As soon as any node with that name is destructed it will unregister the publisher, preventing any further logs for that name from being published on the rosout topic.
[default_server_endpoint-1] [INFO] [1785290366.069420201] [unity_endpoint]: RegisterPublisher(/scan, <class 'sensor_msgs.msg._laser_scan.LaserScan'>) OK
[default_server_endpoint-1] [WARN] [1785290366.070076995] [rcl.logging_rosout]: Publisher already registered for node name: 'unity_endpoint'. If this is due to multiple nodes with the same name then all logs for the logger named 'unity_endpoint' will go out over the existing publisher. As soon as any node with that name is destructed it will unregister the publisher, preventing any further logs for that name from being published on the rosout topic.
[default_server_endpoint-1] [INFO] [1785290366.089929983] [unity_endpoint]: RegisterPublisher(/ground_truth_pose, <class 'nav_msgs.msg._odometry.Odometry'>) OK
[default_server_endpoint-1] [WARN] [1785290366.090654786] [rcl.logging_rosout]: Publisher already registered for node name: 'unity_endpoint'. If this is due to multiple nodes with the same name then all logs for the logger named 'unity_endpoint' will go out over the existing publisher. As soon as any node with that name is destructed it will unregister the publisher, preventing any further logs for that name from being published on the rosout topic.
[default_server_endpoint-1] [INFO] [1785290366.113766020] [unity_endpoint]: RegisterPublisher(/imu/data, <class 'sensor_msgs.msg._imu.Imu'>) OK
[default_server_endpoint-1] [WARN] [1785290366.115698157] [rcl.logging_rosout]: Publisher already registered for node name: 'unity_endpoint'. If this is due to multiple nodes with the same name then all logs for the logger named 'unity_endpoint' will go out over the existing publisher. As soon as any node with that name is destructed it will unregister the publisher, preventing any further logs for that name from being published on the rosout topic.
[evaluator_node-6] [INFO] [1785290366.124130155] [unity_evaluator_node]: first ground truth received: measuring for 60.0s
[default_server_endpoint-1] [INFO] [1785290366.154772938] [unity_endpoint]: RegisterPublisher(/clock, <class 'rosgraph_msgs.msg._clock.Clock'>) OK
[default_server_endpoint-1] [INFO] [1785290366.180468277] [unity_endpoint]: RegisterPublisher(/scan, <class 'sensor_msgs.msg._laser_scan.LaserScan'>) OK
[default_server_endpoint-1] [INFO] [1785290366.221481718] [unity_endpoint]: RegisterPublisher(/ground_truth_pose, <class 'nav_msgs.msg._odometry.Odometry'>) OK
[default_server_endpoint-1] [INFO] [1785290366.267497016] [unity_endpoint]: RegisterPublisher(/imu/data, <class 'sensor_msgs.msg._imu.Imu'>) OK
[backend_optimizer_node-3] [WARN] [1785290366.318163114] [backend_optimizer_node]: slow smoother update: 25.9ms (index 1)
[laser_scan_matching_node-4] [INFO] [1785290371.914262625] [laser_scan_matching_node]: note rejection: 32/541 returns unexplained, 0 clusters -> 0 accepted, 0 points dropped (last extent=-1.0000m; gate <=0.350m, min 4 points)
[evaluator_node-6] [INFO] [1785290371.929631701] [unity_evaluator_node]: t=5.0s  直近5秒: pos_err mean=4.09mm max=40.71mm  samples=4662  detected_balls=0
[evaluator_node-6] [INFO] [1785290378.292021996] [unity_evaluator_node]: t=10.0s  直近5秒: pos_err mean=4.01mm max=5.45mm  samples=9654  detected_balls=0
[laser_scan_matching_node-4] [INFO] [1785290378.327378684] [laser_scan_matching_node]: note rejection: 31/541 returns unexplained, 0 clusters -> 0 accepted, 0 points dropped (last extent=-1.0000m; gate <=0.350m, min 4 points)
[backend_optimizer_node-3] [ERROR] [1785290384.817990788] [backend_optimizer_node]: IMU signal LOST (no IMU for 2.01s > 2.00s). Self-localization is the dead-reckoning backbone and cannot continue without it: entering FAIL-SAFE HALT (freezing estimate, no further graph updates).
[imu_preintegration_node-2] [ERROR] [1785290384.841921659] [imu_preintegration_node]: IMU signal LOST (no IMU for 2.03s > 2.00s): stopping /odom_fast. IMU is the dead-reckoning backbone; recovery is not possible, restart required.
[default_server_endpoint-1] [ERROR] [1785290386.082534467] [unity_endpoint]: Exception: No more data available
[default_server_endpoint-1] [INFO] [1785290386.083189343] [unity_endpoint]: Disconnected from 127.0.0.1
[imu_preintegration_node-2] [INFO] [1785290390.936081922] [rclcpp]: signal_handler(signum=2)
[laser_scan_matching_node-4] [INFO] [1785290390.936082667] [rclcpp]: signal_handler(signum=2)
[ball_tracking_node-5] [INFO] [1785290390.937320347] [rclcpp]: signal_handler(signum=2)
[backend_optimizer_node-3] [INFO] [1785290390.937627328] [rclcpp]: signal_handler(signum=2)
[backend_optimizer_node-3] [INFO] [1785290390.938549479] [backend_optimizer_node]: backend concurrency stats: imu_callbacks=13463, during_worker=1323 (9.8%), during_smoother=799 (5.9%), callback_gap_max=3213.309ms, gaps>2ms=1840, gaps>10ms=479; worker_jobs=503 mean/max=2.315/33.362ms; smoother_updates=502 mean/max=1.443/25.907ms
