[INFO] [1785315001.286650022] [realtime_evaluator_node]: C++ realtime evaluator started: measuring 60.0s from first ground truth
[INFO] [1785315004.168568606] [realtime_evaluator_node]: first ground truth received; measurement window started
[INFO] [1785315009.169168765] [realtime_evaluator_node]: t=5.0s  recent 5s: pos_err mean=4.03mm max=6.84mm samples=5159 balls=0
[INFO] [1785315014.168447930] [realtime_evaluator_node]: t=10.0s  recent 5s: pos_err mean=3.51mm max=4.09mm samples=10359 balls=0
[INFO] [1785315019.168589096] [realtime_evaluator_node]: t=15.0s  recent 5s: pos_err mean=5.25mm max=8.32mm samples=15559 balls=0
[INFO] [1785315024.168493317] [realtime_evaluator_node]: t=20.0s  recent 5s: pos_err mean=4.45mm max=8.45mm samples=20759 balls=0
[INFO] [1785315029.168471505] [realtime_evaluator_node]: t=25.0s  recent 5s: pos_err mean=6.42mm max=8.89mm samples=25959 balls=0
[INFO] [1785315034.168510678] [realtime_evaluator_node]: t=30.0s  recent 5s: pos_err mean=4.51mm max=7.48mm samples=31159 balls=0
[INFO] [1785315039.168488015] [realtime_evaluator_node]: t=35.0s  recent 5s: pos_err mean=4.45mm max=8.29mm samples=36359 balls=0
[INFO] [1785315044.168571360] [realtime_evaluator_node]: t=40.0s  recent 5s: pos_err mean=6.33mm max=9.27mm samples=41559 balls=0
[INFO] [1785315049.168387496] [realtime_evaluator_node]: t=45.0s  recent 5s: pos_err mean=4.61mm max=7.41mm samples=46759 balls=0
[INFO] [1785315054.168667676] [realtime_evaluator_node]: t=50.0s  recent 5s: pos_err mean=4.62mm max=7.85mm samples=51959 balls=0
[INFO] [1785315059.168411666] [realtime_evaluator_node]: t=55.0s  recent 5s: pos_err mean=6.44mm max=9.18mm samples=57159 balls=0
[INFO] [1785315064.168516044] [realtime_evaluator_node]: t=60.0s  recent 5s: pos_err mean=4.98mm max=7.83mm samples=62369 balls=0
[INFO] [1785315064.169939049] [realtime_evaluator_node]: 
============================================================
main.md 6-A-1 シミュレーション評価レポート (C++ realtime evaluator)
============================================================
総サンプル数: 62369  (定常区間 t>=3.0s: 59281)
真値未着のまま評価できなかったサンプル: 0

--- 全体（要件A: 定常RMSE<=10mm, 最大位置誤差<=10mm） ---
  位置誤差: mean=4.99mm  RMSE=5.37mm  max=9.27mm
  ヨー誤差: mean=0.092deg  RMSE=0.103deg  max=0.200deg
  判定: 定常誤差(RMSE<=10mm) PASS / 最大位置誤差(<=10mm) PASS

--- 高G旋回スピンバースト中 ---
  位置誤差: mean=nanmm  RMSE=nanmm  max=nanmm

--- ボール横切り中 vs 非横切り中 ---
  横切り中   : mean=nanmm  RMSE=nanmm  max=nanmm
  非横切り中 : mean=nanmm  RMSE=nanmm  max=nanmm
  判定: ボール横切りによる自己位置無影響 PASS
  (参考) 横切り中の検出ボール数(最新): 0
============================================================

[INFO] [1785315064.251776464] [realtime_evaluator_node]: Saved report and raw error CSV in /home/yukichi6105/ros2_ws/src/lio_localization_sim/docs/stage4_runs/max8_note_gap100_corr080_cov4_fixed_bag_20260729_r1/evaluator_output
