[INFO] [launch]: All log files can be found below /home/yukichi6105/ros2_ws/src/lio_localization_sim/docs/stage4_runs/max8_physical_notes_present_live_20260729_diag1/ros2_logs/2026-07-29-18-34-54-100788-fuku-pc-45
[INFO] [launch]: Default logging verbosity is set to INFO
[INFO] [default_server_endpoint-1]: process started with pid [64]
[default_server_endpoint-1] /opt/ros/lyrical/lib/python3.14/site-packages/rclpy/executors.py:1073: UserWarning: MultiThreadedExecutor is used with a single thread.
[default_server_endpoint-1] Use the SingleThreadedExecutor instead.
[default_server_endpoint-1]   warnings.warn(
[default_server_endpoint-1] [INFO] [1785317694.635763039] [unity_endpoint]: Starting server on 0.0.0.0:10000
[INFO] [imu_preintegration_node-2]: process started with pid [100]
[INFO] [backend_optimizer_node-3]: process started with pid [101]
[INFO] [laser_scan_matching_node-4]: process started with pid [102]
[INFO] [nice-5]: process started with pid [103]
[INFO] [nice-6]: process started with pid [104]
[laser_scan_matching_node-4] [INFO] [1785317699.292045614] [laser_scan_matching_node]: laser_scan_matching_node started (0 cylinders, 9 internal walls, field 5.572x3.310m, initial seed=(-2.419, 1.354, 0.000))
[backend_optimizer_node-3] [INFO] [1785317699.304909365] [backend_optimizer_node]: graph (re)initialized at X0=(-2.419, 1.354, 0.000) V0=(0.000, 0.000)
[backend_optimizer_node-3] [INFO] [1785317699.305765811] [backend_optimizer_node]: backend_optimizer_node started (0 cylinders registered)
[imu_preintegration_node-2] [INFO] [1785317699.308369946] [imu_preintegration_node]: imu_preintegration_node started (waiting for first /state_estimate)
[nice-5] [INFO] [1785317699.322716492] [ball_tracking_node]: ball_tracking_node started
[nice-6] [INFO] [1785317699.328855660] [unity_evaluator_node]: C++ realtime evaluator started: measuring 60.0s from first ground truth
[default_server_endpoint-1] [INFO] [1785317723.861953352] [unity_endpoint]: Connection from 127.0.0.1
[default_server_endpoint-1] [WARN] [1785317723.900833839] [rcl.logging_rosout]: Publisher already registered for node name: 'unity_endpoint'. If this is due to multiple nodes with the same name then all logs for the logger named 'unity_endpoint' will go out over the existing publisher. As soon as any node with that name is destructed it will unregister the publisher, preventing any further logs for that name from being published on the rosout topic.
[default_server_endpoint-1] [INFO] [1785317724.216023905] [unity_endpoint]: RegisterSubscriber(/odom_fast, <class 'nav_msgs.msg._odometry.Odometry'>) OK
[default_server_endpoint-1] [WARN] [1785317724.228305351] [rcl.logging_rosout]: Publisher already registered for node name: 'unity_endpoint'. If this is due to multiple nodes with the same name then all logs for the logger named 'unity_endpoint' will go out over the existing publisher. As soon as any node with that name is destructed it will unregister the publisher, preventing any further logs for that name from being published on the rosout topic.
[default_server_endpoint-1] [INFO] [1785317724.272755704] [unity_endpoint]: RegisterSubscriber(/tf, <class 'tf2_msgs.msg._tf_message.TFMessage'>) OK
[default_server_endpoint-1] [WARN] [1785317724.276118108] [rcl.logging_rosout]: Publisher already registered for node name: 'unity_endpoint'. If this is due to multiple nodes with the same name then all logs for the logger named 'unity_endpoint' will go out over the existing publisher. As soon as any node with that name is destructed it will unregister the publisher, preventing any further logs for that name from being published on the rosout topic.
[default_server_endpoint-1] [INFO] [1785317724.304618070] [unity_endpoint]: RegisterPublisher(/clock, <class 'rosgraph_msgs.msg._clock.Clock'>) OK
[default_server_endpoint-1] [WARN] [1785317724.446064599] [rcl.logging_rosout]: Publisher already registered for node name: 'unity_endpoint'. If this is due to multiple nodes with the same name then all logs for the logger named 'unity_endpoint' will go out over the existing publisher. As soon as any node with that name is destructed it will unregister the publisher, preventing any further logs for that name from being published on the rosout topic.
[default_server_endpoint-1] [INFO] [1785317724.466482721] [unity_endpoint]: RegisterPublisher(/scan, <class 'sensor_msgs.msg._laser_scan.LaserScan'>) OK
[default_server_endpoint-1] [WARN] [1785317724.467194818] [rcl.logging_rosout]: Publisher already registered for node name: 'unity_endpoint'. If this is due to multiple nodes with the same name then all logs for the logger named 'unity_endpoint' will go out over the existing publisher. As soon as any node with that name is destructed it will unregister the publisher, preventing any further logs for that name from being published on the rosout topic.
[default_server_endpoint-1] [INFO] [1785317724.498838591] [unity_endpoint]: RegisterPublisher(/ground_truth_pose, <class 'nav_msgs.msg._odometry.Odometry'>) OK
[default_server_endpoint-1] [WARN] [1785317724.499526922] [rcl.logging_rosout]: Publisher already registered for node name: 'unity_endpoint'. If this is due to multiple nodes with the same name then all logs for the logger named 'unity_endpoint' will go out over the existing publisher. As soon as any node with that name is destructed it will unregister the publisher, preventing any further logs for that name from being published on the rosout topic.
[default_server_endpoint-1] [INFO] [1785317724.526877743] [unity_endpoint]: RegisterPublisher(/imu/data, <class 'sensor_msgs.msg._imu.Imu'>) OK
[nice-6] [INFO] [1785317724.527950814] [unity_evaluator_node]: first ground truth received; measurement window started
[default_server_endpoint-1] [WARN] [1785317724.529055483] [rcl.logging_rosout]: Publisher already registered for node name: 'unity_endpoint'. If this is due to multiple nodes with the same name then all logs for the logger named 'unity_endpoint' will go out over the existing publisher. As soon as any node with that name is destructed it will unregister the publisher, preventing any further logs for that name from being published on the rosout topic.
[default_server_endpoint-1] [INFO] [1785317724.564359169] [unity_endpoint]: RegisterPublisher(/clock, <class 'rosgraph_msgs.msg._clock.Clock'>) OK
[default_server_endpoint-1] [INFO] [1785317724.599249994] [unity_endpoint]: RegisterPublisher(/scan, <class 'sensor_msgs.msg._laser_scan.LaserScan'>) OK
[default_server_endpoint-1] [INFO] [1785317724.635155666] [unity_endpoint]: RegisterPublisher(/ground_truth_pose, <class 'nav_msgs.msg._odometry.Odometry'>) OK
[default_server_endpoint-1] [INFO] [1785317724.678507385] [unity_endpoint]: RegisterPublisher(/imu/data, <class 'sensor_msgs.msg._imu.Imu'>) OK
[backend_optimizer_node-3] [INFO] [1785317726.010139632] [backend_optimizer_node]: wall prior loosened by ICP covariance: sigma(yaw,x,y)=(0.0129, 0.0063, 0.0063) censi=(0.0063, 0.0063, 0.0063)
[laser_scan_matching_node-4] [WARN] [1785317727.375405286] [laser_scan_matching_node]: IMU coverage wait exceeded 0.050s, processing scan with extrapolated tail
[backend_optimizer_node-3] [INFO] [1785317728.068347649] [backend_optimizer_node]: wall prior loosened by ICP covariance: sigma(yaw,x,y)=(0.0129, 0.0063, 0.0063) censi=(0.0063, 0.0063, 0.0063)
[laser_scan_matching_node-4] [WARN] [1785317728.479087696] [laser_scan_matching_node]: IMU coverage wait exceeded 0.050s, processing scan with extrapolated tail
[nice-6] [INFO] [1785317731.555440581] [unity_evaluator_node]: t=5.0s  recent 5s: pos_err mean=4.42mm max=11.54mm samples=4954 balls=0
[laser_scan_matching_node-4] [INFO] [1785317731.568992831] [laser_scan_matching_node]: note rejection: 32/541 returns unexplained, 0 clusters -> 0 accepted, 0 points dropped (last extent=-1.0000m; extent gate <=0.350m, adjacent gap <=0.100m, min 4 points)
[laser_scan_matching_node-4] [WARN] [1785317732.583757232] [laser_scan_matching_node]: IMU coverage wait exceeded 0.050s, processing scan with extrapolated tail
[backend_optimizer_node-3] [INFO] [1785317732.640764075] [backend_optimizer_node]: wall prior loosened by ICP covariance: sigma(yaw,x,y)=(0.0129, 0.0063, 0.0063) censi=(0.0063, 0.0063, 0.0063)
[laser_scan_matching_node-4] [WARN] [1785317733.934850960] [laser_scan_matching_node]: IMU coverage wait exceeded 0.050s, processing scan with extrapolated tail
[backend_optimizer_node-3] [INFO] [1785317734.593917641] [backend_optimizer_node]: wall prior loosened by ICP covariance: sigma(yaw,x,y)=(0.0129, 0.0063, 0.0063) censi=(0.0063, 0.0063, 0.0063)
[laser_scan_matching_node-4] [WARN] [1785317736.550313694] [laser_scan_matching_node]: IMU coverage wait exceeded 0.050s, processing scan with extrapolated tail
[nice-6] [INFO] [1785317736.613423810] [unity_evaluator_node]: t=10.0s  recent 5s: pos_err mean=3.80mm max=4.74mm samples=10025 balls=0
[laser_scan_matching_node-4] [INFO] [1785317736.663497269] [laser_scan_matching_node]: note rejection: 31/541 returns unexplained, 0 clusters -> 0 accepted, 0 points dropped (last extent=-1.0000m; extent gate <=0.350m, adjacent gap <=0.100m, min 4 points)
[backend_optimizer_node-3] [INFO] [1785317736.664158274] [backend_optimizer_node]: wall prior loosened by ICP covariance: sigma(yaw,x,y)=(0.0129, 0.0063, 0.0063) censi=(0.0063, 0.0063, 0.0063)
[backend_optimizer_node-3] [WARN] [1785317736.721013625] [backend_optimizer_node]: slow smoother update: 25.9ms (index 326)
[backend_optimizer_node-3] [WARN] [1785317736.871723229] [backend_optimizer_node]: slow smoother update: 20.6ms (index 332)
[laser_scan_matching_node-4] [WARN] [1785317737.989723865] [laser_scan_matching_node]: IMU coverage wait exceeded 0.050s, processing scan with extrapolated tail
[backend_optimizer_node-3] [INFO] [1785317738.743701361] [backend_optimizer_node]: wall prior loosened by ICP covariance: sigma(yaw,x,y)=(0.0136, 0.0063, 0.0063) censi=(0.0063, 0.0063, 0.0063)
[laser_scan_matching_node-4] [WARN] [1785317739.407410385] [laser_scan_matching_node]: IMU coverage wait exceeded 0.050s, processing scan with extrapolated tail
[laser_scan_matching_node-4] [WARN] [1785317740.629884974] [laser_scan_matching_node]: IMU coverage wait exceeded 0.050s, processing scan with extrapolated tail
[backend_optimizer_node-3] [INFO] [1785317740.856788144] [backend_optimizer_node]: wall prior loosened by ICP covariance: sigma(yaw,x,y)=(0.0132, 0.0063, 0.0063) censi=(0.0063, 0.0063, 0.0063)
[nice-6] [INFO] [1785317741.782178847] [unity_evaluator_node]: t=15.0s  recent 5s: pos_err mean=5.54mm max=9.05mm samples=14959 balls=0
[laser_scan_matching_node-4] [INFO] [1785317741.891162786] [laser_scan_matching_node]: note rejection: 40/541 returns unexplained, 4 clusters -> 4 accepted, 17 points dropped (last extent=0.0656m; extent gate <=0.350m, adjacent gap <=0.100m, min 4 points)
[laser_scan_matching_node-4] [WARN] [1785317742.411808525] [laser_scan_matching_node]: IMU coverage wait exceeded 0.050s, processing scan with extrapolated tail
[backend_optimizer_node-3] [INFO] [1785317742.888338204] [backend_optimizer_node]: wall prior loosened by ICP covariance: sigma(yaw,x,y)=(0.0130, 0.0063, 0.0063) censi=(0.0063, 0.0063, 0.0063)
[laser_scan_matching_node-4] [WARN] [1785317744.847146392] [laser_scan_matching_node]: IMU coverage wait exceeded 0.050s, processing scan with extrapolated tail
[backend_optimizer_node-3] [INFO] [1785317745.112668279] [backend_optimizer_node]: wall prior loosened by ICP covariance: sigma(yaw,x,y)=(0.0129, 0.0063, 0.0063) censi=(0.0063, 0.0063, 0.0063)
[nice-6] [INFO] [1785317746.941227492] [unity_evaluator_node]: t=20.0s  recent 5s: pos_err mean=4.07mm max=9.22mm samples=20065 balls=0
[laser_scan_matching_node-4] [WARN] [1785317746.947273879] [laser_scan_matching_node]: IMU coverage wait exceeded 0.050s, processing scan with extrapolated tail
[laser_scan_matching_node-4] [INFO] [1785317746.970045295] [laser_scan_matching_node]: note rejection: 21/541 returns unexplained, 0 clusters -> 0 accepted, 0 points dropped (last extent=-1.0000m; extent gate <=0.350m, adjacent gap <=0.100m, min 4 points)
[backend_optimizer_node-3] [INFO] [1785317746.971339850] [backend_optimizer_node]: wall prior loosened by ICP covariance: sigma(yaw,x,y)=(0.0129, 0.0063, 0.0063) censi=(0.0063, 0.0063, 0.0063)
[backend_optimizer_node-3] [WARN] [1785317748.127192230] [backend_optimizer_node]: slow smoother update: 23.0ms (index 688)
[backend_optimizer_node-3] [WARN] [1785317748.908110521] [backend_optimizer_node]: slow smoother update: 31.2ms (index 710)
[backend_optimizer_node-3] [INFO] [1785317749.027238271] [backend_optimizer_node]: wall prior loosened by ICP covariance: sigma(yaw,x,y)=(0.0129, 0.0063, 0.0063) censi=(0.0063, 0.0063, 0.0063)
[backend_optimizer_node-3] [WARN] [1785317749.862060236] [backend_optimizer_node]: slow smoother update: 29.2ms (index 740)
[backend_optimizer_node-3] [WARN] [1785317750.066569668] [backend_optimizer_node]: slow smoother update: 29.7ms (index 744)
[laser_scan_matching_node-4] [WARN] [1785317750.309265830] [laser_scan_matching_node]: IMU coverage wait exceeded 0.050s, processing scan with extrapolated tail
[backend_optimizer_node-3] [INFO] [1785317751.531684746] [backend_optimizer_node]: wall prior loosened by ICP covariance: sigma(yaw,x,y)=(0.0129, 0.0063, 0.0063) censi=(0.0063, 0.0063, 0.0063)
[laser_scan_matching_node-4] [WARN] [1785317751.742596380] [laser_scan_matching_node]: IMU coverage wait exceeded 0.050s, processing scan with extrapolated tail
[nice-6] [INFO] [1785317752.738078966] [unity_evaluator_node]: t=25.0s  recent 5s: pos_err mean=2.89mm max=44.21mm samples=25164 balls=0
[laser_scan_matching_node-4] [INFO] [1785317752.763609640] [laser_scan_matching_node]: note rejection: 35/541 returns unexplained, 0 clusters -> 0 accepted, 0 points dropped (last extent=-1.0000m; extent gate <=0.350m, adjacent gap <=0.100m, min 4 points)
[laser_scan_matching_node-4] [WARN] [1785317752.984517095] [laser_scan_matching_node]: IMU coverage wait exceeded 0.050s, processing scan with extrapolated tail
[backend_optimizer_node-3] [INFO] [1785317753.865950172] [backend_optimizer_node]: wall prior loosened by ICP covariance: sigma(yaw,x,y)=(0.0129, 0.0063, 0.0063) censi=(0.0063, 0.0063, 0.0063)
[laser_scan_matching_node-4] [WARN] [1785317754.809719000] [laser_scan_matching_node]: IMU coverage wait exceeded 0.050s, processing scan with extrapolated tail
[laser_scan_matching_node-4] [WARN] [1785317755.792733014] [laser_scan_matching_node]: IMU coverage wait exceeded 0.050s, processing scan with extrapolated tail
[backend_optimizer_node-3] [INFO] [1785317755.958880800] [backend_optimizer_node]: wall prior loosened by ICP covariance: sigma(yaw,x,y)=(0.0129, 0.0063, 0.0063) censi=(0.0063, 0.0063, 0.0063)
[laser_scan_matching_node-4] [WARN] [1785317757.922907507] [laser_scan_matching_node]: IMU coverage wait exceeded 0.050s, processing scan with extrapolated tail
[nice-6] [INFO] [1785317758.276530547] [unity_evaluator_node]: t=30.0s  recent 5s: pos_err mean=4.20mm max=187.90mm samples=30230 balls=0
[laser_scan_matching_node-4] [INFO] [1785317758.359957690] [laser_scan_matching_node]: note rejection: 26/541 returns unexplained, 0 clusters -> 0 accepted, 0 points dropped (last extent=-1.0000m; extent gate <=0.350m, adjacent gap <=0.100m, min 4 points)
[backend_optimizer_node-3] [INFO] [1785317758.619722749] [backend_optimizer_node]: wall prior loosened by ICP covariance: sigma(yaw,x,y)=(0.0129, 0.0063, 0.0063) censi=(0.0063, 0.0063, 0.0063)
[backend_optimizer_node-3] [WARN] [1785317759.492206775] [backend_optimizer_node]: slow smoother update: 24.3ms (index 980)
[laser_scan_matching_node-4] [WARN] [1785317760.067893385] [laser_scan_matching_node]: IMU coverage wait exceeded 0.050s, processing scan with extrapolated tail
[backend_optimizer_node-3] [INFO] [1785317760.789383212] [backend_optimizer_node]: wall prior loosened by ICP covariance: sigma(yaw,x,y)=(0.0131, 0.0063, 0.0063) censi=(0.0063, 0.0063, 0.0063)
[laser_scan_matching_node-4] [WARN] [1785317763.546985201] [laser_scan_matching_node]: IMU coverage wait exceeded 0.050s, processing scan with extrapolated tail
[backend_optimizer_node-3] [INFO] [1785317763.621883181] [backend_optimizer_node]: wall prior loosened by ICP covariance: sigma(yaw,x,y)=(0.0129, 0.0063, 0.0063) censi=(0.0063, 0.0063, 0.0063)
[nice-6] [INFO] [1785317764.217539607] [unity_evaluator_node]: t=35.0s  recent 5s: pos_err mean=3.86mm max=91.37mm samples=35232 balls=0
[laser_scan_matching_node-4] [INFO] [1785317764.373066073] [laser_scan_matching_node]: note rejection: 25/541 returns unexplained, 0 clusters -> 0 accepted, 0 points dropped (last extent=-1.0000m; extent gate <=0.350m, adjacent gap <=0.100m, min 4 points)
[laser_scan_matching_node-4] [WARN] [1785317765.426069961] [laser_scan_matching_node]: IMU coverage wait exceeded 0.050s, processing scan with extrapolated tail
[backend_optimizer_node-3] [INFO] [1785317765.550875968] [backend_optimizer_node]: wall prior loosened by ICP covariance: sigma(yaw,x,y)=(0.0129, 0.0063, 0.0063) censi=(0.0063, 0.0063, 0.0063)
[laser_scan_matching_node-4] [WARN] [1785317766.330782337] [laser_scan_matching_node]: IMU coverage wait exceeded 0.050s, processing scan with extrapolated tail
[backend_optimizer_node-3] [INFO] [1785317766.988750109] [backend_optimizer_node]: wall prior loosened by ICP covariance: sigma(yaw,x,y)=(0.0129, 0.0063, 0.0063) censi=(0.0063, 0.0063, 0.0063)
[laser_scan_matching_node-4] [WARN] [1785317767.141804725] [laser_scan_matching_node]: IMU coverage wait exceeded 0.050s, processing scan with extrapolated tail
[nice-6] [INFO] [1785317768.104449947] [unity_evaluator_node]: t=40.0s  recent 5s: pos_err mean=4.11mm max=23.55mm samples=40047 balls=0
[laser_scan_matching_node-4] [INFO] [1785317768.439833899] [laser_scan_matching_node]: note rejection: 22/541 returns unexplained, 0 clusters -> 0 accepted, 0 points dropped (last extent=-1.0000m; extent gate <=0.350m, adjacent gap <=0.100m, min 4 points)
[backend_optimizer_node-3] [INFO] [1785317768.822062825] [backend_optimizer_node]: wall prior loosened by ICP covariance: sigma(yaw,x,y)=(0.0129, 0.0063, 0.0063) censi=(0.0063, 0.0063, 0.0063)
[backend_optimizer_node-3] [INFO] [1785317770.888869637] [backend_optimizer_node]: wall prior loosened by ICP covariance: sigma(yaw,x,y)=(0.0129, 0.0063, 0.0063) censi=(0.0063, 0.0063, 0.0063)
[laser_scan_matching_node-4] [WARN] [1785317771.142141608] [laser_scan_matching_node]: IMU coverage wait exceeded 0.050s, processing scan with extrapolated tail
[backend_optimizer_node-3] [INFO] [1785317772.951021641] [backend_optimizer_node]: wall prior loosened by ICP covariance: sigma(yaw,x,y)=(0.0132, 0.0063, 0.0063) censi=(0.0063, 0.0063, 0.0063)
[nice-6] [INFO] [1785317773.080007554] [unity_evaluator_node]: t=45.0s  recent 5s: pos_err mean=3.56mm max=11.35mm samples=45141 balls=0
[laser_scan_matching_node-4] [INFO] [1785317773.451762706] [laser_scan_matching_node]: note rejection: 46/541 returns unexplained, 2 clusters -> 2 accepted, 10 points dropped (last extent=0.0575m; extent gate <=0.350m, adjacent gap <=0.100m, min 4 points)
[laser_scan_matching_node-4] [WARN] [1785317773.577054413] [laser_scan_matching_node]: IMU coverage wait exceeded 0.050s, processing scan with extrapolated tail
[laser_scan_matching_node-4] [WARN] [1785317775.060354233] [laser_scan_matching_node]: IMU coverage wait exceeded 0.050s, processing scan with extrapolated tail
[backend_optimizer_node-3] [INFO] [1785317775.073893994] [backend_optimizer_node]: wall prior loosened by ICP covariance: sigma(yaw,x,y)=(0.0136, 0.0063, 0.0063) censi=(0.0063, 0.0063, 0.0063)
[backend_optimizer_node-3] [INFO] [1785317777.164832840] [backend_optimizer_node]: wall prior loosened by ICP covariance: sigma(yaw,x,y)=(0.0129, 0.0063, 0.0063) censi=(0.0063, 0.0063, 0.0063)
[backend_optimizer_node-3] [WARN] [1785317777.184989929] [backend_optimizer_node]: slow smoother update: 20.0ms (index 1504)
[backend_optimizer_node-3] [WARN] [1785317777.207164223] [backend_optimizer_node]: slow smoother update: 21.8ms (index 1505)
[nice-6] [INFO] [1785317778.219039273] [unity_evaluator_node]: t=50.0s  recent 5s: pos_err mean=6.82mm max=10.17mm samples=50226 balls=0
[laser_scan_matching_node-4] [INFO] [1785317778.657532092] [laser_scan_matching_node]: note rejection: 22/541 returns unexplained, 0 clusters -> 0 accepted, 0 points dropped (last extent=-1.0000m; extent gate <=0.350m, adjacent gap <=0.100m, min 4 points)
[laser_scan_matching_node-4] [WARN] [1785317779.080735287] [laser_scan_matching_node]: IMU coverage wait exceeded 0.050s, processing scan with extrapolated tail
[backend_optimizer_node-3] [INFO] [1785317779.255253676] [backend_optimizer_node]: wall prior loosened by ICP covariance: sigma(yaw,x,y)=(0.0129, 0.0063, 0.0063) censi=(0.0063, 0.0063, 0.0063)
[laser_scan_matching_node-4] [WARN] [1785317781.132675518] [laser_scan_matching_node]: IMU coverage wait exceeded 0.050s, processing scan with extrapolated tail
[backend_optimizer_node-3] [INFO] [1785317781.288061251] [backend_optimizer_node]: wall prior loosened by ICP covariance: sigma(yaw,x,y)=(0.0135, 0.0063, 0.0063) censi=(0.0063, 0.0063, 0.0063)
[nice-6] [INFO] [1785317783.406316207] [unity_evaluator_node]: t=55.0s  recent 5s: pos_err mean=5.27mm max=25.37mm samples=55373 balls=0
[backend_optimizer_node-3] [INFO] [1785317783.424651694] [backend_optimizer_node]: wall prior loosened by ICP covariance: sigma(yaw,x,y)=(0.0136, 0.0063, 0.0063) censi=(0.0063, 0.0063, 0.0063)
[laser_scan_matching_node-4] [INFO] [1785317783.710551810] [laser_scan_matching_node]: note rejection: 47/541 returns unexplained, 4 clusters -> 4 accepted, 27 points dropped (last extent=0.0856m; extent gate <=0.350m, adjacent gap <=0.100m, min 4 points)
[laser_scan_matching_node-4] [WARN] [1785317784.868303650] [laser_scan_matching_node]: IMU coverage wait exceeded 0.050s, processing scan with extrapolated tail
[backend_optimizer_node-3] [INFO] [1785317785.499973390] [backend_optimizer_node]: wall prior loosened by ICP covariance: sigma(yaw,x,y)=(0.0130, 0.0063, 0.0063) censi=(0.0063, 0.0063, 0.0063)
[laser_scan_matching_node-4] [WARN] [1785317786.164117166] [laser_scan_matching_node]: IMU coverage wait exceeded 0.050s, processing scan with extrapolated tail
[laser_scan_matching_node-4] [WARN] [1785317787.282985222] [laser_scan_matching_node]: IMU coverage wait exceeded 0.050s, processing scan with extrapolated tail
[backend_optimizer_node-3] [INFO] [1785317787.616722720] [backend_optimizer_node]: wall prior loosened by ICP covariance: sigma(yaw,x,y)=(0.0129, 0.0063, 0.0063) censi=(0.0063, 0.0063, 0.0063)
[nice-6] [INFO] [1785317788.541498424] [unity_evaluator_node]: t=60.0s  recent 5s: pos_err mean=5.40mm max=9.22mm samples=60502 balls=0
[nice-6] [INFO] [1785317788.543975378] [unity_evaluator_node]: 
[nice-6] ============================================================
[nice-6] main.md 6-A-1 シミュレーション評価レポート (C++ realtime evaluator)
[nice-6] ============================================================
[nice-6] 総サンプル数: 60502  (定常区間 t>=3.0s: 57614)
[nice-6] 真値未着のまま評価できなかったサンプル: 0
[nice-6] 
[nice-6] --- 全体（要件A: 定常RMSE<=10mm, 最大位置誤差<=10mm） ---
[nice-6]   位置誤差: mean=4.47mm  RMSE=6.59mm  max=187.90mm
[nice-6]   ヨー誤差: mean=0.077deg  RMSE=0.102deg  max=0.247deg
[nice-6]   判定: 定常誤差(RMSE<=10mm) PASS / 最大位置誤差(<=10mm) FAIL
[nice-6] 
[nice-6] --- 高G旋回スピンバースト中 ---
[nice-6]   位置誤差: mean=nanmm  RMSE=nanmm  max=nanmm
[nice-6] 
[nice-6] --- ボール横切り中 vs 非横切り中 ---
[nice-6]   横切り中   : mean=nanmm  RMSE=nanmm  max=nanmm
[nice-6]   非横切り中 : mean=nanmm  RMSE=nanmm  max=nanmm
[nice-6]   判定: ボール横切りによる自己位置無影響 PASS
[nice-6]   (参考) 横切り中の検出ボール数(最新): 0
[nice-6] ============================================================
[nice-6] 
[laser_scan_matching_node-4] [WARN] [1785317788.623174425] [laser_scan_matching_node]: IMU coverage wait exceeded 0.050s, processing scan with extrapolated tail
[nice-6] [INFO] [1785317788.667107751] [unity_evaluator_node]: Saved report and raw error CSV in /tmp
[laser_scan_matching_node-4] [INFO] [1785317788.870427787] [laser_scan_matching_node]: note rejection: 22/541 returns unexplained, 0 clusters -> 0 accepted, 0 points dropped (last extent=-1.0000m; extent gate <=0.350m, adjacent gap <=0.100m, min 4 points)
[INFO] [nice-6]: process has finished cleanly [pid 104]
[INFO] [nice-5]: sending signal 'SIGINT' to process[nice-5]
[INFO] [laser_scan_matching_node-4]: sending signal 'SIGINT' to process[laser_scan_matching_node-4]
[INFO] [backend_optimizer_node-3]: sending signal 'SIGINT' to process[backend_optimizer_node-3]
[INFO] [imu_preintegration_node-2]: sending signal 'SIGINT' to process[imu_preintegration_node-2]
[INFO] [default_server_endpoint-1]: sending signal 'SIGINT' to process[default_server_endpoint-1]
[nice-5] [INFO] [1785317788.907777048] [rclcpp]: signal_handler(signum=2)
[laser_scan_matching_node-4] [INFO] [1785317788.910356769] [rclcpp]: signal_handler(signum=2)
[imu_preintegration_node-2] [INFO] [1785317788.912154917] [rclcpp]: signal_handler(signum=2)
[backend_optimizer_node-3] [INFO] [1785317788.912302513] [rclcpp]: signal_handler(signum=2)
[backend_optimizer_node-3] [INFO] [1785317788.913797380] [backend_optimizer_node]: backend concurrency stats: imu_callbacks=60374, during_worker=6013 (10.0%), during_smoother=3106 (5.1%), callback_gap_max=2474.941ms, gaps>2ms=7203, gaps>10ms=1568; stamp_gap_max=4.000ms, gaps>1ms=1; ring_enqueue_max=42.860ms, enqueues>2ms=21; callback_duration_max=42.894ms, durations>2ms=102; worker_jobs=1890 mean/max=2.613/39.227ms; smoother_updates=1889 mean/max=1.553/31.165ms
[default_server_endpoint-1] [INFO] [1785317788.982352557] [unity_endpoint]: Disconnected from 127.0.0.1
[default_server_endpoint-1] Exception in thread Thread-2:
[INFO] [laser_scan_matching_node-4]: process has finished cleanly [pid 102]
[INFO] [backend_optimizer_node-3]: process has finished cleanly [pid 101]
[INFO] [nice-5]: process has finished cleanly [pid 103]
[INFO] [imu_preintegration_node-2]: process has finished cleanly [pid 100]
[INFO] [default_server_endpoint-1]: process has finished cleanly [pid 64]
