[INFO] [1785331816.608638220] [laser_scan_matching_node]: laser_scan_matching_node started (0 cylinders, 9 internal walls, field 5.572x3.310m, initial seed=(-2.419, 1.354, 0.000))
[INFO] [1785331827.488757996] [laser_scan_matching_node]: note rejection: 0/541 returns unexplained, 0 clusters -> 0 accepted, 0 points dropped (last extent=-1.0000m; extent gate <=0.350m, adjacent gap <=0.100m, min 4 points)
[INFO] [1785331832.514716855] [laser_scan_matching_node]: note rejection: 0/541 returns unexplained, 0 clusters -> 0 accepted, 0 points dropped (last extent=-1.0000m; extent gate <=0.350m, adjacent gap <=0.100m, min 4 points)
[WARN] [1785331833.968307692] [laser_scan_matching_node]: wall match rejected by quality check: mean_residual=0.080m (<=0.090) inlier_ratio=0.11 (>=0.40)
[WARN] [1785331835.968372841] [laser_scan_matching_node]: wall match rejected by quality check: mean_residual=0.098m (<=0.090) inlier_ratio=0.45 (>=0.40)
[INFO] [1785331837.521443108] [laser_scan_matching_node]: note rejection: 537/541 returns unexplained, 11 clusters -> 7 accepted, 43 points dropped (last extent=0.8433m; extent gate <=0.350m, adjacent gap <=0.100m, min 4 points)
[WARN] [1785331839.218161400] [laser_scan_matching_node]: wall match rejected by quality check: mean_residual=0.093m (<=0.090) inlier_ratio=0.64 (>=0.40)
[INFO] [1785331842.533328068] [laser_scan_matching_node]: note rejection: 535/541 returns unexplained, 10 clusters -> 6 accepted, 43 points dropped (last extent=0.8446m; extent gate <=0.350m, adjacent gap <=0.100m, min 4 points)
[WARN] [1785331844.468329963] [laser_scan_matching_node]: wall match rejected by quality check: mean_residual=0.034m (<=0.090) inlier_ratio=0.35 (>=0.40)
[INFO] [1785331847.540160201] [laser_scan_matching_node]: note rejection: 0/541 returns unexplained, 0 clusters -> 0 accepted, 0 points dropped (last extent=-1.0000m; extent gate <=0.350m, adjacent gap <=0.100m, min 4 points)
[WARN] [1785331848.945669203] [laser_scan_matching_node]: wall match rejected by quality check: mean_residual=0.081m (<=0.090) inlier_ratio=0.10 (>=0.40)
[WARN] [1785331851.293672076] [laser_scan_matching_node]: wall match rejected by quality check: mean_residual=0.095m (<=0.090) inlier_ratio=0.54 (>=0.40)
[INFO] [1785331852.554204826] [laser_scan_matching_node]: note rejection: 537/541 returns unexplained, 11 clusters -> 7 accepted, 36 points dropped (last extent=0.5762m; extent gate <=0.350m, adjacent gap <=0.100m, min 4 points)
[WARN] [1785331854.472830638] [laser_scan_matching_node]: wall match rejected by quality check: mean_residual=0.093m (<=0.090) inlier_ratio=0.62 (>=0.40)
[INFO] [1785331857.556274330] [laser_scan_matching_node]: note rejection: 529/541 returns unexplained, 10 clusters -> 5 accepted, 26 points dropped (last extent=0.0211m; extent gate <=0.350m, adjacent gap <=0.100m, min 4 points)
[INFO] [1785331862.565131095] [laser_scan_matching_node]: note rejection: 0/541 returns unexplained, 0 clusters -> 0 accepted, 0 points dropped (last extent=-1.0000m; extent gate <=0.350m, adjacent gap <=0.100m, min 4 points)
[WARN] [1785331866.419898738] [laser_scan_matching_node]: wall match rejected by quality check: mean_residual=0.098m (<=0.090) inlier_ratio=0.47 (>=0.40)
[INFO] [1785331867.593299365] [laser_scan_matching_node]: note rejection: 324/541 returns unexplained, 10 clusters -> 7 accepted, 43 points dropped (last extent=0.4342m; extent gate <=0.350m, adjacent gap <=0.100m, min 4 points)
[WARN] [1785331869.692982260] [laser_scan_matching_node]: wall match rejected by quality check: mean_residual=0.094m (<=0.090) inlier_ratio=0.65 (>=0.40)
[INFO] [1785331872.594403592] [laser_scan_matching_node]: note rejection: 518/541 returns unexplained, 9 clusters -> 4 accepted, 30 points dropped (last extent=0.0415m; extent gate <=0.350m, adjacent gap <=0.100m, min 4 points)
[WARN] [1785331874.991184386] [laser_scan_matching_node]: wall match rejected by quality check: mean_residual=0.034m (<=0.090) inlier_ratio=0.33 (>=0.40)
[INFO] [1785331877.615169736] [laser_scan_matching_node]: note rejection: 0/541 returns unexplained, 0 clusters -> 0 accepted, 0 points dropped (last extent=-1.0000m; extent gate <=0.350m, adjacent gap <=0.100m, min 4 points)
[WARN] [1785331879.442938606] [laser_scan_matching_node]: wall match rejected by quality check: mean_residual=0.083m (<=0.090) inlier_ratio=0.09 (>=0.40)
[WARN] [1785331881.892792357] [laser_scan_matching_node]: wall match rejected by quality check: mean_residual=0.095m (<=0.090) inlier_ratio=0.58 (>=0.40)
[INFO] [1785331882.625819926] [laser_scan_matching_node]: note rejection: 119/541 returns unexplained, 9 clusters -> 7 accepted, 44 points dropped (last extent=0.4109m; extent gate <=0.350m, adjacent gap <=0.100m, min 4 points)
[INFO] [1785331884.695584044] [rclcpp]: signal_handler(signum=2)
