[INFO] [1785325136.867370207] [realtime_evaluator_node]: C++ realtime evaluator started: measuring 60.0s from first ground truth
[INFO] [1785325143.107377739] [realtime_evaluator_node]: first ground truth received; measurement window started
[INFO] [1785325148.106890060] [realtime_evaluator_node]: t=5.0s  recent 5s: pos_err mean=0.56mm max=1.92mm samples=5160 balls=0
[INFO] [1785325153.107036833] [realtime_evaluator_node]: t=10.0s  recent 5s: pos_err mean=0.51mm max=1.12mm samples=10360 balls=0
[INFO] [1785325158.107002851] [realtime_evaluator_node]: t=15.0s  recent 5s: pos_err mean=0.60mm max=1.56mm samples=15560 balls=0
[INFO] [1785325163.107332320] [realtime_evaluator_node]: t=20.0s  recent 5s: pos_err mean=0.83mm max=2.37mm samples=20770 balls=0
[INFO] [1785325168.106971877] [realtime_evaluator_node]: t=25.0s  recent 5s: pos_err mean=0.46mm max=0.93mm samples=25960 balls=0
[INFO] [1785325173.107108949] [realtime_evaluator_node]: t=30.0s  recent 5s: pos_err mean=0.60mm max=1.30mm samples=31160 balls=0
[INFO] [1785325178.107126055] [realtime_evaluator_node]: t=35.0s  recent 5s: pos_err mean=0.73mm max=1.73mm samples=36360 balls=0
[INFO] [1785325183.106921463] [realtime_evaluator_node]: t=40.0s  recent 5s: pos_err mean=0.59mm max=1.17mm samples=41558 balls=0
[INFO] [1785325188.106918200] [realtime_evaluator_node]: t=45.0s  recent 5s: pos_err mean=0.44mm max=1.03mm samples=46758 balls=0
[INFO] [1785325193.106761461] [realtime_evaluator_node]: t=50.0s  recent 5s: pos_err mean=0.79mm max=2.40mm samples=51958 balls=0
[INFO] [1785325198.106847561] [realtime_evaluator_node]: t=55.0s  recent 5s: pos_err mean=0.63mm max=1.50mm samples=57158 balls=0
[INFO] [1785325203.106927409] [realtime_evaluator_node]: t=60.0s  recent 5s: pos_err mean=0.55mm max=1.21mm samples=62358 balls=0
[INFO] [1785325203.121654458] [realtime_evaluator_node]: 
============================================================
main.md 6-A-1 シミュレーション評価レポート (C++ realtime evaluator)
============================================================
総サンプル数: 62358  (定常区間 t>=3.0s: 59269)
真値未着のまま評価できなかったサンプル: 9

--- 全体（要件A: 定常RMSE<=10mm, 最大位置誤差<=10mm） ---
  位置誤差: mean=0.61mm  RMSE=0.71mm  max=2.40mm
  ヨー誤差: mean=0.022deg  RMSE=0.028deg  max=0.078deg
  判定: 定常誤差(RMSE<=10mm) PASS / 最大位置誤差(<=10mm) PASS

--- 高G旋回スピンバースト中 ---
  位置誤差: mean=nanmm  RMSE=nanmm  max=nanmm

--- ボール横切り中 vs 非横切り中 ---
  横切り中   : mean=nanmm  RMSE=nanmm  max=nanmm
  非横切り中 : mean=nanmm  RMSE=nanmm  max=nanmm
  判定: ボール横切りによる自己位置無影響 PASS
  (参考) 横切り中の検出ボール数(最新): 0
============================================================

[INFO] [1785325203.301781033] [realtime_evaluator_node]: Saved report and raw error CSV in /home/yukichi6105/ros2_ws/src/lio_localization_sim/docs/stage4_runs/max8_ray_to_wall_no_notes_fixed_bag_20260729_r5/evaluator_output
