[INFO] [1785153838.650794226] [unity_evaluator_node]: evaluator_node started: will run for 60.0s starting from the first /ground_truth_pose
[INFO] [1785153871.192993547] [unity_evaluator_node]: first ground truth received: measuring for 60.0s
[INFO] [1785153875.705526575] [unity_evaluator_node]: t=5.0s  直近5秒: pos_err mean=4.03mm max=8.43mm  samples=3990  detected_balls=0
[INFO] [1785153880.797504601] [unity_evaluator_node]: t=10.0s  直近5秒: pos_err mean=4.12mm max=6.07mm  samples=8658  detected_balls=0
[INFO] [1785153886.192138327] [unity_evaluator_node]: t=15.0s  直近5秒: pos_err mean=7.43mm max=18.37mm  samples=13465  detected_balls=0
[INFO] [1785153891.119520788] [unity_evaluator_node]: t=20.0s  直近5秒: pos_err mean=4.53mm max=13.09mm  samples=17964  detected_balls=0
[INFO] [1785153896.176494066] [unity_evaluator_node]: t=25.0s  直近5秒: pos_err mean=2.37mm max=5.08mm  samples=22564  detected_balls=0
[INFO] [1785153901.304432177] [unity_evaluator_node]: t=30.0s  直近5秒: pos_err mean=2.40mm max=4.07mm  samples=27561  detected_balls=0
[INFO] [1785153906.454000012] [unity_evaluator_node]: t=35.0s  直近5秒: pos_err mean=2.21mm max=3.17mm  samples=32049  detected_balls=0
[INFO] [1785153911.590427642] [unity_evaluator_node]: t=40.0s  直近5秒: pos_err mean=2.36mm max=4.13mm  samples=36905  detected_balls=0
[INFO] [1785153916.691949260] [unity_evaluator_node]: t=44.9s  直近5秒: pos_err mean=2.50mm max=4.33mm  samples=41428  detected_balls=0
[INFO] [1785153921.826135240] [unity_evaluator_node]: t=50.0s  直近5秒: pos_err mean=2.24mm max=3.94mm  samples=45986  detected_balls=0
[INFO] [1785153926.947365440] [unity_evaluator_node]: t=54.9s  直近5秒: pos_err mean=2.51mm max=3.69mm  samples=50940  detected_balls=0
[INFO] [1785153932.135218171] [unity_evaluator_node]: t=60.0s  直近5秒: pos_err mean=2.39mm max=3.68mm  samples=55875  detected_balls=0
[INFO] [1785153932.137738238] [unity_evaluator_node]: === 評価終了、集計します ===
[INFO] [1785153932.665351663] [unity_evaluator_node]: 
============================================================
main.md 6-A-1 シミュレーション評価レポート
============================================================
総サンプル数: 55877  (定常区間 t>=3.0s: 53855)
真値未着のまま評価できなかったサンプル: 0

--- 全体（要件A: 定常RMSE<=10mm, 最大位置誤差<=10mm） ---
  位置誤差: mean=3.21mm  RMSE=3.85mm  max=18.37mm
  ヨー誤差: mean=0.068deg  RMSE=0.103deg  max=0.421deg
  判定: 定常誤差(RMSE<=10mm) PASS / 最大位置誤差(<=10mm) FAIL

--- 高G旋回スピンバースト中 ---
  位置誤差: mean=nanmm  RMSE=nanmm  max=nanmm

--- ボール横切り中 vs 非横切り中 ---
  横切り中   : mean=nanmm  RMSE=nanmm  max=nanmm
  非横切り中 : mean=3.21mm  RMSE=3.85mm  max=18.37mm
  判定: ボール横切りによる自己位置無影響 PASS
  (参考) 横切り中の検出ボール数(最新): 0
============================================================
[INFO] [1785153932.666356764] [unity_evaluator_node]: レポートを保存しました: /tmp/sim_eval_report.txt
[INFO] [1785153935.327198693] [unity_evaluator_node]: グラフを保存しました: /tmp/sim_eval_plot.png
