[INFO] [1785153124.592817901] [backend_optimizer_node]: graph (re)initialized at X0=(-2.419, 1.354, 0.000) V0=(0.000, 0.000)
[INFO] [1785153124.593025419] [backend_optimizer_node]: backend_optimizer_node started (0 cylinders registered)
[INFO] [1785153211.691829611] [backend_optimizer_node]: collision unavoidable (point of no return): forcing hard scan trust for 150ms
[WARN] [1785153219.054650649] [backend_optimizer_node]: slow smoother update: 31.2ms (index 290)
[INFO] [1785153221.372886942] [backend_optimizer_node]: collision unavoidable (point of no return): forcing hard scan trust for 150ms
[WARN] [1785153222.640519393] [backend_optimizer_node]: slow smoother update: 25.8ms (index 417)
[WARN] [1785153222.920718320] [backend_optimizer_node]: slow smoother update: 25.4ms (index 426)
[WARN] [1785153226.400233297] [backend_optimizer_node]: slow smoother update: 23.1ms (index 546)
[WARN] [1785153229.628597473] [backend_optimizer_node]: slow smoother update: 27.6ms (index 662)
[WARN] [1785153238.566914001] [backend_optimizer_node]: slow smoother update: 28.6ms (index 997)
[WARN] [1785153240.554198230] [backend_optimizer_node]: slow smoother update: 21.9ms (index 1072)
[WARN] [1785153241.461704811] [backend_optimizer_node]: slow smoother update: 26.9ms (index 1105)
[WARN] [1785153241.769275413] [backend_optimizer_node]: slow smoother update: 44.1ms (index 1113)
[WARN] [1785153245.900656526] [backend_optimizer_node]: slow smoother update: 52.9ms (index 1267)
[WARN] [1785153251.444649790] [backend_optimizer_node]: slow smoother update: 28.7ms (index 1466)
[WARN] [1785153253.381817732] [backend_optimizer_node]: slow smoother update: 21.6ms (index 1536)
[WARN] [1785153259.607946799] [backend_optimizer_node]: slow smoother update: 20.2ms (index 1757)
[WARN] [1785153266.439410307] [backend_optimizer_node]: slow smoother update: 22.2ms (index 2014)
[WARN] [1785153273.131701741] [backend_optimizer_node]: slow smoother update: 23.1ms (index 2251)
[INFO] [1785153275.312320312] [rclcpp]: signal_handler(signum=2)
