[INFO] [launch]: All log files can be found below /home/yukichi6105/ros2_ws/src/lio_localization_sim/docs/stage4_runs/unity_direct_scan_worker_fix_20260730_r1/ros2_logs/2026-07-30-16-28-16-631138-fuku-pc-349020
[INFO] [launch]: Default logging verbosity is set to INFO
[INFO] [default_server_endpoint-1]: process started with pid [349246]
[default_server_endpoint-1] /opt/ros/lyrical/lib/python3.14/site-packages/rclpy/executors.py:1073: UserWarning: MultiThreadedExecutor is used with a single thread.
[default_server_endpoint-1] Use the SingleThreadedExecutor instead.
[default_server_endpoint-1]   warnings.warn(
[default_server_endpoint-1] [INFO] [1785396497.611902215] [unity_endpoint]: Starting server on 0.0.0.0:10000
[INFO] [imu_preintegration_node-2]: process started with pid [349479]
[INFO] [backend_optimizer_node-3]: process started with pid [349480]
[INFO] [laser_scan_matching_node-4]: process started with pid [349481]
[INFO] [nice-5]: process started with pid [349482]
[INFO] [nice-6]: process started with pid [349483]
[nice-5] [INFO] [1785396502.137195100] [ball_tracking_node]: ball_tracking_node started
[laser_scan_matching_node-4] [INFO] [1785396502.193639749] [laser_scan_matching_node]: laser_scan_matching_node started (0 cylinders, 9 internal walls, field 5.572x3.310m, initial seed=(-2.419, 1.354, 0.000))
[nice-6] [INFO] [1785396502.290589150] [unity_evaluator_node]: C++ realtime evaluator started: measuring 60.0s from first ground truth
[imu_preintegration_node-2] [INFO] [1785396502.355059587] [imu_preintegration_node]: imu_preintegration_node started (waiting for first /state_estimate)
[backend_optimizer_node-3] [INFO] [1785396502.363843842] [backend_optimizer_node]: graph (re)initialized at X0=(-2.419, 1.354, 0.000) V0=(0.000, 0.000)
[backend_optimizer_node-3] [INFO] [1785396502.365008184] [backend_optimizer_node]: backend_optimizer_node started (0 cylinders registered)
[default_server_endpoint-1] [INFO] [1785396549.445443147] [unity_endpoint]: Connection from 127.0.0.1
[default_server_endpoint-1] [WARN] [1785396549.530083178] [rcl.logging_rosout]: Publisher already registered for node name: 'unity_endpoint'. If this is due to multiple nodes with the same name then all logs for the logger named 'unity_endpoint' will go out over the existing publisher. As soon as any node with that name is destructed it will unregister the publisher, preventing any further logs for that name from being published on the rosout topic.
[default_server_endpoint-1] [INFO] [1785396550.073662580] [unity_endpoint]: RegisterSubscriber(/odom_fast, <class 'nav_msgs.msg._odometry.Odometry'>) OK
[default_server_endpoint-1] [WARN] [1785396550.093348798] [rcl.logging_rosout]: Publisher already registered for node name: 'unity_endpoint'. If this is due to multiple nodes with the same name then all logs for the logger named 'unity_endpoint' will go out over the existing publisher. As soon as any node with that name is destructed it will unregister the publisher, preventing any further logs for that name from being published on the rosout topic.
[default_server_endpoint-1] [INFO] [1785396550.131054195] [unity_endpoint]: RegisterSubscriber(/tf, <class 'tf2_msgs.msg._tf_message.TFMessage'>) OK
[default_server_endpoint-1] [WARN] [1785396550.132558201] [rcl.logging_rosout]: Publisher already registered for node name: 'unity_endpoint'. If this is due to multiple nodes with the same name then all logs for the logger named 'unity_endpoint' will go out over the existing publisher. As soon as any node with that name is destructed it will unregister the publisher, preventing any further logs for that name from being published on the rosout topic.
[default_server_endpoint-1] [INFO] [1785396550.183277682] [unity_endpoint]: RegisterPublisher(/clock, <class 'rosgraph_msgs.msg._clock.Clock'>) OK
[default_server_endpoint-1] [WARN] [1785396550.394405772] [rcl.logging_rosout]: Publisher already registered for node name: 'unity_endpoint'. If this is due to multiple nodes with the same name then all logs for the logger named 'unity_endpoint' will go out over the existing publisher. As soon as any node with that name is destructed it will unregister the publisher, preventing any further logs for that name from being published on the rosout topic.
[default_server_endpoint-1] [INFO] [1785396550.430863836] [unity_endpoint]: RegisterPublisher(/scan, <class 'sensor_msgs.msg._laser_scan.LaserScan'>) OK
[default_server_endpoint-1] [WARN] [1785396550.431551232] [rcl.logging_rosout]: Publisher already registered for node name: 'unity_endpoint'. If this is due to multiple nodes with the same name then all logs for the logger named 'unity_endpoint' will go out over the existing publisher. As soon as any node with that name is destructed it will unregister the publisher, preventing any further logs for that name from being published on the rosout topic.
[default_server_endpoint-1] [INFO] [1785396550.457814936] [unity_endpoint]: RegisterPublisher(/ground_truth_pose, <class 'nav_msgs.msg._odometry.Odometry'>) OK
[default_server_endpoint-1] [WARN] [1785396550.460347825] [rcl.logging_rosout]: Publisher already registered for node name: 'unity_endpoint'. If this is due to multiple nodes with the same name then all logs for the logger named 'unity_endpoint' will go out over the existing publisher. As soon as any node with that name is destructed it will unregister the publisher, preventing any further logs for that name from being published on the rosout topic.
[default_server_endpoint-1] [INFO] [1785396550.486586906] [unity_endpoint]: RegisterPublisher(/unity_sensor_publish_counts, <class 'std_msgs.msg._string.String'>) OK
[default_server_endpoint-1] [WARN] [1785396550.487249490] [rcl.logging_rosout]: Publisher already registered for node name: 'unity_endpoint'. If this is due to multiple nodes with the same name then all logs for the logger named 'unity_endpoint' will go out over the existing publisher. As soon as any node with that name is destructed it will unregister the publisher, preventing any further logs for that name from being published on the rosout topic.
[default_server_endpoint-1] [INFO] [1785396550.515154160] [unity_endpoint]: RegisterPublisher(/imu/data, <class 'sensor_msgs.msg._imu.Imu'>) OK
[nice-6] [INFO] [1785396550.516578275] [unity_evaluator_node]: first ground truth received; measurement window started
[default_server_endpoint-1] [WARN] [1785396550.517521236] [rcl.logging_rosout]: Publisher already registered for node name: 'unity_endpoint'. If this is due to multiple nodes with the same name then all logs for the logger named 'unity_endpoint' will go out over the existing publisher. As soon as any node with that name is destructed it will unregister the publisher, preventing any further logs for that name from being published on the rosout topic.
[default_server_endpoint-1] [INFO] [1785396550.555584259] [unity_endpoint]: RegisterPublisher(/clock, <class 'rosgraph_msgs.msg._clock.Clock'>) OK
[default_server_endpoint-1] [INFO] [1785396550.591388847] [unity_endpoint]: RegisterPublisher(/scan, <class 'sensor_msgs.msg._laser_scan.LaserScan'>) OK
[default_server_endpoint-1] [INFO] [1785396550.627458791] [unity_endpoint]: RegisterPublisher(/ground_truth_pose, <class 'nav_msgs.msg._odometry.Odometry'>) OK
[default_server_endpoint-1] [INFO] [1785396550.665427711] [unity_endpoint]: RegisterPublisher(/unity_sensor_publish_counts, <class 'std_msgs.msg._string.String'>) OK
[default_server_endpoint-1] [INFO] [1785396550.703968985] [unity_endpoint]: RegisterPublisher(/imu/data, <class 'sensor_msgs.msg._imu.Imu'>) OK
[backend_optimizer_node-3] [WARN] [1785396550.838308268] [backend_optimizer_node]: slow smoother update: 21.4ms (index 7)
[laser_scan_matching_node-4] [WARN] [1785396551.822706063] [laser_scan_matching_node]: IMU coverage wait exceeded 0.050s, processing scan with extrapolated tail
[backend_optimizer_node-3] [INFO] [1785396552.147034973] [backend_optimizer_node]: wall prior loosened by ICP covariance: sigma(yaw,x,y)=(0.0129, 0.0063, 0.0063) censi=(0.0063, 0.0063, 0.0063)
[laser_scan_matching_node-4] [WARN] [1785396553.348909167] [laser_scan_matching_node]: IMU coverage wait exceeded 0.050s, processing scan with extrapolated tail
[backend_optimizer_node-3] [WARN] [1785396553.392181605] [backend_optimizer_node]: slow smoother update: 33.3ms (index 122)
[backend_optimizer_node-3] [INFO] [1785396554.464654694] [backend_optimizer_node]: wall prior loosened by ICP covariance: sigma(yaw,x,y)=(0.0129, 0.0063, 0.0063) censi=(0.0063, 0.0063, 0.0063)
[nice-6] [INFO] [1785396555.490734993] [unity_evaluator_node]: t=5.0s  recent 5s: pos_err mean=0.36mm max=1.15mm samples=5014 balls=0
[laser_scan_matching_node-4] [INFO] [1785396555.502114901] [laser_scan_matching_node]: note rejection: 0/541 returns unexplained, 0 clusters -> 0 accepted, 0 points dropped (last extent=-1.0000m; extent gate <=0.350m, adjacent gap <=0.100m, min 4 points)
[laser_scan_matching_node-4] [WARN] [1785396555.664025009] [laser_scan_matching_node]: IMU coverage wait exceeded 0.050s, processing scan with extrapolated tail
[backend_optimizer_node-3] [WARN] [1785396555.864354690] [backend_optimizer_node]: slow smoother update: 22.9ms (index 215)
[backend_optimizer_node-3] [INFO] [1785396556.552020973] [backend_optimizer_node]: wall prior loosened by ICP covariance: sigma(yaw,x,y)=(0.0129, 0.0063, 0.0063) censi=(0.0063, 0.0063, 0.0063)
[laser_scan_matching_node-4] [WARN] [1785396557.146338248] [laser_scan_matching_node]: IMU coverage wait exceeded 0.050s, processing scan with extrapolated tail
[backend_optimizer_node-3] [INFO] [1785396558.655264860] [backend_optimizer_node]: wall prior loosened by ICP covariance: sigma(yaw,x,y)=(0.0129, 0.0063, 0.0063) censi=(0.0063, 0.0063, 0.0063)
[nice-6] [INFO] [1785396560.895694829] [unity_evaluator_node]: t=10.0s  recent 5s: pos_err mean=0.51mm max=1.28mm samples=10160 balls=0
[laser_scan_matching_node-4] [INFO] [1785396560.901820323] [laser_scan_matching_node]: note rejection: 0/541 returns unexplained, 0 clusters -> 0 accepted, 0 points dropped (last extent=-1.0000m; extent gate <=0.350m, adjacent gap <=0.100m, min 4 points)
[backend_optimizer_node-3] [INFO] [1785396560.988887055] [backend_optimizer_node]: wall prior loosened by ICP covariance: sigma(yaw,x,y)=(0.0129, 0.0063, 0.0063) censi=(0.0063, 0.0063, 0.0063)
[laser_scan_matching_node-4] [WARN] [1785396563.054561915] [laser_scan_matching_node]: IMU coverage wait exceeded 0.050s, processing scan with extrapolated tail
[backend_optimizer_node-3] [INFO] [1785396563.116991742] [backend_optimizer_node]: wall prior loosened by ICP covariance: sigma(yaw,x,y)=(0.0135, 0.0063, 0.0063) censi=(0.0063, 0.0063, 0.0063)
[backend_optimizer_node-3] [WARN] [1785396563.737697077] [backend_optimizer_node]: slow smoother update: 24.2ms (index 506)
[backend_optimizer_node-3] [WARN] [1785396563.799891591] [backend_optimizer_node]: slow smoother update: 22.6ms (index 508)
[laser_scan_matching_node-4] [WARN] [1785396564.604679813] [laser_scan_matching_node]: IMU coverage wait exceeded 0.050s, processing scan with extrapolated tail
[backend_optimizer_node-3] [INFO] [1785396565.374587457] [backend_optimizer_node]: wall prior loosened by ICP covariance: sigma(yaw,x,y)=(0.0130, 0.0063, 0.0063) censi=(0.0063, 0.0063, 0.0063)
[nice-6] [INFO] [1785396566.158553800] [unity_evaluator_node]: t=15.0s  recent 5s: pos_err mean=0.64mm max=10.45mm samples=15334 balls=0
[laser_scan_matching_node-4] [INFO] [1785396566.159220891] [laser_scan_matching_node]: note rejection: 17/541 returns unexplained, 1 clusters -> 1 accepted, 4 points dropped (last extent=0.0619m; extent gate <=0.350m, adjacent gap <=0.100m, min 4 points)
[backend_optimizer_node-3] [WARN] [1785396566.967834748] [backend_optimizer_node]: slow smoother update: 32.7ms (index 629)
[backend_optimizer_node-3] [INFO] [1785396567.543878210] [backend_optimizer_node]: wall prior loosened by ICP covariance: sigma(yaw,x,y)=(0.0129, 0.0063, 0.0063) censi=(0.0063, 0.0063, 0.0063)
[laser_scan_matching_node-4] [WARN] [1785396567.670447270] [laser_scan_matching_node]: IMU coverage wait exceeded 0.050s, processing scan with extrapolated tail
[backend_optimizer_node-3] [INFO] [1785396569.978959692] [backend_optimizer_node]: wall prior loosened by ICP covariance: sigma(yaw,x,y)=(0.0129, 0.0063, 0.0063) censi=(0.0063, 0.0063, 0.0063)
[laser_scan_matching_node-4] [WARN] [1785396570.156623368] [laser_scan_matching_node]: IMU coverage wait exceeded 0.050s, processing scan with extrapolated tail
[backend_optimizer_node-3] [WARN] [1785396570.212320777] [backend_optimizer_node]: slow smoother update: 25.3ms (index 740)
[nice-6] [INFO] [1785396571.617484317] [unity_evaluator_node]: t=20.0s  recent 5s: pos_err mean=0.87mm max=9.59mm samples=20378 balls=0
[laser_scan_matching_node-4] [WARN] [1785396571.627394066] [laser_scan_matching_node]: IMU coverage wait exceeded 0.050s, processing scan with extrapolated tail
[laser_scan_matching_node-4] [INFO] [1785396571.640535742] [laser_scan_matching_node]: note rejection: 25/541 returns unexplained, 5 clusters -> 5 accepted, 22 points dropped (last extent=0.0592m; extent gate <=0.350m, adjacent gap <=0.100m, min 4 points)
[backend_optimizer_node-3] [INFO] [1785396571.928623557] [backend_optimizer_node]: wall prior loosened by ICP covariance: sigma(yaw,x,y)=(0.0131, 0.0063, 0.0063) censi=(0.0063, 0.0063, 0.0063)
[laser_scan_matching_node-4] [WARN] [1785396573.248510419] [laser_scan_matching_node]: IMU coverage wait exceeded 0.050s, processing scan with extrapolated tail
[backend_optimizer_node-3] [WARN] [1785396574.126423997] [backend_optimizer_node]: slow smoother update: 22.8ms (index 884)
[backend_optimizer_node-3] [INFO] [1785396574.347480820] [backend_optimizer_node]: wall prior loosened by ICP covariance: sigma(yaw,x,y)=(0.0133, 0.0063, 0.0063) censi=(0.0063, 0.0063, 0.0063)
[laser_scan_matching_node-4] [WARN] [1785396574.426780096] [laser_scan_matching_node]: IMU coverage wait exceeded 0.050s, processing scan with extrapolated tail
[laser_scan_matching_node-4] [WARN] [1785396576.958851419] [laser_scan_matching_node]: IMU coverage wait exceeded 0.050s, processing scan with extrapolated tail
[backend_optimizer_node-3] [INFO] [1785396577.187379182] [backend_optimizer_node]: wall prior loosened by ICP covariance: sigma(yaw,x,y)=(0.0129, 0.0063, 0.0063) censi=(0.0063, 0.0063, 0.0063)
[nice-6] [INFO] [1785396577.955628309] [unity_evaluator_node]: t=25.0s  recent 5s: pos_err mean=0.61mm max=2.59mm samples=25478 balls=0
[laser_scan_matching_node-4] [INFO] [1785396578.008057794] [laser_scan_matching_node]: note rejection: 0/541 returns unexplained, 0 clusters -> 0 accepted, 0 points dropped (last extent=-1.0000m; extent gate <=0.350m, adjacent gap <=0.100m, min 4 points)
[backend_optimizer_node-3] [INFO] [1785396579.376892581] [backend_optimizer_node]: wall prior loosened by ICP covariance: sigma(yaw,x,y)=(0.0135, 0.0063, 0.0063) censi=(0.0063, 0.0063, 0.0063)
[laser_scan_matching_node-4] [WARN] [1785396579.769163182] [laser_scan_matching_node]: IMU coverage wait exceeded 0.050s, processing scan with extrapolated tail
[backend_optimizer_node-3] [INFO] [1785396581.476874827] [backend_optimizer_node]: wall prior loosened by ICP covariance: sigma(yaw,x,y)=(0.0134, 0.0063, 0.0063) censi=(0.0063, 0.0063, 0.0063)
[laser_scan_matching_node-4] [WARN] [1785396582.586875005] [laser_scan_matching_node]: IMU coverage wait exceeded 0.050s, processing scan with extrapolated tail
[nice-6] [INFO] [1785396583.404567748] [unity_evaluator_node]: t=30.0s  recent 5s: pos_err mean=0.59mm max=3.04mm samples=30648 balls=0
[laser_scan_matching_node-4] [INFO] [1785396583.490703109] [laser_scan_matching_node]: note rejection: 12/541 returns unexplained, 3 clusters -> 3 accepted, 12 points dropped (last extent=0.0459m; extent gate <=0.350m, adjacent gap <=0.100m, min 4 points)
[backend_optimizer_node-3] [INFO] [1785396583.822982673] [backend_optimizer_node]: wall prior loosened by ICP covariance: sigma(yaw,x,y)=(0.0132, 0.0063, 0.0063) censi=(0.0063, 0.0063, 0.0063)
[backend_optimizer_node-3] [INFO] [1785396585.904674374] [backend_optimizer_node]: wall prior loosened by ICP covariance: sigma(yaw,x,y)=(0.0129, 0.0063, 0.0063) censi=(0.0063, 0.0063, 0.0063)
[laser_scan_matching_node-4] [WARN] [1785396587.500683088] [laser_scan_matching_node]: IMU coverage wait exceeded 0.050s, processing scan with extrapolated tail
[backend_optimizer_node-3] [INFO] [1785396588.105084995] [backend_optimizer_node]: wall prior loosened by ICP covariance: sigma(yaw,x,y)=(0.0129, 0.0063, 0.0063) censi=(0.0063, 0.0063, 0.0063)
[nice-6] [INFO] [1785396588.869382004] [unity_evaluator_node]: t=35.0s  recent 5s: pos_err mean=0.71mm max=6.62mm samples=35819 balls=0
[laser_scan_matching_node-4] [INFO] [1785396588.953155323] [laser_scan_matching_node]: note rejection: 0/541 returns unexplained, 0 clusters -> 0 accepted, 0 points dropped (last extent=-1.0000m; extent gate <=0.350m, adjacent gap <=0.100m, min 4 points)
[backend_optimizer_node-3] [INFO] [1785396590.283266084] [backend_optimizer_node]: wall prior loosened by ICP covariance: sigma(yaw,x,y)=(0.0131, 0.0063, 0.0063) censi=(0.0063, 0.0063, 0.0063)
[laser_scan_matching_node-4] [WARN] [1785396591.948596785] [laser_scan_matching_node]: IMU coverage wait exceeded 0.050s, processing scan with extrapolated tail
[backend_optimizer_node-3] [INFO] [1785396592.449890320] [backend_optimizer_node]: wall prior loosened by ICP covariance: sigma(yaw,x,y)=(0.0131, 0.0063, 0.0063) censi=(0.0063, 0.0063, 0.0063)
[nice-6] [INFO] [1785396594.118950670] [unity_evaluator_node]: t=40.0s  recent 5s: pos_err mean=0.54mm max=1.12mm samples=41002 balls=0
[laser_scan_matching_node-4] [INFO] [1785396594.205627358] [laser_scan_matching_node]: note rejection: 8/541 returns unexplained, 1 clusters -> 1 accepted, 6 points dropped (last extent=0.0598m; extent gate <=0.350m, adjacent gap <=0.100m, min 4 points)
[backend_optimizer_node-3] [INFO] [1785396594.546834539] [backend_optimizer_node]: wall prior loosened by ICP covariance: sigma(yaw,x,y)=(0.0129, 0.0063, 0.0063) censi=(0.0063, 0.0063, 0.0063)
[backend_optimizer_node-3] [WARN] [1785396595.852347900] [backend_optimizer_node]: slow smoother update: 21.3ms (index 1662)
[backend_optimizer_node-3] [INFO] [1785396596.841324653] [backend_optimizer_node]: wall prior loosened by ICP covariance: sigma(yaw,x,y)=(0.0129, 0.0063, 0.0063) censi=(0.0063, 0.0063, 0.0063)
[backend_optimizer_node-3] [WARN] [1785396597.427482095] [backend_optimizer_node]: slow smoother update: 28.8ms (index 1712)
[laser_scan_matching_node-4] [WARN] [1785396597.426632837] [laser_scan_matching_node]: IMU coverage wait exceeded 0.050s, processing scan with extrapolated tail
[backend_optimizer_node-3] [INFO] [1785396598.973246017] [backend_optimizer_node]: wall prior loosened by ICP covariance: sigma(yaw,x,y)=(0.0137, 0.0063, 0.0063) censi=(0.0063, 0.0063, 0.0063)
[nice-6] [INFO] [1785396599.683723064] [unity_evaluator_node]: t=45.0s  recent 5s: pos_err mean=0.62mm max=1.37mm samples=46212 balls=0
[laser_scan_matching_node-4] [INFO] [1785396599.804975434] [laser_scan_matching_node]: note rejection: 51/541 returns unexplained, 4 clusters -> 4 accepted, 51 points dropped (last extent=0.0633m; extent gate <=0.350m, adjacent gap <=0.100m, min 4 points)
[backend_optimizer_node-3] [WARN] [1785396600.033638100] [backend_optimizer_node]: slow smoother update: 23.3ms (index 1814)
[backend_optimizer_node-3] [INFO] [1785396601.073102525] [backend_optimizer_node]: wall prior loosened by ICP covariance: sigma(yaw,x,y)=(0.0131, 0.0063, 0.0063) censi=(0.0063, 0.0063, 0.0063)
[backend_optimizer_node-3] [INFO] [1785396603.320585058] [backend_optimizer_node]: wall prior loosened by ICP covariance: sigma(yaw,x,y)=(0.0131, 0.0063, 0.0063) censi=(0.0063, 0.0063, 0.0063)
[laser_scan_matching_node-4] [WARN] [1785396604.619720238] [laser_scan_matching_node]: IMU coverage wait exceeded 0.050s, processing scan with extrapolated tail
[nice-6] [INFO] [1785396604.990226093] [unity_evaluator_node]: t=50.0s  recent 5s: pos_err mean=0.54mm max=2.42mm samples=51394 balls=0
[laser_scan_matching_node-4] [INFO] [1785396605.256145802] [laser_scan_matching_node]: note rejection: 0/541 returns unexplained, 0 clusters -> 0 accepted, 0 points dropped (last extent=-1.0000m; extent gate <=0.350m, adjacent gap <=0.100m, min 4 points)
[backend_optimizer_node-3] [INFO] [1785396605.515774108] [backend_optimizer_node]: wall prior loosened by ICP covariance: sigma(yaw,x,y)=(0.0129, 0.0063, 0.0063) censi=(0.0063, 0.0063, 0.0063)
[backend_optimizer_node-3] [INFO] [1785396607.671151200] [backend_optimizer_node]: wall prior loosened by ICP covariance: sigma(yaw,x,y)=(0.0129, 0.0063, 0.0063) censi=(0.0063, 0.0063, 0.0063)
[laser_scan_matching_node-4] [WARN] [1785396608.305401046] [laser_scan_matching_node]: IMU coverage wait exceeded 0.050s, processing scan with extrapolated tail
[backend_optimizer_node-3] [WARN] [1785396608.491152229] [backend_optimizer_node]: slow smoother update: 22.6ms (index 2130)
[backend_optimizer_node-3] [WARN] [1785396608.985210453] [backend_optimizer_node]: slow smoother update: 24.6ms (index 2149)
[backend_optimizer_node-3] [INFO] [1785396609.772828991] [backend_optimizer_node]: wall prior loosened by ICP covariance: sigma(yaw,x,y)=(0.0132, 0.0063, 0.0063) censi=(0.0063, 0.0063, 0.0063)
[nice-6] [INFO] [1785396610.231784130] [unity_evaluator_node]: t=55.0s  recent 5s: pos_err mean=0.83mm max=10.80mm samples=56586 balls=0
[laser_scan_matching_node-4] [WARN] [1785396610.420539323] [laser_scan_matching_node]: IMU coverage wait exceeded 0.050s, processing scan with extrapolated tail
[laser_scan_matching_node-4] [INFO] [1785396610.498811720] [laser_scan_matching_node]: note rejection: 18/541 returns unexplained, 1 clusters -> 1 accepted, 7 points dropped (last extent=0.0658m; extent gate <=0.350m, adjacent gap <=0.100m, min 4 points)
[laser_scan_matching_node-4] [WARN] [1785396611.829546330] [laser_scan_matching_node]: IMU coverage wait exceeded 0.050s, processing scan with extrapolated tail
[backend_optimizer_node-3] [INFO] [1785396611.840124470] [backend_optimizer_node]: wall prior loosened by ICP covariance: sigma(yaw,x,y)=(0.0134, 0.0063, 0.0063) censi=(0.0063, 0.0063, 0.0063)
[backend_optimizer_node-3] [INFO] [1785396614.217111948] [backend_optimizer_node]: wall prior loosened by ICP covariance: sigma(yaw,x,y)=(0.0129, 0.0063, 0.0063) censi=(0.0063, 0.0063, 0.0063)
[nice-6] [INFO] [1785396615.918699262] [unity_evaluator_node]: t=60.0s  recent 5s: pos_err mean=0.54mm max=3.72mm samples=61785 balls=0
[nice-6] [INFO] [1785396615.921199793] [unity_evaluator_node]: 
[nice-6] ============================================================
[nice-6] main.md 6-A-1 シミュレーション評価レポート (C++ realtime evaluator)
[nice-6] ============================================================
[nice-6] 総サンプル数: 61785  (定常区間 t>=3.0s: 58845)
[nice-6] 真値未着のまま評価できなかったサンプル: 0
[nice-6] 
[nice-6] --- 全体（要件A: 定常RMSE<=10mm, 最大位置誤差<=10mm） ---
[nice-6]   位置誤差: mean=0.63mm  RMSE=0.80mm  max=10.80mm
[nice-6]   ヨー誤差: mean=0.023deg  RMSE=0.033deg  max=0.092deg
[nice-6]   判定: 定常誤差(RMSE<=10mm) PASS / 最大位置誤差(<=10mm) FAIL
[nice-6] 
[nice-6] --- 高G旋回スピンバースト中 ---
[nice-6]   位置誤差: mean=nanmm  RMSE=nanmm  max=nanmm
[nice-6] 
[nice-6] --- ボール横切り中 vs 非横切り中 ---
[nice-6]   横切り中   : mean=nanmm  RMSE=nanmm  max=nanmm
[nice-6]   非横切り中 : mean=nanmm  RMSE=nanmm  max=nanmm
[nice-6]   判定: ボール横切りによる自己位置無影響 PASS
[nice-6]   (参考) 横切り中の検出ボール数(最新): 0
[nice-6] ============================================================
[nice-6] 
[nice-6] [INFO] [1785396616.073998297] [unity_evaluator_node]: Saved report and raw error CSV in /tmp
[laser_scan_matching_node-4] [INFO] [1785396616.126645743] [laser_scan_matching_node]: note rejection: 64/541 returns unexplained, 5 clusters -> 5 accepted, 64 points dropped (last extent=0.0401m; extent gate <=0.350m, adjacent gap <=0.100m, min 4 points)
[INFO] [nice-6]: process has finished cleanly [pid 349483]
[INFO] [nice-5]: sending signal 'SIGINT' to process[nice-5]
[INFO] [laser_scan_matching_node-4]: sending signal 'SIGINT' to process[laser_scan_matching_node-4]
[INFO] [backend_optimizer_node-3]: sending signal 'SIGINT' to process[backend_optimizer_node-3]
[INFO] [imu_preintegration_node-2]: sending signal 'SIGINT' to process[imu_preintegration_node-2]
[INFO] [default_server_endpoint-1]: sending signal 'SIGINT' to process[default_server_endpoint-1]
[nice-5] [INFO] [1785396616.296578422] [rclcpp]: signal_handler(signum=2)
[laser_scan_matching_node-4] [INFO] [1785396616.298466275] [rclcpp]: signal_handler(signum=2)
[imu_preintegration_node-2] [INFO] [1785396616.301259751] [rclcpp]: signal_handler(signum=2)
[backend_optimizer_node-3] [INFO] [1785396616.305139661] [rclcpp]: signal_handler(signum=2)
[backend_optimizer_node-3] [INFO] [1785396616.312295636] [backend_optimizer_node]: backend concurrency stats: imu_callbacks=60352, during_worker=7651 (12.7%), during_smoother=5067 (8.4%), callback_gap_max=494.746ms, gaps>2ms=8534, gaps>10ms=1437; stamp_gap_max=1.000ms, gaps>1ms=0; ring_enqueue_max=0.991ms, enqueues>2ms=0; callback_duration_max=16.216ms, durations>2ms=55; worker_jobs=2414 mean/max=3.097/42.460ms; smoother_updates=2413 mean/max=2.107/33.286ms; unity_audit reports=242 source_imu_last=60251 receiver_at_last_report=60251 final_receiver=60352
[default_server_endpoint-1] [INFO] [1785396616.344646312] [unity_endpoint]: Disconnected from 127.0.0.1
[default_server_endpoint-1] Exception in thread Thread-2:
[INFO] [nice-5]: process has finished cleanly [pid 349482]
[INFO] [backend_optimizer_node-3]: process has finished cleanly [pid 349480]
[INFO] [imu_preintegration_node-2]: process has finished cleanly [pid 349479]
[INFO] [default_server_endpoint-1]: process has finished cleanly [pid 349246]
[ERROR] [laser_scan_matching_node-4]: process[laser_scan_matching_node-4] failed to terminate '5' seconds after receiving 'SIGINT', escalating to 'SIGTERM'
[INFO] [laser_scan_matching_node-4]: sending signal 'SIGTERM' to process[laser_scan_matching_node-4]
[laser_scan_matching_node-4] [INFO] [1785396621.302292645] [rclcpp]: signal_handler(signum=15)
[ERROR] [laser_scan_matching_node-4]: process[laser_scan_matching_node-4] failed to terminate '10.0' seconds after receiving 'SIGTERM', escalating to 'SIGKILL'
[INFO] [laser_scan_matching_node-4]: sending signal 'SIGKILL' to process[laser_scan_matching_node-4]
[ERROR] [laser_scan_matching_node-4]: process has died [pid 349481, exit code -9, cmd '/home/yukichi6105/ros2_ws/install/lio_localization/lib/lio_localization/laser_scan_matching_node --ros-args -r __node:=laser_scan_matching_node --params-file /home/yukichi6105/ros2_ws/src/lio_localization_sim/config/robocon2026_unity.yaml --params-file /tmp/launch_params_6zlqdqwi'].
