[INFO] [launch]: All log files can be found below /home/yukichi6105/.ros/log/2026-07-23-20-44-30-227738-fuku-pc-120555
[INFO] [launch]: Default logging verbosity is set to INFO
[INFO] [default_server_endpoint-1]: process started with pid [120569]
[default_server_endpoint-1] /opt/ros/lyrical/lib/python3.14/site-packages/rclpy/executors.py:1073: UserWarning: MultiThreadedExecutor is used with a single thread.
[default_server_endpoint-1] Use the SingleThreadedExecutor instead.
[default_server_endpoint-1]   warnings.warn(
[default_server_endpoint-1] [INFO] [1784807070.636559936] [unity_endpoint]: Starting server on 0.0.0.0:10000
[INFO] [imu_preintegration_node-2]: process started with pid [120680]
[INFO] [backend_optimizer_node-3]: process started with pid [120681]
[INFO] [laser_scan_matching_node-4]: process started with pid [120682]
[INFO] [ball_tracking_node-5]: process started with pid [120683]
[INFO] [evaluator_node-6]: process started with pid [120684]
[ball_tracking_node-5] [INFO] [1784807075.374210491] [ball_tracking_node]: ball_tracking_node started
[imu_preintegration_node-2] [INFO] [1784807075.378158868] [imu_preintegration_node]: imu_preintegration_node started (waiting for first /state_estimate)
[laser_scan_matching_node-4] [INFO] [1784807075.379805770] [laser_scan_matching_node]: laser_scan_matching_node started (0 cylinders, 9 internal walls, field 5.572x3.310m, initial seed=(-2.419, 1.354, 0.000))
[backend_optimizer_node-3] [INFO] [1784807075.383901246] [backend_optimizer_node]: graph (re)initialized at X0=(-2.419, 1.354, 0.000) V0=(0.000, 0.000)
[backend_optimizer_node-3] [INFO] [1784807075.384046651] [backend_optimizer_node]: backend_optimizer_node started (0 cylinders registered)
[evaluator_node-6] [INFO] [1784807076.162892703] [unity_evaluator_node]: evaluator_node started: will run for 60.0s starting from the first /ground_truth_pose
[default_server_endpoint-1] [INFO] [1784807092.953165638] [unity_endpoint]: Connection from 127.0.0.1
[default_server_endpoint-1] [WARN] [1784807093.019357000] [rcl.logging_rosout]: Publisher already registered for node name: 'unity_endpoint'. If this is due to multiple nodes with the same name then all logs for the logger named 'unity_endpoint' will go out over the existing publisher. As soon as any node with that name is destructed it will unregister the publisher, preventing any further logs for that name from being published on the rosout topic.
[default_server_endpoint-1] [INFO] [1784807093.306068493] [unity_endpoint]: RegisterSubscriber(/odom_fast, <class 'nav_msgs.msg._odometry.Odometry'>) OK
[default_server_endpoint-1] [WARN] [1784807093.316889760] [rcl.logging_rosout]: Publisher already registered for node name: 'unity_endpoint'. If this is due to multiple nodes with the same name then all logs for the logger named 'unity_endpoint' will go out over the existing publisher. As soon as any node with that name is destructed it will unregister the publisher, preventing any further logs for that name from being published on the rosout topic.
[default_server_endpoint-1] [INFO] [1784807093.334732857] [unity_endpoint]: RegisterSubscriber(/tf, <class 'tf2_msgs.msg._tf_message.TFMessage'>) OK
[default_server_endpoint-1] [WARN] [1784807093.335332192] [rcl.logging_rosout]: Publisher already registered for node name: 'unity_endpoint'. If this is due to multiple nodes with the same name then all logs for the logger named 'unity_endpoint' will go out over the existing publisher. As soon as any node with that name is destructed it will unregister the publisher, preventing any further logs for that name from being published on the rosout topic.
[default_server_endpoint-1] [INFO] [1784807093.358343171] [unity_endpoint]: RegisterPublisher(/clock, <class 'rosgraph_msgs.msg._clock.Clock'>) OK
[default_server_endpoint-1] [WARN] [1784807093.461046938] [rcl.logging_rosout]: Publisher already registered for node name: 'unity_endpoint'. If this is due to multiple nodes with the same name then all logs for the logger named 'unity_endpoint' will go out over the existing publisher. As soon as any node with that name is destructed it will unregister the publisher, preventing any further logs for that name from being published on the rosout topic.
[default_server_endpoint-1] [INFO] [1784807093.480793569] [unity_endpoint]: RegisterPublisher(/scan, <class 'sensor_msgs.msg._laser_scan.LaserScan'>) OK
[default_server_endpoint-1] [WARN] [1784807093.481251346] [rcl.logging_rosout]: Publisher already registered for node name: 'unity_endpoint'. If this is due to multiple nodes with the same name then all logs for the logger named 'unity_endpoint' will go out over the existing publisher. As soon as any node with that name is destructed it will unregister the publisher, preventing any further logs for that name from being published on the rosout topic.
[default_server_endpoint-1] [INFO] [1784807093.502464909] [unity_endpoint]: RegisterPublisher(/ground_truth_pose, <class 'nav_msgs.msg._odometry.Odometry'>) OK
[default_server_endpoint-1] [WARN] [1784807093.502997415] [rcl.logging_rosout]: Publisher already registered for node name: 'unity_endpoint'. If this is due to multiple nodes with the same name then all logs for the logger named 'unity_endpoint' will go out over the existing publisher. As soon as any node with that name is destructed it will unregister the publisher, preventing any further logs for that name from being published on the rosout topic.
[default_server_endpoint-1] [INFO] [1784807093.522764917] [unity_endpoint]: RegisterPublisher(/imu/data, <class 'sensor_msgs.msg._imu.Imu'>) OK
[default_server_endpoint-1] [WARN] [1784807093.527762601] [rcl.logging_rosout]: Publisher already registered for node name: 'unity_endpoint'. If this is due to multiple nodes with the same name then all logs for the logger named 'unity_endpoint' will go out over the existing publisher. As soon as any node with that name is destructed it will unregister the publisher, preventing any further logs for that name from being published on the rosout topic.
[evaluator_node-6] [INFO] [1784807093.529784609] [unity_evaluator_node]: first ground truth received: measuring for 60.0s
[default_server_endpoint-1] [INFO] [1784807093.552739412] [unity_endpoint]: RegisterPublisher(/clock, <class 'rosgraph_msgs.msg._clock.Clock'>) OK
[default_server_endpoint-1] [INFO] [1784807093.578628234] [unity_endpoint]: RegisterPublisher(/scan, <class 'sensor_msgs.msg._laser_scan.LaserScan'>) OK
[default_server_endpoint-1] [WARN] [1784807093.579401234] [rcl.logging_rosout]: Publisher already registered for node name: 'unity_endpoint'. If this is due to multiple nodes with the same name then all logs for the logger named 'unity_endpoint' will go out over the existing publisher. As soon as any node with that name is destructed it will unregister the publisher, preventing any further logs for that name from being published on the rosout topic.
[default_server_endpoint-1] [INFO] [1784807093.602783149] [unity_endpoint]: RegisterPublisher(/ground_truth_pose, <class 'nav_msgs.msg._odometry.Odometry'>) OK
[default_server_endpoint-1] [INFO] [1784807093.626457018] [unity_endpoint]: RegisterPublisher(/imu/data, <class 'sensor_msgs.msg._imu.Imu'>) OK
[evaluator_node-6] [INFO] [1784807102.148484914] [unity_evaluator_node]: t=5.0s  直近5秒: pos_err mean=13.39mm max=20.79mm  samples=5144  detected_balls=0
[evaluator_node-6] [INFO] [1784807107.469666757] [unity_evaluator_node]: t=10.0s  直近5秒: pos_err mean=14.97mm max=16.60mm  samples=10302  detected_balls=0
[backend_optimizer_node-3] [WARN] [1784807109.746164824] [backend_optimizer_node]: slow smoother update: 27.6ms (index 482)
[evaluator_node-6] [INFO] [1784807112.667686205] [unity_evaluator_node]: t=15.0s  直近5秒: pos_err mean=14.72mm max=17.48mm  samples=15482  detected_balls=0
[backend_optimizer_node-3] [WARN] [1784807112.889496197] [backend_optimizer_node]: slow smoother update: 33.1ms (index 599)
[evaluator_node-6] [INFO] [1784807117.861693536] [unity_evaluator_node]: t=20.0s  直近5秒: pos_err mean=15.34mm max=17.52mm  samples=20676  detected_balls=0
[backend_optimizer_node-3] [WARN] [1784807120.939833524] [backend_optimizer_node]: slow smoother update: 26.0ms (index 894)
[backend_optimizer_node-3] [WARN] [1784807121.606588875] [backend_optimizer_node]: slow smoother update: 23.4ms (index 919)
[evaluator_node-6] [INFO] [1784807123.525176387] [unity_evaluator_node]: t=25.0s  直近5秒: pos_err mean=15.05mm max=17.11mm  samples=25859  detected_balls=0
[evaluator_node-6] [INFO] [1784807128.749518245] [unity_evaluator_node]: t=30.0s  直近5秒: pos_err mean=14.98mm max=16.82mm  samples=31036  detected_balls=0
[evaluator_node-6] [INFO] [1784807133.837898069] [unity_evaluator_node]: t=35.0s  直近5秒: pos_err mean=14.83mm max=16.76mm  samples=36241  detected_balls=0
[backend_optimizer_node-3] [WARN] [1784807135.652243631] [backend_optimizer_node]: slow smoother update: 24.7ms (index 1451)
[evaluator_node-6] [INFO] [1784807138.952374002] [unity_evaluator_node]: t=40.0s  直近5秒: pos_err mean=15.08mm max=17.85mm  samples=41447  detected_balls=0
[backend_optimizer_node-3] [WARN] [1784807144.059260459] [backend_optimizer_node]: slow smoother update: 23.0ms (index 1776)
[evaluator_node-6] [INFO] [1784807144.117446806] [unity_evaluator_node]: t=45.0s  直近5秒: pos_err mean=14.93mm max=16.88mm  samples=46644  detected_balls=0
[evaluator_node-6] [INFO] [1784807149.333568250] [unity_evaluator_node]: t=50.0s  直近5秒: pos_err mean=14.80mm max=16.58mm  samples=51832  detected_balls=0
[evaluator_node-6] [INFO] [1784807154.459230180] [unity_evaluator_node]: t=55.0s  直近5秒: pos_err mean=14.77mm max=16.55mm  samples=57030  detected_balls=0
[backend_optimizer_node-3] [WARN] [1784807158.380922348] [backend_optimizer_node]: slow smoother update: 22.2ms (index 2328)
[evaluator_node-6] [INFO] [1784807159.618046777] [unity_evaluator_node]: t=60.0s  直近5秒: pos_err mean=14.94mm max=16.95mm  samples=62225  detected_balls=0
[evaluator_node-6] [INFO] [1784807159.619050743] [unity_evaluator_node]: === 評価終了、集計します ===
[evaluator_node-6] [INFO] [1784807159.957939338] [unity_evaluator_node]: 
[evaluator_node-6] ============================================================
[evaluator_node-6] main.md 6-A-1 シミュレーション評価レポート
[evaluator_node-6] ============================================================
[evaluator_node-6] 総サンプル数: 62225  (定常区間 t>=3.0s: 59155)
[evaluator_node-6] 真値未着のまま評価できなかったサンプル: 0
[evaluator_node-6] 
[evaluator_node-6] --- 全体（要件A: 定常±10mm, 最大±20mm） ---
[evaluator_node-6]   位置誤差: mean=14.96mm  RMSE=14.98mm  max=17.85mm
[evaluator_node-6]   ヨー誤差: mean=0.317deg  RMSE=0.318deg  max=0.390deg
[evaluator_node-6]   判定: 定常誤差(RMSE<=10mm) FAIL / 最大ドリフト(<=20mm) PASS
[evaluator_node-6] 
[evaluator_node-6] --- 高G旋回スピンバースト中 ---
[evaluator_node-6]   位置誤差: mean=nanmm  RMSE=nanmm  max=nanmm
[evaluator_node-6] 
[evaluator_node-6] --- ボール横切り中 vs 非横切り中 ---
[evaluator_node-6]   横切り中   : mean=nanmm  RMSE=nanmm  max=nanmm
[evaluator_node-6]   非横切り中 : mean=14.96mm  RMSE=14.98mm  max=17.85mm
[evaluator_node-6]   判定: ボール横切りによる自己位置無影響 PASS
[evaluator_node-6]   (参考) 横切り中の検出ボール数(最新): 0
[evaluator_node-6] ============================================================
[evaluator_node-6] [INFO] [1784807159.961295201] [unity_evaluator_node]: レポートを保存しました: /tmp/sim_eval_report.txt
[backend_optimizer_node-3] [WARN] [1784807160.439564419] [backend_optimizer_node]: slow smoother update: 22.4ms (index 2407)
[evaluator_node-6] [INFO] [1784807161.749818367] [unity_evaluator_node]: グラフを保存しました: /tmp/sim_eval_plot.png
[backend_optimizer_node-3] [WARN] [1784807161.953460756] [backend_optimizer_node]: slow smoother update: 20.6ms (index 2468)
[INFO] [evaluator_node-6]: process has finished cleanly [pid 120684]
[INFO] [ball_tracking_node-5]: sending signal 'SIGINT' to process[ball_tracking_node-5]
[INFO] [laser_scan_matching_node-4]: sending signal 'SIGINT' to process[laser_scan_matching_node-4]
[INFO] [backend_optimizer_node-3]: sending signal 'SIGINT' to process[backend_optimizer_node-3]
[INFO] [imu_preintegration_node-2]: sending signal 'SIGINT' to process[imu_preintegration_node-2]
[INFO] [default_server_endpoint-1]: sending signal 'SIGINT' to process[default_server_endpoint-1]
[laser_scan_matching_node-4] [INFO] [1784807162.356913004] [rclcpp]: signal_handler(signum=2)
[ball_tracking_node-5] [INFO] [1784807162.357026962] [rclcpp]: signal_handler(signum=2)
[backend_optimizer_node-3] [INFO] [1784807162.360114408] [rclcpp]: signal_handler(signum=2)
[imu_preintegration_node-2] [INFO] [1784807162.363364585] [rclcpp]: signal_handler(signum=2)
[default_server_endpoint-1] [INFO] [1784807162.372569848] [unity_endpoint]: Disconnected from 127.0.0.1
[default_server_endpoint-1] Exception in thread Thread-2:
[default_server_endpoint-1] [ERROR] [1784807162.374470662] [unity_endpoint]: Exception [Errno 9] Bad file descriptor
[default_server_endpoint-1] Traceback (most recent call last):
[default_server_endpoint-1]   File "/usr/lib/python3.14/threading.py", line 1082, in _bootstrap_inner
[default_server_endpoint-1]     self._context.run(self.run)
[default_server_endpoint-1]     ~~~~~~~~~~~~~~~~~^^^^^^^^^^
[default_server_endpoint-1]   File "/home/yukichi6105/ros2_ws/install/ros_tcp_endpoint/lib/python3.14/site-packages/ros_tcp_endpoint/client.py", line 216, in run
[default_server_endpoint-1]     ros_communicator.send(data)
[default_server_endpoint-1]     ~~~~~~~~~~~~~~~~~~~~~^^^^^^
[default_server_endpoint-1]   File "/home/yukichi6105/ros2_ws/install/ros_tcp_endpoint/lib/python3.14/site-packages/ros_tcp_endpoint/publisher.py", line 57, in send
[default_server_endpoint-1]     self.pub.publish(data)
[default_server_endpoint-1]     ~~~~~~~~~~~~~~~~^^^^^^
[default_server_endpoint-1]   File "/opt/ros/lyrical/lib/python3.14/site-packages/rclpy/publisher.py", line 69, in publish
[default_server_endpoint-1]     self.__publisher.publish_raw(msg)
[default_server_endpoint-1]     ~~~~~~~~~~~~~~~~~~~~~~~~~~~~^^^^^
[default_server_endpoint-1] rclpy._rclpy_pybind11.RCLError: Failed to publish: publisher's context is invalid, at ./src/rcl/publisher.c:427
[default_server_endpoint-1] Traceback (most recent call last):
[default_server_endpoint-1]   File "/home/yukichi6105/ros2_ws/install/ros_tcp_endpoint/lib/ros_tcp_endpoint/default_server_endpoint", line 33, in <module>
[default_server_endpoint-1]     sys.exit(load_entry_point('ros-tcp-endpoint==0.0.1', 'console_scripts', 'default_server_endpoint')())
[default_server_endpoint-1]              ~~~~~~~~~~~~~~~~~~~~~~~~~~~~~~~~~~~~~~~~~~~~~~~~~~~~~~~~~~~~~~~~~~~~~~~~~~~~~~~~~~~~~~~~~^^
[default_server_endpoint-1]   File "/home/yukichi6105/ros2_ws/install/ros_tcp_endpoint/lib/python3.14/site-packages/ros_tcp_endpoint/default_server_endpoint.py", line 14, in main
[default_server_endpoint-1]     tcp_server.setup_executor()
[default_server_endpoint-1]     ~~~~~~~~~~~~~~~~~~~~~~~~~^^
[default_server_endpoint-1]   File "/home/yukichi6105/ros2_ws/install/ros_tcp_endpoint/lib/python3.14/site-packages/ros_tcp_endpoint/server.py", line 167, in setup_executor
[default_server_endpoint-1]     executor.spin()
[default_server_endpoint-1]     ~~~~~~~~~~~~~^^
[default_server_endpoint-1]   File "/opt/ros/lyrical/lib/python3.14/site-packages/rclpy/executors.py", line 400, in spin
[default_server_endpoint-1]     self._spin_once_impl()
[default_server_endpoint-1]     ~~~~~~~~~~~~~~~~~~~~^^
[default_server_endpoint-1]   File "/opt/ros/lyrical/lib/python3.14/site-packages/rclpy/executors.py", line 1086, in _spin_once_impl
[default_server_endpoint-1]     handler, entity, node = self.wait_for_ready_callbacks(
[default_server_endpoint-1]                             ~~~~~~~~~~~~~~~~~~~~~~~~~~~~~^
[default_server_endpoint-1]         timeout_sec, None, wait_condition)
[default_server_endpoint-1]         ^^^^^^^^^^^^^^^^^^^^^^^^^^^^^^^^^^
[default_server_endpoint-1]   File "/opt/ros/lyrical/lib/python3.14/site-packages/rclpy/executors.py", line 970, in wait_for_ready_callbacks
[default_server_endpoint-1]     return next(self._cb_iter)
[default_server_endpoint-1]   File "/opt/ros/lyrical/lib/python3.14/site-packages/rclpy/executors.py", line 848, in _wait_for_ready_callbacks
[default_server_endpoint-1]     wait_set = _rclpy.WaitSet(
[default_server_endpoint-1]         entity_count.num_subscriptions,
[default_server_endpoint-1]     ...<4 lines>...
[default_server_endpoint-1]         entity_count.num_events,
[default_server_endpoint-1]         self._context.handle)
[default_server_endpoint-1] rclpy._rclpy_pybind11.RCLError: failed to initialize wait set: the given context is not valid, either rcl_init() was not called or rcl_shutdown() was called., at ./src/rcl/wait.c:110
[INFO] [laser_scan_matching_node-4]: process has finished cleanly [pid 120682]
[INFO] [ball_tracking_node-5]: process has finished cleanly [pid 120683]
[INFO] [backend_optimizer_node-3]: process has finished cleanly [pid 120681]
[INFO] [imu_preintegration_node-2]: process has finished cleanly [pid 120680]
[ERROR] [default_server_endpoint-1]: process has died [pid 120569, exit code 1, cmd '/home/yukichi6105/ros2_ws/install/ros_tcp_endpoint/lib/ros_tcp_endpoint/default_server_endpoint --ros-args -r __node:=unity_endpoint --params-file /tmp/launch_params_iz4gzrp6'].
