[INFO] [1785392158.032549919] [backend_optimizer_node]: graph (re)initialized at X0=(-2.419, 1.354, 0.000) V0=(0.000, 0.000)
[INFO] [1785392158.033987705] [backend_optimizer_node]: backend_optimizer_node started (0 cylinders registered)
[INFO] [1785392230.083589084] [backend_optimizer_node]: wall prior loosened by ICP covariance: sigma(yaw,x,y)=(0.0129, 0.0063, 0.0063) censi=(0.0063, 0.0063, 0.0063)
[WARN] [1785392230.688299498] [backend_optimizer_node]: slow smoother update: 38.5ms (index 111)
[WARN] [1785392231.442083795] [backend_optimizer_node]: slow smoother update: 22.9ms (index 150)
[INFO] [1785392231.687245608] [backend_optimizer_node]: wall prior loosened by ICP covariance: sigma(yaw,x,y)=(0.0129, 0.0063, 0.0063) censi=(0.0063, 0.0063, 0.0063)
[WARN] [1785392232.787993100] [backend_optimizer_node]: slow smoother update: 32.2ms (index 196)
[WARN] [1785392233.016217173] [backend_optimizer_node]: slow smoother update: 32.3ms (index 203)
[WARN] [1785392233.395696528] [backend_optimizer_node]: slow smoother update: 26.8ms (index 218)
[WARN] [1785392233.600512912] [backend_optimizer_node]: slow smoother update: 27.5ms (index 226)
[INFO] [1785392233.987722399] [backend_optimizer_node]: wall prior loosened by ICP covariance: sigma(yaw,x,y)=(0.0129, 0.0063, 0.0063) censi=(0.0063, 0.0063, 0.0063)
[INFO] [1785392236.366123233] [backend_optimizer_node]: wall prior loosened by ICP covariance: sigma(yaw,x,y)=(0.0129, 0.0063, 0.0063) censi=(0.0063, 0.0063, 0.0063)
[WARN] [1785392236.749410899] [backend_optimizer_node]: slow smoother update: 24.9ms (index 335)
[WARN] [1785392238.426306242] [backend_optimizer_node]: slow smoother update: 24.5ms (index 397)
[INFO] [1785392238.576707317] [backend_optimizer_node]: wall prior loosened by ICP covariance: sigma(yaw,x,y)=(0.0129, 0.0063, 0.0063) censi=(0.0063, 0.0063, 0.0063)
[WARN] [1785392239.425550046] [backend_optimizer_node]: slow smoother update: 21.1ms (index 429)
[WARN] [1785392239.513685622] [backend_optimizer_node]: slow smoother update: 42.5ms (index 432)
[WARN] [1785392239.699374862] [backend_optimizer_node]: slow smoother update: 26.0ms (index 438)
[INFO] [1785392240.898024534] [backend_optimizer_node]: wall prior loosened by ICP covariance: sigma(yaw,x,y)=(0.0135, 0.0063, 0.0063) censi=(0.0063, 0.0063, 0.0063)
[WARN] [1785392241.121287838] [backend_optimizer_node]: slow smoother update: 25.1ms (index 490)
[WARN] [1785392241.881556115] [backend_optimizer_node]: slow smoother update: 27.1ms (index 516)
[INFO] [1785392243.534813559] [backend_optimizer_node]: wall prior loosened by ICP covariance: sigma(yaw,x,y)=(0.0131, 0.0063, 0.0063) censi=(0.0063, 0.0063, 0.0063)
[INFO] [1785392245.713893095] [backend_optimizer_node]: wall prior loosened by ICP covariance: sigma(yaw,x,y)=(0.0135, 0.0063, 0.0063) censi=(0.0063, 0.0063, 0.0063)
[INFO] [1785392247.963131497] [backend_optimizer_node]: wall prior loosened by ICP covariance: sigma(yaw,x,y)=(0.0129, 0.0063, 0.0063) censi=(0.0063, 0.0063, 0.0063)
[INFO] [1785392250.215721269] [backend_optimizer_node]: wall prior loosened by ICP covariance: sigma(yaw,x,y)=(0.0129, 0.0063, 0.0063) censi=(0.0063, 0.0063, 0.0063)
[WARN] [1785392251.483840662] [backend_optimizer_node]: slow smoother update: 28.2ms (index 852)
[INFO] [1785392252.668083200] [backend_optimizer_node]: wall prior loosened by ICP covariance: sigma(yaw,x,y)=(0.0132, 0.0063, 0.0063) censi=(0.0063, 0.0063, 0.0063)
[WARN] [1785392253.179221964] [backend_optimizer_node]: slow smoother update: 21.9ms (index 908)
[INFO] [1785392255.009894442] [backend_optimizer_node]: wall prior loosened by ICP covariance: sigma(yaw,x,y)=(0.0134, 0.0063, 0.0063) censi=(0.0063, 0.0063, 0.0063)
[INFO] [1785392257.182485572] [backend_optimizer_node]: wall prior loosened by ICP covariance: sigma(yaw,x,y)=(0.0129, 0.0063, 0.0063) censi=(0.0063, 0.0063, 0.0063)
[INFO] [1785392259.351343429] [backend_optimizer_node]: wall prior loosened by ICP covariance: sigma(yaw,x,y)=(0.0137, 0.0063, 0.0063) censi=(0.0063, 0.0063, 0.0063)
[INFO] [1785392261.713752059] [backend_optimizer_node]: wall prior loosened by ICP covariance: sigma(yaw,x,y)=(0.0131, 0.0063, 0.0063) censi=(0.0063, 0.0063, 0.0063)
[WARN] [1785392262.448378076] [backend_optimizer_node]: slow smoother update: 21.2ms (index 1238)
[WARN] [1785392262.630401657] [backend_optimizer_node]: slow smoother update: 26.3ms (index 1243)
[INFO] [1785392264.036304564] [backend_optimizer_node]: wall prior loosened by ICP covariance: sigma(yaw,x,y)=(0.0131, 0.0063, 0.0063) censi=(0.0063, 0.0063, 0.0063)
[WARN] [1785392264.893246017] [backend_optimizer_node]: slow smoother update: 37.2ms (index 1325)
[INFO] [1785392266.274847282] [backend_optimizer_node]: wall prior loosened by ICP covariance: sigma(yaw,x,y)=(0.0129, 0.0063, 0.0063) censi=(0.0063, 0.0063, 0.0063)
[INFO] [1785392268.803587223] [backend_optimizer_node]: wall prior loosened by ICP covariance: sigma(yaw,x,y)=(0.0129, 0.0063, 0.0063) censi=(0.0063, 0.0063, 0.0063)
[WARN] [1785392270.723314381] [backend_optimizer_node]: slow smoother update: 20.2ms (index 1521)
[INFO] [1785392271.361091391] [backend_optimizer_node]: wall prior loosened by ICP covariance: sigma(yaw,x,y)=(0.0132, 0.0063, 0.0063) censi=(0.0063, 0.0063, 0.0063)
[INFO] [1785392273.639940380] [backend_optimizer_node]: wall prior loosened by ICP covariance: sigma(yaw,x,y)=(0.0135, 0.0063, 0.0063) censi=(0.0063, 0.0063, 0.0063)
[INFO] [1785392276.027193425] [backend_optimizer_node]: wall prior loosened by ICP covariance: sigma(yaw,x,y)=(0.0129, 0.0063, 0.0063) censi=(0.0063, 0.0063, 0.0063)
[INFO] [1785392278.391338986] [backend_optimizer_node]: wall prior loosened by ICP covariance: sigma(yaw,x,y)=(0.0129, 0.0063, 0.0063) censi=(0.0063, 0.0063, 0.0063)
[WARN] [1785392278.754782419] [backend_optimizer_node]: slow smoother update: 21.4ms (index 1798)
[WARN] [1785392280.195896061] [backend_optimizer_node]: slow smoother update: 25.3ms (index 1852)
[INFO] [1785392280.588678826] [backend_optimizer_node]: wall prior loosened by ICP covariance: sigma(yaw,x,y)=(0.0136, 0.0063, 0.0063) censi=(0.0063, 0.0063, 0.0063)
[WARN] [1785392280.717410225] [backend_optimizer_node]: slow smoother update: 21.9ms (index 1870)
[INFO] [1785392283.276189565] [backend_optimizer_node]: wall prior loosened by ICP covariance: sigma(yaw,x,y)=(0.0135, 0.0063, 0.0063) censi=(0.0063, 0.0063, 0.0063)
[INFO] [1785392285.596037564] [backend_optimizer_node]: wall prior loosened by ICP covariance: sigma(yaw,x,y)=(0.0132, 0.0063, 0.0063) censi=(0.0063, 0.0063, 0.0063)
[WARN] [1785392287.699583266] [backend_optimizer_node]: slow smoother update: 36.4ms (index 2094)
[INFO] [1785392288.099064276] [backend_optimizer_node]: wall prior loosened by ICP covariance: sigma(yaw,x,y)=(0.0129, 0.0063, 0.0063) censi=(0.0063, 0.0063, 0.0063)
[INFO] [1785392290.265929018] [backend_optimizer_node]: wall prior loosened by ICP covariance: sigma(yaw,x,y)=(0.0129, 0.0063, 0.0063) censi=(0.0063, 0.0063, 0.0063)
[WARN] [1785392290.622444432] [backend_optimizer_node]: slow smoother update: 26.9ms (index 2199)
[INFO] [1785392292.679740013] [backend_optimizer_node]: wall prior loosened by ICP covariance: sigma(yaw,x,y)=(0.0132, 0.0063, 0.0063) censi=(0.0063, 0.0063, 0.0063)
[WARN] [1785392294.272026015] [backend_optimizer_node]: slow smoother update: 35.3ms (index 2321)
[INFO] [1785392294.963786227] [backend_optimizer_node]: wall prior loosened by ICP covariance: sigma(yaw,x,y)=(0.0136, 0.0063, 0.0063) censi=(0.0063, 0.0063, 0.0063)
[WARN] [1785392295.056378260] [backend_optimizer_node]: slow smoother update: 26.7ms (index 2351)
[INFO] [1785392296.986109300] [rclcpp]: signal_handler(signum=2)
[INFO] [1785392296.995946621] [backend_optimizer_node]: backend concurrency stats: imu_callbacks=60637, during_worker=8052 (13.3%), during_smoother=5272 (8.7%), callback_gap_max=511.133ms, gaps>2ms=6267, gaps>10ms=2397; stamp_gap_max=1.000ms, gaps>1ms=0; ring_enqueue_max=8.899ms, enqueues>2ms=3; callback_duration_max=19.298ms, durations>2ms=110; worker_jobs=2426 mean/max=4.555/54.612ms; smoother_updates=2425 mean/max=2.938/42.506ms; unity_audit reports=243 source_imu_last=60501 receiver_at_last_report=60501 final_receiver=60637
