[INFO] [launch]: All log files can be found below /home/yukichi6105/ros2_ws/src/lio_localization_sim/docs/stage4_runs/bag_replay_88s_imu_group_20260729_r1/ros2_logs/2026-07-29-12-18-04-006141-fuku-pc-3920151
[INFO] [launch]: Default logging verbosity is set to INFO
[INFO] [default_server_endpoint-1]: process started with pid [3920202]
[default_server_endpoint-1] /opt/ros/lyrical/lib/python3.14/site-packages/rclpy/executors.py:1073: UserWarning: MultiThreadedExecutor is used with a single thread.
[default_server_endpoint-1] Use the SingleThreadedExecutor instead.
[default_server_endpoint-1]   warnings.warn(
[default_server_endpoint-1] [INFO] [1785295085.391256633] [unity_endpoint]: Starting server on 0.0.0.0:10000
[default_server_endpoint-1] [INFO] [1785295085.566368476] [unity_endpoint]: Connection from 127.0.0.1
[default_server_endpoint-1] [ERROR] [1785295085.567755001] [unity_endpoint]: Exception: No more data available
[default_server_endpoint-1] [INFO] [1785295085.568481896] [unity_endpoint]: Disconnected from 127.0.0.1
[default_server_endpoint-1] [INFO] [1785295085.674085654] [unity_endpoint]: Connection from 127.0.0.1
[default_server_endpoint-1] [ERROR] [1785295085.675608280] [unity_endpoint]: Exception: No more data available
[default_server_endpoint-1] [INFO] [1785295085.676277844] [unity_endpoint]: Disconnected from 127.0.0.1
[INFO] [imu_preintegration_node-2]: process started with pid [3920476]
[INFO] [backend_optimizer_node-3]: process started with pid [3920477]
[INFO] [laser_scan_matching_node-4]: process started with pid [3920478]
[INFO] [ball_tracking_node-5]: process started with pid [3920479]
[INFO] [evaluator_node-6]: process started with pid [3920480]
[ball_tracking_node-5] [INFO] [1785295089.433459729] [ball_tracking_node]: ball_tracking_node started
[laser_scan_matching_node-4] [INFO] [1785295089.468742207] [laser_scan_matching_node]: laser_scan_matching_node started (0 cylinders, 9 internal walls, field 5.572x3.310m, initial seed=(-2.419, 1.354, 0.000))
[imu_preintegration_node-2] [INFO] [1785295089.471353708] [imu_preintegration_node]: imu_preintegration_node started (waiting for first /state_estimate)
[backend_optimizer_node-3] [INFO] [1785295089.485702449] [backend_optimizer_node]: graph (re)initialized at X0=(-2.419, 1.354, 0.000) V0=(0.000, 0.000)
[backend_optimizer_node-3] [INFO] [1785295089.486009930] [backend_optimizer_node]: backend_optimizer_node started (0 cylinders registered)
[evaluator_node-6] [INFO] [1785295091.041753780] [unity_evaluator_node]: evaluator_node started: will run for 60.0s starting from the first /ground_truth_pose
[evaluator_node-6] [INFO] [1785295096.209751176] [unity_evaluator_node]: first ground truth received: measuring for 60.0s
[laser_scan_matching_node-4] [INFO] [1785295101.212728923] [laser_scan_matching_node]: note rejection: 32/541 returns unexplained, 0 clusters -> 0 accepted, 0 points dropped (last extent=-1.0000m; gate <=0.350m, min 4 points)
[evaluator_node-6] [INFO] [1785295101.221467504] [unity_evaluator_node]: t=5.0s  直近5秒: pos_err mean=4.07mm max=8.46mm  samples=5109  detected_balls=0
[laser_scan_matching_node-4] [INFO] [1785295106.213797896] [laser_scan_matching_node]: note rejection: 29/541 returns unexplained, 0 clusters -> 0 accepted, 0 points dropped (last extent=-1.0000m; gate <=0.350m, min 4 points)
[evaluator_node-6] [INFO] [1785295106.224001095] [unity_evaluator_node]: t=10.0s  直近5秒: pos_err mean=3.92mm max=5.22mm  samples=10228  detected_balls=0
[laser_scan_matching_node-4] [INFO] [1785295111.216431621] [laser_scan_matching_node]: note rejection: 38/541 returns unexplained, 2 clusters -> 1 accepted, 5 points dropped (last extent=0.0786m; gate <=0.350m, min 4 points)
[evaluator_node-6] [INFO] [1785295111.221297915] [unity_evaluator_node]: t=15.0s  直近5秒: pos_err mean=7.63mm max=11.97mm  samples=15270  detected_balls=0
[evaluator_node-6] [INFO] [1785295116.220258734] [unity_evaluator_node]: t=20.0s  直近5秒: pos_err mean=4.78mm max=11.29mm  samples=20424  detected_balls=0
[laser_scan_matching_node-4] [INFO] [1785295116.238965079] [laser_scan_matching_node]: note rejection: 55/541 returns unexplained, 2 clusters -> 1 accepted, 4 points dropped (last extent=0.0914m; gate <=0.350m, min 4 points)
[evaluator_node-6] [INFO] [1785295121.222130708] [unity_evaluator_node]: t=25.0s  直近5秒: pos_err mean=7.78mm max=12.15mm  samples=25516  detected_balls=0
[laser_scan_matching_node-4] [INFO] [1785295121.262056845] [laser_scan_matching_node]: note rejection: 35/541 returns unexplained, 0 clusters -> 0 accepted, 0 points dropped (last extent=-1.0000m; gate <=0.350m, min 4 points)
[evaluator_node-6] [INFO] [1785295126.224363036] [unity_evaluator_node]: t=30.0s  直近5秒: pos_err mean=6.91mm max=10.93mm  samples=30426  detected_balls=0
[laser_scan_matching_node-4] [INFO] [1785295126.264084209] [laser_scan_matching_node]: note rejection: 46/541 returns unexplained, 3 clusters -> 2 accepted, 9 points dropped (last extent=0.0643m; gate <=0.350m, min 4 points)
[evaluator_node-6] [INFO] [1785295131.223866882] [unity_evaluator_node]: t=35.0s  直近5秒: pos_err mean=4.76mm max=10.24mm  samples=35397  detected_balls=0
[laser_scan_matching_node-4] [INFO] [1785295131.290362873] [laser_scan_matching_node]: note rejection: 41/541 returns unexplained, 2 clusters -> 1 accepted, 4 points dropped (last extent=0.0565m; gate <=0.350m, min 4 points)
[evaluator_node-6] [INFO] [1785295136.224728852] [unity_evaluator_node]: t=40.0s  直近5秒: pos_err mean=7.78mm max=13.10mm  samples=40435  detected_balls=0
[laser_scan_matching_node-4] [INFO] [1785295136.315501994] [laser_scan_matching_node]: note rejection: 26/541 returns unexplained, 0 clusters -> 0 accepted, 0 points dropped (last extent=-1.0000m; gate <=0.350m, min 4 points)
[evaluator_node-6] [INFO] [1785295141.228644333] [unity_evaluator_node]: t=45.0s  直近5秒: pos_err mean=6.53mm max=10.87mm  samples=45435  detected_balls=0
[laser_scan_matching_node-4] [INFO] [1785295141.337723412] [laser_scan_matching_node]: note rejection: 46/541 returns unexplained, 3 clusters -> 3 accepted, 13 points dropped (last extent=0.1249m; gate <=0.350m, min 4 points)
[evaluator_node-6] [INFO] [1785295146.228584757] [unity_evaluator_node]: t=50.0s  直近5秒: pos_err mean=5.03mm max=10.69mm  samples=50482  detected_balls=0
[laser_scan_matching_node-4] [INFO] [1785295146.364071299] [laser_scan_matching_node]: note rejection: 42/541 returns unexplained, 1 clusters -> 0 accepted, 0 points dropped (last extent=0.6518m; gate <=0.350m, min 4 points)
[evaluator_node-6] [INFO] [1785295151.225674958] [unity_evaluator_node]: t=55.0s  直近5秒: pos_err mean=8.15mm max=11.66mm  samples=55653  detected_balls=0
[laser_scan_matching_node-4] [INFO] [1785295151.391126005] [laser_scan_matching_node]: note rejection: 19/541 returns unexplained, 0 clusters -> 0 accepted, 0 points dropped (last extent=-1.0000m; gate <=0.350m, min 4 points)
[evaluator_node-6] [INFO] [1785295156.227476256] [unity_evaluator_node]: t=60.0s  直近5秒: pos_err mean=6.50mm max=10.59mm  samples=60528  detected_balls=0
[evaluator_node-6] [INFO] [1785295156.228554159] [unity_evaluator_node]: === 評価終了、集計します ===
[laser_scan_matching_node-4] [INFO] [1785295156.412784667] [laser_scan_matching_node]: note rejection: 39/541 returns unexplained, 3 clusters -> 3 accepted, 14 points dropped (last extent=0.0697m; gate <=0.350m, min 4 points)
[evaluator_node-6] [INFO] [1785295156.589179013] [unity_evaluator_node]: 
[evaluator_node-6] ============================================================
[evaluator_node-6] main.md 6-A-1 シミュレーション評価レポート
[evaluator_node-6] ============================================================
[evaluator_node-6] 総サンプル数: 60528  (定常区間 t>=3.0s: 57499)
[evaluator_node-6] 真値未着のまま評価できなかったサンプル: 9
[evaluator_node-6] 
[evaluator_node-6] --- 全体（要件A: 定常RMSE<=10mm, 最大位置誤差<=10mm） ---
[evaluator_node-6]   位置誤差: mean=6.26mm  RMSE=6.94mm  max=13.10mm
[evaluator_node-6]   ヨー誤差: mean=0.168deg  RMSE=0.204deg  max=0.451deg
[evaluator_node-6]   判定: 定常誤差(RMSE<=10mm) PASS / 最大位置誤差(<=10mm) FAIL
[evaluator_node-6] 
[evaluator_node-6] --- 高G旋回スピンバースト中 ---
[evaluator_node-6]   位置誤差: mean=nanmm  RMSE=nanmm  max=nanmm
[evaluator_node-6] 
[evaluator_node-6] --- ボール横切り中 vs 非横切り中 ---
[evaluator_node-6]   横切り中   : mean=nanmm  RMSE=nanmm  max=nanmm
[evaluator_node-6]   非横切り中 : mean=6.26mm  RMSE=6.94mm  max=13.10mm
[evaluator_node-6]   判定: ボール横切りによる自己位置無影響 PASS
[evaluator_node-6]   (参考) 横切り中の検出ボール数(最新): 0
[evaluator_node-6] ============================================================
[evaluator_node-6] [INFO] [1785295156.590796451] [unity_evaluator_node]: レポートを保存しました: /tmp/sim_eval_report.txt
[evaluator_node-6] [INFO] [1785295158.755668767] [unity_evaluator_node]: グラフを保存しました: /tmp/sim_eval_plot.png
[INFO] [evaluator_node-6]: process has finished cleanly [pid 3920480]
[INFO] [ball_tracking_node-5]: sending signal 'SIGINT' to process[ball_tracking_node-5]
[INFO] [laser_scan_matching_node-4]: sending signal 'SIGINT' to process[laser_scan_matching_node-4]
[INFO] [backend_optimizer_node-3]: sending signal 'SIGINT' to process[backend_optimizer_node-3]
[INFO] [imu_preintegration_node-2]: sending signal 'SIGINT' to process[imu_preintegration_node-2]
[INFO] [default_server_endpoint-1]: sending signal 'SIGINT' to process[default_server_endpoint-1]
[ball_tracking_node-5] [INFO] [1785295159.322551696] [rclcpp]: signal_handler(signum=2)
[laser_scan_matching_node-4] [INFO] [1785295159.323631841] [rclcpp]: signal_handler(signum=2)
[backend_optimizer_node-3] [INFO] [1785295159.324607111] [rclcpp]: signal_handler(signum=2)
[backend_optimizer_node-3] [INFO] [1785295159.325540583] [backend_optimizer_node]: backend concurrency stats: imu_callbacks=62001, during_worker=4766 (7.7%), during_smoother=3609 (5.8%), callback_gap_max=146.453ms, gaps>2ms=3362, gaps>10ms=93; worker_jobs=2478 mean/max=2.166/24.164ms; smoother_updates=2477 mean/max=1.578/14.386ms
[imu_preintegration_node-2] [INFO] [1785295159.334440865] [rclcpp]: signal_handler(signum=2)
[INFO] [ball_tracking_node-5]: process has finished cleanly [pid 3920479]
[INFO] [laser_scan_matching_node-4]: process has finished cleanly [pid 3920478]
[INFO] [imu_preintegration_node-2]: process has finished cleanly [pid 3920476]
[INFO] [backend_optimizer_node-3]: process has finished cleanly [pid 3920477]
[INFO] [default_server_endpoint-1]: process has finished cleanly [pid 3920202]
