[INFO] [launch]: All log files can be found below /home/yukichi6105/.ros/log/2026-07-27-20-20-12-568160-fuku-pc-224608
[INFO] [launch]: Default logging verbosity is set to INFO
[INFO] [default_server_endpoint-1]: process started with pid [224635]
[default_server_endpoint-1] /opt/ros/lyrical/lib/python3.14/site-packages/rclpy/executors.py:1073: UserWarning: MultiThreadedExecutor is used with a single thread.
[default_server_endpoint-1] Use the SingleThreadedExecutor instead.
[default_server_endpoint-1]   warnings.warn(
[default_server_endpoint-1] [INFO] [1785151213.554992343] [unity_endpoint]: Starting server on 0.0.0.0:10000
[INFO] [imu_preintegration_node-2]: process started with pid [224768]
[INFO] [backend_optimizer_node-3]: process started with pid [224769]
[INFO] [laser_scan_matching_node-4]: process started with pid [224770]
[INFO] [ball_tracking_node-5]: process started with pid [224771]
[INFO] [evaluator_node-6]: process started with pid [224772]
[laser_scan_matching_node-4] [INFO] [1785151217.878779134] [laser_scan_matching_node]: laser_scan_matching_node started (0 cylinders, 9 internal walls, field 5.572x3.310m, initial seed=(-2.419, 1.354, 0.000))
[backend_optimizer_node-3] [INFO] [1785151217.882953754] [backend_optimizer_node]: graph (re)initialized at X0=(-2.419, 1.354, 0.000) V0=(0.000, 0.000)
[backend_optimizer_node-3] [INFO] [1785151217.884359078] [backend_optimizer_node]: backend_optimizer_node started (0 cylinders registered)
[imu_preintegration_node-2] [INFO] [1785151218.205384741] [imu_preintegration_node]: imu_preintegration_node started (waiting for first /state_estimate)
[ball_tracking_node-5] [INFO] [1785151218.210935070] [ball_tracking_node]: ball_tracking_node started
[evaluator_node-6] [INFO] [1785151218.448538279] [unity_evaluator_node]: evaluator_node started: will run for 60.0s starting from the first /ground_truth_pose
[default_server_endpoint-1] [INFO] [1785151505.465186832] [unity_endpoint]: Connection from 172.25.0.1
[default_server_endpoint-1] [ERROR] [1785151505.471932388] [unity_endpoint]: Exception: [Errno 104] Connection reset by peer
[default_server_endpoint-1] [INFO] [1785151505.472535954] [unity_endpoint]: Disconnected from 172.25.0.1
