[INFO] [1785290425.406172710] [unity_evaluator_node]: evaluator_node started: will run for 60.0s starting from the first /ground_truth_pose
[INFO] [1785290451.227037065] [unity_evaluator_node]: first ground truth received: measuring for 60.0s
[INFO] [1785290456.264319515] [unity_evaluator_node]: t=5.0s  直近5秒: pos_err mean=4.17mm max=12.18mm  samples=4168  detected_balls=0
[INFO] [1785290462.953723670] [unity_evaluator_node]: t=10.0s  直近5秒: pos_err mean=4.00mm max=5.40mm  samples=8991  detected_balls=0
[INFO] [1785290471.058864399] [unity_evaluator_node]: t=15.0s  直近5秒: pos_err mean=5.83mm max=9.22mm  samples=13348  detected_balls=0
[INFO] [1785290478.565607383] [unity_evaluator_node]: t=20.0s  直近5秒: pos_err mean=8.09mm max=11.95mm  samples=18287  detected_balls=0
[INFO] [1785290484.089229949] [unity_evaluator_node]: t=25.0s  直近5秒: pos_err mean=5.24mm max=11.72mm  samples=23486  detected_balls=0
[INFO] [1785290489.746665710] [unity_evaluator_node]: t=30.0s  直近5秒: pos_err mean=6.59mm max=12.10mm  samples=28531  detected_balls=0
[INFO] [1785290495.468626127] [unity_evaluator_node]: t=35.0s  直近5秒: pos_err mean=8.08mm max=11.42mm  samples=33609  detected_balls=0
[INFO] [1785290501.267019098] [unity_evaluator_node]: t=40.0s  直近5秒: pos_err mean=4.74mm max=9.68mm  samples=38788  detected_balls=0
[INFO] [1785290506.727515178] [unity_evaluator_node]: t=45.0s  直近5秒: pos_err mean=6.27mm max=11.94mm  samples=43972  detected_balls=0
[INFO] [1785290512.389666152] [unity_evaluator_node]: t=50.0s  直近5秒: pos_err mean=5.98mm max=8.29mm  samples=49128  detected_balls=0
[INFO] [1785290519.415597737] [unity_evaluator_node]: t=55.0s  直近5秒: pos_err mean=7.62mm max=12.53mm  samples=54165  detected_balls=0
[INFO] [1785290526.218257591] [unity_evaluator_node]: t=60.0s  直近5秒: pos_err mean=6.56mm max=12.53mm  samples=59047  detected_balls=0
[INFO] [1785290526.237953410] [unity_evaluator_node]: === 評価終了、集計します ===
[INFO] [1785290526.818061487] [unity_evaluator_node]: 
============================================================
main.md 6-A-1 シミュレーション評価レポート
============================================================
総サンプル数: 59057  (定常区間 t>=3.0s: 56743)
真値未着のまま評価できなかったサンプル: 0

--- 全体（要件A: 定常RMSE<=10mm, 最大位置誤差<=10mm） ---
  位置誤差: mean=6.20mm  RMSE=6.83mm  max=12.53mm
  ヨー誤差: mean=0.161deg  RMSE=0.197deg  max=0.435deg
  判定: 定常誤差(RMSE<=10mm) PASS / 最大位置誤差(<=10mm) FAIL

--- 高G旋回スピンバースト中 ---
  位置誤差: mean=nanmm  RMSE=nanmm  max=nanmm

--- ボール横切り中 vs 非横切り中 ---
  横切り中   : mean=nanmm  RMSE=nanmm  max=nanmm
  非横切り中 : mean=6.20mm  RMSE=6.83mm  max=12.53mm
  判定: ボール横切りによる自己位置無影響 PASS
  (参考) 横切り中の検出ボール数(最新): 0
============================================================
[INFO] [1785290526.820794556] [unity_evaluator_node]: レポートを保存しました: /tmp/sim_eval_report.txt
[INFO] [1785290531.095485220] [unity_evaluator_node]: グラフを保存しました: /tmp/sim_eval_plot.png
