[INFO] [1785466026.820449916] [laser_scan_matching_node]: laser_scan_matching_node started (0 cylinders, 9 internal walls, field 5.572x3.310m, initial seed=(1.000, -1.000, 1.570))
[INFO] [1785466032.931302475] [laser_scan_matching_node]: note rejection: 537/541 returns unexplained, 3 clusters -> 0 accepted, 0 points dropped (last extent=1.4531m; extent gate <=0.350m, adjacent gap <=0.100m, min 4 points)
[WARN] [1785466034.301270857] [laser_scan_matching_node]: IMU coverage wait exceeded 0.050s, processing scan with extrapolated tail
[ERROR] [1785466036.367847862] [laser_scan_matching_node]: PARTICLE RELOCALIZATION ACTIVATED: scattering 1000 particles across the field. This means self-localization already failed upstream -- treat every activation as a bug to root-cause, not as a working recovery path.
[ERROR] [1785466036.712238474] [laser_scan_matching_node]: PARTICLE RELOCALIZATION CONVERGED: (1.533, 0.215, 173.9deg). Resuming normal tracking -- this recovery working does not excuse root-causing why localization was lost.
[INFO] [1785466037.936915764] [laser_scan_matching_node]: note rejection: 537/541 returns unexplained, 3 clusters -> 0 accepted, 0 points dropped (last extent=1.4625m; extent gate <=0.350m, adjacent gap <=0.100m, min 4 points)
[ERROR] [1785466039.535797786] [laser_scan_matching_node]: PARTICLE RELOCALIZATION ACTIVATED: scattering 1000 particles across the field. This means self-localization already failed upstream -- treat every activation as a bug to root-cause, not as a working recovery path.
[INFO] [1785466042.941748418] [laser_scan_matching_node]: note rejection: 537/541 returns unexplained, 3 clusters -> 0 accepted, 0 points dropped (last extent=1.4605m; extent gate <=0.350m, adjacent gap <=0.100m, min 4 points)
[ERROR] [1785466045.322211623] [laser_scan_matching_node]: PARTICLE RELOCALIZATION CONVERGED: (-2.303, -0.502, -13.8deg). Resuming normal tracking -- this recovery working does not excuse root-causing why localization was lost.
[WARN] [1785466045.520661983] [laser_scan_matching_node]: wall match rejected by quality check: mean_residual=0.093m (<=0.090) inlier_ratio=0.60 (>=0.40)
[WARN] [1785466047.588379152] [laser_scan_matching_node]: wall match rejected by quality check: mean_residual=0.092m (<=0.090) inlier_ratio=0.52 (>=0.40)
[INFO] [1785466047.963981160] [laser_scan_matching_node]: note rejection: 524/541 returns unexplained, 8 clusters -> 3 accepted, 28 points dropped (last extent=0.1457m; extent gate <=0.350m, adjacent gap <=0.100m, min 4 points)
[WARN] [1785466051.057383887] [laser_scan_matching_node]: wall match rejected by quality check: mean_residual=0.099m (<=0.090) inlier_ratio=0.41 (>=0.40)
[INFO] [1785466052.966800872] [laser_scan_matching_node]: note rejection: 517/541 returns unexplained, 7 clusters -> 3 accepted, 26 points dropped (last extent=0.0462m; extent gate <=0.350m, adjacent gap <=0.100m, min 4 points)
[WARN] [1785466054.689263724] [laser_scan_matching_node]: wall match rejected by quality check: mean_residual=0.098m (<=0.090) inlier_ratio=0.54 (>=0.40)
[WARN] [1785466056.944562038] [laser_scan_matching_node]: wall match rejected by quality check: mean_residual=0.091m (<=0.090) inlier_ratio=0.79 (>=0.40)
[INFO] [1785466057.982208126] [laser_scan_matching_node]: note rejection: 462/541 returns unexplained, 16 clusters -> 13 accepted, 202 points dropped (last extent=0.3429m; extent gate <=0.350m, adjacent gap <=0.100m, min 4 points)
[WARN] [1785466060.165283172] [laser_scan_matching_node]: wall match rejected by quality check: mean_residual=0.091m (<=0.090) inlier_ratio=0.65 (>=0.40)
[WARN] [1785466062.196932185] [laser_scan_matching_node]: wall match rejected by quality check: mean_residual=0.094m (<=0.090) inlier_ratio=0.62 (>=0.40)
[INFO] [1785466063.014769799] [laser_scan_matching_node]: note rejection: 525/541 returns unexplained, 8 clusters -> 3 accepted, 28 points dropped (last extent=0.1417m; extent gate <=0.350m, adjacent gap <=0.100m, min 4 points)
[WARN] [1785466066.138555188] [laser_scan_matching_node]: wall match rejected by quality check: mean_residual=0.102m (<=0.090) inlier_ratio=0.42 (>=0.40)
[INFO] [1785466068.026711695] [laser_scan_matching_node]: note rejection: 522/541 returns unexplained, 6 clusters -> 2 accepted, 36 points dropped (last extent=0.0519m; extent gate <=0.350m, adjacent gap <=0.100m, min 4 points)
[WARN] [1785466068.155220053] [laser_scan_matching_node]: wall match rejected by quality check: mean_residual=0.097m (<=0.090) inlier_ratio=0.46 (>=0.40)
[WARN] [1785466070.292132181] [laser_scan_matching_node]: wall match rejected by quality check: mean_residual=0.099m (<=0.090) inlier_ratio=0.37 (>=0.40)
[WARN] [1785466072.605956551] [laser_scan_matching_node]: wall match rejected by quality check: mean_residual=0.098m (<=0.090) inlier_ratio=0.43 (>=0.40)
[INFO] [1785466073.045465030] [laser_scan_matching_node]: note rejection: 427/541 returns unexplained, 13 clusters -> 10 accepted, 142 points dropped (last extent=1.4417m; extent gate <=0.350m, adjacent gap <=0.100m, min 4 points)
[WARN] [1785466074.788758142] [laser_scan_matching_node]: wall match rejected by quality check: mean_residual=0.088m (<=0.090) inlier_ratio=0.29 (>=0.40)
[ERROR] [1785466075.264229949] [laser_scan_matching_node]: PARTICLE RELOCALIZATION ACTIVATED: scattering 1000 particles across the field. This means self-localization already failed upstream -- treat every activation as a bug to root-cause, not as a working recovery path.
[ERROR] [1785466075.319404364] [laser_scan_matching_node]: PARTICLE RELOCALIZATION CONVERGED: (-2.391, 1.220, 157.4deg). Resuming normal tracking -- this recovery working does not excuse root-causing why localization was lost.
[WARN] [1785466077.147475945] [laser_scan_matching_node]: wall match rejected by quality check: mean_residual=0.090m (<=0.090) inlier_ratio=0.73 (>=0.40)
[INFO] [1785466078.059671250] [laser_scan_matching_node]: note rejection: 441/541 returns unexplained, 15 clusters -> 11 accepted, 151 points dropped (last extent=0.1635m; extent gate <=0.350m, adjacent gap <=0.100m, min 4 points)
[WARN] [1785466080.422275571] [laser_scan_matching_node]: wall match rejected by quality check: mean_residual=0.100m (<=0.090) inlier_ratio=0.52 (>=0.40)
[INFO] [1785466083.081956766] [laser_scan_matching_node]: note rejection: 526/541 returns unexplained, 8 clusters -> 2 accepted, 40 points dropped (last extent=0.0476m; extent gate <=0.350m, adjacent gap <=0.100m, min 4 points)
[WARN] [1785466083.254839584] [laser_scan_matching_node]: wall match rejected by quality check: mean_residual=0.090m (<=0.090) inlier_ratio=0.59 (>=0.40)
[WARN] [1785466085.257968217] [laser_scan_matching_node]: wall match rejected by quality check: mean_residual=0.106m (<=0.090) inlier_ratio=0.52 (>=0.40)
[WARN] [1785466087.973123964] [laser_scan_matching_node]: wall match rejected by quality check: mean_residual=0.098m (<=0.090) inlier_ratio=0.45 (>=0.40)
[INFO] [1785466088.111403253] [laser_scan_matching_node]: note rejection: 514/541 returns unexplained, 14 clusters -> 8 accepted, 70 points dropped (last extent=0.0599m; extent gate <=0.350m, adjacent gap <=0.100m, min 4 points)
[WARN] [1785466089.975887704] [laser_scan_matching_node]: wall match rejected by quality check: mean_residual=0.093m (<=0.090) inlier_ratio=0.51 (>=0.40)
[WARN] [1785466092.441022948] [laser_scan_matching_node]: wall match rejected by quality check: mean_residual=0.091m (<=0.090) inlier_ratio=0.73 (>=0.40)
[INFO] [1785466093.127731540] [laser_scan_matching_node]: note rejection: 491/541 returns unexplained, 8 clusters -> 4 accepted, 50 points dropped (last extent=1.9730m; extent gate <=0.350m, adjacent gap <=0.100m, min 4 points)
[ERROR] [1785466093.406604729] [laser_scan_matching_node]: PARTICLE RELOCALIZATION ACTIVATED: scattering 1000 particles across the field. This means self-localization already failed upstream -- treat every activation as a bug to root-cause, not as a working recovery path.
[INFO] [1785466115.055845465] [rclcpp]: signal_handler(signum=2)
