[INFO] [launch]: All log files can be found below /home/yukichi6105/ros2_ws/src/lio_localization_sim/docs/stage4_runs/backend_worker_20260729_r1/ros2_logs/2026-07-29-03-14-03-566672-fuku-pc-2525788
[INFO] [launch]: Default logging verbosity is set to INFO
[INFO] [default_server_endpoint-1]: process started with pid [2525816]
[default_server_endpoint-1] /opt/ros/lyrical/lib/python3.14/site-packages/rclpy/executors.py:1073: UserWarning: MultiThreadedExecutor is used with a single thread.
[default_server_endpoint-1] Use the SingleThreadedExecutor instead.
[default_server_endpoint-1]   warnings.warn(
[default_server_endpoint-1] [INFO] [1785262444.419171896] [unity_endpoint]: Starting server on 0.0.0.0:10000
[default_server_endpoint-1] [INFO] [1785262444.596866945] [unity_endpoint]: Connection from 127.0.0.1
[default_server_endpoint-1] [ERROR] [1785262444.598135158] [unity_endpoint]: Exception: No more data available
[default_server_endpoint-1] [INFO] [1785262444.598708181] [unity_endpoint]: Disconnected from 127.0.0.1
[default_server_endpoint-1] [INFO] [1785262444.702132164] [unity_endpoint]: Connection from 127.0.0.1
[default_server_endpoint-1] [ERROR] [1785262444.703187744] [unity_endpoint]: Exception: No more data available
[default_server_endpoint-1] [INFO] [1785262444.703533100] [unity_endpoint]: Disconnected from 127.0.0.1
[INFO] [imu_preintegration_node-2]: process started with pid [2526233]
[INFO] [backend_optimizer_node-3]: process started with pid [2526234]
[INFO] [laser_scan_matching_node-4]: process started with pid [2526235]
[INFO] [ball_tracking_node-5]: process started with pid [2526236]
[INFO] [evaluator_node-6]: process started with pid [2526237]
[ball_tracking_node-5] [INFO] [1785262448.929597845] [ball_tracking_node]: ball_tracking_node started
[backend_optimizer_node-3] [INFO] [1785262449.313198894] [backend_optimizer_node]: graph (re)initialized at X0=(-2.419, 1.354, 0.000) V0=(0.000, 0.000)
[backend_optimizer_node-3] [INFO] [1785262449.313531168] [backend_optimizer_node]: backend_optimizer_node started (0 cylinders registered)
[laser_scan_matching_node-4] [INFO] [1785262449.317172985] [laser_scan_matching_node]: laser_scan_matching_node started (0 cylinders, 9 internal walls, field 5.572x3.310m, initial seed=(-2.419, 1.354, 0.000))
[imu_preintegration_node-2] [INFO] [1785262449.317566289] [imu_preintegration_node]: imu_preintegration_node started (waiting for first /state_estimate)
[evaluator_node-6] [INFO] [1785262449.536093917] [unity_evaluator_node]: evaluator_node started: will run for 60.0s starting from the first /ground_truth_pose
[default_server_endpoint-1] [INFO] [1785262480.772592698] [unity_endpoint]: Connection from 127.0.0.1
[default_server_endpoint-1] [WARN] [1785262480.833962697] [rcl.logging_rosout]: Publisher already registered for node name: 'unity_endpoint'. If this is due to multiple nodes with the same name then all logs for the logger named 'unity_endpoint' will go out over the existing publisher. As soon as any node with that name is destructed it will unregister the publisher, preventing any further logs for that name from being published on the rosout topic.
[default_server_endpoint-1] [INFO] [1785262481.147576288] [unity_endpoint]: RegisterSubscriber(/odom_fast, <class 'nav_msgs.msg._odometry.Odometry'>) OK
[default_server_endpoint-1] [WARN] [1785262481.171287857] [rcl.logging_rosout]: Publisher already registered for node name: 'unity_endpoint'. If this is due to multiple nodes with the same name then all logs for the logger named 'unity_endpoint' will go out over the existing publisher. As soon as any node with that name is destructed it will unregister the publisher, preventing any further logs for that name from being published on the rosout topic.
[default_server_endpoint-1] [INFO] [1785262481.270902493] [unity_endpoint]: RegisterSubscriber(/tf, <class 'tf2_msgs.msg._tf_message.TFMessage'>) OK
[default_server_endpoint-1] [WARN] [1785262481.271641503] [rcl.logging_rosout]: Publisher already registered for node name: 'unity_endpoint'. If this is due to multiple nodes with the same name then all logs for the logger named 'unity_endpoint' will go out over the existing publisher. As soon as any node with that name is destructed it will unregister the publisher, preventing any further logs for that name from being published on the rosout topic.
[default_server_endpoint-1] [INFO] [1785262481.315433868] [unity_endpoint]: RegisterPublisher(/clock, <class 'rosgraph_msgs.msg._clock.Clock'>) OK
[default_server_endpoint-1] [WARN] [1785262481.582943844] [rcl.logging_rosout]: Publisher already registered for node name: 'unity_endpoint'. If this is due to multiple nodes with the same name then all logs for the logger named 'unity_endpoint' will go out over the existing publisher. As soon as any node with that name is destructed it will unregister the publisher, preventing any further logs for that name from being published on the rosout topic.
[default_server_endpoint-1] [INFO] [1785262481.618645942] [unity_endpoint]: RegisterPublisher(/scan, <class 'sensor_msgs.msg._laser_scan.LaserScan'>) OK
[default_server_endpoint-1] [WARN] [1785262481.619255976] [rcl.logging_rosout]: Publisher already registered for node name: 'unity_endpoint'. If this is due to multiple nodes with the same name then all logs for the logger named 'unity_endpoint' will go out over the existing publisher. As soon as any node with that name is destructed it will unregister the publisher, preventing any further logs for that name from being published on the rosout topic.
[default_server_endpoint-1] [INFO] [1785262481.649785865] [unity_endpoint]: RegisterPublisher(/ground_truth_pose, <class 'nav_msgs.msg._odometry.Odometry'>) OK
[default_server_endpoint-1] [WARN] [1785262481.655698323] [rcl.logging_rosout]: Publisher already registered for node name: 'unity_endpoint'. If this is due to multiple nodes with the same name then all logs for the logger named 'unity_endpoint' will go out over the existing publisher. As soon as any node with that name is destructed it will unregister the publisher, preventing any further logs for that name from being published on the rosout topic.
[default_server_endpoint-1] [INFO] [1785262481.692230081] [unity_endpoint]: RegisterPublisher(/imu/data, <class 'sensor_msgs.msg._imu.Imu'>) OK
[evaluator_node-6] [INFO] [1785262481.696644784] [unity_evaluator_node]: first ground truth received: measuring for 60.0s
[default_server_endpoint-1] [WARN] [1785262481.696761520] [rcl.logging_rosout]: Publisher already registered for node name: 'unity_endpoint'. If this is due to multiple nodes with the same name then all logs for the logger named 'unity_endpoint' will go out over the existing publisher. As soon as any node with that name is destructed it will unregister the publisher, preventing any further logs for that name from being published on the rosout topic.
[default_server_endpoint-1] [INFO] [1785262481.815411040] [unity_endpoint]: RegisterPublisher(/clock, <class 'rosgraph_msgs.msg._clock.Clock'>) OK
[default_server_endpoint-1] [INFO] [1785262481.881989286] [unity_endpoint]: RegisterPublisher(/scan, <class 'sensor_msgs.msg._laser_scan.LaserScan'>) OK
[default_server_endpoint-1] [INFO] [1785262481.946821669] [unity_endpoint]: RegisterPublisher(/ground_truth_pose, <class 'nav_msgs.msg._odometry.Odometry'>) OK
[default_server_endpoint-1] [INFO] [1785262482.034456178] [unity_endpoint]: RegisterPublisher(/imu/data, <class 'sensor_msgs.msg._imu.Imu'>) OK
[backend_optimizer_node-3] [WARN] [1785262482.132734152] [backend_optimizer_node]: slow smoother update: 31.4ms (index 1)
[backend_optimizer_node-3] [WARN] [1785262482.189363893] [backend_optimizer_node]: slow smoother update: 37.9ms (index 2)
[laser_scan_matching_node-4] [WARN] [1785262482.526420526] [laser_scan_matching_node]: IMU coverage wait exceeded 0.050s, processing scan with extrapolated tail
[laser_scan_matching_node-4] [WARN] [1785262483.967259674] [laser_scan_matching_node]: IMU coverage wait exceeded 0.050s, processing scan with extrapolated tail
[laser_scan_matching_node-4] [WARN] [1785262485.591759790] [laser_scan_matching_node]: IMU coverage wait exceeded 0.050s, processing scan with extrapolated tail
[laser_scan_matching_node-4] [INFO] [1785262486.178891063] [laser_scan_matching_node]: note rejection: 32/541 returns unexplained, 0 clusters -> 0 accepted, 0 points dropped (last extent=-1.0000m; gate <=0.350m, min 4 points)
[evaluator_node-6] [INFO] [1785262486.232303869] [unity_evaluator_node]: t=4.9s  直近5秒: pos_err mean=4.05mm max=10.88mm  samples=1893  detected_balls=0
[laser_scan_matching_node-4] [WARN] [1785262486.666672134] [laser_scan_matching_node]: IMU coverage wait exceeded 0.050s, processing scan with extrapolated tail
[backend_optimizer_node-3] [WARN] [1785262487.183017689] [backend_optimizer_node]: slow smoother update: 27.0ms (index 125)
[laser_scan_matching_node-4] [WARN] [1785262487.932962745] [laser_scan_matching_node]: IMU coverage wait exceeded 0.050s, processing scan with extrapolated tail
[backend_optimizer_node-3] [WARN] [1785262490.822052411] [backend_optimizer_node]: slow smoother update: 22.4ms (index 154)
[backend_optimizer_node-3] [WARN] [1785262490.887765544] [backend_optimizer_node]: slow smoother update: 31.3ms (index 156)
[laser_scan_matching_node-4] [WARN] [1785262492.618784104] [laser_scan_matching_node]: IMU coverage wait exceeded 0.050s, processing scan with extrapolated tail
[laser_scan_matching_node-4] [INFO] [1785262494.032702375] [laser_scan_matching_node]: note rejection: 29/541 returns unexplained, 0 clusters -> 0 accepted, 0 points dropped (last extent=-1.0000m; gate <=0.350m, min 4 points)
[evaluator_node-6] [INFO] [1785262494.045401956] [unity_evaluator_node]: t=10.0s  直近5秒: pos_err mean=3.97mm max=6.17mm  samples=5048  detected_balls=0
[laser_scan_matching_node-4] [WARN] [1785262494.807761887] [laser_scan_matching_node]: IMU coverage wait exceeded 0.050s, processing scan with extrapolated tail
[laser_scan_matching_node-4] [WARN] [1785262496.697661412] [laser_scan_matching_node]: IMU coverage wait exceeded 0.050s, processing scan with extrapolated tail
[backend_optimizer_node-3] [WARN] [1785262497.809658951] [backend_optimizer_node]: slow smoother update: 22.0ms (index 344)
[evaluator_node-6] [INFO] [1785262499.193745919] [unity_evaluator_node]: t=15.0s  直近5秒: pos_err mean=6.69mm max=23.24mm  samples=8044  detected_balls=0
[laser_scan_matching_node-4] [INFO] [1785262499.203208352] [laser_scan_matching_node]: note rejection: 69/541 returns unexplained, 3 clusters -> 3 accepted, 50 points dropped (last extent=0.1167m; gate <=0.350m, min 4 points)
[laser_scan_matching_node-4] [WARN] [1785262500.296689734] [laser_scan_matching_node]: IMU coverage wait exceeded 0.050s, processing scan with extrapolated tail
[laser_scan_matching_node-4] [WARN] [1785262503.685761033] [laser_scan_matching_node]: IMU coverage wait exceeded 0.050s, processing scan with extrapolated tail
[backend_optimizer_node-3] [WARN] [1785262503.720549621] [backend_optimizer_node]: wall correction downweighted by DCS: d_xy=0.284m (> 0.059m, dt=0.075s, scale=4.83x) — reduced confidence, not rejected
[laser_scan_matching_node-4] [INFO] [1785262504.406763527] [laser_scan_matching_node]: note rejection: 20/541 returns unexplained, 0 clusters -> 0 accepted, 0 points dropped (last extent=-1.0000m; gate <=0.350m, min 4 points)
[evaluator_node-6] [INFO] [1785262504.410635246] [unity_evaluator_node]: t=20.0s  直近5秒: pos_err mean=8.20mm max=13.42mm  samples=11298  detected_balls=0
[laser_scan_matching_node-4] [WARN] [1785262504.953009409] [laser_scan_matching_node]: IMU coverage wait exceeded 0.050s, processing scan with extrapolated tail
[backend_optimizer_node-3] [WARN] [1785262506.953223677] [backend_optimizer_node]: slow smoother update: 21.2ms (index 596)
[laser_scan_matching_node-4] [WARN] [1785262507.227815043] [laser_scan_matching_node]: IMU coverage wait exceeded 0.050s, processing scan with extrapolated tail
[laser_scan_matching_node-4] [WARN] [1785262509.074452041] [laser_scan_matching_node]: IMU coverage wait exceeded 0.050s, processing scan with extrapolated tail
[evaluator_node-6] [INFO] [1785262509.639902644] [unity_evaluator_node]: t=25.0s  直近5秒: pos_err mean=2.51mm max=7.61mm  samples=14726  detected_balls=0
[laser_scan_matching_node-4] [INFO] [1785262509.661206959] [laser_scan_matching_node]: note rejection: 44/541 returns unexplained, 2 clusters -> 1 accepted, 4 points dropped (last extent=0.1096m; gate <=0.350m, min 4 points)
[laser_scan_matching_node-4] [WARN] [1785262512.026493396] [laser_scan_matching_node]: IMU coverage wait exceeded 0.050s, processing scan with extrapolated tail
[laser_scan_matching_node-4] [WARN] [1785262514.803580279] [laser_scan_matching_node]: IMU coverage wait exceeded 0.050s, processing scan with extrapolated tail
[evaluator_node-6] [INFO] [1785262514.940236745] [unity_evaluator_node]: t=30.0s  直近5秒: pos_err mean=8.25mm max=11.89mm  samples=18245  detected_balls=0
[laser_scan_matching_node-4] [INFO] [1785262514.993295425] [laser_scan_matching_node]: note rejection: 33/541 returns unexplained, 0 clusters -> 0 accepted, 0 points dropped (last extent=-1.0000m; gate <=0.350m, min 4 points)
[laser_scan_matching_node-4] [WARN] [1785262516.008213238] [laser_scan_matching_node]: IMU coverage wait exceeded 0.050s, processing scan with extrapolated tail
[backend_optimizer_node-3] [WARN] [1785262516.858579216] [backend_optimizer_node]: slow smoother update: 28.9ms (index 884)
[evaluator_node-6] [INFO] [1785262520.154096676] [unity_evaluator_node]: t=35.0s  直近5秒: pos_err mean=3.96mm max=6.25mm  samples=21295  detected_balls=0
[laser_scan_matching_node-4] [INFO] [1785262520.180680761] [laser_scan_matching_node]: note rejection: 24/541 returns unexplained, 0 clusters -> 0 accepted, 0 points dropped (last extent=-1.0000m; gate <=0.350m, min 4 points)
[laser_scan_matching_node-4] [WARN] [1785262521.195459186] [laser_scan_matching_node]: IMU coverage wait exceeded 0.050s, processing scan with extrapolated tail
[laser_scan_matching_node-4] [WARN] [1785262522.485953800] [laser_scan_matching_node]: IMU coverage wait exceeded 0.050s, processing scan with extrapolated tail
[laser_scan_matching_node-4] [WARN] [1785262523.556808314] [laser_scan_matching_node]: IMU coverage wait exceeded 0.050s, processing scan with extrapolated tail
[evaluator_node-6] [INFO] [1785262525.149200095] [unity_evaluator_node]: t=39.9s  直近5秒: pos_err mean=3.95mm max=5.34mm  samples=24292  detected_balls=0
[laser_scan_matching_node-4] [INFO] [1785262525.289281924] [laser_scan_matching_node]: note rejection: 27/541 returns unexplained, 0 clusters -> 0 accepted, 0 points dropped (last extent=-1.0000m; gate <=0.350m, min 4 points)
[laser_scan_matching_node-4] [WARN] [1785262525.461960301] [laser_scan_matching_node]: IMU coverage wait exceeded 0.050s, processing scan with extrapolated tail
[laser_scan_matching_node-4] [WARN] [1785262527.437836651] [laser_scan_matching_node]: IMU coverage wait exceeded 0.050s, processing scan with extrapolated tail
[laser_scan_matching_node-4] [WARN] [1785262529.382202442] [laser_scan_matching_node]: IMU coverage wait exceeded 0.050s, processing scan with extrapolated tail
[evaluator_node-6] [INFO] [1785262530.368994857] [unity_evaluator_node]: t=44.9s  直近5秒: pos_err mean=4.18mm max=20.58mm  samples=27320  detected_balls=0
[laser_scan_matching_node-4] [INFO] [1785262530.523470021] [laser_scan_matching_node]: note rejection: 81/541 returns unexplained, 2 clusters -> 1 accepted, 22 points dropped (last extent=0.1416m; gate <=0.350m, min 4 points)
[backend_optimizer_node-3] [WARN] [1785262531.582498732] [backend_optimizer_node]: slow smoother update: 21.1ms (index 1263)
[laser_scan_matching_node-4] [WARN] [1785262533.657545375] [laser_scan_matching_node]: IMU coverage wait exceeded 0.050s, processing scan with extrapolated tail
[laser_scan_matching_node-4] [WARN] [1785262535.615039503] [laser_scan_matching_node]: IMU coverage wait exceeded 0.050s, processing scan with extrapolated tail
[evaluator_node-6] [INFO] [1785262535.845859340] [unity_evaluator_node]: t=49.9s  直近5秒: pos_err mean=7.28mm max=22.92mm  samples=30091  detected_balls=0
[laser_scan_matching_node-4] [INFO] [1785262536.046476088] [laser_scan_matching_node]: note rejection: 15/541 returns unexplained, 0 clusters -> 0 accepted, 0 points dropped (last extent=-1.0000m; gate <=0.350m, min 4 points)
[laser_scan_matching_node-4] [WARN] [1785262536.920853601] [laser_scan_matching_node]: IMU coverage wait exceeded 0.050s, processing scan with extrapolated tail
[laser_scan_matching_node-4] [WARN] [1785262538.903540055] [laser_scan_matching_node]: IMU coverage wait exceeded 0.050s, processing scan with extrapolated tail
[backend_optimizer_node-3] [WARN] [1785262539.122181438] [backend_optimizer_node]: slow smoother update: 22.4ms (index 1452)
[backend_optimizer_node-3] [WARN] [1785262540.185238604] [backend_optimizer_node]: slow smoother update: 20.5ms (index 1481)
[laser_scan_matching_node-4] [WARN] [1785262540.475790912] [laser_scan_matching_node]: IMU coverage wait exceeded 0.050s, processing scan with extrapolated tail
[backend_optimizer_node-3] [WARN] [1785262540.834271054] [backend_optimizer_node]: slow smoother update: 26.1ms (index 1500)
[evaluator_node-6] [INFO] [1785262541.015039519] [unity_evaluator_node]: t=55.0s  直近5秒: pos_err mean=5.20mm max=55.30mm  samples=33033  detected_balls=0
[laser_scan_matching_node-4] [INFO] [1785262541.284416408] [laser_scan_matching_node]: note rejection: 21/541 returns unexplained, 0 clusters -> 0 accepted, 0 points dropped (last extent=-1.0000m; gate <=0.350m, min 4 points)
[laser_scan_matching_node-4] [WARN] [1785262542.102204072] [laser_scan_matching_node]: IMU coverage wait exceeded 0.050s, processing scan with extrapolated tail
[backend_optimizer_node-3] [WARN] [1785262542.234104681] [backend_optimizer_node]: slow smoother update: 27.8ms (index 1535)
[laser_scan_matching_node-4] [WARN] [1785262544.642912220] [laser_scan_matching_node]: IMU coverage wait exceeded 0.050s, processing scan with extrapolated tail
[backend_optimizer_node-3] [WARN] [1785262545.050467785] [backend_optimizer_node]: slow smoother update: 35.9ms (index 1603)
[laser_scan_matching_node-4] [WARN] [1785262546.110352984] [laser_scan_matching_node]: IMU coverage wait exceeded 0.050s, processing scan with extrapolated tail
[evaluator_node-6] [INFO] [1785262546.174259960] [unity_evaluator_node]: t=60.0s  直近5秒: pos_err mean=8.95mm max=14.34mm  samples=36367  detected_balls=0
[evaluator_node-6] [INFO] [1785262546.180927346] [unity_evaluator_node]: === 評価終了、集計します ===
[evaluator_node-6] [INFO] [1785262546.439294724] [unity_evaluator_node]: 
[evaluator_node-6] ============================================================
[evaluator_node-6] main.md 6-A-1 シミュレーション評価レポート
[evaluator_node-6] ============================================================
[evaluator_node-6] 総サンプル数: 36370  (定常区間 t>=3.0s: 35432)
[evaluator_node-6] 真値未着のまま評価できなかったサンプル: 0
[evaluator_node-6] 
[evaluator_node-6] --- 全体（要件A: 定常RMSE<=10mm, 最大位置誤差<=10mm） ---
[evaluator_node-6]   位置誤差: mean=5.72mm  RMSE=6.54mm  max=55.30mm
[evaluator_node-6]   ヨー誤差: mean=0.151deg  RMSE=0.179deg  max=0.437deg
[evaluator_node-6]   判定: 定常誤差(RMSE<=10mm) PASS / 最大位置誤差(<=10mm) FAIL
[evaluator_node-6] 
[evaluator_node-6] --- 高G旋回スピンバースト中 ---
[evaluator_node-6]   位置誤差: mean=nanmm  RMSE=nanmm  max=nanmm
[evaluator_node-6] 
[evaluator_node-6] --- ボール横切り中 vs 非横切り中 ---
[evaluator_node-6]   横切り中   : mean=nanmm  RMSE=nanmm  max=nanmm
[evaluator_node-6]   非横切り中 : mean=5.72mm  RMSE=6.54mm  max=55.30mm
[evaluator_node-6]   判定: ボール横切りによる自己位置無影響 PASS
[evaluator_node-6]   (参考) 横切り中の検出ボール数(最新): 0
[evaluator_node-6] ============================================================
[evaluator_node-6] [INFO] [1785262546.440905907] [unity_evaluator_node]: レポートを保存しました: /tmp/sim_eval_report.txt
[laser_scan_matching_node-4] [INFO] [1785262546.592327225] [laser_scan_matching_node]: note rejection: 21/541 returns unexplained, 0 clusters -> 0 accepted, 0 points dropped (last extent=-1.0000m; gate <=0.350m, min 4 points)
[laser_scan_matching_node-4] [WARN] [1785262547.950872496] [laser_scan_matching_node]: IMU coverage wait exceeded 0.050s, processing scan with extrapolated tail
[backend_optimizer_node-3] [WARN] [1785262549.928992519] [backend_optimizer_node]: slow smoother update: 21.3ms (index 1737)
[laser_scan_matching_node-4] [WARN] [1785262550.321605642] [laser_scan_matching_node]: IMU coverage wait exceeded 0.050s, processing scan with extrapolated tail
[evaluator_node-6] [INFO] [1785262550.668177314] [unity_evaluator_node]: グラフを保存しました: /tmp/sim_eval_plot.png
[INFO] [evaluator_node-6]: process has finished cleanly [pid 2526237]
[INFO] [ball_tracking_node-5]: sending signal 'SIGINT' to process[ball_tracking_node-5]
[INFO] [laser_scan_matching_node-4]: sending signal 'SIGINT' to process[laser_scan_matching_node-4]
[INFO] [backend_optimizer_node-3]: sending signal 'SIGINT' to process[backend_optimizer_node-3]
[INFO] [imu_preintegration_node-2]: sending signal 'SIGINT' to process[imu_preintegration_node-2]
[INFO] [default_server_endpoint-1]: sending signal 'SIGINT' to process[default_server_endpoint-1]
[ball_tracking_node-5] [INFO] [1785262551.575481533] [rclcpp]: signal_handler(signum=2)
[backend_optimizer_node-3] [INFO] [1785262551.579967126] [rclcpp]: signal_handler(signum=2)
[laser_scan_matching_node-4] [INFO] [1785262551.584325932] [rclcpp]: signal_handler(signum=2)
[imu_preintegration_node-2] [INFO] [1785262551.588162165] [rclcpp]: signal_handler(signum=2)
[INFO] [ball_tracking_node-5]: process has finished cleanly [pid 2526236]
[default_server_endpoint-1] [INFO] [1785262551.864833008] [unity_endpoint]: Disconnected from 127.0.0.1
[default_server_endpoint-1] Exception in thread Thread-6:
[INFO] [backend_optimizer_node-3]: process has finished cleanly [pid 2526234]
[default_server_endpoint-1] Traceback (most recent call last):
[INFO] [imu_preintegration_node-2]: process has finished cleanly [pid 2526233]
[default_server_endpoint-1]   File "/usr/lib/python3.14/threading.py", line 1082, in _bootstrap_inner
[default_server_endpoint-1]     self._context.run(self.run)
[default_server_endpoint-1]     ~~~~~~~~~~~~~~~~~^^^^^^^^^^
[default_server_endpoint-1]   File "/home/yukichi6105/ros2_ws/build/ros_tcp_endpoint/ros_tcp_endpoint/client.py", line 216, in run
[default_server_endpoint-1]     ros_communicator.send(data)
[default_server_endpoint-1]     ~~~~~~~~~~~~~~~~~~~~~^^^^^^
[default_server_endpoint-1]   File "/home/yukichi6105/ros2_ws/build/ros_tcp_endpoint/ros_tcp_endpoint/publisher.py", line 57, in send
[default_server_endpoint-1]     self.pub.publish(data)
[default_server_endpoint-1]     ~~~~~~~~~~~~~~~~^^^^^^
[default_server_endpoint-1]   File "/opt/ros/lyrical/lib/python3.14/site-packages/rclpy/publisher.py", line 69, in publish
[default_server_endpoint-1]     self.__publisher.publish_raw(msg)
[default_server_endpoint-1]     ~~~~~~~~~~~~~~~~~~~~~~~~~~~~^^^^^
[default_server_endpoint-1] rclpy._rclpy_pybind11.RCLError: Failed to publish: publisher's context is invalid, at ./src/rcl/publisher.c:427
[INFO] [laser_scan_matching_node-4]: process has finished cleanly [pid 2526235]
[default_server_endpoint-1] [INFO] [1785262552.904043576] [unity_endpoint]: Connection from 127.0.0.1
[default_server_endpoint-1] [INFO] [1785262552.906572608] [unity_endpoint]: Disconnected from 127.0.0.1
[default_server_endpoint-1] Exception in thread Thread-8:
[default_server_endpoint-1] Traceback (most recent call last):
[default_server_endpoint-1]   File "/usr/lib/python3.14/threading.py", line 1082, in _bootstrap_inner
[default_server_endpoint-1]     self._context.run(self.run)
[default_server_endpoint-1]     ~~~~~~~~~~~~~~~~~^^^^^^^^^^
[default_server_endpoint-1]   File "/home/yukichi6105/ros2_ws/build/ros_tcp_endpoint/ros_tcp_endpoint/client.py", line 213, in run
[default_server_endpoint-1]     self.tcp_server.handle_syscommand(destination, data)
[default_server_endpoint-1]     ~~~~~~~~~~~~~~~~~~~~~~~~~~~~~~~~~^^^^^^^^^^^^^^^^^^^
[default_server_endpoint-1]   File "/home/yukichi6105/ros2_ws/build/ros_tcp_endpoint/ros_tcp_endpoint/server.py", line 127, in handle_syscommand
[default_server_endpoint-1]     function(**params)
[default_server_endpoint-1]     ~~~~~~~~^^^^^^^^^^
[default_server_endpoint-1]   File "/home/yukichi6105/ros2_ws/build/ros_tcp_endpoint/ros_tcp_endpoint/server.py", line 215, in subscribe
[default_server_endpoint-1]     new_subscriber = RosSubscriber(topic, message_class, self.tcp_server)
[default_server_endpoint-1]   File "/home/yukichi6105/ros2_ws/build/ros_tcp_endpoint/ros_tcp_endpoint/subscriber.py", line 40, in __init__
[default_server_endpoint-1]     RosReceiver.__init__(self, self.node_name)
[default_server_endpoint-1]     ~~~~~~~~~~~~~~~~~~~~^^^^^^^^^^^^^^^^^^^^^^
[default_server_endpoint-1]   File "/home/yukichi6105/ros2_ws/build/ros_tcp_endpoint/ros_tcp_endpoint/communication.py", line 38, in __init__
[default_server_endpoint-1]     super().__init__(node_name)
[default_server_endpoint-1]     ~~~~~~~~~~~~~~~~^^^^^^^^^^^
[default_server_endpoint-1]   File "/opt/ros/lyrical/lib/python3.14/site-packages/rclpy/node.py", line 2123, in __init__
[default_server_endpoint-1]     super().__init__(
[default_server_endpoint-1]     ~~~~~~~~~~~~~~~~^
[default_server_endpoint-1]         node_name=node_name,
[default_server_endpoint-1]         ^^^^^^^^^^^^^^^^^^^^
[default_server_endpoint-1]     ...<11 lines>...
[default_server_endpoint-1]         enable_logger_service=enable_logger_service,
[default_server_endpoint-1]         ^^^^^^^^^^^^^^^^^^^^^^^^^^^^^^^^^^^^^^^^^^^^
[default_server_endpoint-1]     )
[default_server_endpoint-1]     ^
[default_server_endpoint-1]   File "/opt/ros/lyrical/lib/python3.14/site-packages/rclpy/node.py", line 177, in __init__
[default_server_endpoint-1]     raise NotInitializedException('cannot create node')
[default_server_endpoint-1] rclpy.exceptions.NotInitializedException: rclpy.init() has not been called. msg:cannot create node
[INFO] [default_server_endpoint-1]: process has finished cleanly [pid 2525816]
