[INFO] [1785390262.034288950] [unity_evaluator_node]: C++ realtime evaluator started: measuring 60.0s from first ground truth
[INFO] [1785390331.257360239] [unity_evaluator_node]: first ground truth received; measurement window started
[INFO] [1785390336.082523062] [unity_evaluator_node]: t=5.0s  recent 5s: pos_err mean=0.36mm max=1.15mm samples=5111 balls=0
[INFO] [1785390341.185875561] [unity_evaluator_node]: t=10.0s  recent 5s: pos_err mean=0.51mm max=1.21mm samples=10301 balls=0
[INFO] [1785390346.373137829] [unity_evaluator_node]: t=15.0s  recent 5s: pos_err mean=0.52mm max=1.28mm samples=15502 balls=0
[INFO] [1785390351.527209925] [unity_evaluator_node]: t=20.0s  recent 5s: pos_err mean=0.59mm max=1.30mm samples=20671 balls=0
[INFO] [1785390356.662473590] [unity_evaluator_node]: t=25.0s  recent 5s: pos_err mean=0.53mm max=1.92mm samples=25806 balls=0
[INFO] [1785390361.772806802] [unity_evaluator_node]: t=30.0s  recent 5s: pos_err mean=0.55mm max=1.47mm samples=30997 balls=0
[INFO] [1785390366.914532572] [unity_evaluator_node]: t=35.0s  recent 5s: pos_err mean=0.68mm max=1.65mm samples=36195 balls=0
[INFO] [1785390372.033801138] [unity_evaluator_node]: t=40.0s  recent 5s: pos_err mean=0.54mm max=1.47mm samples=41373 balls=0
[INFO] [1785390377.480488485] [unity_evaluator_node]: t=45.0s  recent 5s: pos_err mean=0.52mm max=1.58mm samples=46601 balls=0
[INFO] [1785390383.269562125] [unity_evaluator_node]: t=50.0s  recent 5s: pos_err mean=0.72mm max=1.93mm samples=51780 balls=0
[INFO] [1785390388.630623058] [unity_evaluator_node]: t=55.0s  recent 5s: pos_err mean=0.70mm max=1.41mm samples=56971 balls=0
[INFO] [1785390393.847182141] [unity_evaluator_node]: t=60.0s  recent 5s: pos_err mean=0.53mm max=1.00mm samples=62171 balls=0
[INFO] [1785390393.848785685] [unity_evaluator_node]: 
============================================================
main.md 6-A-1 シミュレーション評価レポート (C++ realtime evaluator)
============================================================
総サンプル数: 62171  (定常区間 t>=3.0s: 59151)
真値未着のまま評価できなかったサンプル: 1

--- 全体（要件A: 定常RMSE<=10mm, 最大位置誤差<=10mm） ---
  位置誤差: mean=0.58mm  RMSE=0.66mm  max=1.93mm
  ヨー誤差: mean=0.026deg  RMSE=0.035deg  max=0.095deg
  判定: 定常誤差(RMSE<=10mm) PASS / 最大位置誤差(<=10mm) PASS

--- 高G旋回スピンバースト中 ---
  位置誤差: mean=nanmm  RMSE=nanmm  max=nanmm

--- ボール横切り中 vs 非横切り中 ---
  横切り中   : mean=nanmm  RMSE=nanmm  max=nanmm
  非横切り中 : mean=nanmm  RMSE=nanmm  max=nanmm
  判定: ボール横切りによる自己位置無影響 PASS
  (参考) 横切り中の検出ボール数(最新): 0
============================================================

[INFO] [1785390393.961326341] [unity_evaluator_node]: Saved report and raw error CSV in /tmp
