[INFO] [1785435446.855866359] [backend_optimizer_node]: graph (re)initialized at X0=(-2.419, 1.354, 0.000) V0=(0.000, 0.000)
[INFO] [1785435446.856636820] [backend_optimizer_node]: backend_optimizer_node started (0 cylinders registered)
[WARN] [1785435453.369013038] [backend_optimizer_node]: skipping scan: only 0.0000s of IMU integrated since last node (need >= 0.0050s)
[WARN] [1785435454.948256046] [backend_optimizer_node]: skipping scan: only 0.0000s of IMU integrated since last node (need >= 0.0050s)
[WARN] [1785435455.985175140] [backend_optimizer_node]: skipping scan: only 0.0000s of IMU integrated since last node (need >= 0.0050s)
[WARN] [1785435457.006557897] [backend_optimizer_node]: skipping scan: only 0.0000s of IMU integrated since last node (need >= 0.0050s)
[WARN] [1785435458.030107064] [backend_optimizer_node]: skipping scan: only 0.0000s of IMU integrated since last node (need >= 0.0050s)
[WARN] [1785435459.037624671] [backend_optimizer_node]: skipping scan: only 0.0000s of IMU integrated since last node (need >= 0.0050s)
[WARN] [1785435460.062763238] [backend_optimizer_node]: skipping scan: only 0.0000s of IMU integrated since last node (need >= 0.0050s)
[WARN] [1785435461.062617643] [backend_optimizer_node]: skipping scan: only 0.0000s of IMU integrated since last node (need >= 0.0050s)
[WARN] [1785435462.083518174] [backend_optimizer_node]: skipping scan: only 0.0000s of IMU integrated since last node (need >= 0.0050s)
[WARN] [1785435463.122347638] [backend_optimizer_node]: skipping scan: only 0.0000s of IMU integrated since last node (need >= 0.0050s)
[WARN] [1785435464.121858776] [backend_optimizer_node]: skipping scan: only 0.0000s of IMU integrated since last node (need >= 0.0050s)
[WARN] [1785435465.126331910] [backend_optimizer_node]: skipping scan: only 0.0000s of IMU integrated since last node (need >= 0.0050s)
[WARN] [1785435466.142721087] [backend_optimizer_node]: skipping scan: only 0.0000s of IMU integrated since last node (need >= 0.0050s)
[WARN] [1785435467.154064335] [backend_optimizer_node]: skipping scan: only 0.0000s of IMU integrated since last node (need >= 0.0050s)
[WARN] [1785435468.166751290] [backend_optimizer_node]: skipping scan: only 0.0000s of IMU integrated since last node (need >= 0.0050s)
[WARN] [1785435469.169376782] [backend_optimizer_node]: skipping scan: only 0.0000s of IMU integrated since last node (need >= 0.0050s)
[WARN] [1785435470.189514196] [backend_optimizer_node]: skipping scan: only 0.0000s of IMU integrated since last node (need >= 0.0050s)
[WARN] [1785435471.195163443] [backend_optimizer_node]: skipping scan: only 0.0000s of IMU integrated since last node (need >= 0.0050s)
[WARN] [1785435472.211406056] [backend_optimizer_node]: skipping scan: only 0.0000s of IMU integrated since last node (need >= 0.0050s)
[WARN] [1785435473.222437040] [backend_optimizer_node]: skipping scan: only 0.0000s of IMU integrated since last node (need >= 0.0050s)
[WARN] [1785435474.229015482] [backend_optimizer_node]: skipping scan: only 0.0000s of IMU integrated since last node (need >= 0.0050s)
[WARN] [1785435475.237735096] [backend_optimizer_node]: skipping scan: only 0.0000s of IMU integrated since last node (need >= 0.0050s)
[WARN] [1785435476.237911974] [backend_optimizer_node]: skipping scan: only 0.0000s of IMU integrated since last node (need >= 0.0050s)
[WARN] [1785435477.242681312] [backend_optimizer_node]: skipping scan: only 0.0000s of IMU integrated since last node (need >= 0.0050s)
[WARN] [1785435478.268424436] [backend_optimizer_node]: skipping scan: only 0.0000s of IMU integrated since last node (need >= 0.0050s)
[WARN] [1785435479.276645683] [backend_optimizer_node]: skipping scan: only 0.0000s of IMU integrated since last node (need >= 0.0050s)
[WARN] [1785435480.292161306] [backend_optimizer_node]: skipping scan: only 0.0000s of IMU integrated since last node (need >= 0.0050s)
[WARN] [1785435481.306993663] [backend_optimizer_node]: skipping scan: only 0.0000s of IMU integrated since last node (need >= 0.0050s)
[WARN] [1785435482.315254694] [backend_optimizer_node]: skipping scan: only 0.0000s of IMU integrated since last node (need >= 0.0050s)
[WARN] [1785435483.335925140] [backend_optimizer_node]: skipping scan: only 0.0000s of IMU integrated since last node (need >= 0.0050s)
[WARN] [1785435484.344321973] [backend_optimizer_node]: skipping scan: only 0.0000s of IMU integrated since last node (need >= 0.0050s)
[WARN] [1785435485.352664944] [backend_optimizer_node]: skipping scan: only 0.0000s of IMU integrated since last node (need >= 0.0050s)
[WARN] [1785435486.359354165] [backend_optimizer_node]: skipping scan: only 0.0000s of IMU integrated since last node (need >= 0.0050s)
[WARN] [1785435487.380515979] [backend_optimizer_node]: skipping scan: only 0.0000s of IMU integrated since last node (need >= 0.0050s)
[WARN] [1785435488.387246592] [backend_optimizer_node]: skipping scan: only 0.0000s of IMU integrated since last node (need >= 0.0050s)
[WARN] [1785435489.410032733] [backend_optimizer_node]: skipping scan: only 0.0000s of IMU integrated since last node (need >= 0.0050s)
[WARN] [1785435490.413975843] [backend_optimizer_node]: skipping scan: only 0.0000s of IMU integrated since last node (need >= 0.0050s)
[WARN] [1785435491.444866681] [backend_optimizer_node]: skipping scan: only 0.0000s of IMU integrated since last node (need >= 0.0050s)
[WARN] [1785435492.486197207] [backend_optimizer_node]: skipping scan: only 0.0000s of IMU integrated since last node (need >= 0.0050s)
[WARN] [1785435493.509964891] [backend_optimizer_node]: skipping scan: only 0.0000s of IMU integrated since last node (need >= 0.0050s)
[WARN] [1785435494.525974522] [backend_optimizer_node]: skipping scan: only 0.0000s of IMU integrated since last node (need >= 0.0050s)
[WARN] [1785435495.541100047] [backend_optimizer_node]: skipping scan: only 0.0000s of IMU integrated since last node (need >= 0.0050s)
[WARN] [1785435496.550664612] [backend_optimizer_node]: skipping scan: only 0.0000s of IMU integrated since last node (need >= 0.0050s)
[WARN] [1785435497.590833735] [backend_optimizer_node]: skipping scan: only 0.0000s of IMU integrated since last node (need >= 0.0050s)
[WARN] [1785435498.594449345] [backend_optimizer_node]: skipping scan: only 0.0000s of IMU integrated since last node (need >= 0.0050s)
[WARN] [1785435499.612121759] [backend_optimizer_node]: skipping scan: only 0.0000s of IMU integrated since last node (need >= 0.0050s)
[WARN] [1785435500.624659867] [backend_optimizer_node]: skipping scan: only 0.0000s of IMU integrated since last node (need >= 0.0050s)
[WARN] [1785435501.630136904] [backend_optimizer_node]: skipping scan: only 0.0000s of IMU integrated since last node (need >= 0.0050s)
[WARN] [1785435502.642862686] [backend_optimizer_node]: skipping scan: only 0.0000s of IMU integrated since last node (need >= 0.0050s)
[WARN] [1785435503.659684833] [backend_optimizer_node]: skipping scan: only 0.0000s of IMU integrated since last node (need >= 0.0050s)
[WARN] [1785435504.689350598] [backend_optimizer_node]: skipping scan: only 0.0000s of IMU integrated since last node (need >= 0.0050s)
[WARN] [1785435505.699561203] [backend_optimizer_node]: skipping scan: only 0.0000s of IMU integrated since last node (need >= 0.0050s)
[WARN] [1785435506.728887800] [backend_optimizer_node]: skipping scan: only 0.0000s of IMU integrated since last node (need >= 0.0050s)
[WARN] [1785435507.743278175] [backend_optimizer_node]: skipping scan: only 0.0000s of IMU integrated since last node (need >= 0.0050s)
[WARN] [1785435508.753902771] [backend_optimizer_node]: skipping scan: only 0.0000s of IMU integrated since last node (need >= 0.0050s)
[WARN] [1785435509.773890953] [backend_optimizer_node]: skipping scan: only 0.0000s of IMU integrated since last node (need >= 0.0050s)
[WARN] [1785435510.777031600] [backend_optimizer_node]: skipping scan: only 0.0000s of IMU integrated since last node (need >= 0.0050s)
[WARN] [1785435511.816150018] [backend_optimizer_node]: skipping scan: only 0.0000s of IMU integrated since last node (need >= 0.0050s)
[WARN] [1785435512.839962798] [backend_optimizer_node]: skipping scan: only 0.0000s of IMU integrated since last node (need >= 0.0050s)
[WARN] [1785435513.852568855] [backend_optimizer_node]: skipping scan: only 0.0000s of IMU integrated since last node (need >= 0.0050s)
[WARN] [1785435514.865970721] [backend_optimizer_node]: skipping scan: only 0.0000s of IMU integrated since last node (need >= 0.0050s)
[WARN] [1785435515.871227599] [backend_optimizer_node]: skipping scan: only 0.0000s of IMU integrated since last node (need >= 0.0050s)
[WARN] [1785435516.875274249] [backend_optimizer_node]: skipping scan: only 0.0000s of IMU integrated since last node (need >= 0.0050s)
[WARN] [1785435517.880800955] [backend_optimizer_node]: skipping scan: only 0.0000s of IMU integrated since last node (need >= 0.0050s)
[ERROR] [1785435520.206642411] [backend_optimizer_node]: IMU signal LOST (no IMU for 2.00s > 2.00s). Self-localization is the dead-reckoning backbone and cannot continue without it: entering FAIL-SAFE HALT (freezing estimate, no further graph updates).
[ros2run]: Received signal:  Interrupt
[INFO] [1785435533.450638337] [rclcpp]: signal_handler(signum=2)
[INFO] [1785435533.451641875] [backend_optimizer_node]: backend concurrency stats: imu_callbacks=60286, during_worker=2383 (4.0%), during_smoother=1662 (2.8%), callback_gap_max=1281.140ms, gaps>2ms=9432, gaps>10ms=906; stamp_gap_max=1.000ms, gaps>1ms=0; ring_enqueue_max=0.044ms, enqueues>2ms=0; callback_duration_max=3.838ms, durations>2ms=2; worker_jobs=4824 mean/max=0.523/29.926ms; smoother_updates=2411 mean/max=0.788/15.477ms; unity_audit reports=242 source_imu_last=60251 receiver_at_last_report=60240 final_receiver=60286
