[INFO] [launch]: All log files can be found below /home/yukichi6105/ros2_ws/src/lio_localization_sim/docs/stage4_runs/no_ponr_repeatlaps_20260728/ros2_logs/2026-07-28-14-43-35-938160-fuku-pc-304372
[INFO] [launch]: Default logging verbosity is set to INFO
[INFO] [default_server_endpoint-1]: process started with pid [304394]
[default_server_endpoint-1] /opt/ros/lyrical/lib/python3.14/site-packages/rclpy/executors.py:1073: UserWarning: MultiThreadedExecutor is used with a single thread.
[default_server_endpoint-1] Use the SingleThreadedExecutor instead.
[default_server_endpoint-1]   warnings.warn(
[default_server_endpoint-1] [INFO] [1785217416.371824334] [unity_endpoint]: Starting server on 0.0.0.0:10000
[default_server_endpoint-1] [INFO] [1785217416.813281469] [unity_endpoint]: Connection from 127.0.0.1
[default_server_endpoint-1] [ERROR] [1785217416.813999503] [unity_endpoint]: Exception: No more data available
[default_server_endpoint-1] [INFO] [1785217416.814277108] [unity_endpoint]: Disconnected from 127.0.0.1
[default_server_endpoint-1] [INFO] [1785217416.916958440] [unity_endpoint]: Connection from 127.0.0.1
[default_server_endpoint-1] [ERROR] [1785217416.917632245] [unity_endpoint]: Exception: No more data available
[default_server_endpoint-1] [INFO] [1785217416.917891385] [unity_endpoint]: Disconnected from 127.0.0.1
[INFO] [imu_preintegration_node-2]: process started with pid [304843]
[INFO] [backend_optimizer_node-3]: process started with pid [304844]
[INFO] [laser_scan_matching_node-4]: process started with pid [304845]
[INFO] [ball_tracking_node-5]: process started with pid [304846]
[INFO] [evaluator_node-6]: process started with pid [304847]
[ball_tracking_node-5] [INFO] [1785217421.074505349] [ball_tracking_node]: ball_tracking_node started
[laser_scan_matching_node-4] [INFO] [1785217421.080575438] [laser_scan_matching_node]: laser_scan_matching_node started (0 cylinders, 9 internal walls, field 5.572x3.310m, initial seed=(-2.419, 1.354, 0.000))
[imu_preintegration_node-2] [INFO] [1785217421.086484966] [imu_preintegration_node]: imu_preintegration_node started (waiting for first /state_estimate)
[backend_optimizer_node-3] [INFO] [1785217421.098560575] [backend_optimizer_node]: graph (re)initialized at X0=(-2.419, 1.354, 0.000) V0=(0.000, 0.000)
[backend_optimizer_node-3] [INFO] [1785217421.098713953] [backend_optimizer_node]: backend_optimizer_node started (0 cylinders registered)
[evaluator_node-6] [INFO] [1785217421.853661906] [unity_evaluator_node]: evaluator_node started: will run for 60.0s starting from the first /ground_truth_pose
[default_server_endpoint-1] [INFO] [1785217451.441822780] [unity_endpoint]: Connection from 127.0.0.1
[default_server_endpoint-1] [WARN] [1785217451.491226287] [rcl.logging_rosout]: Publisher already registered for node name: 'unity_endpoint'. If this is due to multiple nodes with the same name then all logs for the logger named 'unity_endpoint' will go out over the existing publisher. As soon as any node with that name is destructed it will unregister the publisher, preventing any further logs for that name from being published on the rosout topic.
[default_server_endpoint-1] [INFO] [1785217451.612083127] [unity_endpoint]: RegisterSubscriber(/odom_fast, <class 'nav_msgs.msg._odometry.Odometry'>) OK
[default_server_endpoint-1] [WARN] [1785217451.617182484] [rcl.logging_rosout]: Publisher already registered for node name: 'unity_endpoint'. If this is due to multiple nodes with the same name then all logs for the logger named 'unity_endpoint' will go out over the existing publisher. As soon as any node with that name is destructed it will unregister the publisher, preventing any further logs for that name from being published on the rosout topic.
[default_server_endpoint-1] [INFO] [1785217451.631205975] [unity_endpoint]: RegisterSubscriber(/tf, <class 'tf2_msgs.msg._tf_message.TFMessage'>) OK
[default_server_endpoint-1] [WARN] [1785217451.632162222] [rcl.logging_rosout]: Publisher already registered for node name: 'unity_endpoint'. If this is due to multiple nodes with the same name then all logs for the logger named 'unity_endpoint' will go out over the existing publisher. As soon as any node with that name is destructed it will unregister the publisher, preventing any further logs for that name from being published on the rosout topic.
[default_server_endpoint-1] [INFO] [1785217451.645064319] [unity_endpoint]: RegisterPublisher(/clock, <class 'rosgraph_msgs.msg._clock.Clock'>) OK
[default_server_endpoint-1] [WARN] [1785217451.842408228] [rcl.logging_rosout]: Publisher already registered for node name: 'unity_endpoint'. If this is due to multiple nodes with the same name then all logs for the logger named 'unity_endpoint' will go out over the existing publisher. As soon as any node with that name is destructed it will unregister the publisher, preventing any further logs for that name from being published on the rosout topic.
[default_server_endpoint-1] [INFO] [1785217451.870243347] [unity_endpoint]: RegisterPublisher(/scan, <class 'sensor_msgs.msg._laser_scan.LaserScan'>) OK
[default_server_endpoint-1] [WARN] [1785217451.872286533] [rcl.logging_rosout]: Publisher already registered for node name: 'unity_endpoint'. If this is due to multiple nodes with the same name then all logs for the logger named 'unity_endpoint' will go out over the existing publisher. As soon as any node with that name is destructed it will unregister the publisher, preventing any further logs for that name from being published on the rosout topic.
[default_server_endpoint-1] [INFO] [1785217451.898127358] [unity_endpoint]: RegisterPublisher(/ground_truth_pose, <class 'nav_msgs.msg._odometry.Odometry'>) OK
[default_server_endpoint-1] [WARN] [1785217451.899252369] [rcl.logging_rosout]: Publisher already registered for node name: 'unity_endpoint'. If this is due to multiple nodes with the same name then all logs for the logger named 'unity_endpoint' will go out over the existing publisher. As soon as any node with that name is destructed it will unregister the publisher, preventing any further logs for that name from being published on the rosout topic.
[default_server_endpoint-1] [INFO] [1785217451.927209937] [unity_endpoint]: RegisterPublisher(/imu/data, <class 'sensor_msgs.msg._imu.Imu'>) OK
[default_server_endpoint-1] [WARN] [1785217451.932042937] [rcl.logging_rosout]: Publisher already registered for node name: 'unity_endpoint'. If this is due to multiple nodes with the same name then all logs for the logger named 'unity_endpoint' will go out over the existing publisher. As soon as any node with that name is destructed it will unregister the publisher, preventing any further logs for that name from being published on the rosout topic.
[evaluator_node-6] [INFO] [1785217451.933746733] [unity_evaluator_node]: first ground truth received: measuring for 60.0s
[default_server_endpoint-1] [INFO] [1785217451.956864849] [unity_endpoint]: RegisterPublisher(/clock, <class 'rosgraph_msgs.msg._clock.Clock'>) OK
[default_server_endpoint-1] [INFO] [1785217452.015641253] [unity_endpoint]: RegisterPublisher(/scan, <class 'sensor_msgs.msg._laser_scan.LaserScan'>) OK
[default_server_endpoint-1] [INFO] [1785217452.071674997] [unity_endpoint]: RegisterPublisher(/ground_truth_pose, <class 'nav_msgs.msg._odometry.Odometry'>) OK
[default_server_endpoint-1] [INFO] [1785217452.110490951] [unity_endpoint]: RegisterPublisher(/imu/data, <class 'sensor_msgs.msg._imu.Imu'>) OK
[laser_scan_matching_node-4] [WARN] [1785217455.270467414] [laser_scan_matching_node]: IMU coverage wait exceeded 0.050s, processing scan with extrapolated tail
[laser_scan_matching_node-4] [INFO] [1785217457.126832511] [laser_scan_matching_node]: note rejection: 34/541 returns unexplained, 0 clusters -> 0 accepted, 0 points dropped (last extent=-1.0000m; gate <=0.350m, min 4 points)
[evaluator_node-6] [INFO] [1785217457.128093785] [unity_evaluator_node]: t=5.0s  直近5秒: pos_err mean=3.81mm max=12.13mm  samples=4692  detected_balls=0
[laser_scan_matching_node-4] [WARN] [1785217459.648251533] [laser_scan_matching_node]: IMU coverage wait exceeded 0.050s, processing scan with extrapolated tail
[laser_scan_matching_node-4] [INFO] [1785217462.271406954] [laser_scan_matching_node]: note rejection: 17/541 returns unexplained, 0 clusters -> 0 accepted, 0 points dropped (last extent=-1.0000m; gate <=0.350m, min 4 points)
[evaluator_node-6] [INFO] [1785217462.277809495] [unity_evaluator_node]: t=10.0s  直近5秒: pos_err mean=4.07mm max=5.24mm  samples=9853  detected_balls=0
[laser_scan_matching_node-4] [INFO] [1785217467.470061275] [laser_scan_matching_node]: note rejection: 53/541 returns unexplained, 4 clusters -> 4 accepted, 23 points dropped (last extent=0.0622m; gate <=0.350m, min 4 points)
[evaluator_node-6] [INFO] [1785217467.471092591] [unity_evaluator_node]: t=15.0s  直近5秒: pos_err mean=6.58mm max=11.00mm  samples=15040  detected_balls=0
[evaluator_node-6] [INFO] [1785217472.584285945] [unity_evaluator_node]: t=20.0s  直近5秒: pos_err mean=5.31mm max=10.52mm  samples=20234  detected_balls=0
[laser_scan_matching_node-4] [INFO] [1785217472.600961738] [laser_scan_matching_node]: note rejection: 48/541 returns unexplained, 1 clusters -> 0 accepted, 0 points dropped (last extent=0.6620m; gate <=0.350m, min 4 points)
[evaluator_node-6] [INFO] [1785217477.790190121] [unity_evaluator_node]: t=25.0s  直近5秒: pos_err mean=8.10mm max=12.24mm  samples=25423  detected_balls=0
[laser_scan_matching_node-4] [INFO] [1785217477.864893810] [laser_scan_matching_node]: note rejection: 27/541 returns unexplained, 0 clusters -> 0 accepted, 0 points dropped (last extent=-1.0000m; gate <=0.350m, min 4 points)
[evaluator_node-6] [INFO] [1785217483.004180081] [unity_evaluator_node]: t=30.0s  直近5秒: pos_err mean=5.27mm max=8.58mm  samples=30609  detected_balls=0
[laser_scan_matching_node-4] [INFO] [1785217483.087150436] [laser_scan_matching_node]: note rejection: 74/541 returns unexplained, 3 clusters -> 3 accepted, 50 points dropped (last extent=0.1061m; gate <=0.350m, min 4 points)
[evaluator_node-6] [INFO] [1785217488.197870770] [unity_evaluator_node]: t=34.9s  直近5秒: pos_err mean=7.55mm max=11.45mm  samples=35711  detected_balls=0
[laser_scan_matching_node-4] [WARN] [1785217488.338537523] [laser_scan_matching_node]: IMU coverage wait exceeded 0.050s, processing scan with extrapolated tail
[laser_scan_matching_node-4] [INFO] [1785217488.341037662] [laser_scan_matching_node]: note rejection: 33/541 returns unexplained, 0 clusters -> 0 accepted, 0 points dropped (last extent=-1.0000m; gate <=0.350m, min 4 points)
[backend_optimizer_node-3] [WARN] [1785217493.264651789] [backend_optimizer_node]: slow smoother update: 24.5ms (index 1536)
[evaluator_node-6] [INFO] [1785217493.311422349] [unity_evaluator_node]: t=40.0s  直近5秒: pos_err mean=6.59mm max=12.40mm  samples=40743  detected_balls=0
[laser_scan_matching_node-4] [INFO] [1785217493.527638131] [laser_scan_matching_node]: note rejection: 58/541 returns unexplained, 4 clusters -> 4 accepted, 38 points dropped (last extent=0.1128m; gate <=0.350m, min 4 points)
[evaluator_node-6] [INFO] [1785217498.532440734] [unity_evaluator_node]: t=45.0s  直近5秒: pos_err mean=5.76mm max=11.70mm  samples=45958  detected_balls=0
[laser_scan_matching_node-4] [INFO] [1785217498.694917702] [laser_scan_matching_node]: note rejection: 78/541 returns unexplained, 3 clusters -> 3 accepted, 49 points dropped (last extent=0.1166m; gate <=0.350m, min 4 points)
[evaluator_node-6] [INFO] [1785217503.701427057] [unity_evaluator_node]: t=50.0s  直近5秒: pos_err mean=7.47mm max=10.64mm  samples=51122  detected_balls=0
[laser_scan_matching_node-4] [INFO] [1785217503.894010659] [laser_scan_matching_node]: note rejection: 31/541 returns unexplained, 0 clusters -> 0 accepted, 0 points dropped (last extent=-1.0000m; gate <=0.350m, min 4 points)
[evaluator_node-6] [INFO] [1785217508.883545906] [unity_evaluator_node]: t=55.0s  直近5秒: pos_err mean=4.87mm max=9.59mm  samples=56318  detected_balls=0
[laser_scan_matching_node-4] [INFO] [1785217509.075814961] [laser_scan_matching_node]: note rejection: 48/541 returns unexplained, 1 clusters -> 0 accepted, 0 points dropped (last extent=1.0889m; gate <=0.350m, min 4 points)
[evaluator_node-6] [INFO] [1785217514.054987266] [unity_evaluator_node]: t=60.0s  直近5秒: pos_err mean=6.69mm max=12.34mm  samples=61509  detected_balls=0
[evaluator_node-6] [INFO] [1785217514.056553086] [unity_evaluator_node]: === 評価終了、集計します ===
[laser_scan_matching_node-4] [INFO] [1785217514.268997210] [laser_scan_matching_node]: note rejection: 75/541 returns unexplained, 3 clusters -> 3 accepted, 49 points dropped (last extent=0.1411m; gate <=0.350m, min 4 points)
[evaluator_node-6] [INFO] [1785217514.471063703] [unity_evaluator_node]: 
[evaluator_node-6] ============================================================
[evaluator_node-6] main.md 6-A-1 シミュレーション評価レポート
[evaluator_node-6] ============================================================
[evaluator_node-6] 総サンプル数: 61509  (定常区間 t>=3.0s: 58852)
[evaluator_node-6] 真値未着のまま評価できなかったサンプル: 0
[evaluator_node-6] 
[evaluator_node-6] --- 全体（要件A: 定常RMSE<=10mm, 最大位置誤差<=10mm） ---
[evaluator_node-6]   位置誤差: mean=6.11mm  RMSE=6.70mm  max=12.40mm
[evaluator_node-6]   ヨー誤差: mean=0.160deg  RMSE=0.199deg  max=0.420deg
[evaluator_node-6]   判定: 定常誤差(RMSE<=10mm) PASS / 最大位置誤差(<=10mm) FAIL
[evaluator_node-6] 
[evaluator_node-6] --- 高G旋回スピンバースト中 ---
[evaluator_node-6]   位置誤差: mean=nanmm  RMSE=nanmm  max=nanmm
[evaluator_node-6] 
[evaluator_node-6] --- ボール横切り中 vs 非横切り中 ---
[evaluator_node-6]   横切り中   : mean=nanmm  RMSE=nanmm  max=nanmm
[evaluator_node-6]   非横切り中 : mean=6.11mm  RMSE=6.70mm  max=12.40mm
[evaluator_node-6]   判定: ボール横切りによる自己位置無影響 PASS
[evaluator_node-6]   (参考) 横切り中の検出ボール数(最新): 0
[evaluator_node-6] ============================================================
[evaluator_node-6] [INFO] [1785217514.472163038] [unity_evaluator_node]: レポートを保存しました: /tmp/sim_eval_report.txt
[evaluator_node-6] [INFO] [1785217516.273692482] [unity_evaluator_node]: グラフを保存しました: /tmp/sim_eval_plot.png
[INFO] [evaluator_node-6]: process has finished cleanly [pid 304847]
[INFO] [ball_tracking_node-5]: sending signal 'SIGINT' to process[ball_tracking_node-5]
[INFO] [laser_scan_matching_node-4]: sending signal 'SIGINT' to process[laser_scan_matching_node-4]
[INFO] [backend_optimizer_node-3]: sending signal 'SIGINT' to process[backend_optimizer_node-3]
[INFO] [imu_preintegration_node-2]: sending signal 'SIGINT' to process[imu_preintegration_node-2]
[INFO] [default_server_endpoint-1]: sending signal 'SIGINT' to process[default_server_endpoint-1]
[ball_tracking_node-5] [INFO] [1785217516.800235623] [rclcpp]: signal_handler(signum=2)
[backend_optimizer_node-3] [INFO] [1785217516.801796380] [rclcpp]: signal_handler(signum=2)
[laser_scan_matching_node-4] [INFO] [1785217516.802013521] [rclcpp]: signal_handler(signum=2)
[imu_preintegration_node-2] [INFO] [1785217516.804330201] [rclcpp]: signal_handler(signum=2)
[default_server_endpoint-1] [INFO] [1785217516.822135158] [unity_endpoint]: Disconnected from 127.0.0.1
[default_server_endpoint-1] Exception in thread Thread-6:
[INFO] [backend_optimizer_node-3]: process has finished cleanly [pid 304844]
[INFO] [ball_tracking_node-5]: process has finished cleanly [pid 304846]
[INFO] [laser_scan_matching_node-4]: process has finished cleanly [pid 304845]
[INFO] [imu_preintegration_node-2]: process has finished cleanly [pid 304843]
[INFO] [default_server_endpoint-1]: process has finished cleanly [pid 304394]
