[INFO] [1785335681.092855833] [realtime_evaluator_node]: C++ realtime evaluator started: measuring 60.0s from first ground truth
[INFO] [1785335687.293558612] [realtime_evaluator_node]: first ground truth received; measurement window started
[INFO] [1785335692.294618039] [realtime_evaluator_node]: t=5.0s  recent 5s: pos_err mean=0.35mm max=1.14mm samples=5163 balls=0
[INFO] [1785335697.293023252] [realtime_evaluator_node]: t=10.0s  recent 5s: pos_err mean=0.50mm max=1.18mm samples=10363 balls=0
[INFO] [1785335702.294049928] [realtime_evaluator_node]: t=15.0s  recent 5s: pos_err mean=2.13mm max=4.64mm samples=15563 balls=0
[INFO] [1785335707.292841877] [realtime_evaluator_node]: t=20.0s  recent 5s: pos_err mean=1.86mm max=3.89mm samples=20763 balls=0
[INFO] [1785335712.292935801] [realtime_evaluator_node]: t=25.0s  recent 5s: pos_err mean=1.82mm max=4.30mm samples=25963 balls=0
[INFO] [1785335717.292835399] [realtime_evaluator_node]: t=30.0s  recent 5s: pos_err mean=2.47mm max=6.05mm samples=31163 balls=0
[INFO] [1785335722.293178033] [realtime_evaluator_node]: t=35.0s  recent 5s: pos_err mean=1.70mm max=3.80mm samples=36363 balls=0
[INFO] [1785335727.292855264] [realtime_evaluator_node]: t=40.0s  recent 5s: pos_err mean=1.92mm max=4.66mm samples=41563 balls=0
[INFO] [1785335732.293028007] [realtime_evaluator_node]: t=45.0s  recent 5s: pos_err mean=2.45mm max=5.93mm samples=46763 balls=0
[INFO] [1785335737.292852295] [realtime_evaluator_node]: t=50.0s  recent 5s: pos_err mean=1.63mm max=4.05mm samples=51963 balls=0
[INFO] [1785335742.292899147] [realtime_evaluator_node]: t=55.0s  recent 5s: pos_err mean=1.47mm max=3.77mm samples=57163 balls=0
[INFO] [1785335747.292953208] [realtime_evaluator_node]: t=60.0s  recent 5s: pos_err mean=2.21mm max=5.29mm samples=62363 balls=0
[INFO] [1785335747.294182092] [realtime_evaluator_node]: 
============================================================
main.md 6-A-1 シミュレーション評価レポート (C++ realtime evaluator)
============================================================
総サンプル数: 62363  (定常区間 t>=3.0s: 59271)
真値未着のまま評価できなかったサンプル: 9

--- 全体（要件A: 定常RMSE<=10mm, 最大位置誤差<=10mm） ---
  位置誤差: mean=1.79mm  RMSE=2.15mm  max=6.05mm
  ヨー誤差: mean=0.051deg  RMSE=0.061deg  max=0.139deg
  判定: 定常誤差(RMSE<=10mm) PASS / 最大位置誤差(<=10mm) PASS

--- 高G旋回スピンバースト中 ---
  位置誤差: mean=nanmm  RMSE=nanmm  max=nanmm

--- ボール横切り中 vs 非横切り中 ---
  横切り中   : mean=nanmm  RMSE=nanmm  max=nanmm
  非横切り中 : mean=nanmm  RMSE=nanmm  max=nanmm
  判定: ボール横切りによる自己位置無影響 PASS
  (参考) 横切り中の検出ボール数(最新): 0
============================================================

[INFO] [1785335747.349825932] [realtime_evaluator_node]: Saved report and raw error CSV in /home/yukichi6105/ros2_ws/src/lio_localization_sim/docs/stage4_runs/datasheet_accel_crossaxis_1pct_20260729_r1/evaluator_output
