[INFO] [1785217021.400096837] [unity_evaluator_node]: evaluator_node started: will run for 60.0s starting from the first /ground_truth_pose
[INFO] [1785217077.546109483] [unity_evaluator_node]: first ground truth received: measuring for 60.0s
[INFO] [1785217082.676719528] [unity_evaluator_node]: t=5.0s  直近5秒: pos_err mean=3.74mm max=10.04mm  samples=4785  detected_balls=0
[INFO] [1785217087.946331799] [unity_evaluator_node]: t=10.0s  直近5秒: pos_err mean=4.06mm max=5.11mm  samples=9898  detected_balls=0
[INFO] [1785217093.161819165] [unity_evaluator_node]: t=15.0s  直近5秒: pos_err mean=6.48mm max=11.36mm  samples=14955  detected_balls=0
[INFO] [1785217098.405186993] [unity_evaluator_node]: t=20.0s  直近5秒: pos_err mean=5.43mm max=10.94mm  samples=19936  detected_balls=0
[INFO] [1785217103.615351008] [unity_evaluator_node]: t=25.0s  直近5秒: pos_err mean=2.28mm max=2.94mm  samples=24813  detected_balls=0
[INFO] [1785217108.978931611] [unity_evaluator_node]: t=30.0s  直近5秒: pos_err mean=2.34mm max=3.59mm  samples=29869  detected_balls=0
[INFO] [1785217114.318366733] [unity_evaluator_node]: t=35.0s  直近5秒: pos_err mean=2.25mm max=3.41mm  samples=34849  detected_balls=0
[INFO] [1785217119.659455413] [unity_evaluator_node]: t=40.0s  直近5秒: pos_err mean=2.27mm max=3.13mm  samples=40051  detected_balls=0
[INFO] [1785217124.772602809] [unity_evaluator_node]: t=45.0s  直近5秒: pos_err mean=2.38mm max=3.44mm  samples=45158  detected_balls=0
[INFO] [1785217130.340935468] [unity_evaluator_node]: t=50.0s  直近5秒: pos_err mean=2.21mm max=3.26mm  samples=50239  detected_balls=0
[INFO] [1785217135.519626119] [unity_evaluator_node]: t=55.0s  直近5秒: pos_err mean=2.34mm max=2.95mm  samples=55433  detected_balls=0
[INFO] [1785217140.701558616] [unity_evaluator_node]: t=60.0s  直近5秒: pos_err mean=2.32mm max=3.05mm  samples=60598  detected_balls=0
[INFO] [1785217140.704827873] [unity_evaluator_node]: === 評価終了、集計します ===
[INFO] [1785217141.004274846] [unity_evaluator_node]: 
============================================================
main.md 6-A-1 シミュレーション評価レポート
============================================================
総サンプル数: 60600  (定常区間 t>=3.0s: 57873)
真値未着のまま評価できなかったサンプル: 0

--- 全体（要件A: 定常RMSE<=10mm, 最大位置誤差<=10mm） ---
  位置誤差: mean=3.13mm  RMSE=3.65mm  max=11.36mm
  ヨー誤差: mean=0.071deg  RMSE=0.101deg  max=0.386deg
  判定: 定常誤差(RMSE<=10mm) PASS / 最大位置誤差(<=10mm) FAIL

--- 高G旋回スピンバースト中 ---
  位置誤差: mean=nanmm  RMSE=nanmm  max=nanmm

--- ボール横切り中 vs 非横切り中 ---
  横切り中   : mean=nanmm  RMSE=nanmm  max=nanmm
  非横切り中 : mean=3.13mm  RMSE=3.65mm  max=11.36mm
  判定: ボール横切りによる自己位置無影響 PASS
  (参考) 横切り中の検出ボール数(最新): 0
============================================================
[INFO] [1785217141.005371738] [unity_evaluator_node]: レポートを保存しました: /tmp/sim_eval_report.txt
[INFO] [1785217142.655049336] [unity_evaluator_node]: グラフを保存しました: /tmp/sim_eval_plot.png
