[INFO] [1785227855.616110162] [unity_evaluator_node]: evaluator_node started: will run for 60.0s starting from the first /ground_truth_pose
[INFO] [1785227867.846496468] [unity_evaluator_node]: first ground truth received: measuring for 60.0s
[INFO] [1785227872.598195243] [unity_evaluator_node]: t=5.0s  直近5秒: pos_err mean=4.16mm max=11.45mm  samples=4100  detected_balls=0
[INFO] [1785227877.693201360] [unity_evaluator_node]: t=10.0s  直近5秒: pos_err mean=4.04mm max=5.41mm  samples=9244  detected_balls=0
[INFO] [1785227882.882809110] [unity_evaluator_node]: t=15.0s  直近5秒: pos_err mean=5.64mm max=8.58mm  samples=14409  detected_balls=0
[INFO] [1785227888.090937744] [unity_evaluator_node]: t=20.0s  直近5秒: pos_err mean=8.14mm max=11.71mm  samples=19618  detected_balls=0
[INFO] [1785227893.277350417] [unity_evaluator_node]: t=25.0s  直近5秒: pos_err mean=4.80mm max=10.17mm  samples=24821  detected_balls=0
[INFO] [1785227898.509497609] [unity_evaluator_node]: t=30.0s  直近5秒: pos_err mean=6.68mm max=12.65mm  samples=30004  detected_balls=0
[INFO] [1785227903.654992056] [unity_evaluator_node]: t=35.0s  直近5秒: pos_err mean=7.79mm max=11.64mm  samples=35205  detected_balls=0
[INFO] [1785227908.788686038] [unity_evaluator_node]: t=40.0s  直近5秒: pos_err mean=4.94mm max=10.03mm  samples=40396  detected_balls=0
[INFO] [1785227914.241363767] [unity_evaluator_node]: t=45.0s  直近5秒: pos_err mean=6.81mm max=11.50mm  samples=45585  detected_balls=0
[INFO] [1785227919.454109171] [unity_evaluator_node]: t=50.0s  直近5秒: pos_err mean=5.77mm max=8.87mm  samples=50765  detected_balls=0
[INFO] [1785227925.126591720] [unity_evaluator_node]: t=55.0s  直近5秒: pos_err mean=7.16mm max=11.90mm  samples=55948  detected_balls=0
[INFO] [1785227930.564594365] [unity_evaluator_node]: t=60.0s  直近5秒: pos_err mean=7.47mm max=12.55mm  samples=61085  detected_balls=0
[INFO] [1785227930.565695415] [unity_evaluator_node]: === 評価終了、集計します ===
[INFO] [1785227930.971708053] [unity_evaluator_node]: 
============================================================
main.md 6-A-1 シミュレーション評価レポート
============================================================
総サンプル数: 61085  (定常区間 t>=3.0s: 58756)
真値未着のまま評価できなかったサンプル: 0

--- 全体（要件A: 定常RMSE<=10mm, 最大位置誤差<=10mm） ---
  位置誤差: mean=6.23mm  RMSE=6.84mm  max=12.65mm
  ヨー誤差: mean=0.161deg  RMSE=0.201deg  max=0.444deg
  判定: 定常誤差(RMSE<=10mm) PASS / 最大位置誤差(<=10mm) FAIL

--- 高G旋回スピンバースト中 ---
  位置誤差: mean=nanmm  RMSE=nanmm  max=nanmm

--- ボール横切り中 vs 非横切り中 ---
  横切り中   : mean=nanmm  RMSE=nanmm  max=nanmm
  非横切り中 : mean=6.23mm  RMSE=6.84mm  max=12.65mm
  判定: ボール横切りによる自己位置無影響 PASS
  (参考) 横切り中の検出ボール数(最新): 0
============================================================
[INFO] [1785227930.976675657] [unity_evaluator_node]: レポートを保存しました: /tmp/sim_eval_report.txt
[INFO] [1785227933.221086053] [unity_evaluator_node]: グラフを保存しました: /tmp/sim_eval_plot.png
