[INFO] [1785235981.598556956] [unity_evaluator_node]: evaluator_node started: will run for 60.0s starting from the first /ground_truth_pose
[INFO] [1785236032.783460817] [unity_evaluator_node]: first ground truth received: measuring for 60.0s
[INFO] [1785236038.501110589] [unity_evaluator_node]: t=4.9s  直近5秒: pos_err mean=4.01mm max=22.50mm  samples=3740  detected_balls=0
[INFO] [1785236044.085128318] [unity_evaluator_node]: t=10.0s  直近5秒: pos_err mean=4.11mm max=5.98mm  samples=7559  detected_balls=0
[INFO] [1785236049.700147341] [unity_evaluator_node]: t=15.0s  直近5秒: pos_err mean=6.14mm max=13.90mm  samples=11300  detected_balls=0
[INFO] [1785236055.299078480] [unity_evaluator_node]: t=20.0s  直近5秒: pos_err mean=7.32mm max=11.68mm  samples=15709  detected_balls=0
[INFO] [1785236061.769117269] [unity_evaluator_node]: t=25.0s  直近5秒: pos_err mean=6.17mm max=12.50mm  samples=19974  detected_balls=0
[INFO] [1785236067.995221670] [unity_evaluator_node]: t=30.0s  直近5秒: pos_err mean=5.77mm max=11.76mm  samples=24643  detected_balls=0
[INFO] [1785236074.756739499] [unity_evaluator_node]: t=35.0s  直近5秒: pos_err mean=7.98mm max=12.04mm  samples=29119  detected_balls=0
[INFO] [1785236082.203562035] [unity_evaluator_node]: t=40.0s  直近5秒: pos_err mean=4.79mm max=9.89mm  samples=33733  detected_balls=0
[INFO] [1785236088.702863526] [unity_evaluator_node]: t=45.0s  直近5秒: pos_err mean=6.58mm max=11.86mm  samples=38315  detected_balls=0
[INFO] [1785236094.470070809] [unity_evaluator_node]: t=50.0s  直近5秒: pos_err mean=7.06mm max=11.27mm  samples=42437  detected_balls=0
[INFO] [1785236099.821048391] [unity_evaluator_node]: t=55.0s  直近5秒: pos_err mean=5.92mm max=10.74mm  samples=47426  detected_balls=0
[INFO] [1785236105.415470601] [unity_evaluator_node]: t=60.0s  直近5秒: pos_err mean=8.37mm max=13.62mm  samples=51942  detected_balls=0
[INFO] [1785236105.417115676] [unity_evaluator_node]: === 評価終了、集計します ===
[INFO] [1785236105.976150831] [unity_evaluator_node]: 
============================================================
main.md 6-A-1 シミュレーション評価レポート
============================================================
総サンプル数: 51942  (定常区間 t>=3.0s: 49820)
真値未着のまま評価できなかったサンプル: 0

--- 全体（要件A: 定常RMSE<=10mm, 最大位置誤差<=10mm） ---
  位置誤差: mean=6.32mm  RMSE=6.96mm  max=13.90mm
  ヨー誤差: mean=0.176deg  RMSE=0.208deg  max=0.413deg
  判定: 定常誤差(RMSE<=10mm) PASS / 最大位置誤差(<=10mm) FAIL

--- 高G旋回スピンバースト中 ---
  位置誤差: mean=nanmm  RMSE=nanmm  max=nanmm

--- ボール横切り中 vs 非横切り中 ---
  横切り中   : mean=nanmm  RMSE=nanmm  max=nanmm
  非横切り中 : mean=6.32mm  RMSE=6.96mm  max=13.90mm
  判定: ボール横切りによる自己位置無影響 PASS
  (参考) 横切り中の検出ボール数(最新): 0
============================================================
[INFO] [1785236105.980630943] [unity_evaluator_node]: レポートを保存しました: /tmp/sim_eval_report.txt
[INFO] [1785236108.269037859] [unity_evaluator_node]: グラフを保存しました: /tmp/sim_eval_plot.png
