[INFO] [launch]: All log files can be found below /home/yukichi6105/ros2_ws/src/lio_localization_sim/docs/stage4_runs/imu_dynamics_v1_20260728/ros2_logs/2026-07-28-19-37-38-538524-fuku-pc-1228381
[INFO] [launch]: Default logging verbosity is set to INFO
[INFO] [default_server_endpoint-1]: process started with pid [1228419]
[default_server_endpoint-1] /opt/ros/lyrical/lib/python3.14/site-packages/rclpy/executors.py:1073: UserWarning: MultiThreadedExecutor is used with a single thread.
[default_server_endpoint-1] Use the SingleThreadedExecutor instead.
[default_server_endpoint-1]   warnings.warn(
[default_server_endpoint-1] [INFO] [1785235059.697299406] [unity_endpoint]: Starting server on 0.0.0.0:10000
[default_server_endpoint-1] [INFO] [1785235059.886986614] [unity_endpoint]: Connection from 127.0.0.1
[default_server_endpoint-1] [ERROR] [1785235059.888342164] [unity_endpoint]: Exception: No more data available
[default_server_endpoint-1] [INFO] [1785235059.888923691] [unity_endpoint]: Disconnected from 127.0.0.1
[default_server_endpoint-1] [INFO] [1785235059.993324897] [unity_endpoint]: Connection from 127.0.0.1
[default_server_endpoint-1] [ERROR] [1785235059.995683689] [unity_endpoint]: Exception: No more data available
[default_server_endpoint-1] [INFO] [1785235059.996457434] [unity_endpoint]: Disconnected from 127.0.0.1
[INFO] [imu_preintegration_node-2]: process started with pid [1228882]
[INFO] [backend_optimizer_node-3]: process started with pid [1228883]
[INFO] [laser_scan_matching_node-4]: process started with pid [1228884]
[INFO] [ball_tracking_node-5]: process started with pid [1228885]
[INFO] [evaluator_node-6]: process started with pid [1228886]
[ball_tracking_node-5] [INFO] [1785235064.303874809] [ball_tracking_node]: ball_tracking_node started
[imu_preintegration_node-2] [INFO] [1785235064.335865624] [imu_preintegration_node]: imu_preintegration_node started (waiting for first /state_estimate)
[laser_scan_matching_node-4] [INFO] [1785235064.363034206] [laser_scan_matching_node]: laser_scan_matching_node started (0 cylinders, 9 internal walls, field 5.572x3.310m, initial seed=(-2.419, 1.354, 0.000))
[backend_optimizer_node-3] [INFO] [1785235064.452307499] [backend_optimizer_node]: graph (re)initialized at X0=(-2.419, 1.354, 0.000) V0=(0.000, 0.000)
[backend_optimizer_node-3] [INFO] [1785235064.453675171] [backend_optimizer_node]: backend_optimizer_node started (0 cylinders registered)
[evaluator_node-6] [INFO] [1785235065.334857201] [unity_evaluator_node]: evaluator_node started: will run for 60.0s starting from the first /ground_truth_pose
[default_server_endpoint-1] [INFO] [1785235090.896901392] [unity_endpoint]: Connection from 127.0.0.1
[default_server_endpoint-1] [WARN] [1785235090.964534526] [rcl.logging_rosout]: Publisher already registered for node name: 'unity_endpoint'. If this is due to multiple nodes with the same name then all logs for the logger named 'unity_endpoint' will go out over the existing publisher. As soon as any node with that name is destructed it will unregister the publisher, preventing any further logs for that name from being published on the rosout topic.
[default_server_endpoint-1] [INFO] [1785235091.180330265] [unity_endpoint]: RegisterSubscriber(/odom_fast, <class 'nav_msgs.msg._odometry.Odometry'>) OK
[default_server_endpoint-1] [WARN] [1785235091.223272877] [rcl.logging_rosout]: Publisher already registered for node name: 'unity_endpoint'. If this is due to multiple nodes with the same name then all logs for the logger named 'unity_endpoint' will go out over the existing publisher. As soon as any node with that name is destructed it will unregister the publisher, preventing any further logs for that name from being published on the rosout topic.
[default_server_endpoint-1] [INFO] [1785235091.275089621] [unity_endpoint]: RegisterSubscriber(/tf, <class 'tf2_msgs.msg._tf_message.TFMessage'>) OK
[default_server_endpoint-1] [WARN] [1785235091.275692715] [rcl.logging_rosout]: Publisher already registered for node name: 'unity_endpoint'. If this is due to multiple nodes with the same name then all logs for the logger named 'unity_endpoint' will go out over the existing publisher. As soon as any node with that name is destructed it will unregister the publisher, preventing any further logs for that name from being published on the rosout topic.
[default_server_endpoint-1] [INFO] [1785235091.299442031] [unity_endpoint]: RegisterPublisher(/clock, <class 'rosgraph_msgs.msg._clock.Clock'>) OK
[default_server_endpoint-1] [WARN] [1785235091.474820824] [rcl.logging_rosout]: Publisher already registered for node name: 'unity_endpoint'. If this is due to multiple nodes with the same name then all logs for the logger named 'unity_endpoint' will go out over the existing publisher. As soon as any node with that name is destructed it will unregister the publisher, preventing any further logs for that name from being published on the rosout topic.
[default_server_endpoint-1] [INFO] [1785235091.499710273] [unity_endpoint]: RegisterPublisher(/scan, <class 'sensor_msgs.msg._laser_scan.LaserScan'>) OK
[default_server_endpoint-1] [WARN] [1785235091.500350523] [rcl.logging_rosout]: Publisher already registered for node name: 'unity_endpoint'. If this is due to multiple nodes with the same name then all logs for the logger named 'unity_endpoint' will go out over the existing publisher. As soon as any node with that name is destructed it will unregister the publisher, preventing any further logs for that name from being published on the rosout topic.
[default_server_endpoint-1] [INFO] [1785235091.537448898] [unity_endpoint]: RegisterPublisher(/ground_truth_pose, <class 'nav_msgs.msg._odometry.Odometry'>) OK
[default_server_endpoint-1] [WARN] [1785235091.537964164] [rcl.logging_rosout]: Publisher already registered for node name: 'unity_endpoint'. If this is due to multiple nodes with the same name then all logs for the logger named 'unity_endpoint' will go out over the existing publisher. As soon as any node with that name is destructed it will unregister the publisher, preventing any further logs for that name from being published on the rosout topic.
[default_server_endpoint-1] [INFO] [1785235091.558946782] [unity_endpoint]: RegisterPublisher(/imu/data, <class 'sensor_msgs.msg._imu.Imu'>) OK
[default_server_endpoint-1] [WARN] [1785235091.569585803] [rcl.logging_rosout]: Publisher already registered for node name: 'unity_endpoint'. If this is due to multiple nodes with the same name then all logs for the logger named 'unity_endpoint' will go out over the existing publisher. As soon as any node with that name is destructed it will unregister the publisher, preventing any further logs for that name from being published on the rosout topic.
[evaluator_node-6] [INFO] [1785235091.571212642] [unity_evaluator_node]: first ground truth received: measuring for 60.0s
[default_server_endpoint-1] [INFO] [1785235091.609171087] [unity_endpoint]: RegisterPublisher(/clock, <class 'rosgraph_msgs.msg._clock.Clock'>) OK
[default_server_endpoint-1] [INFO] [1785235091.670107739] [unity_endpoint]: RegisterPublisher(/scan, <class 'sensor_msgs.msg._laser_scan.LaserScan'>) OK
[default_server_endpoint-1] [INFO] [1785235091.735590438] [unity_endpoint]: RegisterPublisher(/ground_truth_pose, <class 'nav_msgs.msg._odometry.Odometry'>) OK
[default_server_endpoint-1] [INFO] [1785235091.780012078] [unity_endpoint]: RegisterPublisher(/imu/data, <class 'sensor_msgs.msg._imu.Imu'>) OK
[laser_scan_matching_node-4] [WARN] [1785235093.969867865] [laser_scan_matching_node]: IMU coverage wait exceeded 0.050s, processing scan with extrapolated tail
[laser_scan_matching_node-4] [INFO] [1785235097.023778314] [laser_scan_matching_node]: note rejection: 32/541 returns unexplained, 0 clusters -> 0 accepted, 0 points dropped (last extent=-1.0000m; gate <=0.350m, min 4 points)
[evaluator_node-6] [INFO] [1785235097.025547782] [unity_evaluator_node]: t=5.0s  直近5秒: pos_err mean=4.15mm max=16.98mm  samples=3341  detected_balls=0
[laser_scan_matching_node-4] [WARN] [1785235097.379716529] [laser_scan_matching_node]: IMU coverage wait exceeded 0.050s, processing scan with extrapolated tail
[laser_scan_matching_node-4] [WARN] [1785235101.643090909] [laser_scan_matching_node]: IMU coverage wait exceeded 0.050s, processing scan with extrapolated tail
[evaluator_node-6] [INFO] [1785235102.212767376] [unity_evaluator_node]: t=10.0s  直近5秒: pos_err mean=4.00mm max=5.59mm  samples=6659  detected_balls=0
[laser_scan_matching_node-4] [INFO] [1785235102.232574068] [laser_scan_matching_node]: note rejection: 29/541 returns unexplained, 0 clusters -> 0 accepted, 0 points dropped (last extent=-1.0000m; gate <=0.350m, min 4 points)
[laser_scan_matching_node-4] [WARN] [1785235104.090947791] [laser_scan_matching_node]: IMU coverage wait exceeded 0.050s, processing scan with extrapolated tail
[laser_scan_matching_node-4] [WARN] [1785235107.092752438] [laser_scan_matching_node]: IMU coverage wait exceeded 0.050s, processing scan with extrapolated tail
[evaluator_node-6] [INFO] [1785235107.650164171] [unity_evaluator_node]: t=15.0s  直近5秒: pos_err mean=7.79mm max=14.82mm  samples=9922  detected_balls=0
[laser_scan_matching_node-4] [INFO] [1785235107.692927156] [laser_scan_matching_node]: note rejection: 65/541 returns unexplained, 3 clusters -> 2 accepted, 10 points dropped (last extent=0.0693m; gate <=0.350m, min 4 points)
[evaluator_node-6] [INFO] [1785235113.090155886] [unity_evaluator_node]: t=20.0s  直近5秒: pos_err mean=5.02mm max=13.14mm  samples=14634  detected_balls=0
[laser_scan_matching_node-4] [INFO] [1785235113.186387274] [laser_scan_matching_node]: note rejection: 39/541 returns unexplained, 1 clusters -> 0 accepted, 0 points dropped (last extent=1.0706m; gate <=0.350m, min 4 points)
[evaluator_node-6] [INFO] [1785235118.285066531] [unity_evaluator_node]: t=25.0s  直近5秒: pos_err mean=7.88mm max=13.02mm  samples=19071  detected_balls=0
[laser_scan_matching_node-4] [INFO] [1785235118.372192299] [laser_scan_matching_node]: note rejection: 24/541 returns unexplained, 0 clusters -> 0 accepted, 0 points dropped (last extent=-1.0000m; gate <=0.350m, min 4 points)
[evaluator_node-6] [INFO] [1785235123.562055317] [unity_evaluator_node]: t=30.0s  直近5秒: pos_err mean=5.60mm max=10.99mm  samples=23846  detected_balls=0
[laser_scan_matching_node-4] [INFO] [1785235123.685920842] [laser_scan_matching_node]: note rejection: 75/541 returns unexplained, 3 clusters -> 3 accepted, 50 points dropped (last extent=0.1062m; gate <=0.350m, min 4 points)
[laser_scan_matching_node-4] [WARN] [1785235126.813924235] [laser_scan_matching_node]: IMU coverage wait exceeded 0.050s, processing scan with extrapolated tail
[evaluator_node-6] [INFO] [1785235128.897188591] [unity_evaluator_node]: t=35.0s  直近5秒: pos_err mean=7.67mm max=11.88mm  samples=28398  detected_balls=0
[laser_scan_matching_node-4] [INFO] [1785235129.059194678] [laser_scan_matching_node]: note rejection: 27/541 returns unexplained, 0 clusters -> 0 accepted, 0 points dropped (last extent=-1.0000m; gate <=0.350m, min 4 points)
[backend_optimizer_node-3] [WARN] [1785235132.805779773] [backend_optimizer_node]: slow smoother update: 23.8ms (index 1368)
[evaluator_node-6] [INFO] [1785235134.307103124] [unity_evaluator_node]: t=40.0s  直近5秒: pos_err mean=4.62mm max=10.16mm  samples=33236  detected_balls=0
[laser_scan_matching_node-4] [INFO] [1785235134.472071371] [laser_scan_matching_node]: note rejection: 42/541 returns unexplained, 1 clusters -> 0 accepted, 0 points dropped (last extent=1.0196m; gate <=0.350m, min 4 points)
[laser_scan_matching_node-4] [WARN] [1785235135.014428706] [laser_scan_matching_node]: IMU coverage wait exceeded 0.050s, processing scan with extrapolated tail
[backend_optimizer_node-3] [WARN] [1785235138.440192125] [backend_optimizer_node]: slow smoother update: 25.1ms (index 1565)
[evaluator_node-6] [INFO] [1785235139.576309691] [unity_evaluator_node]: t=45.0s  直近5秒: pos_err mean=6.17mm max=12.34mm  samples=37842  detected_balls=0
[laser_scan_matching_node-4] [INFO] [1785235139.733925381] [laser_scan_matching_node]: note rejection: 81/541 returns unexplained, 3 clusters -> 3 accepted, 50 points dropped (last extent=0.1081m; gate <=0.350m, min 4 points)
[laser_scan_matching_node-4] [WARN] [1785235141.963404160] [laser_scan_matching_node]: IMU coverage wait exceeded 0.050s, processing scan with extrapolated tail
[laser_scan_matching_node-4] [WARN] [1785235144.682590871] [laser_scan_matching_node]: IMU coverage wait exceeded 0.050s, processing scan with extrapolated tail
[evaluator_node-6] [INFO] [1785235144.951267218] [unity_evaluator_node]: t=50.0s  直近5秒: pos_err mean=8.01mm max=12.21mm  samples=42344  detected_balls=0
[laser_scan_matching_node-4] [INFO] [1785235145.153522529] [laser_scan_matching_node]: note rejection: 39/541 returns unexplained, 1 clusters -> 0 accepted, 0 points dropped (last extent=1.0169m; gate <=0.350m, min 4 points)
[evaluator_node-6] [INFO] [1785235150.193588421] [unity_evaluator_node]: t=55.0s  直近5秒: pos_err mean=4.26mm max=11.03mm  samples=46854  detected_balls=0
[laser_scan_matching_node-4] [INFO] [1785235150.408675475] [laser_scan_matching_node]: note rejection: 52/541 returns unexplained, 2 clusters -> 1 accepted, 4 points dropped (last extent=0.0504m; gate <=0.350m, min 4 points)
[evaluator_node-6] [INFO] [1785235155.619555514] [unity_evaluator_node]: t=60.0s  直近5秒: pos_err mean=8.24mm max=13.92mm  samples=51296  detected_balls=0
[evaluator_node-6] [INFO] [1785235155.633133650] [unity_evaluator_node]: === 評価終了、集計します ===
[laser_scan_matching_node-4] [INFO] [1785235155.837575258] [laser_scan_matching_node]: note rejection: 34/541 returns unexplained, 0 clusters -> 0 accepted, 0 points dropped (last extent=-1.0000m; gate <=0.350m, min 4 points)
[evaluator_node-6] [INFO] [1785235156.100725133] [unity_evaluator_node]: 
[evaluator_node-6] ============================================================
[evaluator_node-6] main.md 6-A-1 シミュレーション評価レポート
[evaluator_node-6] ============================================================
[evaluator_node-6] 総サンプル数: 51298  (定常区間 t>=3.0s: 49335)
[evaluator_node-6] 真値未着のまま評価できなかったサンプル: 0
[evaluator_node-6] 
[evaluator_node-6] --- 全体（要件A: 定常RMSE<=10mm, 最大位置誤差<=10mm） ---
[evaluator_node-6]   位置誤差: mean=6.22mm  RMSE=6.95mm  max=14.82mm
[evaluator_node-6]   ヨー誤差: mean=0.170deg  RMSE=0.206deg  max=0.459deg
[evaluator_node-6]   判定: 定常誤差(RMSE<=10mm) PASS / 最大位置誤差(<=10mm) FAIL
[evaluator_node-6] 
[evaluator_node-6] --- 高G旋回スピンバースト中 ---
[evaluator_node-6]   位置誤差: mean=nanmm  RMSE=nanmm  max=nanmm
[evaluator_node-6] 
[evaluator_node-6] --- ボール横切り中 vs 非横切り中 ---
[evaluator_node-6]   横切り中   : mean=nanmm  RMSE=nanmm  max=nanmm
[evaluator_node-6]   非横切り中 : mean=6.22mm  RMSE=6.95mm  max=14.82mm
[evaluator_node-6]   判定: ボール横切りによる自己位置無影響 PASS
[evaluator_node-6]   (参考) 横切り中の検出ボール数(最新): 0
[evaluator_node-6] ============================================================
[evaluator_node-6] [INFO] [1785235156.102092101] [unity_evaluator_node]: レポートを保存しました: /tmp/sim_eval_report.txt
[evaluator_node-6] [INFO] [1785235158.781580669] [unity_evaluator_node]: グラフを保存しました: /tmp/sim_eval_plot.png
[INFO] [evaluator_node-6]: process has finished cleanly [pid 1228886]
[INFO] [ball_tracking_node-5]: sending signal 'SIGINT' to process[ball_tracking_node-5]
[INFO] [laser_scan_matching_node-4]: sending signal 'SIGINT' to process[laser_scan_matching_node-4]
[INFO] [backend_optimizer_node-3]: sending signal 'SIGINT' to process[backend_optimizer_node-3]
[INFO] [imu_preintegration_node-2]: sending signal 'SIGINT' to process[imu_preintegration_node-2]
[INFO] [default_server_endpoint-1]: sending signal 'SIGINT' to process[default_server_endpoint-1]
[ball_tracking_node-5] [INFO] [1785235159.570649488] [rclcpp]: signal_handler(signum=2)
[laser_scan_matching_node-4] [INFO] [1785235159.574058765] [rclcpp]: signal_handler(signum=2)
[backend_optimizer_node-3] [INFO] [1785235159.583957641] [rclcpp]: signal_handler(signum=2)
[imu_preintegration_node-2] [INFO] [1785235159.591001536] [rclcpp]: signal_handler(signum=2)
[INFO] [ball_tracking_node-5]: process has finished cleanly [pid 1228885]
[INFO] [laser_scan_matching_node-4]: process has finished cleanly [pid 1228884]
[INFO] [imu_preintegration_node-2]: process has finished cleanly [pid 1228882]
[INFO] [backend_optimizer_node-3]: process has finished cleanly [pid 1228883]
[INFO] [default_server_endpoint-1]: process has finished cleanly [pid 1228419]
