[INFO] [1785391117.536498597] [backend_optimizer_node]: graph (re)initialized at X0=(-2.419, 1.354, 0.000) V0=(0.000, 0.000)
[INFO] [1785391117.537299491] [backend_optimizer_node]: backend_optimizer_node started (0 cylinders registered)
[INFO] [1785391170.299062819] [backend_optimizer_node]: wall prior loosened by ICP covariance: sigma(yaw,x,y)=(0.0129, 0.0063, 0.0063) censi=(0.0063, 0.0063, 0.0063)
[WARN] [1785391170.352982446] [backend_optimizer_node]: slow smoother update: 52.4ms (index 73)
[WARN] [1785391170.962367449] [backend_optimizer_node]: slow smoother update: 29.6ms (index 120)
[WARN] [1785391171.339257955] [backend_optimizer_node]: slow smoother update: 43.9ms (index 153)
[INFO] [1785391171.533650749] [backend_optimizer_node]: wall prior loosened by ICP covariance: sigma(yaw,x,y)=(0.0129, 0.0063, 0.0063) censi=(0.0063, 0.0063, 0.0063)
[INFO] [1785391173.617154285] [backend_optimizer_node]: wall prior loosened by ICP covariance: sigma(yaw,x,y)=(0.0129, 0.0063, 0.0063) censi=(0.0063, 0.0063, 0.0063)
[INFO] [1785391175.741512828] [backend_optimizer_node]: wall prior loosened by ICP covariance: sigma(yaw,x,y)=(0.0129, 0.0063, 0.0063) censi=(0.0063, 0.0063, 0.0063)
[INFO] [1785391177.750961069] [backend_optimizer_node]: wall prior loosened by ICP covariance: sigma(yaw,x,y)=(0.0129, 0.0063, 0.0063) censi=(0.0063, 0.0063, 0.0063)
[INFO] [1785391179.973988740] [backend_optimizer_node]: wall prior loosened by ICP covariance: sigma(yaw,x,y)=(0.0133, 0.0063, 0.0063) censi=(0.0063, 0.0063, 0.0063)
[WARN] [1785391180.606611111] [backend_optimizer_node]: slow smoother update: 28.9ms (index 514)
[WARN] [1785391181.187913990] [backend_optimizer_node]: slow smoother update: 28.1ms (index 534)
[WARN] [1785391181.471636004] [backend_optimizer_node]: slow smoother update: 27.0ms (index 550)
[INFO] [1785391182.060618222] [backend_optimizer_node]: wall prior loosened by ICP covariance: sigma(yaw,x,y)=(0.0131, 0.0063, 0.0063) censi=(0.0063, 0.0063, 0.0063)
[INFO] [1785391184.149985125] [backend_optimizer_node]: wall prior loosened by ICP covariance: sigma(yaw,x,y)=(0.0131, 0.0063, 0.0063) censi=(0.0063, 0.0063, 0.0063)
[INFO] [1785391186.238045933] [backend_optimizer_node]: wall prior loosened by ICP covariance: sigma(yaw,x,y)=(0.0129, 0.0063, 0.0063) censi=(0.0063, 0.0063, 0.0063)
[WARN] [1785391187.090308289] [backend_optimizer_node]: slow smoother update: 33.1ms (index 766)
[WARN] [1785391187.281930338] [backend_optimizer_node]: slow smoother update: 22.1ms (index 775)
[INFO] [1785391188.437631578] [backend_optimizer_node]: wall prior loosened by ICP covariance: sigma(yaw,x,y)=(0.0129, 0.0063, 0.0063) censi=(0.0063, 0.0063, 0.0063)
[WARN] [1785391189.212492635] [backend_optimizer_node]: slow smoother update: 25.5ms (index 850)
[WARN] [1785391190.370078317] [backend_optimizer_node]: wall correction downweighted by DCS: d_xy=0.300m (> 0.047m, dt=0.025s, scale=6.45x) — reduced confidence, not rejected
[INFO] [1785391190.381143851] [backend_optimizer_node]: wall prior loosened by ICP covariance: sigma(yaw,x,y)=(0.0129, 0.0063, 0.0063) censi=(0.0063, 0.0063, 0.0063)
[INFO] [1785391192.476699445] [backend_optimizer_node]: wall prior loosened by ICP covariance: sigma(yaw,x,y)=(0.0131, 0.0063, 0.0063) censi=(0.0063, 0.0063, 0.0063)
[WARN] [1785391193.615245009] [backend_optimizer_node]: slow smoother update: 21.7ms (index 1020)
[INFO] [1785391194.872571580] [backend_optimizer_node]: wall prior loosened by ICP covariance: sigma(yaw,x,y)=(0.0135, 0.0063, 0.0063) censi=(0.0063, 0.0063, 0.0063)
[INFO] [1785391197.295291102] [backend_optimizer_node]: wall prior loosened by ICP covariance: sigma(yaw,x,y)=(0.0129, 0.0063, 0.0063) censi=(0.0063, 0.0063, 0.0063)
[INFO] [1785391199.438673151] [backend_optimizer_node]: wall prior loosened by ICP covariance: sigma(yaw,x,y)=(0.0129, 0.0063, 0.0063) censi=(0.0063, 0.0063, 0.0063)
[INFO] [1785391201.622118711] [backend_optimizer_node]: wall prior loosened by ICP covariance: sigma(yaw,x,y)=(0.0136, 0.0063, 0.0063) censi=(0.0063, 0.0063, 0.0063)
[INFO] [1785391203.999086526] [backend_optimizer_node]: wall prior loosened by ICP covariance: sigma(yaw,x,y)=(0.0131, 0.0063, 0.0063) censi=(0.0063, 0.0063, 0.0063)
[WARN] [1785391204.904887952] [backend_optimizer_node]: slow smoother update: 23.9ms (index 1409)
[INFO] [1785391206.361691106] [backend_optimizer_node]: wall prior loosened by ICP covariance: sigma(yaw,x,y)=(0.0131, 0.0063, 0.0063) censi=(0.0063, 0.0063, 0.0063)
[WARN] [1785391207.819435290] [backend_optimizer_node]: slow smoother update: 58.7ms (index 1501)
[INFO] [1785391210.328354247] [backend_optimizer_node]: wall prior loosened by ICP covariance: sigma(yaw,x,y)=(0.0129, 0.0063, 0.0063) censi=(0.0063, 0.0063, 0.0063)
[INFO] [1785391214.278897277] [backend_optimizer_node]: wall prior loosened by ICP covariance: sigma(yaw,x,y)=(0.0131, 0.0063, 0.0063) censi=(0.0063, 0.0063, 0.0063)
[INFO] [1785391217.443642154] [backend_optimizer_node]: wall prior loosened by ICP covariance: sigma(yaw,x,y)=(0.0131, 0.0063, 0.0063) censi=(0.0063, 0.0063, 0.0063)
[WARN] [1785391219.583946718] [backend_optimizer_node]: slow smoother update: 26.9ms (index 1747)
[WARN] [1785391220.086160423] [backend_optimizer_node]: slow smoother update: 22.4ms (index 1760)
[WARN] [1785391220.181905768] [backend_optimizer_node]: slow smoother update: 40.9ms (index 1762)
[INFO] [1785391221.153336124] [backend_optimizer_node]: wall prior loosened by ICP covariance: sigma(yaw,x,y)=(0.0129, 0.0063, 0.0063) censi=(0.0063, 0.0063, 0.0063)
[WARN] [1785391221.317323328] [backend_optimizer_node]: slow smoother update: 33.5ms (index 1788)
[WARN] [1785391222.323572337] [backend_optimizer_node]: slow smoother update: 24.6ms (index 1816)
[INFO] [1785391224.071391907] [backend_optimizer_node]: wall prior loosened by ICP covariance: sigma(yaw,x,y)=(0.0129, 0.0063, 0.0063) censi=(0.0063, 0.0063, 0.0063)
[WARN] [1785391224.746812853] [backend_optimizer_node]: slow smoother update: 34.2ms (index 1884)
[INFO] [1785391227.584047127] [backend_optimizer_node]: wall prior loosened by ICP covariance: sigma(yaw,x,y)=(0.0135, 0.0063, 0.0063) censi=(0.0063, 0.0063, 0.0063)
[INFO] [1785391231.118665766] [backend_optimizer_node]: wall prior loosened by ICP covariance: sigma(yaw,x,y)=(0.0131, 0.0063, 0.0063) censi=(0.0063, 0.0063, 0.0063)
[WARN] [1785391232.759694826] [backend_optimizer_node]: slow smoother update: 20.6ms (index 2068)
[WARN] [1785391234.532847825] [backend_optimizer_node]: slow smoother update: 23.9ms (index 2106)
[INFO] [1785391234.565746674] [backend_optimizer_node]: wall prior loosened by ICP covariance: sigma(yaw,x,y)=(0.0129, 0.0063, 0.0063) censi=(0.0063, 0.0063, 0.0063)
[INFO] [1785391237.105321678] [backend_optimizer_node]: wall prior loosened by ICP covariance: sigma(yaw,x,y)=(0.0129, 0.0063, 0.0063) censi=(0.0063, 0.0063, 0.0063)
[WARN] [1785391238.780492826] [backend_optimizer_node]: slow smoother update: 69.7ms (index 2246)
[INFO] [1785391239.334101710] [backend_optimizer_node]: wall prior loosened by ICP covariance: sigma(yaw,x,y)=(0.0132, 0.0063, 0.0063) censi=(0.0063, 0.0063, 0.0063)
[INFO] [1785391242.060183613] [backend_optimizer_node]: wall prior loosened by ICP covariance: sigma(yaw,x,y)=(0.0134, 0.0063, 0.0063) censi=(0.0063, 0.0063, 0.0063)
[WARN] [1785391242.457038418] [backend_optimizer_node]: slow smoother update: 22.4ms (index 2362)
[INFO] [1785391244.238281655] [rclcpp]: signal_handler(signum=2)
