[INFO] [1785315751.976583894] [backend_optimizer_node]: graph (re)initialized at X0=(-2.419, 1.354, 0.000) V0=(0.000, 0.000)
[INFO] [1785315751.976903582] [backend_optimizer_node]: backend_optimizer_node started (0 cylinders registered)
[INFO] [1785315756.926739142] [backend_optimizer_node]: wall prior loosened by ICP covariance: sigma(yaw,x,y)=(0.0129, 0.0126, 0.0126) censi=(0.0126, 0.0126, 0.0126)
[INFO] [1785315758.951575946] [backend_optimizer_node]: wall prior loosened by ICP covariance: sigma(yaw,x,y)=(0.0129, 0.0126, 0.0126) censi=(0.0126, 0.0126, 0.0126)
[INFO] [1785315760.951725763] [backend_optimizer_node]: wall prior loosened by ICP covariance: sigma(yaw,x,y)=(0.0129, 0.0126, 0.0126) censi=(0.0126, 0.0126, 0.0126)
[INFO] [1785315762.977362352] [backend_optimizer_node]: wall prior loosened by ICP covariance: sigma(yaw,x,y)=(0.0129, 0.0126, 0.0126) censi=(0.0126, 0.0126, 0.0126)
[INFO] [1785315765.001903279] [backend_optimizer_node]: wall prior loosened by ICP covariance: sigma(yaw,x,y)=(0.0129, 0.0126, 0.0126) censi=(0.0126, 0.0126, 0.0126)
[INFO] [1785315767.027230273] [backend_optimizer_node]: wall prior loosened by ICP covariance: sigma(yaw,x,y)=(0.0136, 0.0126, 0.0126) censi=(0.0126, 0.0126, 0.0126)
[INFO] [1785315769.028749608] [backend_optimizer_node]: wall prior loosened by ICP covariance: sigma(yaw,x,y)=(0.0132, 0.0126, 0.0126) censi=(0.0126, 0.0126, 0.0126)
[INFO] [1785315771.027436404] [backend_optimizer_node]: wall prior loosened by ICP covariance: sigma(yaw,x,y)=(0.0129, 0.0126, 0.0126) censi=(0.0126, 0.0126, 0.0126)
[INFO] [1785315773.050993883] [backend_optimizer_node]: wall prior loosened by ICP covariance: sigma(yaw,x,y)=(0.0129, 0.0126, 0.0126) censi=(0.0126, 0.0126, 0.0126)
[INFO] [1785315775.052905207] [backend_optimizer_node]: wall prior loosened by ICP covariance: sigma(yaw,x,y)=(0.0131, 0.0126, 0.0126) censi=(0.0126, 0.0126, 0.0126)
[INFO] [1785315777.052368537] [backend_optimizer_node]: wall prior loosened by ICP covariance: sigma(yaw,x,y)=(0.0134, 0.0126, 0.0126) censi=(0.0126, 0.0126, 0.0126)
[INFO] [1785315779.076866027] [backend_optimizer_node]: wall prior loosened by ICP covariance: sigma(yaw,x,y)=(0.0129, 0.0126, 0.0126) censi=(0.0126, 0.0126, 0.0126)
[INFO] [1785315781.077272539] [backend_optimizer_node]: wall prior loosened by ICP covariance: sigma(yaw,x,y)=(0.0134, 0.0126, 0.0126) censi=(0.0126, 0.0126, 0.0126)
[INFO] [1785315783.076943686] [backend_optimizer_node]: wall prior loosened by ICP covariance: sigma(yaw,x,y)=(0.0134, 0.0126, 0.0126) censi=(0.0126, 0.0126, 0.0126)
[INFO] [1785315785.076945506] [backend_optimizer_node]: wall prior loosened by ICP covariance: sigma(yaw,x,y)=(0.0131, 0.0126, 0.0126) censi=(0.0126, 0.0126, 0.0126)
[INFO] [1785315787.101885281] [backend_optimizer_node]: wall prior loosened by ICP covariance: sigma(yaw,x,y)=(0.0129, 0.0126, 0.0126) censi=(0.0126, 0.0126, 0.0126)
[INFO] [1785315789.101111128] [backend_optimizer_node]: wall prior loosened by ICP covariance: sigma(yaw,x,y)=(0.0129, 0.0126, 0.0126) censi=(0.0126, 0.0126, 0.0126)
[INFO] [1785315791.102616872] [backend_optimizer_node]: wall prior loosened by ICP covariance: sigma(yaw,x,y)=(0.0132, 0.0126, 0.0126) censi=(0.0126, 0.0126, 0.0126)
[INFO] [1785315793.127372980] [backend_optimizer_node]: wall prior loosened by ICP covariance: sigma(yaw,x,y)=(0.0132, 0.0126, 0.0126) censi=(0.0126, 0.0126, 0.0126)
[INFO] [1785315795.126839372] [backend_optimizer_node]: wall prior loosened by ICP covariance: sigma(yaw,x,y)=(0.0129, 0.0126, 0.0126) censi=(0.0126, 0.0126, 0.0126)
[INFO] [1785315797.152526961] [backend_optimizer_node]: wall prior loosened by ICP covariance: sigma(yaw,x,y)=(0.0136, 0.0126, 0.0126) censi=(0.0126, 0.0126, 0.0126)
[INFO] [1785315799.176552393] [backend_optimizer_node]: wall prior loosened by ICP covariance: sigma(yaw,x,y)=(0.0132, 0.0126, 0.0126) censi=(0.0126, 0.0126, 0.0126)
[INFO] [1785315801.176987041] [backend_optimizer_node]: wall prior loosened by ICP covariance: sigma(yaw,x,y)=(0.0131, 0.0126, 0.0126) censi=(0.0126, 0.0126, 0.0126)
[INFO] [1785315803.201692901] [backend_optimizer_node]: wall prior loosened by ICP covariance: sigma(yaw,x,y)=(0.0129, 0.0126, 0.0126) censi=(0.0126, 0.0126, 0.0126)
[INFO] [1785315805.202589685] [backend_optimizer_node]: wall prior loosened by ICP covariance: sigma(yaw,x,y)=(0.0131, 0.0126, 0.0126) censi=(0.0126, 0.0126, 0.0126)
[INFO] [1785315807.227518013] [backend_optimizer_node]: wall prior loosened by ICP covariance: sigma(yaw,x,y)=(0.0132, 0.0126, 0.0126) censi=(0.0126, 0.0126, 0.0126)
[INFO] [1785315809.227597185] [backend_optimizer_node]: wall prior loosened by ICP covariance: sigma(yaw,x,y)=(0.0129, 0.0126, 0.0126) censi=(0.0126, 0.0126, 0.0126)
[INFO] [1785315811.227079165] [backend_optimizer_node]: wall prior loosened by ICP covariance: sigma(yaw,x,y)=(0.0129, 0.0126, 0.0126) censi=(0.0126, 0.0126, 0.0126)
[INFO] [1785315813.252414780] [backend_optimizer_node]: wall prior loosened by ICP covariance: sigma(yaw,x,y)=(0.0136, 0.0126, 0.0126) censi=(0.0126, 0.0126, 0.0126)
[INFO] [1785315815.278073912] [backend_optimizer_node]: wall prior loosened by ICP covariance: sigma(yaw,x,y)=(0.0132, 0.0126, 0.0126) censi=(0.0126, 0.0126, 0.0126)
[ros2run]: Received signal:  Interrupt
[INFO] [1785315817.106321043] [rclcpp]: signal_handler(signum=2)
[INFO] [1785315817.107371353] [backend_optimizer_node]: backend concurrency stats: imu_callbacks=62001, during_worker=2088 (3.4%), during_smoother=1599 (2.6%), callback_gap_max=11.110ms, gaps>2ms=196, gaps>10ms=1; stamp_gap_max=1.000ms, gaps>1ms=0; ring_enqueue_max=0.052ms, enqueues>2ms=0; callback_duration_max=3.366ms, durations>2ms=2; worker_jobs=2480 mean/max=0.970/12.384ms; smoother_updates=2479 mean/max=0.742/11.668ms
