[INFO] [launch]: All log files can be found below /home/yukichi6105/ros2_ws/src/lio_localization_sim/docs/stage4_runs/max10_1khz_clock250_lag05_heuristic_cov_5_5f1_20260727/ros2_logs/2026-07-27-21-27-59-649227-fuku-pc-259500
[INFO] [launch]: Default logging verbosity is set to INFO
[INFO] [default_server_endpoint-1]: process started with pid [259515]
[default_server_endpoint-1] /opt/ros/lyrical/lib/python3.14/site-packages/rclpy/executors.py:1073: UserWarning: MultiThreadedExecutor is used with a single thread.
[default_server_endpoint-1] Use the SingleThreadedExecutor instead.
[default_server_endpoint-1]   warnings.warn(
[default_server_endpoint-1] [INFO] [1785155280.208880715] [unity_endpoint]: Starting server on 0.0.0.0:10000
[default_server_endpoint-1] [INFO] [1785155280.441774997] [unity_endpoint]: Connection from 127.0.0.1
[default_server_endpoint-1] [ERROR] [1785155280.442655326] [unity_endpoint]: Exception: No more data available
[default_server_endpoint-1] [INFO] [1785155280.443302051] [unity_endpoint]: Disconnected from 127.0.0.1
[default_server_endpoint-1] [INFO] [1785155280.547154427] [unity_endpoint]: Connection from 127.0.0.1
[default_server_endpoint-1] [ERROR] [1785155280.548053954] [unity_endpoint]: Exception: No more data available
[default_server_endpoint-1] [INFO] [1785155280.548396539] [unity_endpoint]: Disconnected from 127.0.0.1
[INFO] [imu_preintegration_node-2]: process started with pid [259578]
[INFO] [backend_optimizer_node-3]: process started with pid [259579]
[INFO] [laser_scan_matching_node-4]: process started with pid [259580]
[INFO] [ball_tracking_node-5]: process started with pid [259581]
[INFO] [evaluator_node-6]: process started with pid [259582]
[ball_tracking_node-5] [INFO] [1785155284.823442945] [ball_tracking_node]: ball_tracking_node started
[laser_scan_matching_node-4] [INFO] [1785155284.837772925] [laser_scan_matching_node]: laser_scan_matching_node started (0 cylinders, 9 internal walls, field 5.572x3.310m, initial seed=(-2.419, 1.354, 0.000))
[backend_optimizer_node-3] [INFO] [1785155284.837800313] [backend_optimizer_node]: graph (re)initialized at X0=(-2.419, 1.354, 0.000) V0=(0.000, 0.000)
[backend_optimizer_node-3] [INFO] [1785155284.837930206] [backend_optimizer_node]: backend_optimizer_node started (0 cylinders registered)
[imu_preintegration_node-2] [INFO] [1785155284.839370483] [imu_preintegration_node]: imu_preintegration_node started (waiting for first /state_estimate)
[evaluator_node-6] [INFO] [1785155285.726266342] [unity_evaluator_node]: evaluator_node started: will run for 60.0s starting from the first /ground_truth_pose
[default_server_endpoint-1] [INFO] [1785155315.350425524] [unity_endpoint]: Connection from 172.25.0.1
[default_server_endpoint-1] [WARN] [1785155315.391781989] [rcl.logging_rosout]: Publisher already registered for node name: 'unity_endpoint'. If this is due to multiple nodes with the same name then all logs for the logger named 'unity_endpoint' will go out over the existing publisher. As soon as any node with that name is destructed it will unregister the publisher, preventing any further logs for that name from being published on the rosout topic.
[default_server_endpoint-1] [INFO] [1785155315.616128143] [unity_endpoint]: RegisterSubscriber(/odom_fast, <class 'nav_msgs.msg._odometry.Odometry'>) OK
[default_server_endpoint-1] [WARN] [1785155315.631301218] [rcl.logging_rosout]: Publisher already registered for node name: 'unity_endpoint'. If this is due to multiple nodes with the same name then all logs for the logger named 'unity_endpoint' will go out over the existing publisher. As soon as any node with that name is destructed it will unregister the publisher, preventing any further logs for that name from being published on the rosout topic.
[default_server_endpoint-1] [INFO] [1785155315.654255639] [unity_endpoint]: RegisterSubscriber(/tf, <class 'tf2_msgs.msg._tf_message.TFMessage'>) OK
[default_server_endpoint-1] [WARN] [1785155315.654805313] [rcl.logging_rosout]: Publisher already registered for node name: 'unity_endpoint'. If this is due to multiple nodes with the same name then all logs for the logger named 'unity_endpoint' will go out over the existing publisher. As soon as any node with that name is destructed it will unregister the publisher, preventing any further logs for that name from being published on the rosout topic.
[default_server_endpoint-1] [INFO] [1785155315.674590628] [unity_endpoint]: RegisterPublisher(/clock, <class 'rosgraph_msgs.msg._clock.Clock'>) OK
[default_server_endpoint-1] [WARN] [1785155315.803083683] [rcl.logging_rosout]: Publisher already registered for node name: 'unity_endpoint'. If this is due to multiple nodes with the same name then all logs for the logger named 'unity_endpoint' will go out over the existing publisher. As soon as any node with that name is destructed it will unregister the publisher, preventing any further logs for that name from being published on the rosout topic.
[default_server_endpoint-1] [INFO] [1785155315.826966868] [unity_endpoint]: RegisterPublisher(/scan, <class 'sensor_msgs.msg._laser_scan.LaserScan'>) OK
[default_server_endpoint-1] [WARN] [1785155315.827532824] [rcl.logging_rosout]: Publisher already registered for node name: 'unity_endpoint'. If this is due to multiple nodes with the same name then all logs for the logger named 'unity_endpoint' will go out over the existing publisher. As soon as any node with that name is destructed it will unregister the publisher, preventing any further logs for that name from being published on the rosout topic.
[default_server_endpoint-1] [INFO] [1785155315.848285629] [unity_endpoint]: RegisterPublisher(/ground_truth_pose, <class 'nav_msgs.msg._odometry.Odometry'>) OK
[default_server_endpoint-1] [WARN] [1785155315.848823756] [rcl.logging_rosout]: Publisher already registered for node name: 'unity_endpoint'. If this is due to multiple nodes with the same name then all logs for the logger named 'unity_endpoint' will go out over the existing publisher. As soon as any node with that name is destructed it will unregister the publisher, preventing any further logs for that name from being published on the rosout topic.
[default_server_endpoint-1] [INFO] [1785155315.868182965] [unity_endpoint]: RegisterPublisher(/imu/data, <class 'sensor_msgs.msg._imu.Imu'>) OK
[evaluator_node-6] [INFO] [1785155315.871734994] [unity_evaluator_node]: first ground truth received: measuring for 60.0s
[default_server_endpoint-1] [WARN] [1785155315.872244925] [rcl.logging_rosout]: Publisher already registered for node name: 'unity_endpoint'. If this is due to multiple nodes with the same name then all logs for the logger named 'unity_endpoint' will go out over the existing publisher. As soon as any node with that name is destructed it will unregister the publisher, preventing any further logs for that name from being published on the rosout topic.
[default_server_endpoint-1] [INFO] [1785155315.899279367] [unity_endpoint]: RegisterPublisher(/clock, <class 'rosgraph_msgs.msg._clock.Clock'>) OK
[default_server_endpoint-1] [INFO] [1785155315.926623222] [unity_endpoint]: RegisterPublisher(/scan, <class 'sensor_msgs.msg._laser_scan.LaserScan'>) OK
[default_server_endpoint-1] [INFO] [1785155315.953635676] [unity_endpoint]: RegisterPublisher(/ground_truth_pose, <class 'nav_msgs.msg._odometry.Odometry'>) OK
[default_server_endpoint-1] [INFO] [1785155315.981919750] [unity_endpoint]: RegisterPublisher(/imu/data, <class 'sensor_msgs.msg._imu.Imu'>) OK
[backend_optimizer_node-3] [WARN] [1785155316.550998109] [backend_optimizer_node]: slow smoother update: 29.0ms (index 25)
[laser_scan_matching_node-4] [WARN] [1785155317.152952619] [laser_scan_matching_node]: IMU coverage wait exceeded 0.050s, processing scan with extrapolated tail
[laser_scan_matching_node-4] [INFO] [1785155320.621252480] [laser_scan_matching_node]: note rejection: 34/541 returns unexplained, 0 clusters -> 0 accepted, 0 points dropped (last extent=-1.0000m; gate <=0.350m, min 4 points)
[evaluator_node-6] [INFO] [1785155320.625915734] [unity_evaluator_node]: t=5.0s  直近5秒: pos_err mean=4.03mm max=8.22mm  samples=4401  detected_balls=0
[laser_scan_matching_node-4] [WARN] [1785155323.810680528] [laser_scan_matching_node]: IMU coverage wait exceeded 0.050s, processing scan with extrapolated tail
[laser_scan_matching_node-4] [INFO] [1785155325.778255647] [laser_scan_matching_node]: note rejection: 17/541 returns unexplained, 0 clusters -> 0 accepted, 0 points dropped (last extent=-1.0000m; gate <=0.350m, min 4 points)
[evaluator_node-6] [INFO] [1785155325.791570201] [unity_evaluator_node]: t=10.0s  直近5秒: pos_err mean=4.22mm max=6.16mm  samples=9065  detected_balls=0
[laser_scan_matching_node-4] [WARN] [1785155329.799226038] [laser_scan_matching_node]: IMU coverage wait exceeded 0.050s, processing scan with extrapolated tail
[evaluator_node-6] [INFO] [1785155330.898361646] [unity_evaluator_node]: t=15.0s  直近5秒: pos_err mean=7.59mm max=13.93mm  samples=14144  detected_balls=0
[laser_scan_matching_node-4] [INFO] [1785155330.928196285] [laser_scan_matching_node]: note rejection: 44/541 returns unexplained, 2 clusters -> 1 accepted, 4 points dropped (last extent=0.0712m; gate <=0.350m, min 4 points)
[backend_optimizer_node-3] [WARN] [1785155333.949345158] [backend_optimizer_node]: slow smoother update: 20.7ms (index 656)
[evaluator_node-6] [INFO] [1785155336.088310695] [unity_evaluator_node]: t=20.0s  直近5秒: pos_err mean=3.75mm max=9.31mm  samples=19034  detected_balls=0
[laser_scan_matching_node-4] [INFO] [1785155336.133977573] [laser_scan_matching_node]: note rejection: 26/541 returns unexplained, 0 clusters -> 0 accepted, 0 points dropped (last extent=-1.0000m; gate <=0.350m, min 4 points)
[evaluator_node-6] [INFO] [1785155341.268195464] [unity_evaluator_node]: t=25.0s  直近5秒: pos_err mean=2.37mm max=3.78mm  samples=23789  detected_balls=0
[laser_scan_matching_node-4] [INFO] [1785155341.345362574] [laser_scan_matching_node]: note rejection: 26/541 returns unexplained, 0 clusters -> 0 accepted, 0 points dropped (last extent=-1.0000m; gate <=0.350m, min 4 points)
[evaluator_node-6] [INFO] [1785155346.407141967] [unity_evaluator_node]: t=30.0s  直近5秒: pos_err mean=2.53mm max=4.29mm  samples=28649  detected_balls=0
[laser_scan_matching_node-4] [INFO] [1785155346.510452737] [laser_scan_matching_node]: note rejection: 25/541 returns unexplained, 0 clusters -> 0 accepted, 0 points dropped (last extent=-1.0000m; gate <=0.350m, min 4 points)
[backend_optimizer_node-3] [WARN] [1785155350.883792730] [backend_optimizer_node]: slow smoother update: 21.6ms (index 1284)
[evaluator_node-6] [INFO] [1785155351.558600717] [unity_evaluator_node]: t=35.0s  直近5秒: pos_err mean=2.27mm max=3.33mm  samples=33752  detected_balls=0
[laser_scan_matching_node-4] [INFO] [1785155351.643764901] [laser_scan_matching_node]: note rejection: 17/541 returns unexplained, 0 clusters -> 0 accepted, 0 points dropped (last extent=-1.0000m; gate <=0.350m, min 4 points)
[laser_scan_matching_node-4] [WARN] [1785155354.248595401] [laser_scan_matching_node]: IMU coverage wait exceeded 0.050s, processing scan with extrapolated tail
[evaluator_node-6] [INFO] [1785155356.681978348] [unity_evaluator_node]: t=40.0s  直近5秒: pos_err mean=2.41mm max=4.68mm  samples=38527  detected_balls=0
[laser_scan_matching_node-4] [INFO] [1785155356.824759334] [laser_scan_matching_node]: note rejection: 34/541 returns unexplained, 0 clusters -> 0 accepted, 0 points dropped (last extent=-1.0000m; gate <=0.350m, min 4 points)
[evaluator_node-6] [INFO] [1785155361.837875613] [unity_evaluator_node]: t=45.0s  直近5秒: pos_err mean=2.48mm max=4.58mm  samples=43320  detected_balls=0
[laser_scan_matching_node-4] [INFO] [1785155361.974992737] [laser_scan_matching_node]: note rejection: 20/541 returns unexplained, 0 clusters -> 0 accepted, 0 points dropped (last extent=-1.0000m; gate <=0.350m, min 4 points)
[evaluator_node-6] [INFO] [1785155367.025242961] [unity_evaluator_node]: t=50.0s  直近5秒: pos_err mean=2.30mm max=4.49mm  samples=48038  detected_balls=0
[laser_scan_matching_node-4] [INFO] [1785155367.211272365] [laser_scan_matching_node]: note rejection: 21/541 returns unexplained, 0 clusters -> 0 accepted, 0 points dropped (last extent=-1.0000m; gate <=0.350m, min 4 points)
[laser_scan_matching_node-4] [WARN] [1785155369.454138853] [laser_scan_matching_node]: IMU coverage wait exceeded 0.050s, processing scan with extrapolated tail
[evaluator_node-6] [INFO] [1785155372.153672828] [unity_evaluator_node]: t=55.0s  直近5秒: pos_err mean=2.50mm max=3.79mm  samples=52837  detected_balls=0
[laser_scan_matching_node-4] [INFO] [1785155372.339135445] [laser_scan_matching_node]: note rejection: 24/541 returns unexplained, 0 clusters -> 0 accepted, 0 points dropped (last extent=-1.0000m; gate <=0.350m, min 4 points)
[evaluator_node-6] [INFO] [1785155377.273931735] [unity_evaluator_node]: t=60.0s  直近5秒: pos_err mean=2.48mm max=3.78mm  samples=57893  detected_balls=0
[evaluator_node-6] [INFO] [1785155377.276491774] [unity_evaluator_node]: === 評価終了、集計します ===
[laser_scan_matching_node-4] [INFO] [1785155377.513784543] [laser_scan_matching_node]: note rejection: 25/541 returns unexplained, 0 clusters -> 0 accepted, 0 points dropped (last extent=-1.0000m; gate <=0.350m, min 4 points)
[evaluator_node-6] [INFO] [1785155377.732371833] [unity_evaluator_node]: 
[evaluator_node-6] ============================================================
[evaluator_node-6] main.md 6-A-1 シミュレーション評価レポート
[evaluator_node-6] ============================================================
[evaluator_node-6] 総サンプル数: 57894  (定常区間 t>=3.0s: 55314)
[evaluator_node-6] 真値未着のまま評価できなかったサンプル: 0
[evaluator_node-6] 
[evaluator_node-6] --- 全体（要件A: 定常RMSE<=10mm, 最大位置誤差<=10mm） ---
[evaluator_node-6]   位置誤差: mean=3.21mm  RMSE=3.75mm  max=13.93mm
[evaluator_node-6]   ヨー誤差: mean=0.069deg  RMSE=0.107deg  max=0.419deg
[evaluator_node-6]   判定: 定常誤差(RMSE<=10mm) PASS / 最大位置誤差(<=10mm) FAIL
[evaluator_node-6] 
[evaluator_node-6] --- 高G旋回スピンバースト中 ---
[evaluator_node-6]   位置誤差: mean=nanmm  RMSE=nanmm  max=nanmm
[evaluator_node-6] 
[evaluator_node-6] --- ボール横切り中 vs 非横切り中 ---
[evaluator_node-6]   横切り中   : mean=nanmm  RMSE=nanmm  max=nanmm
[evaluator_node-6]   非横切り中 : mean=3.21mm  RMSE=3.75mm  max=13.93mm
[evaluator_node-6]   判定: ボール横切りによる自己位置無影響 PASS
[evaluator_node-6]   (参考) 横切り中の検出ボール数(最新): 0
[evaluator_node-6] ============================================================
[evaluator_node-6] [INFO] [1785155377.733753420] [unity_evaluator_node]: レポートを保存しました: /tmp/sim_eval_report.txt
[evaluator_node-6] [INFO] [1785155380.126049913] [unity_evaluator_node]: グラフを保存しました: /tmp/sim_eval_plot.png
[INFO] [evaluator_node-6]: process has finished cleanly [pid 259582]
[INFO] [ball_tracking_node-5]: sending signal 'SIGINT' to process[ball_tracking_node-5]
[INFO] [laser_scan_matching_node-4]: sending signal 'SIGINT' to process[laser_scan_matching_node-4]
[INFO] [backend_optimizer_node-3]: sending signal 'SIGINT' to process[backend_optimizer_node-3]
[INFO] [imu_preintegration_node-2]: sending signal 'SIGINT' to process[imu_preintegration_node-2]
[INFO] [default_server_endpoint-1]: sending signal 'SIGINT' to process[default_server_endpoint-1]
[ball_tracking_node-5] [INFO] [1785155380.906471594] [rclcpp]: signal_handler(signum=2)
[laser_scan_matching_node-4] [INFO] [1785155380.912006862] [rclcpp]: signal_handler(signum=2)
[backend_optimizer_node-3] [INFO] [1785155380.916832273] [rclcpp]: signal_handler(signum=2)
[imu_preintegration_node-2] [INFO] [1785155380.917029569] [rclcpp]: signal_handler(signum=2)
[default_server_endpoint-1] [INFO] [1785155380.960860148] [unity_endpoint]: Disconnected from 172.25.0.1
[default_server_endpoint-1] Exception in thread Thread-6:
[default_server_endpoint-1] Traceback (most recent call last):
[default_server_endpoint-1]   File "/usr/lib/python3.14/threading.py", line 1082, in _bootstrap_inner
[default_server_endpoint-1]     self._context.run(self.run)
[default_server_endpoint-1]     ~~~~~~~~~~~~~~~~~^^^^^^^^^^
[default_server_endpoint-1]   File "/home/yukichi6105/ros2_ws/build/ros_tcp_endpoint/ros_tcp_endpoint/client.py", line 216, in run
[default_server_endpoint-1]     ros_communicator.send(data)
[default_server_endpoint-1]     ~~~~~~~~~~~~~~~~~~~~~^^^^^^
[default_server_endpoint-1]   File "/home/yukichi6105/ros2_ws/build/ros_tcp_endpoint/ros_tcp_endpoint/publisher.py", line 57, in send
[default_server_endpoint-1]     self.pub.publish(data)
[default_server_endpoint-1]     ~~~~~~~~~~~~~~~~^^^^^^
[default_server_endpoint-1]   File "/opt/ros/lyrical/lib/python3.14/site-packages/rclpy/publisher.py", line 69, in publish
[default_server_endpoint-1]     self.__publisher.publish_raw(msg)
[default_server_endpoint-1]     ~~~~~~~~~~~~~~~~~~~~~~~~~~~~^^^^^
[default_server_endpoint-1] rclpy._rclpy_pybind11.RCLError: Failed to publish: publisher's context is invalid, at ./src/rcl/publisher.c:427
[INFO] [imu_preintegration_node-2]: process has finished cleanly [pid 259578]
[INFO] [laser_scan_matching_node-4]: process has finished cleanly [pid 259580]
[INFO] [ball_tracking_node-5]: process has finished cleanly [pid 259581]
[INFO] [backend_optimizer_node-3]: process has finished cleanly [pid 259579]
[INFO] [default_server_endpoint-1]: process has finished cleanly [pid 259515]
