[INFO] [launch]: All log files can be found below /home/yukichi6105/ros2_ws/src/lio_localization_sim/docs/stage4_runs/bag_replay_88s_imu_diag_20260729_r1/ros2_logs/2026-07-29-12-26-24-742648-fuku-pc-3942009
[INFO] [launch]: Default logging verbosity is set to INFO
[INFO] [default_server_endpoint-1]: process started with pid [3942144]
[default_server_endpoint-1] /opt/ros/lyrical/lib/python3.14/site-packages/rclpy/executors.py:1073: UserWarning: MultiThreadedExecutor is used with a single thread.
[default_server_endpoint-1] Use the SingleThreadedExecutor instead.
[default_server_endpoint-1]   warnings.warn(
[default_server_endpoint-1] [INFO] [1785295585.970491122] [unity_endpoint]: Starting server on 0.0.0.0:10000
[default_server_endpoint-1] [INFO] [1785295586.218709739] [unity_endpoint]: Connection from 127.0.0.1
[default_server_endpoint-1] [ERROR] [1785295586.220056152] [unity_endpoint]: Exception: No more data available
[default_server_endpoint-1] [INFO] [1785295586.220574458] [unity_endpoint]: Disconnected from 127.0.0.1
[default_server_endpoint-1] [INFO] [1785295586.326153819] [unity_endpoint]: Connection from 127.0.0.1
[default_server_endpoint-1] [ERROR] [1785295586.327362519] [unity_endpoint]: Exception: No more data available
[default_server_endpoint-1] [INFO] [1785295586.327847724] [unity_endpoint]: Disconnected from 127.0.0.1
[INFO] [imu_preintegration_node-2]: process started with pid [3942440]
[INFO] [backend_optimizer_node-3]: process started with pid [3942441]
[INFO] [laser_scan_matching_node-4]: process started with pid [3942442]
[INFO] [ball_tracking_node-5]: process started with pid [3942443]
[INFO] [evaluator_node-6]: process started with pid [3942444]
[ball_tracking_node-5] [INFO] [1785295590.148114330] [ball_tracking_node]: ball_tracking_node started
[imu_preintegration_node-2] [INFO] [1785295590.160981344] [imu_preintegration_node]: imu_preintegration_node started (waiting for first /state_estimate)
[laser_scan_matching_node-4] [INFO] [1785295590.177215498] [laser_scan_matching_node]: laser_scan_matching_node started (0 cylinders, 9 internal walls, field 5.572x3.310m, initial seed=(-2.419, 1.354, 0.000))
[backend_optimizer_node-3] [INFO] [1785295590.185247615] [backend_optimizer_node]: graph (re)initialized at X0=(-2.419, 1.354, 0.000) V0=(0.000, 0.000)
[backend_optimizer_node-3] [INFO] [1785295590.185753521] [backend_optimizer_node]: backend_optimizer_node started (0 cylinders registered)
[evaluator_node-6] [INFO] [1785295591.539339661] [unity_evaluator_node]: evaluator_node started: will run for 60.0s starting from the first /ground_truth_pose
[evaluator_node-6] [INFO] [1785295596.030099242] [unity_evaluator_node]: first ground truth received: measuring for 60.0s
[laser_scan_matching_node-4] [INFO] [1785295601.032828330] [laser_scan_matching_node]: note rejection: 32/541 returns unexplained, 0 clusters -> 0 accepted, 0 points dropped (last extent=-1.0000m; gate <=0.350m, min 4 points)
[evaluator_node-6] [INFO] [1785295601.036105899] [unity_evaluator_node]: t=5.0s  直近5秒: pos_err mean=3.94mm max=6.48mm  samples=4533  detected_balls=0
[laser_scan_matching_node-4] [INFO] [1785295606.034131485] [laser_scan_matching_node]: note rejection: 29/541 returns unexplained, 0 clusters -> 0 accepted, 0 points dropped (last extent=-1.0000m; gate <=0.350m, min 4 points)
[evaluator_node-6] [INFO] [1785295606.039323976] [unity_evaluator_node]: t=10.0s  直近5秒: pos_err mean=3.89mm max=5.19mm  samples=9686  detected_balls=0
[evaluator_node-6] [INFO] [1785295611.036963581] [unity_evaluator_node]: t=15.0s  直近5秒: pos_err mean=7.57mm max=11.95mm  samples=14797  detected_balls=0
[laser_scan_matching_node-4] [INFO] [1785295611.058716188] [laser_scan_matching_node]: note rejection: 55/541 returns unexplained, 3 clusters -> 2 accepted, 8 points dropped (last extent=0.0532m; gate <=0.350m, min 4 points)
[evaluator_node-6] [INFO] [1785295616.050944252] [unity_evaluator_node]: t=20.0s  直近5秒: pos_err mean=4.81mm max=11.33mm  samples=19677  detected_balls=0
[laser_scan_matching_node-4] [INFO] [1785295616.062258623] [laser_scan_matching_node]: note rejection: 55/541 returns unexplained, 2 clusters -> 1 accepted, 4 points dropped (last extent=0.0914m; gate <=0.350m, min 4 points)
[evaluator_node-6] [INFO] [1785295621.047940219] [unity_evaluator_node]: t=25.0s  直近5秒: pos_err mean=7.83mm max=12.18mm  samples=24646  detected_balls=0
[laser_scan_matching_node-4] [INFO] [1785295621.092700013] [laser_scan_matching_node]: note rejection: 35/541 returns unexplained, 0 clusters -> 0 accepted, 0 points dropped (last extent=-1.0000m; gate <=0.350m, min 4 points)
[evaluator_node-6] [INFO] [1785295626.046396163] [unity_evaluator_node]: t=30.0s  直近5秒: pos_err mean=6.92mm max=10.93mm  samples=29776  detected_balls=0
[laser_scan_matching_node-4] [INFO] [1785295626.092605301] [laser_scan_matching_node]: note rejection: 46/541 returns unexplained, 3 clusters -> 2 accepted, 9 points dropped (last extent=0.0643m; gate <=0.350m, min 4 points)
[evaluator_node-6] [INFO] [1785295631.047167974] [unity_evaluator_node]: t=35.0s  直近5秒: pos_err mean=4.72mm max=10.25mm  samples=34914  detected_balls=0
[laser_scan_matching_node-4] [INFO] [1785295631.112319804] [laser_scan_matching_node]: note rejection: 41/541 returns unexplained, 2 clusters -> 1 accepted, 4 points dropped (last extent=0.0565m; gate <=0.350m, min 4 points)
[evaluator_node-6] [INFO] [1785295636.045058069] [unity_evaluator_node]: t=40.0s  直近5秒: pos_err mean=7.74mm max=13.18mm  samples=40001  detected_balls=0
[laser_scan_matching_node-4] [INFO] [1785295636.132755270] [laser_scan_matching_node]: note rejection: 26/541 returns unexplained, 0 clusters -> 0 accepted, 0 points dropped (last extent=-1.0000m; gate <=0.350m, min 4 points)
[evaluator_node-6] [INFO] [1785295641.048852536] [unity_evaluator_node]: t=45.0s  直近5秒: pos_err mean=6.58mm max=10.83mm  samples=45074  detected_balls=0
[laser_scan_matching_node-4] [INFO] [1785295641.158811132] [laser_scan_matching_node]: note rejection: 46/541 returns unexplained, 3 clusters -> 3 accepted, 13 points dropped (last extent=0.1249m; gate <=0.350m, min 4 points)
[evaluator_node-6] [INFO] [1785295646.044308819] [unity_evaluator_node]: t=50.0s  直近5秒: pos_err mean=5.15mm max=10.67mm  samples=50092  detected_balls=0
[laser_scan_matching_node-4] [INFO] [1785295646.183008169] [laser_scan_matching_node]: note rejection: 42/541 returns unexplained, 1 clusters -> 0 accepted, 0 points dropped (last extent=0.6518m; gate <=0.350m, min 4 points)
[evaluator_node-6] [INFO] [1785295651.058883721] [unity_evaluator_node]: t=55.0s  直近5秒: pos_err mean=8.22mm max=11.65mm  samples=55192  detected_balls=0
[laser_scan_matching_node-4] [INFO] [1785295651.187388409] [laser_scan_matching_node]: note rejection: 32/541 returns unexplained, 0 clusters -> 0 accepted, 0 points dropped (last extent=-1.0000m; gate <=0.350m, min 4 points)
[backend_optimizer_node-3] [WARN] [1785295651.807374389] [backend_optimizer_node]: slow smoother update: 22.4ms (index 2215)
[evaluator_node-6] [INFO] [1785295656.057308347] [unity_evaluator_node]: t=60.0s  直近5秒: pos_err mean=6.50mm max=10.74mm  samples=58091  detected_balls=0
[evaluator_node-6] [INFO] [1785295656.058841916] [unity_evaluator_node]: === 評価終了、集計します ===
[laser_scan_matching_node-4] [INFO] [1785295656.214345854] [laser_scan_matching_node]: note rejection: 32/541 returns unexplained, 3 clusters -> 3 accepted, 14 points dropped (last extent=0.0686m; gate <=0.350m, min 4 points)
[evaluator_node-6] [INFO] [1785295656.582565456] [unity_evaluator_node]: 
[evaluator_node-6] ============================================================
[evaluator_node-6] main.md 6-A-1 シミュレーション評価レポート
[evaluator_node-6] ============================================================
[evaluator_node-6] 総サンプル数: 58091  (定常区間 t>=3.0s: 55604)
[evaluator_node-6] 真値未着のまま評価できなかったサンプル: 0
[evaluator_node-6] 
[evaluator_node-6] --- 全体（要件A: 定常RMSE<=10mm, 最大位置誤差<=10mm） ---
[evaluator_node-6]   位置誤差: mean=6.26mm  RMSE=6.95mm  max=13.18mm
[evaluator_node-6]   ヨー誤差: mean=0.173deg  RMSE=0.208deg  max=0.451deg
[evaluator_node-6]   判定: 定常誤差(RMSE<=10mm) PASS / 最大位置誤差(<=10mm) FAIL
[evaluator_node-6] 
[evaluator_node-6] --- 高G旋回スピンバースト中 ---
[evaluator_node-6]   位置誤差: mean=nanmm  RMSE=nanmm  max=nanmm
[evaluator_node-6] 
[evaluator_node-6] --- ボール横切り中 vs 非横切り中 ---
[evaluator_node-6]   横切り中   : mean=nanmm  RMSE=nanmm  max=nanmm
[evaluator_node-6]   非横切り中 : mean=6.26mm  RMSE=6.95mm  max=13.18mm
[evaluator_node-6]   判定: ボール横切りによる自己位置無影響 PASS
[evaluator_node-6]   (参考) 横切り中の検出ボール数(最新): 0
[evaluator_node-6] ============================================================
[evaluator_node-6] [INFO] [1785295656.595198923] [unity_evaluator_node]: レポートを保存しました: /tmp/sim_eval_report.txt
[evaluator_node-6] [INFO] [1785295659.780891575] [unity_evaluator_node]: グラフを保存しました: /tmp/sim_eval_plot.png
[backend_optimizer_node-3] [ERROR] [1785295660.035911363] [backend_optimizer_node]: IMU signal LOST (no IMU for 2.01s > 2.00s). Self-localization is the dead-reckoning backbone and cannot continue without it: entering FAIL-SAFE HALT (freezing estimate, no further graph updates).
[imu_preintegration_node-2] [ERROR] [1785295660.061263427] [imu_preintegration_node]: IMU signal LOST (no IMU for 2.03s > 2.00s): stopping /odom_fast. IMU is the dead-reckoning backbone; recovery is not possible, restart required.
[INFO] [evaluator_node-6]: process has finished cleanly [pid 3942444]
[INFO] [ball_tracking_node-5]: sending signal 'SIGINT' to process[ball_tracking_node-5]
[INFO] [laser_scan_matching_node-4]: sending signal 'SIGINT' to process[laser_scan_matching_node-4]
[INFO] [backend_optimizer_node-3]: sending signal 'SIGINT' to process[backend_optimizer_node-3]
[INFO] [imu_preintegration_node-2]: sending signal 'SIGINT' to process[imu_preintegration_node-2]
[INFO] [default_server_endpoint-1]: sending signal 'SIGINT' to process[default_server_endpoint-1]
[ball_tracking_node-5] [INFO] [1785295660.556182111] [rclcpp]: signal_handler(signum=2)
[laser_scan_matching_node-4] [INFO] [1785295660.557320768] [rclcpp]: signal_handler(signum=2)
[backend_optimizer_node-3] [INFO] [1785295660.568470659] [rclcpp]: signal_handler(signum=2)
[backend_optimizer_node-3] [INFO] [1785295660.569972341] [backend_optimizer_node]: backend concurrency stats: imu_callbacks=62001, during_worker=4807 (7.8%), during_smoother=3574 (5.8%), callback_gap_max=156.298ms, gaps>2ms=3721, gaps>10ms=164; stamp_gap_max=1.000ms, gaps>1ms=0; queue_lock_wait_max=9.747ms, waits>2ms=19; callback_duration_max=23.163ms, durations>2ms=66; worker_jobs=2445 mean/max=2.256/37.089ms; smoother_updates=2445 mean/max=1.605/22.402ms
[imu_preintegration_node-2] [INFO] [1785295660.572235480] [rclcpp]: signal_handler(signum=2)
[INFO] [backend_optimizer_node-3]: process has finished cleanly [pid 3942441]
[INFO] [laser_scan_matching_node-4]: process has finished cleanly [pid 3942442]
[INFO] [ball_tracking_node-5]: process has finished cleanly [pid 3942443]
[INFO] [imu_preintegration_node-2]: process has finished cleanly [pid 3942440]
[ERROR] [default_server_endpoint-1]: process[default_server_endpoint-1] failed to terminate '5' seconds after receiving 'SIGINT', escalating to 'SIGTERM'
[INFO] [default_server_endpoint-1]: sending signal 'SIGTERM' to process[default_server_endpoint-1]
[INFO] [default_server_endpoint-1]: process has finished cleanly [pid 3942144]
