[INFO] [1785155936.641698578] [laser_scan_matching_node]: laser_scan_matching_node started (0 cylinders, 9 internal walls, field 5.572x3.310m, initial seed=(-2.419, 1.354, 0.000))
[WARN] [1785155965.887260210] [laser_scan_matching_node]: IMU coverage wait exceeded 0.050s, processing scan with extrapolated tail
[WARN] [1785155967.389027185] [laser_scan_matching_node]: IMU coverage wait exceeded 0.050s, processing scan with extrapolated tail
[INFO] [1785155968.989256002] [laser_scan_matching_node]: note rejection: 34/541 returns unexplained, 0 clusters -> 0 accepted, 0 points dropped (last extent=-1.0000m; gate <=0.350m, min 4 points)
[WARN] [1785155971.452188260] [laser_scan_matching_node]: IMU coverage wait exceeded 0.050s, processing scan with extrapolated tail
[INFO] [1785155974.095106528] [laser_scan_matching_node]: note rejection: 18/541 returns unexplained, 1 clusters -> 1 accepted, 4 points dropped (last extent=0.1467m; gate <=0.350m, min 4 points)
[INFO] [1785155979.223822482] [laser_scan_matching_node]: note rejection: 41/541 returns unexplained, 1 clusters -> 0 accepted, 0 points dropped (last extent=1.0661m; gate <=0.350m, min 4 points)
[INFO] [1785155984.426360109] [laser_scan_matching_node]: note rejection: 26/541 returns unexplained, 0 clusters -> 0 accepted, 0 points dropped (last extent=-1.0000m; gate <=0.350m, min 4 points)
[INFO] [1785155989.505482874] [laser_scan_matching_node]: note rejection: 23/541 returns unexplained, 0 clusters -> 0 accepted, 0 points dropped (last extent=-1.0000m; gate <=0.350m, min 4 points)
[WARN] [1785155989.969809407] [laser_scan_matching_node]: IMU coverage wait exceeded 0.050s, processing scan with extrapolated tail
[INFO] [1785155994.701833524] [laser_scan_matching_node]: note rejection: 24/541 returns unexplained, 0 clusters -> 0 accepted, 0 points dropped (last extent=-1.0000m; gate <=0.350m, min 4 points)
[WARN] [1785155999.850109770] [laser_scan_matching_node]: IMU coverage wait exceeded 0.050s, processing scan with extrapolated tail
[INFO] [1785155999.857081804] [laser_scan_matching_node]: note rejection: 37/541 returns unexplained, 0 clusters -> 0 accepted, 0 points dropped (last extent=-1.0000m; gate <=0.350m, min 4 points)
[INFO] [1785156005.032125473] [laser_scan_matching_node]: note rejection: 32/541 returns unexplained, 0 clusters -> 0 accepted, 0 points dropped (last extent=-1.0000m; gate <=0.350m, min 4 points)
[INFO] [1785156010.206183156] [laser_scan_matching_node]: note rejection: 21/541 returns unexplained, 0 clusters -> 0 accepted, 0 points dropped (last extent=-1.0000m; gate <=0.350m, min 4 points)
[INFO] [1785156015.361038570] [laser_scan_matching_node]: note rejection: 21/541 returns unexplained, 0 clusters -> 0 accepted, 0 points dropped (last extent=-1.0000m; gate <=0.350m, min 4 points)
[INFO] [1785156020.522508416] [laser_scan_matching_node]: note rejection: 22/541 returns unexplained, 0 clusters -> 0 accepted, 0 points dropped (last extent=-1.0000m; gate <=0.350m, min 4 points)
[WARN] [1785156022.716949075] [laser_scan_matching_node]: IMU coverage wait exceeded 0.050s, processing scan with extrapolated tail
[INFO] [1785156025.745232919] [laser_scan_matching_node]: note rejection: 28/541 returns unexplained, 0 clusters -> 0 accepted, 0 points dropped (last extent=-1.0000m; gate <=0.350m, min 4 points)
[WARN] [1785156027.474729388] [laser_scan_matching_node]: IMU coverage wait exceeded 0.050s, processing scan with extrapolated tail
[WARN] [1785156028.462781179] [laser_scan_matching_node]: IMU coverage wait exceeded 0.050s, processing scan with extrapolated tail
[INFO] [1785156028.875118143] [rclcpp]: signal_handler(signum=2)
