[INFO] [1785262666.793578963] [laser_scan_matching_node]: laser_scan_matching_node started (0 cylinders, 9 internal walls, field 5.572x3.310m, initial seed=(-2.419, 1.354, 0.000))
[WARN] [1785262697.743605444] [laser_scan_matching_node]: IMU coverage wait exceeded 0.050s, processing scan with extrapolated tail
[WARN] [1785262699.169516303] [laser_scan_matching_node]: IMU coverage wait exceeded 0.050s, processing scan with extrapolated tail
[INFO] [1785262703.768444944] [laser_scan_matching_node]: note rejection: 32/541 returns unexplained, 0 clusters -> 0 accepted, 0 points dropped (last extent=-1.0000m; gate <=0.350m, min 4 points)
[WARN] [1785262705.424995419] [laser_scan_matching_node]: IMU coverage wait exceeded 0.050s, processing scan with extrapolated tail
[INFO] [1785262711.060435475] [laser_scan_matching_node]: note rejection: 23/541 returns unexplained, 0 clusters -> 0 accepted, 0 points dropped (last extent=-1.0000m; gate <=0.350m, min 4 points)
[WARN] [1785262712.189693634] [laser_scan_matching_node]: IMU coverage wait exceeded 0.050s, processing scan with extrapolated tail
[INFO] [1785262716.521053993] [laser_scan_matching_node]: note rejection: 79/541 returns unexplained, 3 clusters -> 3 accepted, 52 points dropped (last extent=0.1055m; gate <=0.350m, min 4 points)
[WARN] [1785262717.937592453] [laser_scan_matching_node]: IMU coverage wait exceeded 0.050s, processing scan with extrapolated tail
[WARN] [1785262720.048049532] [laser_scan_matching_node]: IMU coverage wait exceeded 0.050s, processing scan with extrapolated tail
[INFO] [1785262721.689254136] [laser_scan_matching_node]: note rejection: 18/541 returns unexplained, 0 clusters -> 0 accepted, 0 points dropped (last extent=-1.0000m; gate <=0.350m, min 4 points)
[INFO] [1785262726.935218682] [laser_scan_matching_node]: note rejection: 42/541 returns unexplained, 1 clusters -> 0 accepted, 0 points dropped (last extent=1.2229m; gate <=0.350m, min 4 points)
[INFO] [1785262732.291619931] [laser_scan_matching_node]: note rejection: 74/541 returns unexplained, 3 clusters -> 3 accepted, 49 points dropped (last extent=0.0896m; gate <=0.350m, min 4 points)
[INFO] [1785262737.930661620] [laser_scan_matching_node]: note rejection: 40/541 returns unexplained, 1 clusters -> 0 accepted, 0 points dropped (last extent=1.0889m; gate <=0.350m, min 4 points)
[INFO] [1785262743.151096369] [laser_scan_matching_node]: note rejection: 45/541 returns unexplained, 4 clusters -> 4 accepted, 22 points dropped (last extent=0.0719m; gate <=0.350m, min 4 points)
[INFO] [1785262748.802775166] [laser_scan_matching_node]: note rejection: 30/541 returns unexplained, 0 clusters -> 0 accepted, 0 points dropped (last extent=-1.0000m; gate <=0.350m, min 4 points)
[INFO] [1785262754.229553473] [laser_scan_matching_node]: note rejection: 31/541 returns unexplained, 0 clusters -> 0 accepted, 0 points dropped (last extent=-1.0000m; gate <=0.350m, min 4 points)
[INFO] [1785262759.965606290] [laser_scan_matching_node]: note rejection: 49/541 returns unexplained, 1 clusters -> 0 accepted, 0 points dropped (last extent=1.0583m; gate <=0.350m, min 4 points)
[INFO] [1785262765.692828198] [laser_scan_matching_node]: note rejection: 32/541 returns unexplained, 1 clusters -> 1 accepted, 10 points dropped (last extent=0.0965m; gate <=0.350m, min 4 points)
[WARN] [1785262766.946054577] [laser_scan_matching_node]: IMU coverage wait exceeded 0.050s, processing scan with extrapolated tail
[INFO] [1785262769.528280855] [rclcpp]: signal_handler(signum=2)
