[INFO] [1785480372.245407911] [realtime_evaluator_node]: C++ realtime evaluator started: measuring 90.0s from first ground truth
[INFO] [1785480402.574057828] [realtime_evaluator_node]: first ground truth received; measurement window started
[INFO] [1785480406.955696720] [realtime_evaluator_node]: t=5.0s  recent 5s: pos_err mean=0.29mm max=2.41mm samples=4963 balls=0
[INFO] [1785480412.060245715] [realtime_evaluator_node]: t=10.0s  recent 5s: pos_err mean=0.28mm max=0.81mm samples=10118 balls=0
[INFO] [1785480417.152794879] [realtime_evaluator_node]: t=15.0s  recent 5s: pos_err mean=0.52mm max=1.16mm samples=15310 balls=0
[INFO] [1785480422.303208129] [realtime_evaluator_node]: t=20.0s  recent 5s: pos_err mean=1.21mm max=4.16mm samples=20525 balls=0
[INFO] [1785480427.447863126] [realtime_evaluator_node]: t=25.0s  recent 5s: pos_err mean=0.70mm max=1.43mm samples=25721 balls=0
[INFO] [1785480432.588458312] [realtime_evaluator_node]: t=30.0s  recent 5s: pos_err mean=0.71mm max=1.21mm samples=30916 balls=0
[INFO] [1785480437.755037923] [realtime_evaluator_node]: t=35.0s  recent 5s: pos_err mean=1.33mm max=4.09mm samples=36105 balls=0
[INFO] [1785480442.840329033] [realtime_evaluator_node]: t=40.0s  recent 5s: pos_err mean=0.66mm max=1.66mm samples=41275 balls=0
[INFO] [1785480447.978964607] [realtime_evaluator_node]: t=45.0s  recent 5s: pos_err mean=0.63mm max=1.49mm samples=46475 balls=0
[INFO] [1785480453.695757836] [realtime_evaluator_node]: t=50.0s  recent 5s: pos_err mean=1.38mm max=3.06mm samples=51668 balls=0
[INFO] [1785480458.859268191] [realtime_evaluator_node]: t=55.0s  recent 5s: pos_err mean=0.71mm max=2.11mm samples=56853 balls=0
[INFO] [1785480464.063558967] [realtime_evaluator_node]: t=60.0s  recent 5s: pos_err mean=0.54mm max=1.13mm samples=62050 balls=0
[INFO] [1785480469.223128106] [realtime_evaluator_node]: t=65.0s  recent 5s: pos_err mean=1.37mm max=3.06mm samples=67271 balls=0
[INFO] [1785480474.506871058] [realtime_evaluator_node]: t=70.0s  recent 5s: pos_err mean=0.72mm max=1.92mm samples=72470 balls=0
[INFO] [1785480479.670600701] [realtime_evaluator_node]: t=75.0s  recent 5s: pos_err mean=0.63mm max=1.19mm samples=77671 balls=0
[INFO] [1785480484.913777529] [realtime_evaluator_node]: t=80.0s  recent 5s: pos_err mean=1.43mm max=2.71mm samples=82858 balls=0
[INFO] [1785480490.054653281] [realtime_evaluator_node]: t=85.0s  recent 5s: pos_err mean=0.71mm max=1.77mm samples=88040 balls=0
[INFO] [1785480495.236229565] [realtime_evaluator_node]: t=90.0s  recent 5s: pos_err mean=0.62mm max=1.80mm samples=93240 balls=0
[INFO] [1785480495.244776912] [realtime_evaluator_node]: 
============================================================
main.md 6-A-1 シミュレーション評価レポート (C++ realtime evaluator)
============================================================
総サンプル数: 93240  (定常区間 t>=3.0s: 90321)
真値未着のまま評価できなかったサンプル: 0

--- 全体（要件A: 定常RMSE<=10mm, 最大位置誤差<=10mm） ---
  位置誤差: mean=0.82mm  RMSE=1.02mm  max=4.16mm
  ヨー誤差: mean=0.137deg  RMSE=0.165deg  max=0.468deg
  判定: 定常誤差(RMSE<=10mm) PASS / 最大位置誤差(<=10mm) PASS

--- 高G旋回スピンバースト中 ---
  位置誤差: mean=nanmm  RMSE=nanmm  max=nanmm

--- ボール横切り中 vs 非横切り中 ---
  横切り中   : mean=nanmm  RMSE=nanmm  max=nanmm
  非横切り中 : mean=nanmm  RMSE=nanmm  max=nanmm
  判定: ボール横切りによる自己位置無影響 PASS
  (参考) 横切り中の検出ボール数(最新): 0
============================================================

[INFO] [1785480495.419548808] [realtime_evaluator_node]: Saved report and raw error CSV in /home/yukichi6105/ros2_ws/src/lio_localization_sim/docs/stage4_runs/phase0_baseline_v2_20260731
