[INFO] [1785309257.182923746] [unity_evaluator_node]: C++ realtime evaluator started: measuring 60.0s from first ground truth
[INFO] [1785309277.957785784] [unity_evaluator_node]: first ground truth received; measurement window started
[INFO] [1785309282.957527523] [unity_evaluator_node]: t=5.0s  recent 5s: pos_err mean=4.07mm max=8.59mm samples=5171 balls=0
[INFO] [1785309287.957672581] [unity_evaluator_node]: t=10.0s  recent 5s: pos_err mean=3.92mm max=5.24mm samples=10372 balls=0
[INFO] [1785309292.957508995] [unity_evaluator_node]: t=15.0s  recent 5s: pos_err mean=6.16mm max=10.56mm samples=15562 balls=0
[INFO] [1785309297.957656547] [unity_evaluator_node]: t=20.0s  recent 5s: pos_err mean=4.14mm max=10.93mm samples=20762 balls=0
[INFO] [1785309302.957664563] [unity_evaluator_node]: t=25.0s  recent 5s: pos_err mean=6.65mm max=10.06mm samples=25962 balls=0
[INFO] [1785309307.957571468] [unity_evaluator_node]: t=30.0s  recent 5s: pos_err mean=5.39mm max=8.27mm samples=31162 balls=0
[INFO] [1785309312.957983484] [unity_evaluator_node]: t=35.0s  recent 5s: pos_err mean=4.11mm max=9.45mm samples=36372 balls=0
[INFO] [1785309317.957716771] [unity_evaluator_node]: t=40.0s  recent 5s: pos_err mean=6.75mm max=10.87mm samples=41562 balls=0
[INFO] [1785309322.957543759] [unity_evaluator_node]: t=45.0s  recent 5s: pos_err mean=5.25mm max=8.07mm samples=46762 balls=0
[INFO] [1785309327.957635766] [unity_evaluator_node]: t=50.0s  recent 5s: pos_err mean=4.50mm max=10.19mm samples=51962 balls=0
[INFO] [1785309332.957669302] [unity_evaluator_node]: t=55.0s  recent 5s: pos_err mean=6.89mm max=9.40mm samples=57162 balls=0
[INFO] [1785309337.957650320] [unity_evaluator_node]: t=60.0s  recent 5s: pos_err mean=5.38mm max=8.05mm samples=62372 balls=0
[INFO] [1785309337.962687239] [unity_evaluator_node]: 
============================================================
main.md 6-A-1 シミュレーション評価レポート (C++ realtime evaluator)
============================================================
総サンプル数: 62372  (定常区間 t>=3.0s: 59281)
真値未着のまま評価できなかったサンプル: 0

--- 全体（要件A: 定常RMSE<=10mm, 最大位置誤差<=10mm） ---
  位置誤差: mean=5.33mm  RMSE=5.80mm  max=10.93mm
  ヨー誤差: mean=0.123deg  RMSE=0.150deg  max=0.329deg
  判定: 定常誤差(RMSE<=10mm) PASS / 最大位置誤差(<=10mm) FAIL

--- 高G旋回スピンバースト中 ---
  位置誤差: mean=nanmm  RMSE=nanmm  max=nanmm

--- ボール横切り中 vs 非横切り中 ---
  横切り中   : mean=nanmm  RMSE=nanmm  max=nanmm
  非横切り中 : mean=nanmm  RMSE=nanmm  max=nanmm
  判定: ボール横切りによる自己位置無影響 PASS
  (参考) 横切り中の検出ボール数(最新): 0
============================================================

[INFO] [1785309338.097181690] [unity_evaluator_node]: Saved report and raw error CSV in /tmp
