[INFO] [1785154980.456763020] [unity_evaluator_node]: evaluator_node started: will run for 60.0s starting from the first /ground_truth_pose
[INFO] [1785155013.937456770] [unity_evaluator_node]: first ground truth received: measuring for 60.0s
[INFO] [1785155018.683198337] [unity_evaluator_node]: t=5.0s  直近5秒: pos_err mean=4.08mm max=9.51mm  samples=4438  detected_balls=0
[INFO] [1785155023.824894128] [unity_evaluator_node]: t=10.0s  直近5秒: pos_err mean=4.11mm max=5.99mm  samples=9149  detected_balls=0
[INFO] [1785155028.948934819] [unity_evaluator_node]: t=15.0s  直近5秒: pos_err mean=7.05mm max=12.33mm  samples=13757  detected_balls=0
[INFO] [1785155034.087805556] [unity_evaluator_node]: t=20.0s  直近5秒: pos_err mean=5.16mm max=12.30mm  samples=18390  detected_balls=0
[INFO] [1785155039.207328751] [unity_evaluator_node]: t=25.0s  直近5秒: pos_err mean=2.26mm max=3.57mm  samples=23103  detected_balls=0
[INFO] [1785155044.383574995] [unity_evaluator_node]: t=30.0s  直近5秒: pos_err mean=2.38mm max=3.93mm  samples=27707  detected_balls=0
[INFO] [1785155049.571251405] [unity_evaluator_node]: t=35.0s  直近5秒: pos_err mean=2.18mm max=3.07mm  samples=32774  detected_balls=0
[INFO] [1785155054.718087808] [unity_evaluator_node]: t=40.0s  直近5秒: pos_err mean=2.36mm max=4.38mm  samples=37872  detected_balls=0
[INFO] [1785155059.857065724] [unity_evaluator_node]: t=45.0s  直近5秒: pos_err mean=2.48mm max=4.22mm  samples=42837  detected_balls=0
[INFO] [1785155065.025808725] [unity_evaluator_node]: t=50.0s  直近5秒: pos_err mean=2.23mm max=4.10mm  samples=47625  detected_balls=0
[INFO] [1785155070.213333110] [unity_evaluator_node]: t=55.0s  直近5秒: pos_err mean=2.44mm max=3.44mm  samples=52304  detected_balls=0
[INFO] [1785155075.340650077] [unity_evaluator_node]: t=60.0s  直近5秒: pos_err mean=2.40mm max=3.49mm  samples=57000  detected_balls=0
[INFO] [1785155075.341652550] [unity_evaluator_node]: === 評価終了、集計します ===
[INFO] [1785155075.780102688] [unity_evaluator_node]: 
============================================================
main.md 6-A-1 シミュレーション評価レポート
============================================================
総サンプル数: 57000  (定常区間 t>=3.0s: 54408)
真値未着のまま評価できなかったサンプル: 0

--- 全体（要件A: 定常RMSE<=10mm, 最大位置誤差<=10mm） ---
  位置誤差: mean=3.18mm  RMSE=3.74mm  max=12.33mm
  ヨー誤差: mean=0.067deg  RMSE=0.101deg  max=0.401deg
  判定: 定常誤差(RMSE<=10mm) PASS / 最大位置誤差(<=10mm) FAIL

--- 高G旋回スピンバースト中 ---
  位置誤差: mean=nanmm  RMSE=nanmm  max=nanmm

--- ボール横切り中 vs 非横切り中 ---
  横切り中   : mean=nanmm  RMSE=nanmm  max=nanmm
  非横切り中 : mean=3.18mm  RMSE=3.74mm  max=12.33mm
  判定: ボール横切りによる自己位置無影響 PASS
  (参考) 横切り中の検出ボール数(最新): 0
============================================================
[INFO] [1785155075.781690783] [unity_evaluator_node]: レポートを保存しました: /tmp/sim_eval_report.txt
[INFO] [1785155078.290965878] [unity_evaluator_node]: グラフを保存しました: /tmp/sim_eval_plot.png
