[INFO] [1785396841.907513382] [laser_scan_matching_node]: laser_scan_matching_node started (0 cylinders, 9 internal walls, field 5.572x3.310m, initial seed=(-2.419, 1.354, 0.000))
[INFO] [1785396874.793104444] [laser_scan_matching_node]: note rejection: 0/541 returns unexplained, 0 clusters -> 0 accepted, 0 points dropped (last extent=-1.0000m; extent gate <=0.350m, adjacent gap <=0.100m, min 4 points)
[WARN] [1785396876.614049036] [laser_scan_matching_node]: IMU coverage wait exceeded 0.050s, processing scan with extrapolated tail
[INFO] [1785396880.478043897] [laser_scan_matching_node]: note rejection: 0/541 returns unexplained, 0 clusters -> 0 accepted, 0 points dropped (last extent=-1.0000m; extent gate <=0.350m, adjacent gap <=0.100m, min 4 points)
[WARN] [1785396881.592193574] [laser_scan_matching_node]: IMU coverage wait exceeded 0.050s, processing scan with extrapolated tail
[WARN] [1785396883.634549924] [laser_scan_matching_node]: IMU coverage wait exceeded 0.050s, processing scan with extrapolated tail
[WARN] [1785396885.283200879] [laser_scan_matching_node]: IMU coverage wait exceeded 0.050s, processing scan with extrapolated tail
[INFO] [1785396885.774934813] [laser_scan_matching_node]: note rejection: 17/541 returns unexplained, 1 clusters -> 1 accepted, 4 points dropped (last extent=0.0605m; extent gate <=0.350m, adjacent gap <=0.100m, min 4 points)
[WARN] [1785396890.298295134] [laser_scan_matching_node]: IMU coverage wait exceeded 0.050s, processing scan with extrapolated tail
[INFO] [1785396891.038481338] [laser_scan_matching_node]: note rejection: 21/541 returns unexplained, 4 clusters -> 4 accepted, 16 points dropped (last extent=0.0513m; extent gate <=0.350m, adjacent gap <=0.100m, min 4 points)
[WARN] [1785396893.512029576] [laser_scan_matching_node]: IMU coverage wait exceeded 0.050s, processing scan with extrapolated tail
[INFO] [1785396896.382020940] [laser_scan_matching_node]: note rejection: 0/541 returns unexplained, 0 clusters -> 0 accepted, 0 points dropped (last extent=-1.0000m; extent gate <=0.350m, adjacent gap <=0.100m, min 4 points)
[INFO] [1785396901.613093399] [laser_scan_matching_node]: note rejection: 23/541 returns unexplained, 4 clusters -> 4 accepted, 17 points dropped (last extent=0.0662m; extent gate <=0.350m, adjacent gap <=0.100m, min 4 points)
[WARN] [1785396902.047014975] [laser_scan_matching_node]: IMU coverage wait exceeded 0.050s, processing scan with extrapolated tail
[INFO] [1785396906.913163645] [laser_scan_matching_node]: note rejection: 21/541 returns unexplained, 4 clusters -> 4 accepted, 17 points dropped (last extent=0.0621m; extent gate <=0.350m, adjacent gap <=0.100m, min 4 points)
[INFO] [1785396912.111286417] [laser_scan_matching_node]: note rejection: 0/541 returns unexplained, 0 clusters -> 0 accepted, 0 points dropped (last extent=-1.0000m; extent gate <=0.350m, adjacent gap <=0.100m, min 4 points)
[INFO] [1785396917.442896750] [laser_scan_matching_node]: note rejection: 18/541 returns unexplained, 2 clusters -> 2 accepted, 8 points dropped (last extent=0.0609m; extent gate <=0.350m, adjacent gap <=0.100m, min 4 points)
[INFO] [1785396922.697450083] [laser_scan_matching_node]: note rejection: 23/541 returns unexplained, 5 clusters -> 5 accepted, 20 points dropped (last extent=0.0569m; extent gate <=0.350m, adjacent gap <=0.100m, min 4 points)
[WARN] [1785396924.714533682] [laser_scan_matching_node]: IMU coverage wait exceeded 0.050s, processing scan with extrapolated tail
[INFO] [1785396927.848432310] [laser_scan_matching_node]: note rejection: 0/541 returns unexplained, 0 clusters -> 0 accepted, 0 points dropped (last extent=-1.0000m; extent gate <=0.350m, adjacent gap <=0.100m, min 4 points)
[WARN] [1785396928.721991801] [laser_scan_matching_node]: IMU coverage wait exceeded 0.050s, processing scan with extrapolated tail
[INFO] [1785396933.207392436] [laser_scan_matching_node]: note rejection: 23/541 returns unexplained, 4 clusters -> 4 accepted, 17 points dropped (last extent=0.0607m; extent gate <=0.350m, adjacent gap <=0.100m, min 4 points)
[INFO] [1785396933.332023619] [rclcpp]: signal_handler(signum=2)
