[INFO] [launch]: All log files can be found below /home/yukichi6105/ros2_ws/src/lio_localization_sim/docs/stage4_runs/unity_direct_with_yaw_rotation_yawgate070_20260730_r1/ros2_logs/2026-07-30-19-31-56-310475-fuku-pc-803420
[INFO] [launch]: Default logging verbosity is set to INFO
[INFO] [default_server_endpoint-1]: process started with pid [803443]
[default_server_endpoint-1] /opt/ros/lyrical/lib/python3.14/site-packages/rclpy/executors.py:1073: UserWarning: MultiThreadedExecutor is used with a single thread.
[default_server_endpoint-1] Use the SingleThreadedExecutor instead.
[default_server_endpoint-1]   warnings.warn(
[default_server_endpoint-1] [INFO] [1785407516.732696609] [unity_endpoint]: Starting server on 0.0.0.0:10000
[INFO] [imu_preintegration_node-2]: process started with pid [803685]
[INFO] [backend_optimizer_node-3]: process started with pid [803686]
[INFO] [laser_scan_matching_node-4]: process started with pid [803687]
[INFO] [nice-5]: process started with pid [803688]
[INFO] [nice-6]: process started with pid [803689]
[laser_scan_matching_node-4] [INFO] [1785407521.458849541] [laser_scan_matching_node]: laser_scan_matching_node started (0 cylinders, 9 internal walls, field 5.572x3.310m, initial seed=(-2.419, 1.354, 0.000))
[nice-6] [INFO] [1785407521.466486186] [unity_evaluator_node]: C++ realtime evaluator started: measuring 60.0s from first ground truth
[imu_preintegration_node-2] [INFO] [1785407521.472765313] [imu_preintegration_node]: imu_preintegration_node started (waiting for first /state_estimate)
[backend_optimizer_node-3] [INFO] [1785407521.476505426] [backend_optimizer_node]: graph (re)initialized at X0=(-2.419, 1.354, 0.000) V0=(0.000, 0.000)
[backend_optimizer_node-3] [INFO] [1785407521.477395178] [backend_optimizer_node]: backend_optimizer_node started (0 cylinders registered)
[nice-5] [INFO] [1785407521.480760336] [ball_tracking_node]: ball_tracking_node started
[default_server_endpoint-1] [INFO] [1785407547.622082825] [unity_endpoint]: Connection from 127.0.0.1
[default_server_endpoint-1] [WARN] [1785407547.658661540] [rcl.logging_rosout]: Publisher already registered for node name: 'unity_endpoint'. If this is due to multiple nodes with the same name then all logs for the logger named 'unity_endpoint' will go out over the existing publisher. As soon as any node with that name is destructed it will unregister the publisher, preventing any further logs for that name from being published on the rosout topic.
[default_server_endpoint-1] [INFO] [1785407547.901628427] [unity_endpoint]: RegisterSubscriber(/odom_fast, <class 'nav_msgs.msg._odometry.Odometry'>) OK
[default_server_endpoint-1] [WARN] [1785407547.910310249] [rcl.logging_rosout]: Publisher already registered for node name: 'unity_endpoint'. If this is due to multiple nodes with the same name then all logs for the logger named 'unity_endpoint' will go out over the existing publisher. As soon as any node with that name is destructed it will unregister the publisher, preventing any further logs for that name from being published on the rosout topic.
[default_server_endpoint-1] [INFO] [1785407547.930210109] [unity_endpoint]: RegisterSubscriber(/tf, <class 'tf2_msgs.msg._tf_message.TFMessage'>) OK
[default_server_endpoint-1] [WARN] [1785407547.930722318] [rcl.logging_rosout]: Publisher already registered for node name: 'unity_endpoint'. If this is due to multiple nodes with the same name then all logs for the logger named 'unity_endpoint' will go out over the existing publisher. As soon as any node with that name is destructed it will unregister the publisher, preventing any further logs for that name from being published on the rosout topic.
[default_server_endpoint-1] [INFO] [1785407547.956437383] [unity_endpoint]: RegisterPublisher(/clock, <class 'rosgraph_msgs.msg._clock.Clock'>) OK
[default_server_endpoint-1] [WARN] [1785407548.089520159] [rcl.logging_rosout]: Publisher already registered for node name: 'unity_endpoint'. If this is due to multiple nodes with the same name then all logs for the logger named 'unity_endpoint' will go out over the existing publisher. As soon as any node with that name is destructed it will unregister the publisher, preventing any further logs for that name from being published on the rosout topic.
[default_server_endpoint-1] [INFO] [1785407548.105884028] [unity_endpoint]: RegisterPublisher(/scan, <class 'sensor_msgs.msg._laser_scan.LaserScan'>) OK
[default_server_endpoint-1] [WARN] [1785407548.106968589] [rcl.logging_rosout]: Publisher already registered for node name: 'unity_endpoint'. If this is due to multiple nodes with the same name then all logs for the logger named 'unity_endpoint' will go out over the existing publisher. As soon as any node with that name is destructed it will unregister the publisher, preventing any further logs for that name from being published on the rosout topic.
[default_server_endpoint-1] [INFO] [1785407548.119796870] [unity_endpoint]: RegisterPublisher(/ground_truth_pose, <class 'nav_msgs.msg._odometry.Odometry'>) OK
[default_server_endpoint-1] [WARN] [1785407548.120182074] [rcl.logging_rosout]: Publisher already registered for node name: 'unity_endpoint'. If this is due to multiple nodes with the same name then all logs for the logger named 'unity_endpoint' will go out over the existing publisher. As soon as any node with that name is destructed it will unregister the publisher, preventing any further logs for that name from being published on the rosout topic.
[default_server_endpoint-1] [INFO] [1785407548.138051445] [unity_endpoint]: RegisterPublisher(/unity_sensor_publish_counts, <class 'std_msgs.msg._string.String'>) OK
[default_server_endpoint-1] [WARN] [1785407548.138562414] [rcl.logging_rosout]: Publisher already registered for node name: 'unity_endpoint'. If this is due to multiple nodes with the same name then all logs for the logger named 'unity_endpoint' will go out over the existing publisher. As soon as any node with that name is destructed it will unregister the publisher, preventing any further logs for that name from being published on the rosout topic.
[default_server_endpoint-1] [INFO] [1785407548.158062638] [unity_endpoint]: RegisterPublisher(/imu/data, <class 'sensor_msgs.msg._imu.Imu'>) OK
[nice-6] [INFO] [1785407548.158860583] [unity_evaluator_node]: first ground truth received; measurement window started
[default_server_endpoint-1] [WARN] [1785407548.160625829] [rcl.logging_rosout]: Publisher already registered for node name: 'unity_endpoint'. If this is due to multiple nodes with the same name then all logs for the logger named 'unity_endpoint' will go out over the existing publisher. As soon as any node with that name is destructed it will unregister the publisher, preventing any further logs for that name from being published on the rosout topic.
[default_server_endpoint-1] [INFO] [1785407548.184005137] [unity_endpoint]: RegisterPublisher(/clock, <class 'rosgraph_msgs.msg._clock.Clock'>) OK
[default_server_endpoint-1] [INFO] [1785407548.207734180] [unity_endpoint]: RegisterPublisher(/scan, <class 'sensor_msgs.msg._laser_scan.LaserScan'>) OK
[default_server_endpoint-1] [INFO] [1785407548.246954487] [unity_endpoint]: RegisterPublisher(/ground_truth_pose, <class 'nav_msgs.msg._odometry.Odometry'>) OK
[default_server_endpoint-1] [INFO] [1785407548.276423804] [unity_endpoint]: RegisterPublisher(/unity_sensor_publish_counts, <class 'std_msgs.msg._string.String'>) OK
[default_server_endpoint-1] [INFO] [1785407548.305247814] [unity_endpoint]: RegisterPublisher(/imu/data, <class 'sensor_msgs.msg._imu.Imu'>) OK
[backend_optimizer_node-3] [INFO] [1785407549.747529764] [backend_optimizer_node]: wall prior loosened by ICP covariance: sigma(yaw,x,y)=(0.0129, 0.0063, 0.0063) censi=(0.0063, 0.0063, 0.0063)
[backend_optimizer_node-3] [INFO] [1785407551.809059260] [backend_optimizer_node]: wall prior loosened by ICP covariance: sigma(yaw,x,y)=(0.0129, 0.0063, 0.0063) censi=(0.0063, 0.0063, 0.0063)
[nice-6] [INFO] [1785407552.824435377] [unity_evaluator_node]: t=5.0s  recent 5s: pos_err mean=0.36mm max=1.15mm samples=5074 balls=0
[laser_scan_matching_node-4] [INFO] [1785407552.836380855] [laser_scan_matching_node]: note rejection: 0/541 returns unexplained, 0 clusters -> 0 accepted, 0 points dropped (last extent=-1.0000m; extent gate <=0.350m, adjacent gap <=0.100m, min 4 points)
[backend_optimizer_node-3] [INFO] [1785407553.912624016] [backend_optimizer_node]: wall prior loosened by ICP covariance: sigma(yaw,x,y)=(0.0129, 0.0063, 0.0063) censi=(0.0063, 0.0063, 0.0063)
[backend_optimizer_node-3] [INFO] [1785407555.987693431] [backend_optimizer_node]: wall prior loosened by ICP covariance: sigma(yaw,x,y)=(0.0129, 0.0063, 0.0063) censi=(0.0063, 0.0063, 0.0063)
[nice-6] [INFO] [1785407557.959574791] [unity_evaluator_node]: t=10.0s  recent 5s: pos_err mean=0.50mm max=1.18mm samples=10274 balls=0
[laser_scan_matching_node-4] [INFO] [1785407557.989357693] [laser_scan_matching_node]: note rejection: 0/541 returns unexplained, 0 clusters -> 0 accepted, 0 points dropped (last extent=-1.0000m; extent gate <=0.350m, adjacent gap <=0.100m, min 4 points)
[backend_optimizer_node-3] [INFO] [1785407558.046325150] [backend_optimizer_node]: wall prior loosened by ICP covariance: sigma(yaw,x,y)=(0.0129, 0.0063, 0.0063) censi=(0.0063, 0.0063, 0.0063)
[backend_optimizer_node-3] [WARN] [1785407558.328224651] [backend_optimizer_node]: wall correction downweighted by DCS: d_xy=0.077m (> 0.047m, dt=0.025s, scale=1.65x) — reduced confidence, not rejected
[laser_scan_matching_node-4] [WARN] [1785407558.384415339] [laser_scan_matching_node]: wall match rejected by quality check: mean_residual=0.092m (<=0.090) inlier_ratio=0.74 (>=0.40)
[backend_optimizer_node-3] [WARN] [1785407560.099202463] [backend_optimizer_node]: LiDAR wall correction unavailable for 0.78s (> 0.75s): drifting on IMU dead-reckoning
[laser_scan_matching_node-4] [WARN] [1785407560.415645583] [laser_scan_matching_node]: wall match rejected by quality check: mean_residual=0.101m (<=0.090) inlier_ratio=0.04 (>=0.40)
[nice-6] [INFO] [1785407563.054984984] [unity_evaluator_node]: t=15.0s  recent 5s: pos_err mean=5402.71mm max=12526.17mm samples=15474 balls=0
[laser_scan_matching_node-4] [INFO] [1785407563.094533423] [laser_scan_matching_node]: note rejection: 541/541 returns unexplained, 15 clusters -> 12 accepted, 88 points dropped (last extent=1.4767m; extent gate <=0.350m, adjacent gap <=0.100m, min 4 points)
[nice-6] [INFO] [1785407568.196107715] [unity_evaluator_node]: t=20.0s  recent 5s: pos_err mean=19745.56mm max=26847.85mm samples=20674 balls=0
[laser_scan_matching_node-4] [INFO] [1785407568.236550203] [laser_scan_matching_node]: note rejection: 541/541 returns unexplained, 15 clusters -> 11 accepted, 81 points dropped (last extent=1.3923m; extent gate <=0.350m, adjacent gap <=0.100m, min 4 points)
[backend_optimizer_node-3] [WARN] [1785407569.642848552] [backend_optimizer_node]: slow smoother update: 24.0ms (index 852)
[nice-6] [INFO] [1785407573.451692015] [unity_evaluator_node]: t=25.0s  recent 5s: pos_err mean=33977.52mm max=41136.89mm samples=25873 balls=0
[laser_scan_matching_node-4] [INFO] [1785407573.522449977] [laser_scan_matching_node]: note rejection: 541/541 returns unexplained, 14 clusters -> 10 accepted, 81 points dropped (last extent=1.4928m; extent gate <=0.350m, adjacent gap <=0.100m, min 4 points)
[nice-6] [INFO] [1785407578.820663674] [unity_evaluator_node]: t=30.0s  recent 5s: pos_err mean=48368.37mm max=55647.15mm samples=31074 balls=0
[laser_scan_matching_node-4] [INFO] [1785407578.942987535] [laser_scan_matching_node]: note rejection: 541/541 returns unexplained, 14 clusters -> 10 accepted, 81 points dropped (last extent=1.3988m; extent gate <=0.350m, adjacent gap <=0.100m, min 4 points)
[nice-6] [INFO] [1785407584.192517237] [unity_evaluator_node]: t=35.0s  recent 5s: pos_err mean=63034.94mm max=70486.21mm samples=36274 balls=0
[laser_scan_matching_node-4] [INFO] [1785407584.280834782] [laser_scan_matching_node]: note rejection: 541/541 returns unexplained, 15 clusters -> 11 accepted, 81 points dropped (last extent=1.4015m; extent gate <=0.350m, adjacent gap <=0.100m, min 4 points)
[laser_scan_matching_node-4] [WARN] [1785407585.023490545] [laser_scan_matching_node]: IMU coverage wait exceeded 0.050s, processing scan with extrapolated tail
[nice-6] [INFO] [1785407589.406776434] [unity_evaluator_node]: t=40.0s  recent 5s: pos_err mean=78059.96mm max=85734.34mm samples=41464 balls=0
[laser_scan_matching_node-4] [INFO] [1785407589.516209035] [laser_scan_matching_node]: note rejection: 541/541 returns unexplained, 14 clusters -> 10 accepted, 81 points dropped (last extent=1.5942m; extent gate <=0.350m, adjacent gap <=0.100m, min 4 points)
[nice-6] [INFO] [1785407594.567360627] [unity_evaluator_node]: t=45.0s  recent 5s: pos_err mean=93546.70mm max=101496.45mm samples=46650 balls=0
[laser_scan_matching_node-4] [INFO] [1785407594.691438353] [laser_scan_matching_node]: note rejection: 541/541 returns unexplained, 15 clusters -> 11 accepted, 81 points dropped (last extent=1.3946m; extent gate <=0.350m, adjacent gap <=0.100m, min 4 points)
[nice-6] [INFO] [1785407599.736775863] [unity_evaluator_node]: t=50.0s  recent 5s: pos_err mean=109731.99mm max=118013.21mm samples=51873 balls=0
[laser_scan_matching_node-4] [INFO] [1785407599.860663021] [laser_scan_matching_node]: note rejection: 541/541 returns unexplained, 14 clusters -> 10 accepted, 81 points dropped (last extent=1.5116m; extent gate <=0.350m, adjacent gap <=0.100m, min 4 points)
[nice-6] [INFO] [1785407604.875326117] [unity_evaluator_node]: t=55.0s  recent 5s: pos_err mean=126393.58mm max=135038.00mm samples=57029 balls=0
[laser_scan_matching_node-4] [INFO] [1785407604.989539893] [laser_scan_matching_node]: note rejection: 541/541 returns unexplained, 13 clusters -> 9 accepted, 81 points dropped (last extent=1.2290m; extent gate <=0.350m, adjacent gap <=0.100m, min 4 points)
[nice-6] [INFO] [1785407610.034213955] [unity_evaluator_node]: t=60.0s  recent 5s: pos_err mean=144033.95mm max=153066.97mm samples=62265 balls=0
[nice-6] [INFO] [1785407610.036481707] [unity_evaluator_node]: 
[nice-6] ============================================================
[nice-6] main.md 6-A-1 シミュレーション評価レポート (C++ realtime evaluator)
[nice-6] ============================================================
[nice-6] 総サンプル数: 62265  (定常区間 t>=3.0s: 59272)
[nice-6] 真値未着のまま評価できなかったサンプル: 0
[nice-6] 
[nice-6] --- 全体（要件A: 定常RMSE<=10mm, 最大位置誤差<=10mm） ---
[nice-6]   位置誤差: mean=63371.46mm  RMSE=79323.37mm  max=153066.97mm
[nice-6]   ヨー誤差: mean=104.236deg  RMSE=111.818deg  max=179.968deg
[nice-6]   判定: 定常誤差(RMSE<=10mm) FAIL / 最大位置誤差(<=10mm) FAIL
[nice-6] 
[nice-6] --- 高G旋回スピンバースト中 ---
[nice-6]   位置誤差: mean=nanmm  RMSE=nanmm  max=nanmm
[nice-6] 
[nice-6] --- ボール横切り中 vs 非横切り中 ---
[nice-6]   横切り中   : mean=nanmm  RMSE=nanmm  max=nanmm
[nice-6]   非横切り中 : mean=nanmm  RMSE=nanmm  max=nanmm
[nice-6]   判定: ボール横切りによる自己位置無影響 PASS
[nice-6]   (参考) 横切り中の検出ボール数(最新): 0
[nice-6] ============================================================
[nice-6] 
[laser_scan_matching_node-4] [INFO] [1785407610.161004355] [laser_scan_matching_node]: note rejection: 541/541 returns unexplained, 14 clusters -> 10 accepted, 81 points dropped (last extent=1.5064m; extent gate <=0.350m, adjacent gap <=0.100m, min 4 points)
[nice-6] [INFO] [1785407610.194348432] [unity_evaluator_node]: Saved report and raw error CSV in /tmp
[INFO] [nice-6]: process has finished cleanly [pid 803689]
[INFO] [nice-5]: sending signal 'SIGINT' to process[nice-5]
[INFO] [laser_scan_matching_node-4]: sending signal 'SIGINT' to process[laser_scan_matching_node-4]
[INFO] [backend_optimizer_node-3]: sending signal 'SIGINT' to process[backend_optimizer_node-3]
[INFO] [imu_preintegration_node-2]: sending signal 'SIGINT' to process[imu_preintegration_node-2]
[INFO] [default_server_endpoint-1]: sending signal 'SIGINT' to process[default_server_endpoint-1]
[nice-5] [INFO] [1785407610.395539675] [rclcpp]: signal_handler(signum=2)
[laser_scan_matching_node-4] [INFO] [1785407610.406536190] [rclcpp]: signal_handler(signum=2)
[backend_optimizer_node-3] [INFO] [1785407610.407632992] [rclcpp]: signal_handler(signum=2)
[backend_optimizer_node-3] [INFO] [1785407610.408946154] [backend_optimizer_node]: backend concurrency stats: imu_callbacks=60377, during_worker=3642 (6.0%), during_smoother=2538 (4.2%), callback_gap_max=147.638ms, gaps>2ms=9552, gaps>10ms=747; stamp_gap_max=1.000ms, gaps>1ms=0; ring_enqueue_max=2.238ms, enqueues>2ms=1; callback_duration_max=9.539ms, durations>2ms=18; worker_jobs=2414 mean/max=1.556/29.100ms; smoother_updates=2413 mean/max=1.056/23.983ms; unity_audit reports=242 source_imu_last=60251 receiver_at_last_report=60251 final_receiver=60377
[laser_scan_matching_node-4] [INFO] [1785407610.413305845] [laser_scan_matching_node]: scan pipeline stats: received=2415 processed=2415 pending_overwrite=0 pending_queue_overflow=0 fast_rotation_drop=0; unity_audit reports=242 source_scan_last=2410 receiver_at_last_report=2410 final_receiver=2415
[imu_preintegration_node-2] [INFO] [1785407610.416149718] [rclcpp]: signal_handler(signum=2)
[default_server_endpoint-1] [INFO] [1785407610.492723255] [unity_endpoint]: Disconnected from 127.0.0.1
[default_server_endpoint-1] Exception in thread Thread-2:
[INFO] [laser_scan_matching_node-4]: process has finished cleanly [pid 803687]
[INFO] [imu_preintegration_node-2]: process has finished cleanly [pid 803685]
[INFO] [nice-5]: process has finished cleanly [pid 803688]
[INFO] [backend_optimizer_node-3]: process has finished cleanly [pid 803686]
[INFO] [default_server_endpoint-1]: process has finished cleanly [pid 803443]
