[INFO] [1784802626.310841976] [icp_from_truth_diag]: map: 22 segments, corr=0.2m iters=10
[INFO] [1784802647.460441431] [icp_from_truth_diag]: scan#20 truth=(-2.419,1.354,0.00deg) corr_pts=1081 || ICP moved dx=+3.0mm dy=+0.8mm dyaw=-0.112deg |d|=3.1mm
[INFO] [1784802648.140770193] [icp_from_truth_diag]: scan#40 truth=(-2.251,1.093,0.00deg) corr_pts=1081 || ICP moved dx=+8.6mm dy=-6.4mm dyaw=-0.110deg |d|=10.7mm
[INFO] [1784802651.005354335] [icp_from_truth_diag]: scan#60 truth=(-1.819,0.425,0.00deg) corr_pts=1081 || ICP moved dx=+11.6mm dy=-31.0mm dyaw=+0.693deg |d|=33.1mm
[INFO] [1784802651.700195843] [icp_from_truth_diag]: scan#80 truth=(-1.792,0.384,0.00deg) corr_pts=1081 || ICP moved dx=+11.3mm dy=-32.7mm dyaw=+0.814deg |d|=34.6mm
[INFO] [1784802652.394461031] [icp_from_truth_diag]: scan#100 truth=(-1.799,0.395,0.00deg) corr_pts=1081 || ICP moved dx=+6.6mm dy=-30.4mm dyaw=+0.739deg |d|=31.1mm
[INFO] [1784802653.179817240] [icp_from_truth_diag]: scan#120 truth=(-1.687,0.403,0.00deg) corr_pts=1081 || ICP moved dx=+13.9mm dy=-26.0mm dyaw=+0.644deg |d|=29.5mm
[INFO] [1784802653.994482367] [icp_from_truth_diag]: scan#140 truth=(-0.848,0.469,0.00deg) corr_pts=1081 || ICP moved dx=+19.3mm dy=-12.6mm dyaw=+0.748deg |d|=23.1mm
[INFO] [1784802654.647224514] [icp_from_truth_diag]: scan#160 truth=(-0.408,0.503,0.00deg) corr_pts=1081 || ICP moved dx=+9.4mm dy=-9.1mm dyaw=+0.924deg |d|=13.0mm
[INFO] [1784802655.344603237] [icp_from_truth_diag]: scan#180 truth=(-0.361,0.830,0.00deg) corr_pts=1081 || ICP moved dx=+0.7mm dy=-19.4mm dyaw=+1.282deg |d|=19.4mm
[INFO] [1784802656.040369768] [icp_from_truth_diag]: scan#200 truth=(-0.287,1.087,0.00deg) corr_pts=1081 || ICP moved dx=-9.0mm dy=-14.7mm dyaw=+0.963deg |d|=17.2mm
[INFO] [1784802656.614743974] [icp_from_truth_diag]: scan#220 truth=(0.191,1.060,0.00deg) corr_pts=1081 || ICP moved dx=-6.1mm dy=-9.1mm dyaw=+1.054deg |d|=11.0mm
[INFO] [1784802657.314381626] [icp_from_truth_diag]: scan#240 truth=(0.382,1.057,0.00deg) corr_pts=1081 || ICP moved dx=-7.7mm dy=-7.5mm dyaw=+1.062deg |d|=10.8mm
[INFO] [1784802658.077271040] [icp_from_truth_diag]: scan#260 truth=(0.892,0.903,0.00deg) corr_pts=1081 || ICP moved dx=-0.9mm dy=+0.6mm dyaw=+0.074deg |d|=1.1mm
[INFO] [1784802658.942735339] [icp_from_truth_diag]: scan#280 truth=(2.004,0.584,0.00deg) corr_pts=1081 || ICP moved dx=+4.5mm dy=+0.2mm dyaw=+0.206deg |d|=4.5mm
[INFO] [1784802659.605386524] [icp_from_truth_diag]: scan#300 truth=(2.356,0.483,0.00deg) corr_pts=1081 || ICP moved dx=-2.0mm dy=+0.8mm dyaw=+0.088deg |d|=2.2mm
[INFO] [1784802660.359509570] [icp_from_truth_diag]: scan#320 truth=(2.316,0.494,0.00deg) corr_pts=1081 || ICP moved dx=-2.8mm dy=-1.6mm dyaw=-0.037deg |d|=3.2mm
[INFO] [1784802660.974687911] [icp_from_truth_diag]: scan#340 truth=(2.316,0.494,0.00deg) corr_pts=1081 || ICP moved dx=-1.2mm dy=+0.6mm dyaw=+0.077deg |d|=1.3mm
[INFO] [1784802661.783842341] [icp_from_truth_diag]: scan#360 truth=(2.316,0.494,0.00deg) corr_pts=1081 || ICP moved dx=-1.9mm dy=+2.0mm dyaw=+0.063deg |d|=2.8mm
[INFO] [1784802662.354498715] [icp_from_truth_diag]: scan#380 truth=(2.316,0.494,0.00deg) corr_pts=1081 || ICP moved dx=-3.1mm dy=-0.7mm dyaw=-0.019deg |d|=3.1mm
[INFO] [1784802663.153754788] [icp_from_truth_diag]: scan#400 truth=(2.316,0.494,0.00deg) corr_pts=1081 || ICP moved dx=-3.3mm dy=+1.5mm dyaw=+0.033deg |d|=3.6mm
[INFO] [1784802663.849001543] [icp_from_truth_diag]: scan#420 truth=(2.316,0.494,0.00deg) corr_pts=1081 || ICP moved dx=-3.0mm dy=+0.8mm dyaw=+0.093deg |d|=3.2mm
[INFO] [1784802664.589734069] [icp_from_truth_diag]: scan#440 truth=(2.316,0.494,0.00deg) corr_pts=1081 || ICP moved dx=-2.4mm dy=+0.9mm dyaw=+0.048deg |d|=2.6mm
[INFO] [1784802665.913609616] [icp_from_truth_diag]: scan#460 truth=(2.316,0.494,0.00deg) corr_pts=1081 || ICP moved dx=-2.1mm dy=+4.2mm dyaw=+0.142deg |d|=4.7mm
[INFO] [1784802666.567878983] [icp_from_truth_diag]: scan#480 truth=(2.316,0.494,0.00deg) corr_pts=1081 || ICP moved dx=-3.0mm dy=+0.3mm dyaw=+0.030deg |d|=3.0mm
[INFO] [1784802667.291796433] [icp_from_truth_diag]: scan#500 truth=(2.316,0.494,0.00deg) corr_pts=1081 || ICP moved dx=-2.5mm dy=-1.3mm dyaw=-0.097deg |d|=2.8mm
[INFO] [1784802668.011406364] [icp_from_truth_diag]: scan#520 truth=(2.316,0.494,0.00deg) corr_pts=1081 || ICP moved dx=-2.8mm dy=+2.2mm dyaw=+0.108deg |d|=3.6mm
[INFO] [1784802668.676322244] [icp_from_truth_diag]: scan#540 truth=(2.316,0.494,0.00deg) corr_pts=1081 || ICP moved dx=-2.7mm dy=+0.9mm dyaw=+0.016deg |d|=2.8mm
[INFO] [1784802669.577901515] [icp_from_truth_diag]: scan#560 truth=(2.316,0.494,0.00deg) corr_pts=1081 || ICP moved dx=-2.0mm dy=-1.8mm dyaw=+0.003deg |d|=2.7mm
[INFO] [1784802670.370636857] [icp_from_truth_diag]: scan#580 truth=(2.316,0.494,0.00deg) corr_pts=1081 || ICP moved dx=-3.1mm dy=+0.5mm dyaw=+0.099deg |d|=3.2mm
[INFO] [1784802671.094102714] [icp_from_truth_diag]: scan#600 truth=(2.316,0.494,0.00deg) corr_pts=1081 || ICP moved dx=-1.4mm dy=-1.6mm dyaw=-0.015deg |d|=2.2mm
[INFO] [1784802671.779166779] [icp_from_truth_diag]: scan#620 truth=(2.316,0.494,0.00deg) corr_pts=1081 || ICP moved dx=-1.7mm dy=+4.0mm dyaw=+0.136deg |d|=4.4mm
[INFO] [1784802672.439765122] [icp_from_truth_diag]: scan#640 truth=(2.316,0.494,0.00deg) corr_pts=1081 || ICP moved dx=-2.6mm dy=-0.0mm dyaw=+0.087deg |d|=2.6mm
[INFO] [1784802673.274335562] [icp_from_truth_diag]: scan#660 truth=(2.316,0.494,0.00deg) corr_pts=1081 || ICP moved dx=-3.3mm dy=-2.7mm dyaw=-0.109deg |d|=4.2mm
[INFO] [1784802673.891222533] [icp_from_truth_diag]: scan#680 truth=(2.316,0.494,0.00deg) corr_pts=1081 || ICP moved dx=-2.1mm dy=-1.4mm dyaw=-0.033deg |d|=2.6mm
[INFO] [1784802674.702625161] [icp_from_truth_diag]: scan#700 truth=(2.316,0.494,0.00deg) corr_pts=1081 || ICP moved dx=-3.0mm dy=+0.4mm dyaw=-0.005deg |d|=3.0mm
[INFO] [1784802675.479749909] [icp_from_truth_diag]: scan#720 truth=(2.316,0.494,0.00deg) corr_pts=1081 || ICP moved dx=-3.5mm dy=-1.3mm dyaw=-0.091deg |d|=3.7mm
[INFO] [1784802675.990485035] [icp_from_truth_diag]: scan#740 truth=(2.316,0.494,0.00deg) corr_pts=1081 || ICP moved dx=-1.8mm dy=+3.2mm dyaw=+0.091deg |d|=3.7mm
[INFO] [1784802676.362552738] [icp_from_truth_diag]: scan#760 truth=(2.316,0.494,0.00deg) corr_pts=1081 || ICP moved dx=-1.8mm dy=+2.2mm dyaw=+0.043deg |d|=2.9mm
[INFO] [1784802676.776212406] [icp_from_truth_diag]: scan#780 truth=(2.316,0.494,0.00deg) corr_pts=1081 || ICP moved dx=-1.7mm dy=-0.8mm dyaw=+0.007deg |d|=1.9mm
[INFO] [1784802677.260833140] [icp_from_truth_diag]: scan#800 truth=(2.316,0.494,0.00deg) corr_pts=1081 || ICP moved dx=-3.0mm dy=+0.9mm dyaw=+0.061deg |d|=3.1mm
[INFO] [1784802677.693430917] [icp_from_truth_diag]: scan#820 truth=(2.316,0.494,0.00deg) corr_pts=1081 || ICP moved dx=-1.6mm dy=+0.0mm dyaw=+0.018deg |d|=1.6mm
[INFO] [1784802678.096202693] [icp_from_truth_diag]: scan#840 truth=(2.316,0.494,0.00deg) corr_pts=1081 || ICP moved dx=-3.1mm dy=-0.8mm dyaw=+0.053deg |d|=3.2mm
[INFO] [1784802678.510756239] [icp_from_truth_diag]: scan#860 truth=(2.316,0.494,0.00deg) corr_pts=1081 || ICP moved dx=-2.5mm dy=-0.1mm dyaw=+0.047deg |d|=2.5mm
[INFO] [1784802678.884863394] [icp_from_truth_diag]: scan#880 truth=(2.316,0.494,0.00deg) corr_pts=1081 || ICP moved dx=-1.9mm dy=+0.1mm dyaw=+0.032deg |d|=1.9mm
[INFO] [1784802679.391194751] [icp_from_truth_diag]: scan#900 truth=(2.316,0.494,0.00deg) corr_pts=1081 || ICP moved dx=-2.0mm dy=-0.5mm dyaw=+0.000deg |d|=2.0mm
[INFO] [1784802680.208786508] [icp_from_truth_diag]: scan#920 truth=(2.316,0.494,0.00deg) corr_pts=1081 || ICP moved dx=-3.0mm dy=+2.0mm dyaw=+0.101deg |d|=3.6mm
[INFO] [1784802680.739813321] [icp_from_truth_diag]: scan#940 truth=(2.316,0.494,0.00deg) corr_pts=1081 || ICP moved dx=-2.3mm dy=-0.4mm dyaw=+0.004deg |d|=2.3mm
[INFO] [1784802681.504286824] [icp_from_truth_diag]: scan#960 truth=(2.316,0.494,0.00deg) corr_pts=1081 || ICP moved dx=-3.2mm dy=+3.2mm dyaw=+0.078deg |d|=4.5mm
[INFO] [1784802682.303181274] [icp_from_truth_diag]: scan#980 truth=(2.316,0.494,0.00deg) corr_pts=1081 || ICP moved dx=-3.2mm dy=-1.6mm dyaw=-0.021deg |d|=3.6mm
[INFO] [1784802683.405249154] [icp_from_truth_diag]: scan#1000 truth=(2.316,0.494,0.00deg) corr_pts=1081 || ICP moved dx=+0.5mm dy=+2.9mm dyaw=+0.144deg |d|=2.9mm
