[INFO] [launch]: All log files can be found below /home/yukichi6105/ros2_ws/src/lio_localization_sim/docs/stage4_runs/noise_10x_reduced_20260728/ros2_logs/2026-07-28-21-16-12-332829-fuku-pc-1531081
[INFO] [launch]: Default logging verbosity is set to INFO
[INFO] [default_server_endpoint-1]: process started with pid [1531276]
[default_server_endpoint-1] /opt/ros/lyrical/lib/python3.14/site-packages/rclpy/executors.py:1073: UserWarning: MultiThreadedExecutor is used with a single thread.
[default_server_endpoint-1] Use the SingleThreadedExecutor instead.
[default_server_endpoint-1]   warnings.warn(
[default_server_endpoint-1] [INFO] [1785240974.366625371] [unity_endpoint]: Starting server on 0.0.0.0:10000
[default_server_endpoint-1] [INFO] [1785240974.436487361] [unity_endpoint]: Connection from 127.0.0.1
[default_server_endpoint-1] [ERROR] [1785240974.441759697] [unity_endpoint]: Exception: No more data available
[default_server_endpoint-1] [INFO] [1785240974.444069525] [unity_endpoint]: Disconnected from 127.0.0.1
[default_server_endpoint-1] [INFO] [1785240974.555805881] [unity_endpoint]: Connection from 127.0.0.1
[default_server_endpoint-1] [ERROR] [1785240974.558485482] [unity_endpoint]: Exception: No more data available
[default_server_endpoint-1] [INFO] [1785240974.560098851] [unity_endpoint]: Disconnected from 127.0.0.1
[INFO] [imu_preintegration_node-2]: process started with pid [1531588]
[INFO] [backend_optimizer_node-3]: process started with pid [1531589]
[INFO] [laser_scan_matching_node-4]: process started with pid [1531590]
[INFO] [ball_tracking_node-5]: process started with pid [1531591]
[INFO] [evaluator_node-6]: process started with pid [1531592]
[ball_tracking_node-5] [INFO] [1785240978.079515742] [ball_tracking_node]: ball_tracking_node started
[imu_preintegration_node-2] [INFO] [1785240978.152207925] [imu_preintegration_node]: imu_preintegration_node started (waiting for first /state_estimate)
[laser_scan_matching_node-4] [INFO] [1785240978.151991830] [laser_scan_matching_node]: laser_scan_matching_node started (0 cylinders, 9 internal walls, field 5.572x3.310m, initial seed=(-2.419, 1.354, 0.000))
[backend_optimizer_node-3] [INFO] [1785240978.202689481] [backend_optimizer_node]: graph (re)initialized at X0=(-2.419, 1.354, 0.000) V0=(0.000, 0.000)
[backend_optimizer_node-3] [INFO] [1785240978.203070975] [backend_optimizer_node]: backend_optimizer_node started (0 cylinders registered)
[evaluator_node-6] [INFO] [1785240980.653482429] [unity_evaluator_node]: evaluator_node started: will run for 60.0s starting from the first /ground_truth_pose
[default_server_endpoint-1] [INFO] [1785241021.787923840] [unity_endpoint]: Connection from 127.0.0.1
[default_server_endpoint-1] [WARN] [1785241021.957697789] [rcl.logging_rosout]: Publisher already registered for node name: 'unity_endpoint'. If this is due to multiple nodes with the same name then all logs for the logger named 'unity_endpoint' will go out over the existing publisher. As soon as any node with that name is destructed it will unregister the publisher, preventing any further logs for that name from being published on the rosout topic.
[default_server_endpoint-1] [INFO] [1785241022.605874464] [unity_endpoint]: RegisterSubscriber(/odom_fast, <class 'nav_msgs.msg._odometry.Odometry'>) OK
[default_server_endpoint-1] [WARN] [1785241022.639931355] [rcl.logging_rosout]: Publisher already registered for node name: 'unity_endpoint'. If this is due to multiple nodes with the same name then all logs for the logger named 'unity_endpoint' will go out over the existing publisher. As soon as any node with that name is destructed it will unregister the publisher, preventing any further logs for that name from being published on the rosout topic.
[default_server_endpoint-1] [INFO] [1785241022.721721244] [unity_endpoint]: RegisterSubscriber(/tf, <class 'tf2_msgs.msg._tf_message.TFMessage'>) OK
[default_server_endpoint-1] [WARN] [1785241022.723039440] [rcl.logging_rosout]: Publisher already registered for node name: 'unity_endpoint'. If this is due to multiple nodes with the same name then all logs for the logger named 'unity_endpoint' will go out over the existing publisher. As soon as any node with that name is destructed it will unregister the publisher, preventing any further logs for that name from being published on the rosout topic.
[default_server_endpoint-1] [INFO] [1785241022.813555013] [unity_endpoint]: RegisterPublisher(/clock, <class 'rosgraph_msgs.msg._clock.Clock'>) OK
[default_server_endpoint-1] [WARN] [1785241023.236125549] [rcl.logging_rosout]: Publisher already registered for node name: 'unity_endpoint'. If this is due to multiple nodes with the same name then all logs for the logger named 'unity_endpoint' will go out over the existing publisher. As soon as any node with that name is destructed it will unregister the publisher, preventing any further logs for that name from being published on the rosout topic.
[default_server_endpoint-1] [INFO] [1785241023.277211844] [unity_endpoint]: RegisterPublisher(/scan, <class 'sensor_msgs.msg._laser_scan.LaserScan'>) OK
[default_server_endpoint-1] [WARN] [1785241023.278501994] [rcl.logging_rosout]: Publisher already registered for node name: 'unity_endpoint'. If this is due to multiple nodes with the same name then all logs for the logger named 'unity_endpoint' will go out over the existing publisher. As soon as any node with that name is destructed it will unregister the publisher, preventing any further logs for that name from being published on the rosout topic.
[default_server_endpoint-1] [INFO] [1785241023.326163775] [unity_endpoint]: RegisterPublisher(/ground_truth_pose, <class 'nav_msgs.msg._odometry.Odometry'>) OK
[default_server_endpoint-1] [WARN] [1785241023.327466949] [rcl.logging_rosout]: Publisher already registered for node name: 'unity_endpoint'. If this is due to multiple nodes with the same name then all logs for the logger named 'unity_endpoint' will go out over the existing publisher. As soon as any node with that name is destructed it will unregister the publisher, preventing any further logs for that name from being published on the rosout topic.
[default_server_endpoint-1] [INFO] [1785241023.383179051] [unity_endpoint]: RegisterPublisher(/imu/data, <class 'sensor_msgs.msg._imu.Imu'>) OK
[evaluator_node-6] [INFO] [1785241023.392034788] [unity_evaluator_node]: first ground truth received: measuring for 60.0s
[default_server_endpoint-1] [WARN] [1785241023.401955231] [rcl.logging_rosout]: Publisher already registered for node name: 'unity_endpoint'. If this is due to multiple nodes with the same name then all logs for the logger named 'unity_endpoint' will go out over the existing publisher. As soon as any node with that name is destructed it will unregister the publisher, preventing any further logs for that name from being published on the rosout topic.
[default_server_endpoint-1] [INFO] [1785241023.475088417] [unity_endpoint]: RegisterPublisher(/clock, <class 'rosgraph_msgs.msg._clock.Clock'>) OK
[default_server_endpoint-1] [INFO] [1785241023.550241253] [unity_endpoint]: RegisterPublisher(/scan, <class 'sensor_msgs.msg._laser_scan.LaserScan'>) OK
[default_server_endpoint-1] [INFO] [1785241023.684925685] [unity_endpoint]: RegisterPublisher(/ground_truth_pose, <class 'nav_msgs.msg._odometry.Odometry'>) OK
[default_server_endpoint-1] [INFO] [1785241023.864235512] [unity_endpoint]: RegisterPublisher(/imu/data, <class 'sensor_msgs.msg._imu.Imu'>) OK
[backend_optimizer_node-3] [WARN] [1785241024.260502775] [backend_optimizer_node]: slow smoother update: 26.3ms (index 6)
[backend_optimizer_node-3] [WARN] [1785241025.653033339] [backend_optimizer_node]: slow smoother update: 27.8ms (index 20)
[backend_optimizer_node-3] [WARN] [1785241025.742383280] [backend_optimizer_node]: slow smoother update: 27.4ms (index 21)
[backend_optimizer_node-3] [WARN] [1785241026.829611512] [backend_optimizer_node]: slow smoother update: 50.1ms (index 32)
[backend_optimizer_node-3] [WARN] [1785241028.446608724] [backend_optimizer_node]: slow smoother update: 26.0ms (index 46)
[laser_scan_matching_node-4] [WARN] [1785241030.841780314] [laser_scan_matching_node]: IMU coverage wait exceeded 0.050s, processing scan with extrapolated tail
[laser_scan_matching_node-4] [WARN] [1785241032.804634010] [laser_scan_matching_node]: IMU coverage wait exceeded 0.050s, processing scan with extrapolated tail
[backend_optimizer_node-3] [WARN] [1785241033.443049912] [backend_optimizer_node]: slow smoother update: 20.0ms (index 109)
[backend_optimizer_node-3] [WARN] [1785241035.419859915] [backend_optimizer_node]: slow smoother update: 21.0ms (index 134)
[laser_scan_matching_node-4] [WARN] [1785241036.760695472] [laser_scan_matching_node]: IMU coverage wait exceeded 0.050s, processing scan with extrapolated tail
[backend_optimizer_node-3] [WARN] [1785241036.850810298] [backend_optimizer_node]: slow smoother update: 21.5ms (index 148)
[evaluator_node-6] [INFO] [1785241037.260056483] [unity_evaluator_node]: t=4.9s  直近5秒: pos_err mean=5.63mm max=12.41mm  samples=2453  detected_balls=0
[laser_scan_matching_node-4] [INFO] [1785241037.481915342] [laser_scan_matching_node]: note rejection: 21/541 returns unexplained, 0 clusters -> 0 accepted, 0 points dropped (last extent=-1.0000m; gate <=0.350m, min 4 points)
[backend_optimizer_node-3] [WARN] [1785241037.605382213] [backend_optimizer_node]: slow smoother update: 28.1ms (index 151)
[laser_scan_matching_node-4] [WARN] [1785241040.925388155] [laser_scan_matching_node]: IMU coverage wait exceeded 0.050s, processing scan with extrapolated tail
[backend_optimizer_node-3] [WARN] [1785241043.268360695] [backend_optimizer_node]: slow smoother update: 27.7ms (index 212)
[backend_optimizer_node-3] [WARN] [1785241043.607745038] [backend_optimizer_node]: slow smoother update: 28.4ms (index 216)
[laser_scan_matching_node-4] [WARN] [1785241044.969564130] [laser_scan_matching_node]: IMU coverage wait exceeded 0.050s, processing scan with extrapolated tail
[backend_optimizer_node-3] [WARN] [1785241045.147236734] [backend_optimizer_node]: slow smoother update: 30.4ms (index 231)
[backend_optimizer_node-3] [WARN] [1785241047.298092292] [backend_optimizer_node]: slow smoother update: 34.6ms (index 256)
[laser_scan_matching_node-4] [WARN] [1785241047.629117976] [laser_scan_matching_node]: IMU coverage wait exceeded 0.050s, processing scan with extrapolated tail
[backend_optimizer_node-3] [WARN] [1785241048.041258086] [backend_optimizer_node]: slow smoother update: 34.3ms (index 266)
[evaluator_node-6] [INFO] [1785241050.486391350] [unity_evaluator_node]: t=10.0s  直近5秒: pos_err mean=4.24mm max=6.51mm  samples=4778  detected_balls=0
[laser_scan_matching_node-4] [INFO] [1785241050.701776220] [laser_scan_matching_node]: note rejection: 29/541 returns unexplained, 0 clusters -> 0 accepted, 0 points dropped (last extent=-1.0000m; gate <=0.350m, min 4 points)
[backend_optimizer_node-3] [WARN] [1785241051.455715412] [backend_optimizer_node]: slow smoother update: 24.6ms (index 308)
[backend_optimizer_node-3] [WARN] [1785241056.734057262] [backend_optimizer_node]: slow smoother update: 23.3ms (index 354)
[backend_optimizer_node-3] [WARN] [1785241058.585279829] [backend_optimizer_node]: slow smoother update: 30.5ms (index 378)
[backend_optimizer_node-3] [WARN] [1785241058.694940411] [backend_optimizer_node]: slow smoother update: 25.0ms (index 379)
[backend_optimizer_node-3] [WARN] [1785241058.780318734] [backend_optimizer_node]: slow smoother update: 21.3ms (index 381)
[backend_optimizer_node-3] [WARN] [1785241058.919474471] [backend_optimizer_node]: slow smoother update: 22.7ms (index 382)
[laser_scan_matching_node-4] [WARN] [1785241059.578534784] [laser_scan_matching_node]: IMU coverage wait exceeded 0.050s, processing scan with extrapolated tail
[backend_optimizer_node-3] [WARN] [1785241063.431190929] [backend_optimizer_node]: slow smoother update: 23.0ms (index 427)
[backend_optimizer_node-3] [WARN] [1785241063.691978721] [backend_optimizer_node]: slow smoother update: 32.5ms (index 430)
[backend_optimizer_node-3] [WARN] [1785241065.455837809] [backend_optimizer_node]: slow smoother update: 34.7ms (index 449)
[evaluator_node-6] [INFO] [1785241066.489353203] [unity_evaluator_node]: t=14.9s  直近5秒: pos_err mean=7.01mm max=16.40mm  samples=7979  detected_balls=0
[laser_scan_matching_node-4] [INFO] [1785241066.745938426] [laser_scan_matching_node]: note rejection: 42/541 returns unexplained, 2 clusters -> 2 accepted, 9 points dropped (last extent=0.0742m; gate <=0.350m, min 4 points)
[laser_scan_matching_node-4] [WARN] [1785241066.768182672] [laser_scan_matching_node]: IMU coverage wait exceeded 0.050s, processing scan with extrapolated tail
[backend_optimizer_node-3] [WARN] [1785241067.640041597] [backend_optimizer_node]: wall correction downweighted by DCS: d_xy=0.101m (> 0.083m, dt=0.125s, scale=1.21x) — reduced confidence, not rejected
[backend_optimizer_node-3] [WARN] [1785241073.853702735] [backend_optimizer_node]: slow smoother update: 21.0ms (index 550)
[backend_optimizer_node-3] [WARN] [1785241078.181766616] [backend_optimizer_node]: slow smoother update: 23.1ms (index 598)
[backend_optimizer_node-3] [WARN] [1785241080.128451423] [backend_optimizer_node]: slow smoother update: 36.8ms (index 616)
[evaluator_node-6] [INFO] [1785241080.371764575] [unity_evaluator_node]: t=20.0s  直近5秒: pos_err mean=6.74mm max=13.48mm  samples=10954  detected_balls=0
[laser_scan_matching_node-4] [INFO] [1785241080.661374132] [laser_scan_matching_node]: note rejection: 78/541 returns unexplained, 3 clusters -> 3 accepted, 50 points dropped (last extent=0.0922m; gate <=0.350m, min 4 points)
[laser_scan_matching_node-4] [WARN] [1785241083.398826416] [laser_scan_matching_node]: IMU coverage wait exceeded 0.050s, processing scan with extrapolated tail
[backend_optimizer_node-3] [WARN] [1785241085.741845873] [backend_optimizer_node]: slow smoother update: 23.0ms (index 678)
[backend_optimizer_node-3] [WARN] [1785241086.993725214] [backend_optimizer_node]: slow smoother update: 20.3ms (index 695)
[backend_optimizer_node-3] [WARN] [1785241088.387710735] [backend_optimizer_node]: slow smoother update: 20.6ms (index 714)
[backend_optimizer_node-3] [WARN] [1785241090.702920099] [backend_optimizer_node]: slow smoother update: 34.9ms (index 742)
[backend_optimizer_node-3] [WARN] [1785241091.005236059] [backend_optimizer_node]: slow smoother update: 30.0ms (index 748)
[backend_optimizer_node-3] [WARN] [1785241091.651849829] [backend_optimizer_node]: slow smoother update: 44.4ms (index 756)
[evaluator_node-6] [INFO] [1785241094.221912263] [unity_evaluator_node]: t=25.0s  直近5秒: pos_err mean=7.88mm max=13.89mm  samples=13764  detected_balls=0
[backend_optimizer_node-3] [WARN] [1785241094.396466037] [backend_optimizer_node]: slow smoother update: 24.1ms (index 788)
[laser_scan_matching_node-4] [INFO] [1785241094.659093724] [laser_scan_matching_node]: note rejection: 34/541 returns unexplained, 0 clusters -> 0 accepted, 0 points dropped (last extent=-1.0000m; gate <=0.350m, min 4 points)
[backend_optimizer_node-3] [WARN] [1785241095.744192369] [backend_optimizer_node]: slow smoother update: 22.0ms (index 807)
[backend_optimizer_node-3] [WARN] [1785241095.925720827] [backend_optimizer_node]: slow smoother update: 34.9ms (index 808)
[laser_scan_matching_node-4] [WARN] [1785241100.199621107] [laser_scan_matching_node]: IMU coverage wait exceeded 0.050s, processing scan with extrapolated tail
[evaluator_node-6] [INFO] [1785241107.189474866] [unity_evaluator_node]: t=30.0s  直近5秒: pos_err mean=1.61mm max=2.93mm  samples=16318  detected_balls=0
[laser_scan_matching_node-4] [INFO] [1785241107.557817615] [laser_scan_matching_node]: note rejection: 22/541 returns unexplained, 0 clusters -> 0 accepted, 0 points dropped (last extent=-1.0000m; gate <=0.350m, min 4 points)
[backend_optimizer_node-3] [WARN] [1785241108.831362516] [backend_optimizer_node]: slow smoother update: 34.2ms (index 968)
[backend_optimizer_node-3] [WARN] [1785241110.056186149] [backend_optimizer_node]: slow smoother update: 30.1ms (index 987)
[backend_optimizer_node-3] [WARN] [1785241112.268165378] [backend_optimizer_node]: slow smoother update: 31.8ms (index 1013)
[backend_optimizer_node-3] [WARN] [1785241112.296169492] [backend_optimizer_node]: slow smoother update: 26.9ms (index 1014)
[backend_optimizer_node-3] [WARN] [1785241115.343776315] [backend_optimizer_node]: slow smoother update: 29.0ms (index 1044)
[backend_optimizer_node-3] [WARN] [1785241115.733645431] [backend_optimizer_node]: slow smoother update: 28.4ms (index 1049)
[backend_optimizer_node-3] [WARN] [1785241117.177477981] [backend_optimizer_node]: slow smoother update: 30.1ms (index 1069)
[backend_optimizer_node-3] [WARN] [1785241117.421080027] [backend_optimizer_node]: slow smoother update: 20.3ms (index 1072)
[backend_optimizer_node-3] [WARN] [1785241119.785720680] [backend_optimizer_node]: slow smoother update: 38.3ms (index 1096)
[evaluator_node-6] [INFO] [1785241120.672386271] [unity_evaluator_node]: t=35.0s  直近5秒: pos_err mean=3.86mm max=11.08mm  samples=18605  detected_balls=0
[laser_scan_matching_node-4] [INFO] [1785241121.242360351] [laser_scan_matching_node]: note rejection: 47/541 returns unexplained, 1 clusters -> 0 accepted, 0 points dropped (last extent=1.0369m; gate <=0.350m, min 4 points)
[backend_optimizer_node-3] [WARN] [1785241121.812195164] [backend_optimizer_node]: slow smoother update: 34.8ms (index 1121)
[laser_scan_matching_node-4] [WARN] [1785241123.892285656] [laser_scan_matching_node]: IMU coverage wait exceeded 0.050s, processing scan with extrapolated tail
[backend_optimizer_node-3] [WARN] [1785241124.535351781] [backend_optimizer_node]: slow smoother update: 21.8ms (index 1153)
[backend_optimizer_node-3] [WARN] [1785241124.811444077] [backend_optimizer_node]: slow smoother update: 20.7ms (index 1156)
[backend_optimizer_node-3] [WARN] [1785241125.783494174] [backend_optimizer_node]: slow smoother update: 24.0ms (index 1168)
[backend_optimizer_node-3] [WARN] [1785241125.845512265] [backend_optimizer_node]: slow smoother update: 45.4ms (index 1169)
[laser_scan_matching_node-4] [WARN] [1785241128.167665325] [laser_scan_matching_node]: IMU coverage wait exceeded 0.050s, processing scan with extrapolated tail
[backend_optimizer_node-3] [WARN] [1785241129.439485043] [backend_optimizer_node]: slow smoother update: 24.3ms (index 1218)
[backend_optimizer_node-3] [WARN] [1785241130.949282098] [backend_optimizer_node]: slow smoother update: 27.6ms (index 1229)
[backend_optimizer_node-3] [WARN] [1785241131.529887346] [backend_optimizer_node]: slow smoother update: 21.7ms (index 1236)
[laser_scan_matching_node-4] [WARN] [1785241134.486463132] [laser_scan_matching_node]: IMU coverage wait exceeded 0.050s, processing scan with extrapolated tail
[backend_optimizer_node-3] [WARN] [1785241134.519699130] [backend_optimizer_node]: slow smoother update: 22.6ms (index 1271)
[evaluator_node-6] [INFO] [1785241134.596950340] [unity_evaluator_node]: t=40.0s  直近5秒: pos_err mean=8.55mm max=15.10mm  samples=21561  detected_balls=0
[laser_scan_matching_node-4] [INFO] [1785241135.426120667] [laser_scan_matching_node]: note rejection: 31/541 returns unexplained, 0 clusters -> 0 accepted, 0 points dropped (last extent=-1.0000m; gate <=0.350m, min 4 points)
[backend_optimizer_node-3] [WARN] [1785241139.395618706] [backend_optimizer_node]: slow smoother update: 21.1ms (index 1332)
[backend_optimizer_node-3] [WARN] [1785241140.293836044] [backend_optimizer_node]: slow smoother update: 22.4ms (index 1336)
[backend_optimizer_node-3] [WARN] [1785241141.513829803] [backend_optimizer_node]: slow smoother update: 34.1ms (index 1350)
[backend_optimizer_node-3] [WARN] [1785241142.859047231] [backend_optimizer_node]: slow smoother update: 26.4ms (index 1360)
[laser_scan_matching_node-4] [WARN] [1785241143.011353698] [laser_scan_matching_node]: IMU coverage wait exceeded 0.050s, processing scan with extrapolated tail
[backend_optimizer_node-3] [WARN] [1785241143.098443973] [backend_optimizer_node]: slow smoother update: 29.2ms (index 1362)
[backend_optimizer_node-3] [WARN] [1785241144.019393551] [backend_optimizer_node]: slow smoother update: 25.6ms (index 1371)
[backend_optimizer_node-3] [WARN] [1785241144.757185618] [backend_optimizer_node]: slow smoother update: 56.3ms (index 1380)
[backend_optimizer_node-3] [WARN] [1785241146.991869303] [backend_optimizer_node]: slow smoother update: 40.3ms (index 1406)
[evaluator_node-6] [INFO] [1785241149.781632729] [unity_evaluator_node]: t=44.9s  直近5秒: pos_err mean=5.71mm max=11.62mm  samples=24764  detected_balls=0
[backend_optimizer_node-3] [WARN] [1785241149.907881503] [backend_optimizer_node]: slow smoother update: 20.7ms (index 1439)
[laser_scan_matching_node-4] [INFO] [1785241150.732397409] [laser_scan_matching_node]: note rejection: 85/541 returns unexplained, 3 clusters -> 3 accepted, 52 points dropped (last extent=0.1073m; gate <=0.350m, min 4 points)
[backend_optimizer_node-3] [WARN] [1785241152.972501633] [backend_optimizer_node]: slow smoother update: 23.8ms (index 1475)
[backend_optimizer_node-3] [WARN] [1785241154.801501657] [backend_optimizer_node]: slow smoother update: 26.1ms (index 1497)
[backend_optimizer_node-3] [WARN] [1785241157.790919063] [backend_optimizer_node]: slow smoother update: 35.8ms (index 1530)
[backend_optimizer_node-3] [WARN] [1785241159.098921295] [backend_optimizer_node]: slow smoother update: 26.6ms (index 1542)
[backend_optimizer_node-3] [WARN] [1785241159.287197500] [backend_optimizer_node]: slow smoother update: 35.2ms (index 1544)
[backend_optimizer_node-3] [WARN] [1785241160.503834006] [backend_optimizer_node]: slow smoother update: 30.4ms (index 1559)
[backend_optimizer_node-3] [WARN] [1785241161.361017473] [backend_optimizer_node]: slow smoother update: 21.1ms (index 1568)
[evaluator_node-6] [INFO] [1785241164.788282231] [unity_evaluator_node]: t=49.9s  直近5秒: pos_err mean=8.65mm max=12.88mm  samples=27672  detected_balls=0
[laser_scan_matching_node-4] [INFO] [1785241165.855097128] [laser_scan_matching_node]: note rejection: 26/541 returns unexplained, 0 clusters -> 0 accepted, 0 points dropped (last extent=-1.0000m; gate <=0.350m, min 4 points)
[backend_optimizer_node-3] [WARN] [1785241167.690698699] [backend_optimizer_node]: slow smoother update: 38.8ms (index 1640)
[backend_optimizer_node-3] [WARN] [1785241167.713364012] [backend_optimizer_node]: slow smoother update: 21.6ms (index 1641)
[backend_optimizer_node-3] [WARN] [1785241169.643892447] [backend_optimizer_node]: slow smoother update: 25.8ms (index 1661)
[backend_optimizer_node-3] [WARN] [1785241171.937751530] [backend_optimizer_node]: slow smoother update: 30.9ms (index 1685)
[laser_scan_matching_node-4] [WARN] [1785241173.490143464] [laser_scan_matching_node]: IMU coverage wait exceeded 0.050s, processing scan with extrapolated tail
[backend_optimizer_node-3] [WARN] [1785241176.198004052] [backend_optimizer_node]: slow smoother update: 29.9ms (index 1730)
[laser_scan_matching_node-4] [WARN] [1785241177.361997655] [laser_scan_matching_node]: IMU coverage wait exceeded 0.050s, processing scan with extrapolated tail
[backend_optimizer_node-3] [WARN] [1785241177.448024871] [backend_optimizer_node]: slow smoother update: 30.8ms (index 1746)
[evaluator_node-6] [INFO] [1785241180.768951302] [unity_evaluator_node]: t=55.0s  直近5秒: pos_err mean=2.24mm max=7.71mm  samples=30923  detected_balls=0
[laser_scan_matching_node-4] [INFO] [1785241181.457801029] [laser_scan_matching_node]: note rejection: 30/541 returns unexplained, 0 clusters -> 0 accepted, 0 points dropped (last extent=-1.0000m; gate <=0.350m, min 4 points)
[laser_scan_matching_node-4] [WARN] [1785241187.988291209] [laser_scan_matching_node]: IMU coverage wait exceeded 0.050s, processing scan with extrapolated tail
[backend_optimizer_node-3] [WARN] [1785241187.994826998] [backend_optimizer_node]: slow smoother update: 23.1ms (index 1862)
[backend_optimizer_node-3] [WARN] [1785241190.119116674] [backend_optimizer_node]: slow smoother update: 20.4ms (index 1890)
[backend_optimizer_node-3] [WARN] [1785241195.396942372] [backend_optimizer_node]: slow smoother update: 25.1ms (index 1953)
[evaluator_node-6] [INFO] [1785241195.405229696] [unity_evaluator_node]: t=60.0s  直近5秒: pos_err mean=6.92mm max=12.74mm  samples=34108  detected_balls=0
[evaluator_node-6] [INFO] [1785241195.418001986] [unity_evaluator_node]: === 評価終了、集計します ===
[backend_optimizer_node-3] [WARN] [1785241196.066867319] [backend_optimizer_node]: slow smoother update: 30.5ms (index 1960)
[laser_scan_matching_node-4] [INFO] [1785241196.494595569] [laser_scan_matching_node]: note rejection: 57/541 returns unexplained, 4 clusters -> 4 accepted, 26 points dropped (last extent=0.0693m; gate <=0.350m, min 4 points)
[evaluator_node-6] [INFO] [1785241196.546816866] [unity_evaluator_node]: 
[evaluator_node-6] ============================================================
[evaluator_node-6] main.md 6-A-1 シミュレーション評価レポート
[evaluator_node-6] ============================================================
[evaluator_node-6] 総サンプル数: 34108  (定常区間 t>=3.0s: 32451)
[evaluator_node-6] 真値未着のまま評価できなかったサンプル: 0
[evaluator_node-6] 
[evaluator_node-6] --- 全体（要件A: 定常RMSE<=10mm, 最大位置誤差<=10mm） ---
[evaluator_node-6]   位置誤差: mean=5.82mm  RMSE=6.79mm  max=16.40mm
[evaluator_node-6]   ヨー誤差: mean=0.097deg  RMSE=0.120deg  max=0.240deg
[evaluator_node-6]   判定: 定常誤差(RMSE<=10mm) PASS / 最大位置誤差(<=10mm) FAIL
[evaluator_node-6] 
[evaluator_node-6] --- 高G旋回スピンバースト中 ---
[evaluator_node-6]   位置誤差: mean=nanmm  RMSE=nanmm  max=nanmm
[evaluator_node-6] 
[evaluator_node-6] --- ボール横切り中 vs 非横切り中 ---
[evaluator_node-6]   横切り中   : mean=nanmm  RMSE=nanmm  max=nanmm
[evaluator_node-6]   非横切り中 : mean=5.82mm  RMSE=6.79mm  max=16.40mm
[evaluator_node-6]   判定: ボール横切りによる自己位置無影響 PASS
[evaluator_node-6]   (参考) 横切り中の検出ボール数(最新): 0
[evaluator_node-6] ============================================================
[evaluator_node-6] [INFO] [1785241196.553993933] [unity_evaluator_node]: レポートを保存しました: /tmp/sim_eval_report.txt
[backend_optimizer_node-3] [WARN] [1785241196.616862545] [backend_optimizer_node]: slow smoother update: 43.2ms (index 1965)
[backend_optimizer_node-3] [WARN] [1785241196.648184328] [backend_optimizer_node]: slow smoother update: 28.9ms (index 1966)
[laser_scan_matching_node-4] [WARN] [1785241197.445378079] [laser_scan_matching_node]: IMU coverage wait exceeded 0.050s, processing scan with extrapolated tail
[backend_optimizer_node-3] [WARN] [1785241197.511511086] [backend_optimizer_node]: slow smoother update: 29.0ms (index 1978)
[backend_optimizer_node-3] [WARN] [1785241199.154591470] [backend_optimizer_node]: slow smoother update: 36.9ms (index 1992)
[backend_optimizer_node-3] [WARN] [1785241199.639021814] [backend_optimizer_node]: slow smoother update: 31.5ms (index 1998)
[backend_optimizer_node-3] [WARN] [1785241199.668749512] [backend_optimizer_node]: slow smoother update: 27.9ms (index 1999)
[laser_scan_matching_node-4] [WARN] [1785241201.662686357] [laser_scan_matching_node]: IMU coverage wait exceeded 0.050s, processing scan with extrapolated tail
[evaluator_node-6] [INFO] [1785241203.668177676] [unity_evaluator_node]: グラフを保存しました: /tmp/sim_eval_plot.png
[INFO] [evaluator_node-6]: process has finished cleanly [pid 1531592]
[INFO] [ball_tracking_node-5]: sending signal 'SIGINT' to process[ball_tracking_node-5]
[INFO] [laser_scan_matching_node-4]: sending signal 'SIGINT' to process[laser_scan_matching_node-4]
[INFO] [backend_optimizer_node-3]: sending signal 'SIGINT' to process[backend_optimizer_node-3]
[INFO] [imu_preintegration_node-2]: sending signal 'SIGINT' to process[imu_preintegration_node-2]
[INFO] [default_server_endpoint-1]: sending signal 'SIGINT' to process[default_server_endpoint-1]
[ball_tracking_node-5] [INFO] [1785241204.542491710] [rclcpp]: signal_handler(signum=2)
[laser_scan_matching_node-4] [INFO] [1785241204.562326815] [rclcpp]: signal_handler(signum=2)
[backend_optimizer_node-3] [INFO] [1785241204.576046964] [rclcpp]: signal_handler(signum=2)
[imu_preintegration_node-2] [INFO] [1785241204.581949946] [rclcpp]: signal_handler(signum=2)
[default_server_endpoint-1] [INFO] [1785241204.721528394] [unity_endpoint]: Disconnected from 127.0.0.1
[default_server_endpoint-1] Exception in thread Thread-6:
[INFO] [ball_tracking_node-5]: process has finished cleanly [pid 1531591]
[INFO] [laser_scan_matching_node-4]: process has finished cleanly [pid 1531590]
[INFO] [imu_preintegration_node-2]: process has finished cleanly [pid 1531588]
[INFO] [backend_optimizer_node-3]: process has finished cleanly [pid 1531589]
[INFO] [default_server_endpoint-1]: process has finished cleanly [pid 1531276]
