[INFO] [launch]: All log files can be found below /home/yukichi6105/.ros/log/2026-07-24-00-01-20-727163-fuku-pc-191798
[INFO] [launch]: Default logging verbosity is set to INFO
[INFO] [default_server_endpoint-1]: process started with pid [191815]
[default_server_endpoint-1] /opt/ros/lyrical/lib/python3.14/site-packages/rclpy/executors.py:1073: UserWarning: MultiThreadedExecutor is used with a single thread.
[default_server_endpoint-1] Use the SingleThreadedExecutor instead.
[default_server_endpoint-1]   warnings.warn(
[default_server_endpoint-1] [INFO] [1784818881.298844062] [unity_endpoint]: Starting server on 0.0.0.0:10000
[INFO] [imu_preintegration_node-2]: process started with pid [191896]
[INFO] [backend_optimizer_node-3]: process started with pid [191897]
[INFO] [laser_scan_matching_node-4]: process started with pid [191898]
[INFO] [ball_tracking_node-5]: process started with pid [191899]
[INFO] [evaluator_node-6]: process started with pid [191900]
[ball_tracking_node-5] [INFO] [1784818885.934430767] [ball_tracking_node]: ball_tracking_node started
[laser_scan_matching_node-4] [INFO] [1784818885.954264167] [laser_scan_matching_node]: laser_scan_matching_node started (0 cylinders, 9 internal walls, field 5.572x3.310m, initial seed=(-2.419, 1.354, 0.000))
[imu_preintegration_node-2] [INFO] [1784818885.981492235] [imu_preintegration_node]: imu_preintegration_node started (waiting for first /state_estimate)
[backend_optimizer_node-3] [INFO] [1784818885.990545431] [backend_optimizer_node]: graph (re)initialized at X0=(-2.419, 1.354, 0.000) V0=(0.000, 0.000)
[backend_optimizer_node-3] [INFO] [1784818885.990710086] [backend_optimizer_node]: backend_optimizer_node started (0 cylinders registered)
[evaluator_node-6] [INFO] [1784818886.778200450] [unity_evaluator_node]: evaluator_node started: will run for 60.0s starting from the first /ground_truth_pose
[default_server_endpoint-1] [INFO] [1784818903.394271406] [unity_endpoint]: Connection from 127.0.0.1
[default_server_endpoint-1] [WARN] [1784818903.424405058] [rcl.logging_rosout]: Publisher already registered for node name: 'unity_endpoint'. If this is due to multiple nodes with the same name then all logs for the logger named 'unity_endpoint' will go out over the existing publisher. As soon as any node with that name is destructed it will unregister the publisher, preventing any further logs for that name from being published on the rosout topic.
[default_server_endpoint-1] [INFO] [1784818903.550782391] [unity_endpoint]: RegisterSubscriber(/odom_fast, <class 'nav_msgs.msg._odometry.Odometry'>) OK
[default_server_endpoint-1] [WARN] [1784818903.559647360] [rcl.logging_rosout]: Publisher already registered for node name: 'unity_endpoint'. If this is due to multiple nodes with the same name then all logs for the logger named 'unity_endpoint' will go out over the existing publisher. As soon as any node with that name is destructed it will unregister the publisher, preventing any further logs for that name from being published on the rosout topic.
[default_server_endpoint-1] [INFO] [1784818903.582829258] [unity_endpoint]: RegisterSubscriber(/tf, <class 'tf2_msgs.msg._tf_message.TFMessage'>) OK
[default_server_endpoint-1] [WARN] [1784818903.583317463] [rcl.logging_rosout]: Publisher already registered for node name: 'unity_endpoint'. If this is due to multiple nodes with the same name then all logs for the logger named 'unity_endpoint' will go out over the existing publisher. As soon as any node with that name is destructed it will unregister the publisher, preventing any further logs for that name from being published on the rosout topic.
[default_server_endpoint-1] [INFO] [1784818903.601765240] [unity_endpoint]: RegisterPublisher(/clock, <class 'rosgraph_msgs.msg._clock.Clock'>) OK
[default_server_endpoint-1] [WARN] [1784818903.705686289] [rcl.logging_rosout]: Publisher already registered for node name: 'unity_endpoint'. If this is due to multiple nodes with the same name then all logs for the logger named 'unity_endpoint' will go out over the existing publisher. As soon as any node with that name is destructed it will unregister the publisher, preventing any further logs for that name from being published on the rosout topic.
[default_server_endpoint-1] [INFO] [1784818903.722813801] [unity_endpoint]: RegisterPublisher(/scan, <class 'sensor_msgs.msg._laser_scan.LaserScan'>) OK
[default_server_endpoint-1] [WARN] [1784818903.723345201] [rcl.logging_rosout]: Publisher already registered for node name: 'unity_endpoint'. If this is due to multiple nodes with the same name then all logs for the logger named 'unity_endpoint' will go out over the existing publisher. As soon as any node with that name is destructed it will unregister the publisher, preventing any further logs for that name from being published on the rosout topic.
[default_server_endpoint-1] [INFO] [1784818903.741630065] [unity_endpoint]: RegisterPublisher(/ground_truth_pose, <class 'nav_msgs.msg._odometry.Odometry'>) OK
[default_server_endpoint-1] [WARN] [1784818903.742300784] [rcl.logging_rosout]: Publisher already registered for node name: 'unity_endpoint'. If this is due to multiple nodes with the same name then all logs for the logger named 'unity_endpoint' will go out over the existing publisher. As soon as any node with that name is destructed it will unregister the publisher, preventing any further logs for that name from being published on the rosout topic.
[default_server_endpoint-1] [INFO] [1784818903.757322552] [unity_endpoint]: RegisterPublisher(/imu/data, <class 'sensor_msgs.msg._imu.Imu'>) OK
[default_server_endpoint-1] [WARN] [1784818903.759370477] [rcl.logging_rosout]: Publisher already registered for node name: 'unity_endpoint'. If this is due to multiple nodes with the same name then all logs for the logger named 'unity_endpoint' will go out over the existing publisher. As soon as any node with that name is destructed it will unregister the publisher, preventing any further logs for that name from being published on the rosout topic.
[evaluator_node-6] [INFO] [1784818903.761618278] [unity_evaluator_node]: first ground truth received: measuring for 60.0s
[default_server_endpoint-1] [INFO] [1784818903.783955956] [unity_endpoint]: RegisterPublisher(/clock, <class 'rosgraph_msgs.msg._clock.Clock'>) OK
[default_server_endpoint-1] [INFO] [1784818903.809237524] [unity_endpoint]: RegisterPublisher(/scan, <class 'sensor_msgs.msg._laser_scan.LaserScan'>) OK
[default_server_endpoint-1] [WARN] [1784818903.810031284] [rcl.logging_rosout]: Publisher already registered for node name: 'unity_endpoint'. If this is due to multiple nodes with the same name then all logs for the logger named 'unity_endpoint' will go out over the existing publisher. As soon as any node with that name is destructed it will unregister the publisher, preventing any further logs for that name from being published on the rosout topic.
[default_server_endpoint-1] [INFO] [1784818903.834587855] [unity_endpoint]: RegisterPublisher(/ground_truth_pose, <class 'nav_msgs.msg._odometry.Odometry'>) OK
[default_server_endpoint-1] [INFO] [1784818903.858065425] [unity_endpoint]: RegisterPublisher(/imu/data, <class 'sensor_msgs.msg._imu.Imu'>) OK
[backend_optimizer_node-3] [WARN] [1784818905.400640579] [backend_optimizer_node]: slow smoother update: 28.7ms (index 1)
[laser_scan_matching_node-4] [WARN] [1784818906.749291805] [laser_scan_matching_node]: IMU coverage wait exceeded 0.050s, processing scan with extrapolated tail
[backend_optimizer_node-3] [WARN] [1784818907.541986861] [backend_optimizer_node]: slow smoother update: 34.7ms (index 72)
[backend_optimizer_node-3] [WARN] [1784818907.946141557] [backend_optimizer_node]: slow smoother update: 25.3ms (index 87)
[evaluator_node-6] [INFO] [1784818910.641671873] [unity_evaluator_node]: t=5.0s  直近5秒: pos_err mean=13.61mm max=22.28mm  samples=5091  detected_balls=0
[laser_scan_matching_node-4] [INFO] [1784818910.644382309] [laser_scan_matching_node]: note rejection: 78/541 returns unexplained, 3 clusters -> 0 accepted, 0 points dropped (last fit r=0.0342m resid=0.0114m; gate r=[0.065,0.085] resid<=0.020)
[evaluator_node-6] [INFO] [1784818915.754015526] [unity_evaluator_node]: t=10.0s  直近5秒: pos_err mean=15.00mm max=16.72mm  samples=10296  detected_balls=0
[laser_scan_matching_node-4] [INFO] [1784818915.754943019] [laser_scan_matching_node]: note rejection: 69/541 returns unexplained, 3 clusters -> 0 accepted, 0 points dropped (last fit r=0.0339m resid=0.0173m; gate r=[0.065,0.085] resid<=0.020)
[evaluator_node-6] [INFO] [1784818920.852425635] [unity_evaluator_node]: t=15.0s  直近5秒: pos_err mean=14.71mm max=17.37mm  samples=15487  detected_balls=0
[laser_scan_matching_node-4] [INFO] [1784818920.878164495] [laser_scan_matching_node]: note rejection: 75/541 returns unexplained, 3 clusters -> 0 accepted, 0 points dropped (last fit r=0.0435m resid=0.0137m; gate r=[0.065,0.085] resid<=0.020)
[evaluator_node-6] [INFO] [1784818925.963166065] [unity_evaluator_node]: t=20.0s  直近5秒: pos_err mean=15.33mm max=17.51mm  samples=20687  detected_balls=0
[laser_scan_matching_node-4] [INFO] [1784818925.989563245] [laser_scan_matching_node]: note rejection: 78/541 returns unexplained, 3 clusters -> 0 accepted, 0 points dropped (last fit r=0.0309m resid=0.0150m; gate r=[0.065,0.085] resid<=0.020)
[backend_optimizer_node-3] [WARN] [1784818929.111781831] [backend_optimizer_node]: slow smoother update: 28.9ms (index 913)
[evaluator_node-6] [INFO] [1784818931.093175279] [unity_evaluator_node]: t=25.0s  直近5秒: pos_err mean=15.04mm max=17.10mm  samples=25872  detected_balls=0
[laser_scan_matching_node-4] [INFO] [1784818931.126350974] [laser_scan_matching_node]: note rejection: 74/541 returns unexplained, 3 clusters -> 0 accepted, 0 points dropped (last fit r=0.0297m resid=0.0089m; gate r=[0.065,0.085] resid<=0.020)
[default_server_endpoint-1] [ERROR] [1784818937.386075695] [unity_endpoint]: Exception: No more data available
[default_server_endpoint-1] [INFO] [1784818937.386631941] [unity_endpoint]: Disconnected from 127.0.0.1
[imu_preintegration_node-2] [ERROR] [1784818937.931878919] [imu_preintegration_node]: IMU signal LOST (no IMU for 2.03s > 2.00s): stopping /odom_fast. IMU is the dead-reckoning backbone; recovery is not possible, restart required.
[backend_optimizer_node-3] [ERROR] [1784818937.941005317] [backend_optimizer_node]: IMU signal LOST (no IMU for 2.04s > 2.00s). Self-localization is the dead-reckoning backbone and cannot continue without it: entering FAIL-SAFE HALT (freezing estimate, no further graph updates).
[laser_scan_matching_node-4] [INFO] [1784819043.997294080] [rclcpp]: signal_handler(signum=15)
[ball_tracking_node-5] [INFO] [1784819043.997465032] [rclcpp]: signal_handler(signum=15)
[imu_preintegration_node-2] [INFO] [1784819043.999712085] [rclcpp]: signal_handler(signum=15)
[backend_optimizer_node-3] [INFO] [1784819043.999875007] [rclcpp]: signal_handler(signum=15)
[INFO] [ball_tracking_node-5]: process has finished cleanly [pid 191899]
[INFO] [imu_preintegration_node-2]: process has finished cleanly [pid 191896]
[INFO] [laser_scan_matching_node-4]: process has finished cleanly [pid 191898]
[INFO] [backend_optimizer_node-3]: process has finished cleanly [pid 191897]
[evaluator_node-6] Traceback (most recent call last):
[evaluator_node-6]   File "/home/yukichi6105/ros2_ws/install/lio_localization_sim/lib/lio_localization_sim/evaluator_node", line 33, in <module>
[evaluator_node-6]     sys.exit(load_entry_point('lio-localization-sim', 'console_scripts', 'evaluator_node')())
[evaluator_node-6]              ~~~~~~~~~~~~~~~~~~~~~~~~~~~~~~~~~~~~~~~~~~~~~~~~~~~~~~~~~~~~~~~~~~~~~~~~~~~~~^^
[evaluator_node-6]   File "/home/yukichi6105/ros2_ws/build/lio_localization_sim/lio_localization_sim/evaluator_node.py", line 312, in main
[evaluator_node-6]     rclpy.spin(node)
[evaluator_node-6]     ~~~~~~~~~~^^^^^^
[evaluator_node-6]   File "/opt/ros/lyrical/lib/python3.14/site-packages/rclpy/__init__.py", line 324, in spin
[evaluator_node-6]     executor.spin_once()
[evaluator_node-6]     ~~~~~~~~~~~~~~~~~~^^
[evaluator_node-6]   File "/opt/ros/lyrical/lib/python3.14/site-packages/rclpy/executors.py", line 1020, in spin_once
[evaluator_node-6]     self._spin_once_impl(timeout_sec)
[evaluator_node-6]     ~~~~~~~~~~~~~~~~~~~~^^^^^^^^^^^^^
[evaluator_node-6]   File "/opt/ros/lyrical/lib/python3.14/site-packages/rclpy/executors.py", line 1000, in _spin_once_impl
[evaluator_node-6]     handler, entity, node = self.wait_for_ready_callbacks(
[evaluator_node-6]                             ~~~~~~~~~~~~~~~~~~~~~~~~~~~~~^
[evaluator_node-6]         timeout_sec, None, wait_condition)
[evaluator_node-6]         ^^^^^^^^^^^^^^^^^^^^^^^^^^^^^^^^^^
[evaluator_node-6]   File "/opt/ros/lyrical/lib/python3.14/site-packages/rclpy/executors.py", line 970, in wait_for_ready_callbacks
[evaluator_node-6]     return next(self._cb_iter)
[evaluator_node-6]   File "/opt/ros/lyrical/lib/python3.14/site-packages/rclpy/executors.py", line 876, in _wait_for_ready_callbacks
[evaluator_node-6]     raise ExternalShutdownException()
[evaluator_node-6] rclpy.executors.ExternalShutdownException
[ERROR] [default_server_endpoint-1]: process has died [pid 191815, exit code -11, cmd '/home/yukichi6105/ros2_ws/install/ros_tcp_endpoint/lib/ros_tcp_endpoint/default_server_endpoint --ros-args -r __node:=unity_endpoint --params-file /tmp/launch_params_63fexgej'].
[ERROR] [evaluator_node-6]: process has died [pid 191900, exit code 1, cmd '/home/yukichi6105/ros2_ws/install/lio_localization_sim/lib/lio_localization_sim/evaluator_node --ros-args -r __node:=unity_evaluator_node --params-file /home/yukichi6105/ros2_ws/install/lio_localization_sim/share/lio_localization_sim/config/robocon2026_unity.yaml --params-file /tmp/launch_params_kyw_5so7'].
