[INFO] [launch]: All log files can be found below /home/yukichi6105/ros2_ws/src/lio_localization_sim/docs/stage4_runs/zupt_v1_20260728/ros2_logs/2026-07-28-18-50-45-381607-fuku-pc-1079573
[INFO] [launch]: Default logging verbosity is set to INFO
[INFO] [default_server_endpoint-1]: process started with pid [1079620]
[default_server_endpoint-1] /opt/ros/lyrical/lib/python3.14/site-packages/rclpy/executors.py:1073: UserWarning: MultiThreadedExecutor is used with a single thread.
[default_server_endpoint-1] Use the SingleThreadedExecutor instead.
[default_server_endpoint-1]   warnings.warn(
[default_server_endpoint-1] [INFO] [1785232246.590087429] [unity_endpoint]: Starting server on 0.0.0.0:10000
[default_server_endpoint-1] [INFO] [1785232246.743107380] [unity_endpoint]: Connection from 127.0.0.1
[default_server_endpoint-1] [ERROR] [1785232246.744764627] [unity_endpoint]: Exception: No more data available
[default_server_endpoint-1] [INFO] [1785232246.745457231] [unity_endpoint]: Disconnected from 127.0.0.1
[default_server_endpoint-1] [INFO] [1785232246.851668058] [unity_endpoint]: Connection from 127.0.0.1
[default_server_endpoint-1] [ERROR] [1785232246.852887222] [unity_endpoint]: Exception: No more data available
[default_server_endpoint-1] [INFO] [1785232246.853426866] [unity_endpoint]: Disconnected from 127.0.0.1
[INFO] [imu_preintegration_node-2]: process started with pid [1080265]
[INFO] [backend_optimizer_node-3]: process started with pid [1080270]
[INFO] [laser_scan_matching_node-4]: process started with pid [1080271]
[INFO] [ball_tracking_node-5]: process started with pid [1080272]
[INFO] [evaluator_node-6]: process started with pid [1080273]
[ball_tracking_node-5] [INFO] [1785232250.801687852] [ball_tracking_node]: ball_tracking_node started
[imu_preintegration_node-2] [INFO] [1785232250.839510085] [imu_preintegration_node]: imu_preintegration_node started (waiting for first /state_estimate)
[laser_scan_matching_node-4] [INFO] [1785232250.844295433] [laser_scan_matching_node]: laser_scan_matching_node started (0 cylinders, 9 internal walls, field 5.572x3.310m, initial seed=(-2.419, 1.354, 0.000))
[backend_optimizer_node-3] [INFO] [1785232250.848723206] [backend_optimizer_node]: graph (re)initialized at X0=(-2.419, 1.354, 0.000) V0=(0.000, 0.000)
[backend_optimizer_node-3] [INFO] [1785232250.848901458] [backend_optimizer_node]: backend_optimizer_node started (0 cylinders registered)
[evaluator_node-6] [INFO] [1785232252.135690045] [unity_evaluator_node]: evaluator_node started: will run for 60.0s starting from the first /ground_truth_pose
[default_server_endpoint-1] [INFO] [1785232279.536830913] [unity_endpoint]: Connection from 127.0.0.1
[default_server_endpoint-1] [WARN] [1785232279.609710494] [rcl.logging_rosout]: Publisher already registered for node name: 'unity_endpoint'. If this is due to multiple nodes with the same name then all logs for the logger named 'unity_endpoint' will go out over the existing publisher. As soon as any node with that name is destructed it will unregister the publisher, preventing any further logs for that name from being published on the rosout topic.
[default_server_endpoint-1] [INFO] [1785232280.094366955] [unity_endpoint]: RegisterSubscriber(/odom_fast, <class 'nav_msgs.msg._odometry.Odometry'>) OK
[default_server_endpoint-1] [WARN] [1785232280.110273925] [rcl.logging_rosout]: Publisher already registered for node name: 'unity_endpoint'. If this is due to multiple nodes with the same name then all logs for the logger named 'unity_endpoint' will go out over the existing publisher. As soon as any node with that name is destructed it will unregister the publisher, preventing any further logs for that name from being published on the rosout topic.
[default_server_endpoint-1] [INFO] [1785232280.135851131] [unity_endpoint]: RegisterSubscriber(/tf, <class 'tf2_msgs.msg._tf_message.TFMessage'>) OK
[default_server_endpoint-1] [WARN] [1785232280.136444400] [rcl.logging_rosout]: Publisher already registered for node name: 'unity_endpoint'. If this is due to multiple nodes with the same name then all logs for the logger named 'unity_endpoint' will go out over the existing publisher. As soon as any node with that name is destructed it will unregister the publisher, preventing any further logs for that name from being published on the rosout topic.
[default_server_endpoint-1] [INFO] [1785232280.159299481] [unity_endpoint]: RegisterPublisher(/clock, <class 'rosgraph_msgs.msg._clock.Clock'>) OK
[default_server_endpoint-1] [WARN] [1785232280.306623473] [rcl.logging_rosout]: Publisher already registered for node name: 'unity_endpoint'. If this is due to multiple nodes with the same name then all logs for the logger named 'unity_endpoint' will go out over the existing publisher. As soon as any node with that name is destructed it will unregister the publisher, preventing any further logs for that name from being published on the rosout topic.
[default_server_endpoint-1] [INFO] [1785232280.332857472] [unity_endpoint]: RegisterPublisher(/scan, <class 'sensor_msgs.msg._laser_scan.LaserScan'>) OK
[default_server_endpoint-1] [WARN] [1785232280.333420153] [rcl.logging_rosout]: Publisher already registered for node name: 'unity_endpoint'. If this is due to multiple nodes with the same name then all logs for the logger named 'unity_endpoint' will go out over the existing publisher. As soon as any node with that name is destructed it will unregister the publisher, preventing any further logs for that name from being published on the rosout topic.
[default_server_endpoint-1] [INFO] [1785232280.353523177] [unity_endpoint]: RegisterPublisher(/ground_truth_pose, <class 'nav_msgs.msg._odometry.Odometry'>) OK
[default_server_endpoint-1] [WARN] [1785232280.354101760] [rcl.logging_rosout]: Publisher already registered for node name: 'unity_endpoint'. If this is due to multiple nodes with the same name then all logs for the logger named 'unity_endpoint' will go out over the existing publisher. As soon as any node with that name is destructed it will unregister the publisher, preventing any further logs for that name from being published on the rosout topic.
[default_server_endpoint-1] [INFO] [1785232280.373613812] [unity_endpoint]: RegisterPublisher(/imu/data, <class 'sensor_msgs.msg._imu.Imu'>) OK
[evaluator_node-6] [INFO] [1785232280.376049254] [unity_evaluator_node]: first ground truth received: measuring for 60.0s
[default_server_endpoint-1] [WARN] [1785232280.377089361] [rcl.logging_rosout]: Publisher already registered for node name: 'unity_endpoint'. If this is due to multiple nodes with the same name then all logs for the logger named 'unity_endpoint' will go out over the existing publisher. As soon as any node with that name is destructed it will unregister the publisher, preventing any further logs for that name from being published on the rosout topic.
[default_server_endpoint-1] [INFO] [1785232280.401075916] [unity_endpoint]: RegisterPublisher(/clock, <class 'rosgraph_msgs.msg._clock.Clock'>) OK
[default_server_endpoint-1] [INFO] [1785232280.430900893] [unity_endpoint]: RegisterPublisher(/scan, <class 'sensor_msgs.msg._laser_scan.LaserScan'>) OK
[default_server_endpoint-1] [INFO] [1785232280.489807717] [unity_endpoint]: RegisterPublisher(/ground_truth_pose, <class 'nav_msgs.msg._odometry.Odometry'>) OK
[default_server_endpoint-1] [INFO] [1785232280.533241089] [unity_endpoint]: RegisterPublisher(/imu/data, <class 'sensor_msgs.msg._imu.Imu'>) OK
[laser_scan_matching_node-4] [WARN] [1785232281.725174849] [laser_scan_matching_node]: IMU coverage wait exceeded 0.050s, processing scan with extrapolated tail
[laser_scan_matching_node-4] [WARN] [1785232283.264565457] [laser_scan_matching_node]: IMU coverage wait exceeded 0.050s, processing scan with extrapolated tail
[laser_scan_matching_node-4] [INFO] [1785232285.876384024] [laser_scan_matching_node]: note rejection: 32/541 returns unexplained, 0 clusters -> 0 accepted, 0 points dropped (last extent=-1.0000m; gate <=0.350m, min 4 points)
[evaluator_node-6] [INFO] [1785232285.876116161] [unity_evaluator_node]: t=5.0s  直近5秒: pos_err mean=3.81mm max=5.04mm  samples=3926  detected_balls=0
[laser_scan_matching_node-4] [WARN] [1785232286.166793532] [laser_scan_matching_node]: IMU coverage wait exceeded 0.050s, processing scan with extrapolated tail
[laser_scan_matching_node-4] [WARN] [1785232288.012996385] [laser_scan_matching_node]: IMU coverage wait exceeded 0.050s, processing scan with extrapolated tail
[laser_scan_matching_node-4] [WARN] [1785232289.377742929] [laser_scan_matching_node]: IMU coverage wait exceeded 0.050s, processing scan with extrapolated tail
[laser_scan_matching_node-4] [WARN] [1785232290.487502085] [laser_scan_matching_node]: IMU coverage wait exceeded 0.050s, processing scan with extrapolated tail
[evaluator_node-6] [INFO] [1785232291.209499597] [unity_evaluator_node]: t=10.0s  直近5秒: pos_err mean=3.89mm max=5.32mm  samples=7680  detected_balls=0
[laser_scan_matching_node-4] [INFO] [1785232291.218006100] [laser_scan_matching_node]: note rejection: 29/541 returns unexplained, 0 clusters -> 0 accepted, 0 points dropped (last extent=-1.0000m; gate <=0.350m, min 4 points)
[backend_optimizer_node-3] [WARN] [1785232291.455992094] [backend_optimizer_node]: slow smoother update: 26.4ms (index 332)
[backend_optimizer_node-3] [WARN] [1785232292.587138388] [backend_optimizer_node]: slow smoother update: 24.3ms (index 364)
[backend_optimizer_node-3] [WARN] [1785232292.895434209] [backend_optimizer_node]: slow smoother update: 26.1ms (index 373)
[laser_scan_matching_node-4] [WARN] [1785232294.119980869] [laser_scan_matching_node]: IMU coverage wait exceeded 0.050s, processing scan with extrapolated tail
[laser_scan_matching_node-4] [WARN] [1785232296.583938203] [laser_scan_matching_node]: IMU coverage wait exceeded 0.050s, processing scan with extrapolated tail
[laser_scan_matching_node-4] [INFO] [1785232296.594148741] [laser_scan_matching_node]: note rejection: 43/541 returns unexplained, 3 clusters -> 3 accepted, 20 points dropped (last extent=0.0925m; gate <=0.350m, min 4 points)
[evaluator_node-6] [INFO] [1785232296.599506282] [unity_evaluator_node]: t=14.9s  直近5秒: pos_err mean=7.43mm max=13.38mm  samples=11402  detected_balls=0
[backend_optimizer_node-3] [WARN] [1785232301.042192019] [backend_optimizer_node]: slow smoother update: 22.1ms (index 639)
[backend_optimizer_node-3] [WARN] [1785232301.683855500] [backend_optimizer_node]: slow smoother update: 24.5ms (index 660)
[evaluator_node-6] [INFO] [1785232301.839661995] [unity_evaluator_node]: t=19.9s  直近5秒: pos_err mean=4.05mm max=10.20mm  samples=15975  detected_balls=0
[laser_scan_matching_node-4] [INFO] [1785232301.891622506] [laser_scan_matching_node]: note rejection: 46/541 returns unexplained, 2 clusters -> 1 accepted, 6 points dropped (last extent=0.2377m; gate <=0.350m, min 4 points)
[laser_scan_matching_node-4] [WARN] [1785232303.102633344] [laser_scan_matching_node]: IMU coverage wait exceeded 0.050s, processing scan with extrapolated tail
[evaluator_node-6] [INFO] [1785232307.081923636] [unity_evaluator_node]: t=25.0s  直近5秒: pos_err mean=7.92mm max=11.63mm  samples=20630  detected_balls=0
[laser_scan_matching_node-4] [INFO] [1785232307.130489496] [laser_scan_matching_node]: note rejection: 34/541 returns unexplained, 0 clusters -> 0 accepted, 0 points dropped (last extent=-1.0000m; gate <=0.350m, min 4 points)
[evaluator_node-6] [INFO] [1785232312.345943735] [unity_evaluator_node]: t=30.0s  直近5秒: pos_err mean=4.79mm max=8.10mm  samples=25273  detected_balls=0
[laser_scan_matching_node-4] [INFO] [1785232312.422975368] [laser_scan_matching_node]: note rejection: 76/541 returns unexplained, 3 clusters -> 3 accepted, 51 points dropped (last extent=0.0841m; gate <=0.350m, min 4 points)
[laser_scan_matching_node-4] [WARN] [1785232313.176672150] [laser_scan_matching_node]: IMU coverage wait exceeded 0.050s, processing scan with extrapolated tail
[backend_optimizer_node-3] [WARN] [1785232313.201886462] [backend_optimizer_node]: slow smoother update: 29.9ms (index 1076)
[evaluator_node-6] [INFO] [1785232317.626967767] [unity_evaluator_node]: t=35.0s  直近5秒: pos_err mean=7.82mm max=11.96mm  samples=30070  detected_balls=0
[laser_scan_matching_node-4] [INFO] [1785232317.725322838] [laser_scan_matching_node]: note rejection: 28/541 returns unexplained, 0 clusters -> 0 accepted, 0 points dropped (last extent=-1.0000m; gate <=0.350m, min 4 points)
[laser_scan_matching_node-4] [WARN] [1785232321.629688669] [laser_scan_matching_node]: IMU coverage wait exceeded 0.050s, processing scan with extrapolated tail
[backend_optimizer_node-3] [WARN] [1785232322.154173100] [backend_optimizer_node]: slow smoother update: 27.3ms (index 1395)
[evaluator_node-6] [INFO] [1785232322.943559383] [unity_evaluator_node]: t=40.0s  直近5秒: pos_err mean=4.75mm max=11.62mm  samples=34681  detected_balls=0
[laser_scan_matching_node-4] [INFO] [1785232323.137529560] [laser_scan_matching_node]: note rejection: 52/541 returns unexplained, 1 clusters -> 0 accepted, 0 points dropped (last extent=1.0620m; gate <=0.350m, min 4 points)
[evaluator_node-6] [INFO] [1785232328.174187871] [unity_evaluator_node]: t=45.0s  直近5秒: pos_err mean=5.79mm max=14.06mm  samples=39592  detected_balls=0
[laser_scan_matching_node-4] [INFO] [1785232328.328497195] [laser_scan_matching_node]: note rejection: 82/541 returns unexplained, 3 clusters -> 3 accepted, 49 points dropped (last extent=0.1047m; gate <=0.350m, min 4 points)
[backend_optimizer_node-3] [WARN] [1785232332.088428100] [backend_optimizer_node]: slow smoother update: 21.8ms (index 1757)
[evaluator_node-6] [INFO] [1785232333.500058006] [unity_evaluator_node]: t=50.0s  直近5秒: pos_err mean=7.83mm max=11.97mm  samples=44173  detected_balls=0
[laser_scan_matching_node-4] [INFO] [1785232333.655539895] [laser_scan_matching_node]: note rejection: 44/541 returns unexplained, 2 clusters -> 1 accepted, 4 points dropped (last extent=0.0998m; gate <=0.350m, min 4 points)
[laser_scan_matching_node-4] [WARN] [1785232337.751637182] [laser_scan_matching_node]: IMU coverage wait exceeded 0.050s, processing scan with extrapolated tail
[evaluator_node-6] [INFO] [1785232338.732481672] [unity_evaluator_node]: t=55.0s  直近5秒: pos_err mean=4.42mm max=10.96mm  samples=49007  detected_balls=0
[laser_scan_matching_node-4] [INFO] [1785232338.937697641] [laser_scan_matching_node]: note rejection: 47/541 returns unexplained, 4 clusters -> 4 accepted, 18 points dropped (last extent=0.0929m; gate <=0.350m, min 4 points)
[laser_scan_matching_node-4] [WARN] [1785232341.230647146] [laser_scan_matching_node]: IMU coverage wait exceeded 0.050s, processing scan with extrapolated tail
[evaluator_node-6] [INFO] [1785232344.066078062] [unity_evaluator_node]: t=60.0s  直近5秒: pos_err mean=7.90mm max=13.84mm  samples=53739  detected_balls=0
[evaluator_node-6] [INFO] [1785232344.067510849] [unity_evaluator_node]: === 評価終了、集計します ===
[laser_scan_matching_node-4] [INFO] [1785232344.259866884] [laser_scan_matching_node]: note rejection: 34/541 returns unexplained, 0 clusters -> 0 accepted, 0 points dropped (last extent=-1.0000m; gate <=0.350m, min 4 points)
[evaluator_node-6] [INFO] [1785232344.530806072] [unity_evaluator_node]: 
[evaluator_node-6] ============================================================
[evaluator_node-6] main.md 6-A-1 シミュレーション評価レポート
[evaluator_node-6] ============================================================
[evaluator_node-6] 総サンプル数: 53739  (定常区間 t>=3.0s: 51312)
[evaluator_node-6] 真値未着のまま評価できなかったサンプル: 0
[evaluator_node-6] 
[evaluator_node-6] --- 全体（要件A: 定常RMSE<=10mm, 最大位置誤差<=10mm） ---
[evaluator_node-6]   位置誤差: mean=6.01mm  RMSE=6.79mm  max=14.06mm
[evaluator_node-6]   ヨー誤差: mean=0.169deg  RMSE=0.202deg  max=0.443deg
[evaluator_node-6]   判定: 定常誤差(RMSE<=10mm) PASS / 最大位置誤差(<=10mm) FAIL
[evaluator_node-6] 
[evaluator_node-6] --- 高G旋回スピンバースト中 ---
[evaluator_node-6]   位置誤差: mean=nanmm  RMSE=nanmm  max=nanmm
[evaluator_node-6] 
[evaluator_node-6] --- ボール横切り中 vs 非横切り中 ---
[evaluator_node-6]   横切り中   : mean=nanmm  RMSE=nanmm  max=nanmm
[evaluator_node-6]   非横切り中 : mean=6.01mm  RMSE=6.79mm  max=14.06mm
[evaluator_node-6]   判定: ボール横切りによる自己位置無影響 PASS
[evaluator_node-6]   (参考) 横切り中の検出ボール数(最新): 0
[evaluator_node-6] ============================================================
[evaluator_node-6] [INFO] [1785232344.532388503] [unity_evaluator_node]: レポートを保存しました: /tmp/sim_eval_report.txt
[evaluator_node-6] [INFO] [1785232347.390187482] [unity_evaluator_node]: グラフを保存しました: /tmp/sim_eval_plot.png
[INFO] [evaluator_node-6]: process has finished cleanly [pid 1080273]
[INFO] [ball_tracking_node-5]: sending signal 'SIGINT' to process[ball_tracking_node-5]
[INFO] [laser_scan_matching_node-4]: sending signal 'SIGINT' to process[laser_scan_matching_node-4]
[INFO] [backend_optimizer_node-3]: sending signal 'SIGINT' to process[backend_optimizer_node-3]
[INFO] [imu_preintegration_node-2]: sending signal 'SIGINT' to process[imu_preintegration_node-2]
[INFO] [default_server_endpoint-1]: sending signal 'SIGINT' to process[default_server_endpoint-1]
[ball_tracking_node-5] [INFO] [1785232348.073519838] [rclcpp]: signal_handler(signum=2)
[laser_scan_matching_node-4] [INFO] [1785232348.075709770] [rclcpp]: signal_handler(signum=2)
[backend_optimizer_node-3] [INFO] [1785232348.078558750] [rclcpp]: signal_handler(signum=2)
[imu_preintegration_node-2] [INFO] [1785232348.079436336] [rclcpp]: signal_handler(signum=2)
[INFO] [laser_scan_matching_node-4]: process has finished cleanly [pid 1080271]
[INFO] [ball_tracking_node-5]: process has finished cleanly [pid 1080272]
[INFO] [imu_preintegration_node-2]: process has finished cleanly [pid 1080265]
[INFO] [backend_optimizer_node-3]: process has finished cleanly [pid 1080270]
[INFO] [default_server_endpoint-1]: process has finished cleanly [pid 1079620]
