[INFO] [launch]: All log files can be found below /home/yukichi6105/ros2_ws/src/lio_localization_sim/docs/stage4_runs/max10_corr100_huber015_fixed_bag_20260729_r1/ros2_logs/2026-07-29-16-21-23-443574-fuku-pc-493630
[INFO] [launch]: Default logging verbosity is set to INFO
[INFO] [default_server_endpoint-1]: process started with pid [493649]
[default_server_endpoint-1] /opt/ros/lyrical/lib/python3.14/site-packages/rclpy/executors.py:1073: UserWarning: MultiThreadedExecutor is used with a single thread.
[default_server_endpoint-1] Use the SingleThreadedExecutor instead.
[default_server_endpoint-1]   warnings.warn(
[default_server_endpoint-1] [INFO] [1785309684.115006427] [unity_endpoint]: Starting server on 0.0.0.0:10000
[INFO] [imu_preintegration_node-2]: process started with pid [493903]
[INFO] [backend_optimizer_node-3]: process started with pid [493904]
[INFO] [laser_scan_matching_node-4]: process started with pid [493905]
[INFO] [nice-5]: process started with pid [493906]
[INFO] [nice-6]: process started with pid [493907]
[imu_preintegration_node-2] [INFO] [1785309688.644294963] [imu_preintegration_node]: imu_preintegration_node started (waiting for first /state_estimate)
[laser_scan_matching_node-4] [INFO] [1785309688.645874915] [laser_scan_matching_node]: laser_scan_matching_node started (0 cylinders, 9 internal walls, field 5.572x3.310m, initial seed=(-2.419, 1.354, 0.000))
[backend_optimizer_node-3] [INFO] [1785309688.656025764] [backend_optimizer_node]: graph (re)initialized at X0=(-2.419, 1.354, 0.000) V0=(0.000, 0.000)
[backend_optimizer_node-3] [INFO] [1785309688.657070778] [backend_optimizer_node]: backend_optimizer_node started (0 cylinders registered)
[nice-6] [INFO] [1785309688.681869486] [unity_evaluator_node]: C++ realtime evaluator started: measuring 60.0s from first ground truth
[nice-5] [INFO] [1785309688.683737025] [ball_tracking_node]: ball_tracking_node started
[nice-6] [INFO] [1785309704.912449223] [unity_evaluator_node]: first ground truth received; measurement window started
[nice-6] [INFO] [1785309709.912320303] [unity_evaluator_node]: t=5.0s  recent 5s: pos_err mean=4.22mm max=8.80mm samples=5162 balls=0
[laser_scan_matching_node-4] [INFO] [1785309709.916989500] [laser_scan_matching_node]: note rejection: 31/541 returns unexplained, 0 clusters -> 0 accepted, 0 points dropped (last extent=-1.0000m; gate <=0.350m, min 4 points)
[nice-6] [INFO] [1785309714.912411575] [unity_evaluator_node]: t=10.0s  recent 5s: pos_err mean=4.07mm max=5.38mm samples=10362 balls=0
[laser_scan_matching_node-4] [INFO] [1785309714.916780985] [laser_scan_matching_node]: note rejection: 29/541 returns unexplained, 0 clusters -> 0 accepted, 0 points dropped (last extent=-1.0000m; gate <=0.350m, min 4 points)
[nice-6] [INFO] [1785309719.912154853] [unity_evaluator_node]: t=15.0s  recent 5s: pos_err mean=6.31mm max=10.95mm samples=15562 balls=0
[laser_scan_matching_node-4] [INFO] [1785309719.942871864] [laser_scan_matching_node]: note rejection: 54/541 returns unexplained, 2 clusters -> 1 accepted, 4 points dropped (last extent=0.0532m; gate <=0.350m, min 4 points)
[nice-6] [INFO] [1785309724.912733672] [unity_evaluator_node]: t=20.0s  recent 5s: pos_err mean=4.19mm max=11.18mm samples=20762 balls=0
[laser_scan_matching_node-4] [INFO] [1785309724.942435314] [laser_scan_matching_node]: note rejection: 48/541 returns unexplained, 2 clusters -> 1 accepted, 4 points dropped (last extent=0.0914m; gate <=0.350m, min 4 points)
[nice-6] [INFO] [1785309729.912370066] [unity_evaluator_node]: t=25.0s  recent 5s: pos_err mean=6.71mm max=9.82mm samples=25962 balls=0
[laser_scan_matching_node-4] [INFO] [1785309729.966643955] [laser_scan_matching_node]: note rejection: 35/541 returns unexplained, 0 clusters -> 0 accepted, 0 points dropped (last extent=-1.0000m; gate <=0.350m, min 4 points)
[nice-6] [INFO] [1785309734.912381476] [unity_evaluator_node]: t=30.0s  recent 5s: pos_err mean=5.45mm max=8.22mm samples=31172 balls=0
[laser_scan_matching_node-4] [INFO] [1785309734.993544864] [laser_scan_matching_node]: note rejection: 51/541 returns unexplained, 3 clusters -> 2 accepted, 14 points dropped (last extent=0.0728m; gate <=0.350m, min 4 points)
[nice-6] [INFO] [1785309739.912449931] [unity_evaluator_node]: t=35.0s  recent 5s: pos_err mean=4.18mm max=9.78mm samples=36362 balls=0
[laser_scan_matching_node-4] [INFO] [1785309739.993439798] [laser_scan_matching_node]: note rejection: 39/541 returns unexplained, 2 clusters -> 1 accepted, 4 points dropped (last extent=0.0565m; gate <=0.350m, min 4 points)
[nice-6] [INFO] [1785309744.912433716] [unity_evaluator_node]: t=40.0s  recent 5s: pos_err mean=6.88mm max=10.65mm samples=41562 balls=0
[laser_scan_matching_node-4] [INFO] [1785309745.017303642] [laser_scan_matching_node]: note rejection: 28/541 returns unexplained, 0 clusters -> 0 accepted, 0 points dropped (last extent=-1.0000m; gate <=0.350m, min 4 points)
[nice-6] [INFO] [1785309749.912551512] [unity_evaluator_node]: t=45.0s  recent 5s: pos_err mean=5.36mm max=7.99mm samples=46772 balls=0
[laser_scan_matching_node-4] [INFO] [1785309750.017583630] [laser_scan_matching_node]: note rejection: 39/541 returns unexplained, 4 clusters -> 4 accepted, 19 points dropped (last extent=0.0628m; gate <=0.350m, min 4 points)
[nice-6] [INFO] [1785309754.912179799] [unity_evaluator_node]: t=50.0s  recent 5s: pos_err mean=4.50mm max=10.12mm samples=51962 balls=0
[laser_scan_matching_node-4] [INFO] [1785309755.042681441] [laser_scan_matching_node]: note rejection: 34/541 returns unexplained, 1 clusters -> 0 accepted, 0 points dropped (last extent=0.8500m; gate <=0.350m, min 4 points)
[nice-6] [INFO] [1785309759.912366082] [unity_evaluator_node]: t=55.0s  recent 5s: pos_err mean=7.01mm max=9.20mm samples=57162 balls=0
[laser_scan_matching_node-4] [INFO] [1785309760.066532938] [laser_scan_matching_node]: note rejection: 32/541 returns unexplained, 0 clusters -> 0 accepted, 0 points dropped (last extent=-1.0000m; gate <=0.350m, min 4 points)
[nice-6] [INFO] [1785309764.912416146] [unity_evaluator_node]: t=60.0s  recent 5s: pos_err mean=5.54mm max=8.03mm samples=62371 balls=0
[nice-6] [INFO] [1785309764.913954186] [unity_evaluator_node]: 
[nice-6] ============================================================
[nice-6] main.md 6-A-1 シミュレーション評価レポート (C++ realtime evaluator)
[nice-6] ============================================================
[nice-6] 総サンプル数: 62371  (定常区間 t>=3.0s: 59280)
[nice-6] 真値未着のまま評価できなかったサンプル: 0
[nice-6] 
[nice-6] --- 全体（要件A: 定常RMSE<=10mm, 最大位置誤差<=10mm） ---
[nice-6]   位置誤差: mean=5.42mm  RMSE=5.91mm  max=11.18mm
[nice-6]   ヨー誤差: mean=0.121deg  RMSE=0.147deg  max=0.313deg
[nice-6]   判定: 定常誤差(RMSE<=10mm) PASS / 最大位置誤差(<=10mm) FAIL
[nice-6] 
[nice-6] --- 高G旋回スピンバースト中 ---
[nice-6]   位置誤差: mean=nanmm  RMSE=nanmm  max=nanmm
[nice-6] 
[nice-6] --- ボール横切り中 vs 非横切り中 ---
[nice-6]   横切り中   : mean=nanmm  RMSE=nanmm  max=nanmm
[nice-6]   非横切り中 : mean=nanmm  RMSE=nanmm  max=nanmm
[nice-6]   判定: ボール横切りによる自己位置無影響 PASS
[nice-6]   (参考) 横切り中の検出ボール数(最新): 0
[nice-6] ============================================================
[nice-6] 
[nice-6] [INFO] [1785309765.007542975] [unity_evaluator_node]: Saved report and raw error CSV in /tmp
[laser_scan_matching_node-4] [INFO] [1785309765.093138288] [laser_scan_matching_node]: note rejection: 32/541 returns unexplained, 3 clusters -> 3 accepted, 14 points dropped (last extent=0.0686m; gate <=0.350m, min 4 points)
[INFO] [nice-6]: process has finished cleanly [pid 493907]
[INFO] [nice-5]: sending signal 'SIGINT' to process[nice-5]
[INFO] [laser_scan_matching_node-4]: sending signal 'SIGINT' to process[laser_scan_matching_node-4]
[INFO] [backend_optimizer_node-3]: sending signal 'SIGINT' to process[backend_optimizer_node-3]
[INFO] [imu_preintegration_node-2]: sending signal 'SIGINT' to process[imu_preintegration_node-2]
[INFO] [default_server_endpoint-1]: sending signal 'SIGINT' to process[default_server_endpoint-1]
[nice-5] [INFO] [1785309765.158720138] [rclcpp]: signal_handler(signum=2)
[laser_scan_matching_node-4] [INFO] [1785309765.160974611] [rclcpp]: signal_handler(signum=2)
[backend_optimizer_node-3] [INFO] [1785309765.161831343] [rclcpp]: signal_handler(signum=2)
[imu_preintegration_node-2] [INFO] [1785309765.164346118] [rclcpp]: signal_handler(signum=2)
[backend_optimizer_node-3] [INFO] [1785309765.166767274] [backend_optimizer_node]: backend concurrency stats: imu_callbacks=60250, during_worker=2558 (4.2%), during_smoother=1941 (3.2%), callback_gap_max=12.815ms, gaps>2ms=391, gaps>10ms=3; stamp_gap_max=1.000ms, gaps>1ms=0; ring_enqueue_max=3.109ms, enqueues>2ms=1; callback_duration_max=3.310ms, durations>2ms=2; worker_jobs=2410 mean/max=1.135/10.479ms; smoother_updates=2409 mean/max=0.854/10.236ms
[INFO] [nice-5]: process has finished cleanly [pid 493906]
[INFO] [imu_preintegration_node-2]: process has finished cleanly [pid 493903]
[INFO] [backend_optimizer_node-3]: process has finished cleanly [pid 493904]
[INFO] [laser_scan_matching_node-4]: process has finished cleanly [pid 493905]
[INFO] [default_server_endpoint-1]: process has finished cleanly [pid 493649]
