[INFO] [1785154304.452065841] [unity_evaluator_node]: evaluator_node started: will run for 60.0s starting from the first /ground_truth_pose
[INFO] [1785154331.733734410] [unity_evaluator_node]: first ground truth received: measuring for 60.0s
[INFO] [1785154336.229927332] [unity_evaluator_node]: t=4.9s  直近5秒: pos_err mean=4.30mm max=13.98mm  samples=3815  detected_balls=0
[INFO] [1785154341.423657518] [unity_evaluator_node]: t=10.0s  直近5秒: pos_err mean=4.04mm max=5.89mm  samples=8126  detected_balls=0
[INFO] [1785154346.590031616] [unity_evaluator_node]: t=15.0s  直近5秒: pos_err mean=7.99mm max=19.28mm  samples=12196  detected_balls=0
[INFO] [1785154351.711633395] [unity_evaluator_node]: t=20.0s  直近5秒: pos_err mean=4.66mm max=13.47mm  samples=16758  detected_balls=0
[INFO] [1785154356.807594768] [unity_evaluator_node]: t=25.0s  直近5秒: pos_err mean=2.24mm max=3.75mm  samples=21547  detected_balls=0
[INFO] [1785154361.978122418] [unity_evaluator_node]: t=30.0s  直近5秒: pos_err mean=2.45mm max=4.12mm  samples=25678  detected_balls=0
[INFO] [1785154367.135553306] [unity_evaluator_node]: t=35.0s  直近5秒: pos_err mean=2.23mm max=3.46mm  samples=30250  detected_balls=0
[INFO] [1785154372.126542244] [unity_evaluator_node]: t=39.9s  直近5秒: pos_err mean=2.33mm max=4.40mm  samples=35178  detected_balls=0
[INFO] [1785154377.208652706] [unity_evaluator_node]: t=45.0s  直近5秒: pos_err mean=2.29mm max=4.83mm  samples=39706  detected_balls=0
[INFO] [1785154382.315563664] [unity_evaluator_node]: t=50.0s  直近5秒: pos_err mean=2.20mm max=3.41mm  samples=44118  detected_balls=0
[INFO] [1785154387.545022312] [unity_evaluator_node]: t=55.0s  直近5秒: pos_err mean=2.44mm max=3.65mm  samples=48111  detected_balls=0
[INFO] [1785154392.569536663] [unity_evaluator_node]: t=60.0s  直近5秒: pos_err mean=2.43mm max=3.49mm  samples=52780  detected_balls=0
[INFO] [1785154392.572342428] [unity_evaluator_node]: === 評価終了、集計します ===
[INFO] [1785154392.956530363] [unity_evaluator_node]: 
============================================================
main.md 6-A-1 シミュレーション評価レポート
============================================================
総サンプル数: 52782  (定常区間 t>=3.0s: 50719)
真値未着のまま評価できなかったサンプル: 0

--- 全体（要件A: 定常RMSE<=10mm, 最大位置誤差<=10mm） ---
  位置誤差: mean=3.19mm  RMSE=3.91mm  max=19.28mm
  ヨー誤差: mean=0.075deg  RMSE=0.116deg  max=0.459deg
  判定: 定常誤差(RMSE<=10mm) PASS / 最大位置誤差(<=10mm) FAIL

--- 高G旋回スピンバースト中 ---
  位置誤差: mean=nanmm  RMSE=nanmm  max=nanmm

--- ボール横切り中 vs 非横切り中 ---
  横切り中   : mean=nanmm  RMSE=nanmm  max=nanmm
  非横切り中 : mean=3.19mm  RMSE=3.91mm  max=19.28mm
  判定: ボール横切りによる自己位置無影響 PASS
  (参考) 横切り中の検出ボール数(最新): 0
============================================================
[INFO] [1785154392.961730974] [unity_evaluator_node]: レポートを保存しました: /tmp/sim_eval_report.txt
