[INFO] [1784821595.563752934] [fusion_stage_diag_rest]: fusion_stage_diag started (settle=10.0s)
[INFO] [1784821638.048445242] [fusion_stage_diag_rest]: ==============================================================================
[INFO] [1784821638.048917052] [fusion_stage_diag_rest]: --- stage vs ground truth (signed, settled samples only) ---
[INFO] [1784821638.049232458] [fusion_stage_diag_rest]: scan_match wall.corrected_pose: (no data)
[INFO] [1784821638.049539074] [fusion_stage_diag_rest]: state_estimate (fused)      : (no data)
[INFO] [1784821638.049902132] [fusion_stage_diag_rest]: odom_fast (evaluated)       : (no data)
[INFO] [1784821638.050294403] [fusion_stage_diag_rest]: --- stamp regularity ---
[INFO] [1784821638.053432712] [fusion_stage_diag_rest]: imu  stamp dt: n=3724 mean=2.683ms (nominal 4.000) sd=5.414ms min=1.000 max=76.000
[INFO] [1784821638.055895255] [fusion_stage_diag_rest]: scan stamp dt: n=399 mean=25.003ms (nominal 25.000) sd=0.050ms min=25.000 max=26.000
[INFO] [1784821638.056648017] [fusion_stage_diag_rest]: scan stamp - newest imu stamp: n=400 mean=-6.037ms min=-65.000 max=+4.000
[INFO] [1784821649.017313133] [fusion_stage_diag_rest]: ==============================================================================
[INFO] [1784821649.020795734] [fusion_stage_diag_rest]: --- stage vs ground truth (signed, settled samples only) ---
[INFO] [1784821649.022463493] [fusion_stage_diag_rest]: scan_match wall.corrected_pose: n=247 dx=-3.30+-2.62mm dy=-0.73+-3.31mm |bias|=3.38mm dyaw=+0.1145+-0.1890deg
[INFO] [1784821649.024596635] [fusion_stage_diag_rest]: state_estimate (fused)      : n=281 dx=-3.16+-2.32mm dy=-0.92+-2.27mm |bias|=3.29mm dyaw=+0.1795+-0.1513deg
[INFO] [1784821649.031481272] [fusion_stage_diag_rest]: odom_fast (evaluated)       : n=8100 dx=-3.10+-2.42mm dy=-0.83+-2.29mm |bias|=3.21mm dyaw=+0.1684+-0.1491deg
[INFO] [1784821649.031952560] [fusion_stage_diag_rest]: --- stamp regularity ---
[INFO] [1784821649.034095511] [fusion_stage_diag_rest]: imu  stamp dt: n=7662 mean=2.610ms (nominal 4.000) sd=5.320ms min=1.000 max=76.000
[INFO] [1784821649.034936133] [fusion_stage_diag_rest]: scan stamp dt: n=799 mean=25.001ms (nominal 25.000) sd=0.035ms min=25.000 max=26.000
[INFO] [1784821649.037435977] [fusion_stage_diag_rest]: scan stamp - newest imu stamp: n=800 mean=-6.299ms min=-65.000 max=+4.000
[INFO] [1784821649.041347153] [fusion_stage_diag_rest]: estimated bias: gyro_z mean=+0.004778rad/s (last=+0.005075)  |accel_xy| mean=0.054891m/s^2
[INFO] [1784821659.452657369] [fusion_stage_diag_rest]: ==============================================================================
[INFO] [1784821659.453457327] [fusion_stage_diag_rest]: --- stage vs ground truth (signed, settled samples only) ---
[INFO] [1784821659.455251001] [fusion_stage_diag_rest]: scan_match wall.corrected_pose: n=511 dx=-2.67+-2.28mm dy=-0.22+-3.12mm |bias|=2.67mm dyaw=+0.0727+-0.1539deg
[INFO] [1784821659.458217930] [fusion_stage_diag_rest]: state_estimate (fused)      : n=586 dx=-2.60+-1.74mm dy=-0.36+-1.74mm |bias|=2.62mm dyaw=+0.1000+-0.1297deg
[INFO] [1784821659.470585032] [fusion_stage_diag_rest]: odom_fast (evaluated)       : n=16854 dx=-2.56+-1.81mm dy=-0.36+-1.73mm |bias|=2.59mm dyaw=+0.0945+-0.1255deg
[INFO] [1784821659.473916436] [fusion_stage_diag_rest]: --- stamp regularity ---
[INFO] [1784821659.480260411] [fusion_stage_diag_rest]: imu  stamp dt: n=12120 mean=2.476ms (nominal 4.000) sd=5.013ms min=1.000 max=76.000
[INFO] [1784821659.481596025] [fusion_stage_diag_rest]: scan stamp dt: n=1200 mean=25.001ms (nominal 25.000) sd=0.029ms min=25.000 max=26.000
[INFO] [1784821659.482270618] [fusion_stage_diag_rest]: scan stamp - newest imu stamp: n=1201 mean=-5.762ms min=-65.000 max=+4.000
[INFO] [1784821659.482825328] [fusion_stage_diag_rest]: estimated bias: gyro_z mean=+0.004916rad/s (last=+0.005041)  |accel_xy| mean=0.055551m/s^2
[INFO] [1784821669.753160808] [fusion_stage_diag_rest]: ==============================================================================
[INFO] [1784821669.753596162] [fusion_stage_diag_rest]: --- stage vs ground truth (signed, settled samples only) ---
[INFO] [1784821669.754554182] [fusion_stage_diag_rest]: scan_match wall.corrected_pose: n=766 dx=-2.50+-2.10mm dy=-0.11+-3.01mm |bias|=2.50mm dyaw=+0.0581+-0.1393deg
[INFO] [1784821669.755636412] [fusion_stage_diag_rest]: state_estimate (fused)      : n=877 dx=-2.41+-1.48mm dy=-0.17+-1.50mm |bias|=2.42mm dyaw=+0.0755+-0.1117deg
[INFO] [1784821669.775259408] [fusion_stage_diag_rest]: odom_fast (evaluated)       : n=25634 dx=-2.37+-1.53mm dy=-0.16+-1.51mm |bias|=2.38mm dyaw=+0.0710+-0.1070deg
[INFO] [1784821669.775724038] [fusion_stage_diag_rest]: --- stamp regularity ---
[INFO] [1784821669.784010746] [fusion_stage_diag_rest]: imu  stamp dt: n=16514 mean=2.422ms (nominal 4.000) sd=4.869ms min=1.000 max=76.000
[INFO] [1784821669.785899868] [fusion_stage_diag_rest]: scan stamp dt: n=1600 mean=25.001ms (nominal 25.000) sd=0.025ms min=25.000 max=26.000
[INFO] [1784821669.790192889] [fusion_stage_diag_rest]: scan stamp - newest imu stamp: n=1601 mean=-5.560ms min=-92.000 max=+4.000
[INFO] [1784821669.790816511] [fusion_stage_diag_rest]: estimated bias: gyro_z mean=+0.004950rad/s (last=+0.005010)  |accel_xy| mean=0.055962m/s^2
[INFO] [1784821680.208721557] [fusion_stage_diag_rest]: ==============================================================================
[INFO] [1784821680.209201711] [fusion_stage_diag_rest]: --- stage vs ground truth (signed, settled samples only) ---
[INFO] [1784821680.212347686] [fusion_stage_diag_rest]: scan_match wall.corrected_pose: n=1035 dx=-2.38+-1.98mm dy=+0.01+-2.89mm |bias|=2.38mm dyaw=+0.0509+-0.1276deg
[INFO] [1784821680.217583674] [fusion_stage_diag_rest]: state_estimate (fused)      : n=1177 dx=-2.34+-1.32mm dy=-0.03+-1.39mm |bias|=2.34mm dyaw=+0.0632+-0.0987deg
[INFO] [1784821680.257499234] [fusion_stage_diag_rest]: odom_fast (evaluated)       : n=34661 dx=-2.30+-1.36mm dy=-0.01+-1.39mm |bias|=2.30mm dyaw=+0.0596+-0.0940deg
[INFO] [1784821680.257994138] [fusion_stage_diag_rest]: --- stamp regularity ---
[INFO] [1784821680.273054213] [fusion_stage_diag_rest]: imu  stamp dt: n=21191 mean=2.360ms (nominal 4.000) sd=4.678ms min=1.000 max=76.000
[INFO] [1784821680.274187428] [fusion_stage_diag_rest]: scan stamp dt: n=1999 mean=25.001ms (nominal 25.000) sd=0.022ms min=25.000 max=26.000
[INFO] [1784821680.274869644] [fusion_stage_diag_rest]: scan stamp - newest imu stamp: n=2000 mean=-5.208ms min=-92.000 max=+4.000
[INFO] [1784821680.275498429] [fusion_stage_diag_rest]: estimated bias: gyro_z mean=+0.004962rad/s (last=+0.004986)  |accel_xy| mean=0.056253m/s^2
[INFO] [1784821692.348624318] [fusion_stage_diag_rest]: ==============================================================================
[INFO] [1784821692.352248864] [fusion_stage_diag_rest]: --- stage vs ground truth (signed, settled samples only) ---
[INFO] [1784821692.360235914] [fusion_stage_diag_rest]: scan_match wall.corrected_pose: n=1281 dx=-2.35+-1.90mm dy=+0.08+-2.91mm |bias|=2.35mm dyaw=+0.0467+-0.1225deg
[INFO] [1784821692.361872850] [fusion_stage_diag_rest]: state_estimate (fused)      : n=1464 dx=-2.32+-1.20mm dy=+0.04+-1.30mm |bias|=2.32mm dyaw=+0.0565+-0.0896deg
[INFO] [1784821692.403045987] [fusion_stage_diag_rest]: odom_fast (evaluated)       : n=42987 dx=-2.29+-1.24mm dy=+0.05+-1.31mm |bias|=2.29mm dyaw=+0.0537+-0.0854deg
[INFO] [1784821692.403738409] [fusion_stage_diag_rest]: --- stamp regularity ---
[INFO] [1784821692.414567106] [fusion_stage_diag_rest]: imu  stamp dt: n=25430 mean=2.359ms (nominal 4.000) sd=4.689ms min=1.000 max=76.000
[INFO] [1784821692.415756862] [fusion_stage_diag_rest]: scan stamp dt: n=2399 mean=25.000ms (nominal 25.000) sd=0.020ms min=25.000 max=26.000
[INFO] [1784821692.416526334] [fusion_stage_diag_rest]: scan stamp - newest imu stamp: n=2400 mean=-5.177ms min=-92.000 max=+4.000
[INFO] [1784821692.417175074] [fusion_stage_diag_rest]: estimated bias: gyro_z mean=+0.004968rad/s (last=+0.004996)  |accel_xy| mean=0.056471m/s^2
