[INFO] [launch]: All log files can be found below /home/yukichi6105/ros2_ws/src/lio_localization_sim/docs/stage4_runs/max10_1khz_clock250_reintegration_clip_5_5f1_20260727/ros2_logs/2026-07-27-21-16-06-826056-fuku-pc-254684
[INFO] [launch]: Default logging verbosity is set to INFO
[INFO] [default_server_endpoint-1]: process started with pid [254699]
[default_server_endpoint-1] /opt/ros/lyrical/lib/python3.14/site-packages/rclpy/executors.py:1073: UserWarning: MultiThreadedExecutor is used with a single thread.
[default_server_endpoint-1] Use the SingleThreadedExecutor instead.
[default_server_endpoint-1]   warnings.warn(
[default_server_endpoint-1] [INFO] [1785154567.529561764] [unity_endpoint]: Starting server on 0.0.0.0:10000
[default_server_endpoint-1] [INFO] [1785154567.561660100] [unity_endpoint]: Connection from 127.0.0.1
[default_server_endpoint-1] [ERROR] [1785154567.562651155] [unity_endpoint]: Exception: No more data available
[default_server_endpoint-1] [INFO] [1785154567.563072618] [unity_endpoint]: Disconnected from 127.0.0.1
[default_server_endpoint-1] [INFO] [1785154567.665553101] [unity_endpoint]: Connection from 127.0.0.1
[default_server_endpoint-1] [ERROR] [1785154567.666489477] [unity_endpoint]: Exception: No more data available
[default_server_endpoint-1] [INFO] [1785154567.666817140] [unity_endpoint]: Disconnected from 127.0.0.1
[INFO] [imu_preintegration_node-2]: process started with pid [254762]
[INFO] [backend_optimizer_node-3]: process started with pid [254763]
[INFO] [laser_scan_matching_node-4]: process started with pid [254764]
[INFO] [ball_tracking_node-5]: process started with pid [254765]
[INFO] [evaluator_node-6]: process started with pid [254766]
[ball_tracking_node-5] [INFO] [1785154571.985360121] [ball_tracking_node]: ball_tracking_node started
[laser_scan_matching_node-4] [INFO] [1785154571.991345752] [laser_scan_matching_node]: laser_scan_matching_node started (0 cylinders, 9 internal walls, field 5.572x3.310m, initial seed=(-2.419, 1.354, 0.000))
[imu_preintegration_node-2] [INFO] [1785154572.008405459] [imu_preintegration_node]: imu_preintegration_node started (waiting for first /state_estimate)
[backend_optimizer_node-3] [INFO] [1785154572.020254006] [backend_optimizer_node]: graph (re)initialized at X0=(-2.419, 1.354, 0.000) V0=(0.000, 0.000)
[backend_optimizer_node-3] [INFO] [1785154572.020606592] [backend_optimizer_node]: backend_optimizer_node started (0 cylinders registered)
[evaluator_node-6] [INFO] [1785154572.839550416] [unity_evaluator_node]: evaluator_node started: will run for 60.0s starting from the first /ground_truth_pose
[default_server_endpoint-1] [INFO] [1785154602.082708147] [unity_endpoint]: Connection from 172.25.0.1
[default_server_endpoint-1] [WARN] [1785154602.128318783] [rcl.logging_rosout]: Publisher already registered for node name: 'unity_endpoint'. If this is due to multiple nodes with the same name then all logs for the logger named 'unity_endpoint' will go out over the existing publisher. As soon as any node with that name is destructed it will unregister the publisher, preventing any further logs for that name from being published on the rosout topic.
[default_server_endpoint-1] [INFO] [1785154602.483161782] [unity_endpoint]: RegisterSubscriber(/odom_fast, <class 'nav_msgs.msg._odometry.Odometry'>) OK
[default_server_endpoint-1] [WARN] [1785154602.498661912] [rcl.logging_rosout]: Publisher already registered for node name: 'unity_endpoint'. If this is due to multiple nodes with the same name then all logs for the logger named 'unity_endpoint' will go out over the existing publisher. As soon as any node with that name is destructed it will unregister the publisher, preventing any further logs for that name from being published on the rosout topic.
[default_server_endpoint-1] [INFO] [1785154602.541218751] [unity_endpoint]: RegisterSubscriber(/tf, <class 'tf2_msgs.msg._tf_message.TFMessage'>) OK
[default_server_endpoint-1] [WARN] [1785154602.541824731] [rcl.logging_rosout]: Publisher already registered for node name: 'unity_endpoint'. If this is due to multiple nodes with the same name then all logs for the logger named 'unity_endpoint' will go out over the existing publisher. As soon as any node with that name is destructed it will unregister the publisher, preventing any further logs for that name from being published on the rosout topic.
[default_server_endpoint-1] [INFO] [1785154602.569033406] [unity_endpoint]: RegisterPublisher(/clock, <class 'rosgraph_msgs.msg._clock.Clock'>) OK
[default_server_endpoint-1] [WARN] [1785154602.755136844] [rcl.logging_rosout]: Publisher already registered for node name: 'unity_endpoint'. If this is due to multiple nodes with the same name then all logs for the logger named 'unity_endpoint' will go out over the existing publisher. As soon as any node with that name is destructed it will unregister the publisher, preventing any further logs for that name from being published on the rosout topic.
[default_server_endpoint-1] [INFO] [1785154602.787293718] [unity_endpoint]: RegisterPublisher(/scan, <class 'sensor_msgs.msg._laser_scan.LaserScan'>) OK
[default_server_endpoint-1] [WARN] [1785154602.788078190] [rcl.logging_rosout]: Publisher already registered for node name: 'unity_endpoint'. If this is due to multiple nodes with the same name then all logs for the logger named 'unity_endpoint' will go out over the existing publisher. As soon as any node with that name is destructed it will unregister the publisher, preventing any further logs for that name from being published on the rosout topic.
[default_server_endpoint-1] [INFO] [1785154602.830294029] [unity_endpoint]: RegisterPublisher(/ground_truth_pose, <class 'nav_msgs.msg._odometry.Odometry'>) OK
[default_server_endpoint-1] [WARN] [1785154602.836318963] [rcl.logging_rosout]: Publisher already registered for node name: 'unity_endpoint'. If this is due to multiple nodes with the same name then all logs for the logger named 'unity_endpoint' will go out over the existing publisher. As soon as any node with that name is destructed it will unregister the publisher, preventing any further logs for that name from being published on the rosout topic.
[default_server_endpoint-1] [INFO] [1785154602.864269316] [unity_endpoint]: RegisterPublisher(/imu/data, <class 'sensor_msgs.msg._imu.Imu'>) OK
[default_server_endpoint-1] [WARN] [1785154602.866172698] [rcl.logging_rosout]: Publisher already registered for node name: 'unity_endpoint'. If this is due to multiple nodes with the same name then all logs for the logger named 'unity_endpoint' will go out over the existing publisher. As soon as any node with that name is destructed it will unregister the publisher, preventing any further logs for that name from being published on the rosout topic.
[evaluator_node-6] [INFO] [1785154602.872664063] [unity_evaluator_node]: first ground truth received: measuring for 60.0s
[default_server_endpoint-1] [INFO] [1785154602.899488671] [unity_endpoint]: RegisterPublisher(/clock, <class 'rosgraph_msgs.msg._clock.Clock'>) OK
[default_server_endpoint-1] [INFO] [1785154602.948939686] [unity_endpoint]: RegisterPublisher(/scan, <class 'sensor_msgs.msg._laser_scan.LaserScan'>) OK
[default_server_endpoint-1] [INFO] [1785154602.983989891] [unity_endpoint]: RegisterPublisher(/ground_truth_pose, <class 'nav_msgs.msg._odometry.Odometry'>) OK
[default_server_endpoint-1] [INFO] [1785154603.011936584] [unity_endpoint]: RegisterPublisher(/imu/data, <class 'sensor_msgs.msg._imu.Imu'>) OK
[laser_scan_matching_node-4] [WARN] [1785154606.033463222] [laser_scan_matching_node]: IMU coverage wait exceeded 0.050s, processing scan with extrapolated tail
[laser_scan_matching_node-4] [INFO] [1785154607.350721255] [laser_scan_matching_node]: note rejection: 34/541 returns unexplained, 0 clusters -> 0 accepted, 0 points dropped (last extent=-1.0000m; gate <=0.350m, min 4 points)
[evaluator_node-6] [INFO] [1785154607.357770799] [unity_evaluator_node]: t=5.0s  直近5秒: pos_err mean=4.01mm max=6.70mm  samples=3669  detected_balls=0
[backend_optimizer_node-3] [WARN] [1785154610.543774532] [backend_optimizer_node]: slow smoother update: 28.7ms (index 270)
[laser_scan_matching_node-4] [WARN] [1785154611.478280207] [laser_scan_matching_node]: IMU coverage wait exceeded 0.050s, processing scan with extrapolated tail
[backend_optimizer_node-3] [WARN] [1785154611.756230649] [backend_optimizer_node]: slow smoother update: 27.8ms (index 307)
[laser_scan_matching_node-4] [INFO] [1785154612.534573880] [laser_scan_matching_node]: note rejection: 17/541 returns unexplained, 0 clusters -> 0 accepted, 0 points dropped (last extent=-1.0000m; gate <=0.350m, min 4 points)
[evaluator_node-6] [INFO] [1785154612.545292282] [unity_evaluator_node]: t=10.0s  直近5秒: pos_err mean=3.97mm max=6.47mm  samples=7534  detected_balls=0
[backend_optimizer_node-3] [WARN] [1785154614.237670823] [backend_optimizer_node]: slow smoother update: 21.5ms (index 385)
[backend_optimizer_node-3] [WARN] [1785154615.071485194] [backend_optimizer_node]: slow smoother update: 30.2ms (index 411)
[backend_optimizer_node-3] [WARN] [1785154615.104646709] [backend_optimizer_node]: slow smoother update: 32.4ms (index 412)
[backend_optimizer_node-3] [WARN] [1785154616.175003515] [backend_optimizer_node]: slow smoother update: 26.8ms (index 455)
[backend_optimizer_node-3] [WARN] [1785154616.940946931] [backend_optimizer_node]: slow smoother update: 21.0ms (index 484)
[backend_optimizer_node-3] [WARN] [1785154617.647355670] [backend_optimizer_node]: slow smoother update: 30.6ms (index 511)
[laser_scan_matching_node-4] [INFO] [1785154617.695526745] [laser_scan_matching_node]: note rejection: 47/541 returns unexplained, 4 clusters -> 4 accepted, 21 points dropped (last extent=0.0575m; gate <=0.350m, min 4 points)
[evaluator_node-6] [INFO] [1785154617.704346990] [unity_evaluator_node]: t=15.0s  直近5秒: pos_err mean=7.52mm max=13.79mm  samples=12035  detected_balls=0
[laser_scan_matching_node-4] [WARN] [1785154618.990318960] [laser_scan_matching_node]: IMU coverage wait exceeded 0.050s, processing scan with extrapolated tail
[laser_scan_matching_node-4] [INFO] [1785154622.846052704] [laser_scan_matching_node]: note rejection: 26/541 returns unexplained, 0 clusters -> 0 accepted, 0 points dropped (last extent=-1.0000m; gate <=0.350m, min 4 points)
[evaluator_node-6] [INFO] [1785154622.851105792] [unity_evaluator_node]: t=20.0s  直近5秒: pos_err mean=3.98mm max=11.18mm  samples=17046  detected_balls=0
[backend_optimizer_node-3] [WARN] [1785154627.659984236] [backend_optimizer_node]: slow smoother update: 46.1ms (index 891)
[laser_scan_matching_node-4] [INFO] [1785154627.949901498] [laser_scan_matching_node]: note rejection: 29/541 returns unexplained, 0 clusters -> 0 accepted, 0 points dropped (last extent=-1.0000m; gate <=0.350m, min 4 points)
[evaluator_node-6] [INFO] [1785154627.955247129] [unity_evaluator_node]: t=25.0s  直近5秒: pos_err mean=2.25mm max=3.81mm  samples=21928  detected_balls=0
[laser_scan_matching_node-4] [WARN] [1785154629.390028346] [laser_scan_matching_node]: IMU coverage wait exceeded 0.050s, processing scan with extrapolated tail
[laser_scan_matching_node-4] [WARN] [1785154630.962572553] [laser_scan_matching_node]: IMU coverage wait exceeded 0.050s, processing scan with extrapolated tail
[evaluator_node-6] [INFO] [1785154633.196997126] [unity_evaluator_node]: t=30.0s  直近5秒: pos_err mean=2.34mm max=4.27mm  samples=25660  detected_balls=0
[laser_scan_matching_node-4] [INFO] [1785154633.203057350] [laser_scan_matching_node]: note rejection: 18/541 returns unexplained, 0 clusters -> 0 accepted, 0 points dropped (last extent=-1.0000m; gate <=0.350m, min 4 points)
[laser_scan_matching_node-4] [WARN] [1785154634.985745295] [laser_scan_matching_node]: IMU coverage wait exceeded 0.050s, processing scan with extrapolated tail
[laser_scan_matching_node-4] [WARN] [1785154637.166597284] [laser_scan_matching_node]: IMU coverage wait exceeded 0.050s, processing scan with extrapolated tail
[evaluator_node-6] [INFO] [1785154638.386996843] [unity_evaluator_node]: t=35.0s  直近5秒: pos_err mean=2.29mm max=3.69mm  samples=30230  detected_balls=0
[laser_scan_matching_node-4] [INFO] [1785154638.417412297] [laser_scan_matching_node]: note rejection: 19/541 returns unexplained, 0 clusters -> 0 accepted, 0 points dropped (last extent=-1.0000m; gate <=0.350m, min 4 points)
[backend_optimizer_node-3] [WARN] [1785154643.255500276] [backend_optimizer_node]: slow smoother update: 25.2ms (index 1438)
[laser_scan_matching_node-4] [INFO] [1785154643.528453427] [laser_scan_matching_node]: note rejection: 28/541 returns unexplained, 0 clusters -> 0 accepted, 0 points dropped (last extent=-1.0000m; gate <=0.350m, min 4 points)
[evaluator_node-6] [INFO] [1785154643.532699678] [unity_evaluator_node]: t=40.0s  直近5秒: pos_err mean=2.41mm max=4.30mm  samples=35254  detected_balls=0
[backend_optimizer_node-3] [WARN] [1785154647.706274433] [backend_optimizer_node]: slow smoother update: 22.6ms (index 1603)
[evaluator_node-6] [INFO] [1785154648.662386639] [unity_evaluator_node]: t=45.0s  直近5秒: pos_err mean=2.48mm max=4.35mm  samples=40216  detected_balls=0
[laser_scan_matching_node-4] [INFO] [1785154648.669285998] [laser_scan_matching_node]: note rejection: 21/541 returns unexplained, 0 clusters -> 0 accepted, 0 points dropped (last extent=-1.0000m; gate <=0.350m, min 4 points)
[backend_optimizer_node-3] [WARN] [1785154649.370631076] [backend_optimizer_node]: slow smoother update: 22.2ms (index 1665)
[laser_scan_matching_node-4] [WARN] [1785154653.258321954] [laser_scan_matching_node]: IMU coverage wait exceeded 0.050s, processing scan with extrapolated tail
[evaluator_node-6] [INFO] [1785154653.879876496] [unity_evaluator_node]: t=50.0s  直近5秒: pos_err mean=2.27mm max=4.37mm  samples=45152  detected_balls=0
[laser_scan_matching_node-4] [INFO] [1785154653.904425732] [laser_scan_matching_node]: note rejection: 32/541 returns unexplained, 0 clusters -> 0 accepted, 0 points dropped (last extent=-1.0000m; gate <=0.350m, min 4 points)
[laser_scan_matching_node-4] [WARN] [1785154658.596949313] [laser_scan_matching_node]: IMU coverage wait exceeded 0.050s, processing scan with extrapolated tail
[backend_optimizer_node-3] [WARN] [1785154658.695905469] [backend_optimizer_node]: slow smoother update: 26.9ms (index 2009)
[evaluator_node-6] [INFO] [1785154659.022322635] [unity_evaluator_node]: t=54.9s  直近5秒: pos_err mean=2.48mm max=3.60mm  samples=50083  detected_balls=0
[laser_scan_matching_node-4] [INFO] [1785154659.073027849] [laser_scan_matching_node]: note rejection: 24/541 returns unexplained, 0 clusters -> 0 accepted, 0 points dropped (last extent=-1.0000m; gate <=0.350m, min 4 points)
[evaluator_node-6] [INFO] [1785154664.188957754] [unity_evaluator_node]: t=60.0s  直近5秒: pos_err mean=2.41mm max=3.53mm  samples=54616  detected_balls=0
[evaluator_node-6] [INFO] [1785154664.192973200] [unity_evaluator_node]: === 評価終了、集計します ===
[laser_scan_matching_node-4] [INFO] [1785154664.194982742] [laser_scan_matching_node]: note rejection: 19/541 returns unexplained, 0 clusters -> 0 accepted, 0 points dropped (last extent=-1.0000m; gate <=0.350m, min 4 points)
[evaluator_node-6] [INFO] [1785154664.591824231] [unity_evaluator_node]: 
[evaluator_node-6] ============================================================
[evaluator_node-6] main.md 6-A-1 シミュレーション評価レポート
[evaluator_node-6] ============================================================
[evaluator_node-6] 総サンプル数: 54616  (定常区間 t>=3.0s: 52476)
[evaluator_node-6] 真値未着のまま評価できなかったサンプル: 2
[evaluator_node-6] 
[evaluator_node-6] --- 全体（要件A: 定常RMSE<=10mm, 最大位置誤差<=10mm） ---
[evaluator_node-6]   位置誤差: mean=3.11mm  RMSE=3.67mm  max=13.79mm
[evaluator_node-6]   ヨー誤差: mean=0.068deg  RMSE=0.104deg  max=0.398deg
[evaluator_node-6]   判定: 定常誤差(RMSE<=10mm) PASS / 最大位置誤差(<=10mm) FAIL
[evaluator_node-6] 
[evaluator_node-6] --- 高G旋回スピンバースト中 ---
[evaluator_node-6]   位置誤差: mean=nanmm  RMSE=nanmm  max=nanmm
[evaluator_node-6] 
[evaluator_node-6] --- ボール横切り中 vs 非横切り中 ---
[evaluator_node-6]   横切り中   : mean=nanmm  RMSE=nanmm  max=nanmm
[evaluator_node-6]   非横切り中 : mean=3.11mm  RMSE=3.67mm  max=13.79mm
[evaluator_node-6]   判定: ボール横切りによる自己位置無影響 PASS
[evaluator_node-6]   (参考) 横切り中の検出ボール数(最新): 0
[evaluator_node-6] ============================================================
[evaluator_node-6] [INFO] [1785154664.593044864] [unity_evaluator_node]: レポートを保存しました: /tmp/sim_eval_report.txt
