[INFO] [1785420582.178595571] [backend_optimizer_node]: graph (re)initialized at X0=(-2.419, 1.354, 0.000) V0=(0.000, 0.000)
[INFO] [1785420582.179096737] [backend_optimizer_node]: backend_optimizer_node started (0 cylinders registered)
[INFO] [1785420590.251120935] [backend_optimizer_node]: wall prior loosened by ICP covariance: sigma(yaw,x,y)=(0.0064, 0.0063, 0.0063) censi=(0.0063, 0.0063, 0.0063)
[INFO] [1785420592.274893754] [backend_optimizer_node]: wall prior loosened by ICP covariance: sigma(yaw,x,y)=(0.0064, 0.0063, 0.0063) censi=(0.0063, 0.0063, 0.0063)
[INFO] [1785420594.276015629] [backend_optimizer_node]: wall prior loosened by ICP covariance: sigma(yaw,x,y)=(0.0064, 0.0063, 0.0063) censi=(0.0063, 0.0063, 0.0063)
[INFO] [1785420596.300311091] [backend_optimizer_node]: wall prior loosened by ICP covariance: sigma(yaw,x,y)=(0.0064, 0.0063, 0.0063) censi=(0.0063, 0.0063, 0.0063)
[INFO] [1785420598.326214663] [backend_optimizer_node]: wall prior loosened by ICP covariance: sigma(yaw,x,y)=(0.0065, 0.0063, 0.0063) censi=(0.0063, 0.0063, 0.0063)
[INFO] [1785420600.330461921] [backend_optimizer_node]: wall prior loosened by ICP covariance: sigma(yaw,x,y)=(0.0065, 0.0063, 0.0063) censi=(0.0063, 0.0063, 0.0063)
[INFO] [1785420602.355252723] [backend_optimizer_node]: wall prior loosened by ICP covariance: sigma(yaw,x,y)=(0.0064, 0.0063, 0.0063) censi=(0.0063, 0.0063, 0.0063)
[INFO] [1785420604.376306385] [backend_optimizer_node]: wall prior loosened by ICP covariance: sigma(yaw,x,y)=(0.0065, 0.0063, 0.0063) censi=(0.0063, 0.0063, 0.0063)
[INFO] [1785420606.375741795] [backend_optimizer_node]: wall prior loosened by ICP covariance: sigma(yaw,x,y)=(0.0064, 0.0063, 0.0063) censi=(0.0063, 0.0063, 0.0063)
[INFO] [1785420608.377484461] [backend_optimizer_node]: wall prior loosened by ICP covariance: sigma(yaw,x,y)=(0.0064, 0.0063, 0.0063) censi=(0.0063, 0.0063, 0.0063)
[INFO] [1785420610.403403503] [backend_optimizer_node]: wall prior loosened by ICP covariance: sigma(yaw,x,y)=(0.0064, 0.0063, 0.0063) censi=(0.0063, 0.0063, 0.0063)
[INFO] [1785420612.428215199] [backend_optimizer_node]: wall prior loosened by ICP covariance: sigma(yaw,x,y)=(0.0064, 0.0063, 0.0063) censi=(0.0063, 0.0063, 0.0063)
[INFO] [1785420614.426235740] [backend_optimizer_node]: wall prior loosened by ICP covariance: sigma(yaw,x,y)=(0.0064, 0.0063, 0.0063) censi=(0.0063, 0.0063, 0.0063)
[INFO] [1785420616.450741717] [backend_optimizer_node]: wall prior loosened by ICP covariance: sigma(yaw,x,y)=(0.0064, 0.0063, 0.0063) censi=(0.0063, 0.0063, 0.0063)
[INFO] [1785420618.476746143] [backend_optimizer_node]: wall prior loosened by ICP covariance: sigma(yaw,x,y)=(0.0064, 0.0063, 0.0063) censi=(0.0063, 0.0063, 0.0063)
[INFO] [1785420620.475552647] [backend_optimizer_node]: wall prior loosened by ICP covariance: sigma(yaw,x,y)=(0.0064, 0.0063, 0.0063) censi=(0.0063, 0.0063, 0.0063)
[INFO] [1785420622.500719911] [backend_optimizer_node]: wall prior loosened by ICP covariance: sigma(yaw,x,y)=(0.0064, 0.0063, 0.0063) censi=(0.0063, 0.0063, 0.0063)
[INFO] [1785420624.503939547] [backend_optimizer_node]: wall prior loosened by ICP covariance: sigma(yaw,x,y)=(0.0064, 0.0063, 0.0063) censi=(0.0063, 0.0063, 0.0063)
[INFO] [1785420626.524986342] [backend_optimizer_node]: wall prior loosened by ICP covariance: sigma(yaw,x,y)=(0.0064, 0.0063, 0.0063) censi=(0.0063, 0.0063, 0.0063)
[ERROR] [1785420630.029016164] [backend_optimizer_node]: IMU signal LOST (no IMU for 2.04s > 2.00s). Self-localization is the dead-reckoning backbone and cannot continue without it: entering FAIL-SAFE HALT (freezing estimate, no further graph updates).
[INFO] [1785420638.291980040] [rclcpp]: signal_handler(signum=2)
