[INFO] [1785335926.975371556] [realtime_evaluator_node]: C++ realtime evaluator started: measuring 60.0s from first ground truth
[INFO] [1785335932.632752532] [realtime_evaluator_node]: first ground truth received; measurement window started
[INFO] [1785335937.632499691] [realtime_evaluator_node]: t=5.0s  recent 5s: pos_err mean=0.34mm max=1.14mm samples=5162 balls=0
[INFO] [1785335942.632483888] [realtime_evaluator_node]: t=10.0s  recent 5s: pos_err mean=0.50mm max=1.18mm samples=10362 balls=0
[INFO] [1785335947.632535302] [realtime_evaluator_node]: t=15.0s  recent 5s: pos_err mean=0.55mm max=1.24mm samples=15562 balls=0
[INFO] [1785335952.632427613] [realtime_evaluator_node]: t=20.0s  recent 5s: pos_err mean=0.69mm max=1.50mm samples=20762 balls=0
[INFO] [1785335957.632566976] [realtime_evaluator_node]: t=25.0s  recent 5s: pos_err mean=0.47mm max=1.06mm samples=25962 balls=0
[INFO] [1785335962.632528815] [realtime_evaluator_node]: t=30.0s  recent 5s: pos_err mean=0.53mm max=1.25mm samples=31162 balls=0
[INFO] [1785335967.632552393] [realtime_evaluator_node]: t=35.0s  recent 5s: pos_err mean=0.64mm max=1.48mm samples=36362 balls=0
[INFO] [1785335972.632425160] [realtime_evaluator_node]: t=40.0s  recent 5s: pos_err mean=0.46mm max=0.89mm samples=41572 balls=0
[INFO] [1785335977.632548120] [realtime_evaluator_node]: t=45.0s  recent 5s: pos_err mean=0.43mm max=1.20mm samples=46772 balls=0
[INFO] [1785335982.632425540] [realtime_evaluator_node]: t=50.0s  recent 5s: pos_err mean=0.77mm max=2.16mm samples=51971 balls=0
[INFO] [1785335987.632512694] [realtime_evaluator_node]: t=55.0s  recent 5s: pos_err mean=0.64mm max=1.21mm samples=57172 balls=0
[INFO] [1785335992.632535903] [realtime_evaluator_node]: t=60.0s  recent 5s: pos_err mean=0.47mm max=0.82mm samples=62362 balls=0
[INFO] [1785335992.633840017] [realtime_evaluator_node]: 
============================================================
main.md 6-A-1 シミュレーション評価レポート (C++ realtime evaluator)
============================================================
総サンプル数: 62362  (定常区間 t>=3.0s: 59271)
真値未着のまま評価できなかったサンプル: 10

--- 全体（要件A: 定常RMSE<=10mm, 最大位置誤差<=10mm） ---
  位置誤差: mean=0.56mm  RMSE=0.65mm  max=2.16mm
  ヨー誤差: mean=0.024deg  RMSE=0.032deg  max=0.094deg
  判定: 定常誤差(RMSE<=10mm) PASS / 最大位置誤差(<=10mm) PASS

--- 高G旋回スピンバースト中 ---
  位置誤差: mean=nanmm  RMSE=nanmm  max=nanmm

--- ボール横切り中 vs 非横切り中 ---
  横切り中   : mean=nanmm  RMSE=nanmm  max=nanmm
  非横切り中 : mean=nanmm  RMSE=nanmm  max=nanmm
  判定: ボール横切りによる自己位置無影響 PASS
  (参考) 横切り中の検出ボール数(最新): 0
============================================================

[INFO] [1785335992.701716964] [realtime_evaluator_node]: Saved report and raw error CSV in /home/yukichi6105/ros2_ws/src/lio_localization_sim/docs/stage4_runs/datasheet_gyro_scale_p05pct_20260729_r1/evaluator_output
