[INFO] [1785391318.468717857] [unity_evaluator_node]: C++ realtime evaluator started: measuring 60.0s from first ground truth
[INFO] [1785391373.816415173] [unity_evaluator_node]: first ground truth received; measurement window started
[INFO] [1785391378.603381200] [unity_evaluator_node]: t=5.0s  recent 5s: pos_err mean=0.37mm max=1.17mm samples=5070 balls=0
[INFO] [1785391383.742688057] [unity_evaluator_node]: t=10.0s  recent 5s: pos_err mean=0.51mm max=1.20mm samples=10260 balls=0
[INFO] [1785391388.910942077] [unity_evaluator_node]: t=15.0s  recent 5s: pos_err mean=0.53mm max=1.25mm samples=15463 balls=0
[INFO] [1785391394.062507241] [unity_evaluator_node]: t=20.0s  recent 5s: pos_err mean=0.63mm max=1.38mm samples=20663 balls=0
[INFO] [1785391399.212035189] [unity_evaluator_node]: t=25.0s  recent 5s: pos_err mean=0.52mm max=1.00mm samples=25863 balls=0
[INFO] [1785391404.412280241] [unity_evaluator_node]: t=30.0s  recent 5s: pos_err mean=0.55mm max=1.42mm samples=31054 balls=0
[INFO] [1785391409.707173200] [unity_evaluator_node]: t=35.0s  recent 5s: pos_err mean=0.75mm max=1.56mm samples=36252 balls=0
[INFO] [1785391414.895317135] [unity_evaluator_node]: t=40.0s  recent 5s: pos_err mean=0.53mm max=7.44mm samples=41452 balls=0
[INFO] [1785391420.092272369] [unity_evaluator_node]: t=45.0s  recent 5s: pos_err mean=0.49mm max=1.27mm samples=46652 balls=0
[INFO] [1785391425.192229347] [unity_evaluator_node]: t=50.0s  recent 5s: pos_err mean=0.75mm max=1.60mm samples=51851 balls=0
[INFO] [1785391430.365141088] [unity_evaluator_node]: t=55.0s  recent 5s: pos_err mean=0.73mm max=1.24mm samples=57050 balls=0
[INFO] [1785391435.599289866] [unity_evaluator_node]: t=60.0s  recent 5s: pos_err mean=0.48mm max=1.18mm samples=62247 balls=0
[INFO] [1785391435.600736541] [unity_evaluator_node]: 
============================================================
main.md 6-A-1 シミュレーション評価レポート (C++ realtime evaluator)
============================================================
総サンプル数: 62247  (定常区間 t>=3.0s: 59258)
真値未着のまま評価できなかったサンプル: 0

--- 全体（要件A: 定常RMSE<=10mm, 最大位置誤差<=10mm） ---
  位置誤差: mean=0.59mm  RMSE=0.68mm  max=7.44mm
  ヨー誤差: mean=0.026deg  RMSE=0.035deg  max=0.096deg
  判定: 定常誤差(RMSE<=10mm) PASS / 最大位置誤差(<=10mm) PASS

--- 高G旋回スピンバースト中 ---
  位置誤差: mean=nanmm  RMSE=nanmm  max=nanmm

--- ボール横切り中 vs 非横切り中 ---
  横切り中   : mean=nanmm  RMSE=nanmm  max=nanmm
  非横切り中 : mean=nanmm  RMSE=nanmm  max=nanmm
  判定: ボール横切りによる自己位置無影響 PASS
  (参考) 横切り中の検出ボール数(最新): 0
============================================================

[INFO] [1785391435.709068973] [unity_evaluator_node]: Saved report and raw error CSV in /tmp
