[INFO] [1785293663.305734671] [backend_optimizer_node]: graph (re)initialized at X0=(-2.419, 1.354, 0.000) V0=(0.000, 0.000)
[INFO] [1785293663.308182903] [backend_optimizer_node]: backend_optimizer_node started (0 cylinders registered)
[WARN] [1785293670.951081526] [backend_optimizer_node]: slow smoother update: 23.1ms (index 25)
[WARN] [1785293671.128184895] [backend_optimizer_node]: slow smoother update: 28.7ms (index 32)
[WARN] [1785293678.030387489] [backend_optimizer_node]: slow smoother update: 140.9ms (index 274)
[WARN] [1785293678.887312329] [backend_optimizer_node]: slow smoother update: 56.4ms (index 294)
[WARN] [1785293687.712850206] [backend_optimizer_node]: slow smoother update: 26.0ms (index 624)
[WARN] [1785293691.575870719] [backend_optimizer_node]: slow smoother update: 28.2ms (index 723)
[WARN] [1785293693.169337523] [backend_optimizer_node]: slow smoother update: 27.9ms (index 782)
[WARN] [1785293694.341599992] [backend_optimizer_node]: slow smoother update: 35.1ms (index 816)
[WARN] [1785293694.985184626] [backend_optimizer_node]: slow smoother update: 25.0ms (index 841)
[WARN] [1785293695.678798614] [backend_optimizer_node]: slow smoother update: 28.9ms (index 860)
[WARN] [1785293698.850434071] [backend_optimizer_node]: wall correction downweighted by DCS: d_xy=0.300m (> 0.230m, dt=0.275s, scale=1.30x) — reduced confidence, not rejected
[WARN] [1785293699.274108754] [backend_optimizer_node]: slow smoother update: 33.2ms (index 955)
[WARN] [1785293699.751385259] [backend_optimizer_node]: slow smoother update: 26.9ms (index 970)
[WARN] [1785293700.579600113] [backend_optimizer_node]: slow smoother update: 44.3ms (index 997)
[WARN] [1785293703.642330575] [backend_optimizer_node]: slow smoother update: 28.8ms (index 1097)
[WARN] [1785293707.168401627] [backend_optimizer_node]: slow smoother update: 24.7ms (index 1229)
[WARN] [1785293707.507704345] [backend_optimizer_node]: slow smoother update: 20.0ms (index 1243)
[WARN] [1785293717.515788699] [backend_optimizer_node]: slow smoother update: 31.2ms (index 1626)
[WARN] [1785293721.841855527] [backend_optimizer_node]: slow smoother update: 25.9ms (index 1784)
[WARN] [1785293730.338459531] [backend_optimizer_node]: slow smoother update: 39.5ms (index 2096)
[WARN] [1785293731.181305046] [backend_optimizer_node]: slow smoother update: 36.2ms (index 2119)
[ERROR] [1785293734.306295405] [backend_optimizer_node]: IMU signal LOST (no IMU for 2.02s > 2.00s). Self-localization is the dead-reckoning backbone and cannot continue without it: entering FAIL-SAFE HALT (freezing estimate, no further graph updates).
[INFO] [1785293735.969575282] [rclcpp]: signal_handler(signum=2)
