[INFO] [1785420346.578468215] [backend_optimizer_node]: graph (re)initialized at X0=(-2.419, 1.354, 0.000) V0=(0.000, 0.000)
[INFO] [1785420346.579542883] [backend_optimizer_node]: backend_optimizer_node started (0 cylinders registered)
[INFO] [1785420354.657697175] [backend_optimizer_node]: wall prior loosened by ICP covariance: sigma(yaw,x,y)=(0.0063, 0.0063, 0.0063) censi=(0.0063, 0.0063, 0.0063)
[INFO] [1785420356.681655425] [backend_optimizer_node]: wall prior loosened by ICP covariance: sigma(yaw,x,y)=(0.0063, 0.0063, 0.0063) censi=(0.0063, 0.0063, 0.0063)
[INFO] [1785420358.683839612] [backend_optimizer_node]: wall prior loosened by ICP covariance: sigma(yaw,x,y)=(0.0063, 0.0063, 0.0063) censi=(0.0063, 0.0063, 0.0063)
[INFO] [1785420360.681857603] [backend_optimizer_node]: wall prior loosened by ICP covariance: sigma(yaw,x,y)=(0.0063, 0.0063, 0.0063) censi=(0.0063, 0.0063, 0.0063)
[INFO] [1785420362.684314945] [backend_optimizer_node]: wall prior loosened by ICP covariance: sigma(yaw,x,y)=(0.0063, 0.0063, 0.0063) censi=(0.0063, 0.0063, 0.0063)
[INFO] [1785420364.686605275] [backend_optimizer_node]: wall prior loosened by ICP covariance: sigma(yaw,x,y)=(0.0063, 0.0063, 0.0063) censi=(0.0063, 0.0063, 0.0063)
[INFO] [1785420366.713088095] [backend_optimizer_node]: wall prior loosened by ICP covariance: sigma(yaw,x,y)=(0.0063, 0.0063, 0.0063) censi=(0.0063, 0.0063, 0.0063)
[INFO] [1785420368.734085024] [backend_optimizer_node]: wall prior loosened by ICP covariance: sigma(yaw,x,y)=(0.0063, 0.0063, 0.0063) censi=(0.0063, 0.0063, 0.0063)
[INFO] [1785420370.735878142] [backend_optimizer_node]: wall prior loosened by ICP covariance: sigma(yaw,x,y)=(0.0063, 0.0063, 0.0063) censi=(0.0063, 0.0063, 0.0063)
[INFO] [1785420372.756847224] [backend_optimizer_node]: wall prior loosened by ICP covariance: sigma(yaw,x,y)=(0.0063, 0.0063, 0.0063) censi=(0.0063, 0.0063, 0.0063)
[INFO] [1785420374.757774160] [backend_optimizer_node]: wall prior loosened by ICP covariance: sigma(yaw,x,y)=(0.0063, 0.0063, 0.0063) censi=(0.0063, 0.0063, 0.0063)
[INFO] [1785420376.762615881] [backend_optimizer_node]: wall prior loosened by ICP covariance: sigma(yaw,x,y)=(0.0063, 0.0063, 0.0063) censi=(0.0063, 0.0063, 0.0063)
[INFO] [1785420378.765243086] [backend_optimizer_node]: wall prior loosened by ICP covariance: sigma(yaw,x,y)=(0.0063, 0.0063, 0.0063) censi=(0.0063, 0.0063, 0.0063)
[INFO] [1785420380.784872079] [backend_optimizer_node]: wall prior loosened by ICP covariance: sigma(yaw,x,y)=(0.0063, 0.0063, 0.0063) censi=(0.0063, 0.0063, 0.0063)
[INFO] [1785420382.783667279] [backend_optimizer_node]: wall prior loosened by ICP covariance: sigma(yaw,x,y)=(0.0063, 0.0063, 0.0063) censi=(0.0063, 0.0063, 0.0063)
[INFO] [1785420384.807599448] [backend_optimizer_node]: wall prior loosened by ICP covariance: sigma(yaw,x,y)=(0.0063, 0.0063, 0.0063) censi=(0.0063, 0.0063, 0.0063)
[INFO] [1785420386.808324132] [backend_optimizer_node]: wall prior loosened by ICP covariance: sigma(yaw,x,y)=(0.0063, 0.0063, 0.0063) censi=(0.0063, 0.0063, 0.0063)
[INFO] [1785420388.808000445] [backend_optimizer_node]: wall prior loosened by ICP covariance: sigma(yaw,x,y)=(0.0063, 0.0063, 0.0063) censi=(0.0063, 0.0063, 0.0063)
[INFO] [1785420390.833759484] [backend_optimizer_node]: wall prior loosened by ICP covariance: sigma(yaw,x,y)=(0.0063, 0.0063, 0.0063) censi=(0.0063, 0.0063, 0.0063)
[ERROR] [1785420394.429037199] [backend_optimizer_node]: IMU signal LOST (no IMU for 2.04s > 2.00s). Self-localization is the dead-reckoning backbone and cannot continue without it: entering FAIL-SAFE HALT (freezing estimate, no further graph updates).
[ros2run]: Received signal:  Interrupt
[INFO] [1785420402.698373215] [rclcpp]: signal_handler(signum=2)
[INFO] [1785420402.701860275] [backend_optimizer_node]: backend concurrency stats: imu_callbacks=39423, during_worker=1658 (4.2%), during_smoother=1276 (3.2%), callback_gap_max=16.404ms, gaps>2ms=614, gaps>10ms=4; stamp_gap_max=1.000ms, gaps>1ms=0; ring_enqueue_max=0.064ms, enqueues>2ms=0; callback_duration_max=4.855ms, durations>2ms=2; worker_jobs=1577 mean/max=1.403/9.683ms; smoother_updates=1577 mean/max=1.091/9.348ms; unity_audit reports=0 source_imu_last=0 receiver_at_last_report=0 final_receiver=39423
