[INFO] [launch]: All log files can be found below /home/yukichi6105/ros2_ws/src/lio_localization_sim/docs/stage4_runs/unity_direct_scan_worker_fix_20260730_r2/ros2_logs/2026-07-30-16-33-56-564491-fuku-pc-363316
[INFO] [launch]: Default logging verbosity is set to INFO
[INFO] [default_server_endpoint-1]: process started with pid [363522]
[default_server_endpoint-1] /opt/ros/lyrical/lib/python3.14/site-packages/rclpy/executors.py:1073: UserWarning: MultiThreadedExecutor is used with a single thread.
[default_server_endpoint-1] Use the SingleThreadedExecutor instead.
[default_server_endpoint-1]   warnings.warn(
[default_server_endpoint-1] [INFO] [1785396837.495686208] [unity_endpoint]: Starting server on 0.0.0.0:10000
[INFO] [imu_preintegration_node-2]: process started with pid [363779]
[INFO] [backend_optimizer_node-3]: process started with pid [363780]
[INFO] [laser_scan_matching_node-4]: process started with pid [363781]
[INFO] [nice-5]: process started with pid [363782]
[INFO] [nice-6]: process started with pid [363783]
[laser_scan_matching_node-4] [INFO] [1785396841.907513382] [laser_scan_matching_node]: laser_scan_matching_node started (0 cylinders, 9 internal walls, field 5.572x3.310m, initial seed=(-2.419, 1.354, 0.000))
[nice-5] [INFO] [1785396841.910250595] [ball_tracking_node]: ball_tracking_node started
[nice-6] [INFO] [1785396841.916397690] [unity_evaluator_node]: C++ realtime evaluator started: measuring 60.0s from first ground truth
[imu_preintegration_node-2] [INFO] [1785396841.918421024] [imu_preintegration_node]: imu_preintegration_node started (waiting for first /state_estimate)
[backend_optimizer_node-3] [INFO] [1785396841.927240905] [backend_optimizer_node]: graph (re)initialized at X0=(-2.419, 1.354, 0.000) V0=(0.000, 0.000)
[backend_optimizer_node-3] [INFO] [1785396841.927703120] [backend_optimizer_node]: backend_optimizer_node started (0 cylinders registered)
[default_server_endpoint-1] [INFO] [1785396868.206181817] [unity_endpoint]: Connection from 127.0.0.1
[default_server_endpoint-1] [WARN] [1785396868.251944044] [rcl.logging_rosout]: Publisher already registered for node name: 'unity_endpoint'. If this is due to multiple nodes with the same name then all logs for the logger named 'unity_endpoint' will go out over the existing publisher. As soon as any node with that name is destructed it will unregister the publisher, preventing any further logs for that name from being published on the rosout topic.
[default_server_endpoint-1] [INFO] [1785396868.597515690] [unity_endpoint]: RegisterSubscriber(/odom_fast, <class 'nav_msgs.msg._odometry.Odometry'>) OK
[default_server_endpoint-1] [WARN] [1785396868.632327343] [rcl.logging_rosout]: Publisher already registered for node name: 'unity_endpoint'. If this is due to multiple nodes with the same name then all logs for the logger named 'unity_endpoint' will go out over the existing publisher. As soon as any node with that name is destructed it will unregister the publisher, preventing any further logs for that name from being published on the rosout topic.
[default_server_endpoint-1] [INFO] [1785396868.680606749] [unity_endpoint]: RegisterSubscriber(/tf, <class 'tf2_msgs.msg._tf_message.TFMessage'>) OK
[default_server_endpoint-1] [WARN] [1785396868.681845245] [rcl.logging_rosout]: Publisher already registered for node name: 'unity_endpoint'. If this is due to multiple nodes with the same name then all logs for the logger named 'unity_endpoint' will go out over the existing publisher. As soon as any node with that name is destructed it will unregister the publisher, preventing any further logs for that name from being published on the rosout topic.
[default_server_endpoint-1] [INFO] [1785396868.713631047] [unity_endpoint]: RegisterPublisher(/clock, <class 'rosgraph_msgs.msg._clock.Clock'>) OK
[default_server_endpoint-1] [WARN] [1785396868.968143692] [rcl.logging_rosout]: Publisher already registered for node name: 'unity_endpoint'. If this is due to multiple nodes with the same name then all logs for the logger named 'unity_endpoint' will go out over the existing publisher. As soon as any node with that name is destructed it will unregister the publisher, preventing any further logs for that name from being published on the rosout topic.
[default_server_endpoint-1] [INFO] [1785396868.999351738] [unity_endpoint]: RegisterPublisher(/scan, <class 'sensor_msgs.msg._laser_scan.LaserScan'>) OK
[default_server_endpoint-1] [WARN] [1785396869.000461574] [rcl.logging_rosout]: Publisher already registered for node name: 'unity_endpoint'. If this is due to multiple nodes with the same name then all logs for the logger named 'unity_endpoint' will go out over the existing publisher. As soon as any node with that name is destructed it will unregister the publisher, preventing any further logs for that name from being published on the rosout topic.
[default_server_endpoint-1] [INFO] [1785396869.035569836] [unity_endpoint]: RegisterPublisher(/ground_truth_pose, <class 'nav_msgs.msg._odometry.Odometry'>) OK
[default_server_endpoint-1] [WARN] [1785396869.036341788] [rcl.logging_rosout]: Publisher already registered for node name: 'unity_endpoint'. If this is due to multiple nodes with the same name then all logs for the logger named 'unity_endpoint' will go out over the existing publisher. As soon as any node with that name is destructed it will unregister the publisher, preventing any further logs for that name from being published on the rosout topic.
[default_server_endpoint-1] [INFO] [1785396869.068949867] [unity_endpoint]: RegisterPublisher(/unity_sensor_publish_counts, <class 'std_msgs.msg._string.String'>) OK
[default_server_endpoint-1] [WARN] [1785396869.070498111] [rcl.logging_rosout]: Publisher already registered for node name: 'unity_endpoint'. If this is due to multiple nodes with the same name then all logs for the logger named 'unity_endpoint' will go out over the existing publisher. As soon as any node with that name is destructed it will unregister the publisher, preventing any further logs for that name from being published on the rosout topic.
[default_server_endpoint-1] [INFO] [1785396869.103133646] [unity_endpoint]: RegisterPublisher(/imu/data, <class 'sensor_msgs.msg._imu.Imu'>) OK
[nice-6] [INFO] [1785396869.104376078] [unity_evaluator_node]: first ground truth received; measurement window started
[default_server_endpoint-1] [WARN] [1785396869.107557082] [rcl.logging_rosout]: Publisher already registered for node name: 'unity_endpoint'. If this is due to multiple nodes with the same name then all logs for the logger named 'unity_endpoint' will go out over the existing publisher. As soon as any node with that name is destructed it will unregister the publisher, preventing any further logs for that name from being published on the rosout topic.
[default_server_endpoint-1] [INFO] [1785396869.143686013] [unity_endpoint]: RegisterPublisher(/clock, <class 'rosgraph_msgs.msg._clock.Clock'>) OK
[default_server_endpoint-1] [INFO] [1785396869.174326668] [unity_endpoint]: RegisterPublisher(/scan, <class 'sensor_msgs.msg._laser_scan.LaserScan'>) OK
[default_server_endpoint-1] [INFO] [1785396869.213809218] [unity_endpoint]: RegisterPublisher(/ground_truth_pose, <class 'nav_msgs.msg._odometry.Odometry'>) OK
[default_server_endpoint-1] [INFO] [1785396869.248760727] [unity_endpoint]: RegisterPublisher(/unity_sensor_publish_counts, <class 'std_msgs.msg._string.String'>) OK
[default_server_endpoint-1] [INFO] [1785396869.283875784] [unity_endpoint]: RegisterPublisher(/imu/data, <class 'sensor_msgs.msg._imu.Imu'>) OK
[backend_optimizer_node-3] [INFO] [1785396870.816440667] [backend_optimizer_node]: wall prior loosened by ICP covariance: sigma(yaw,x,y)=(0.0129, 0.0063, 0.0063) censi=(0.0063, 0.0063, 0.0063)
[backend_optimizer_node-3] [WARN] [1785396872.955632404] [backend_optimizer_node]: slow smoother update: 26.7ms (index 143)
[backend_optimizer_node-3] [INFO] [1785396873.453558582] [backend_optimizer_node]: wall prior loosened by ICP covariance: sigma(yaw,x,y)=(0.0129, 0.0063, 0.0063) censi=(0.0063, 0.0063, 0.0063)
[nice-6] [INFO] [1785396874.775930094] [unity_evaluator_node]: t=5.0s  recent 5s: pos_err mean=0.36mm max=1.21mm samples=5145 balls=0
[laser_scan_matching_node-4] [INFO] [1785396874.793104444] [laser_scan_matching_node]: note rejection: 0/541 returns unexplained, 0 clusters -> 0 accepted, 0 points dropped (last extent=-1.0000m; extent gate <=0.350m, adjacent gap <=0.100m, min 4 points)
[backend_optimizer_node-3] [WARN] [1785396874.932854886] [backend_optimizer_node]: slow smoother update: 26.4ms (index 204)
[backend_optimizer_node-3] [INFO] [1785396876.102069397] [backend_optimizer_node]: wall prior loosened by ICP covariance: sigma(yaw,x,y)=(0.0129, 0.0063, 0.0063) censi=(0.0063, 0.0063, 0.0063)
[laser_scan_matching_node-4] [WARN] [1785396876.614049036] [laser_scan_matching_node]: IMU coverage wait exceeded 0.050s, processing scan with extrapolated tail
[backend_optimizer_node-3] [INFO] [1785396878.419012144] [backend_optimizer_node]: wall prior loosened by ICP covariance: sigma(yaw,x,y)=(0.0129, 0.0063, 0.0063) censi=(0.0063, 0.0063, 0.0063)
[nice-6] [INFO] [1785396880.473359715] [unity_evaluator_node]: t=10.0s  recent 5s: pos_err mean=0.51mm max=1.30mm samples=10256 balls=0
[laser_scan_matching_node-4] [INFO] [1785396880.478043897] [laser_scan_matching_node]: note rejection: 0/541 returns unexplained, 0 clusters -> 0 accepted, 0 points dropped (last extent=-1.0000m; extent gate <=0.350m, adjacent gap <=0.100m, min 4 points)
[backend_optimizer_node-3] [INFO] [1785396880.627537750] [backend_optimizer_node]: wall prior loosened by ICP covariance: sigma(yaw,x,y)=(0.0129, 0.0063, 0.0063) censi=(0.0063, 0.0063, 0.0063)
[laser_scan_matching_node-4] [WARN] [1785396881.592193574] [laser_scan_matching_node]: IMU coverage wait exceeded 0.050s, processing scan with extrapolated tail
[backend_optimizer_node-3] [INFO] [1785396882.847963083] [backend_optimizer_node]: wall prior loosened by ICP covariance: sigma(yaw,x,y)=(0.0135, 0.0063, 0.0063) censi=(0.0063, 0.0063, 0.0063)
[laser_scan_matching_node-4] [WARN] [1785396883.634549924] [laser_scan_matching_node]: IMU coverage wait exceeded 0.050s, processing scan with extrapolated tail
[backend_optimizer_node-3] [INFO] [1785396884.973308607] [backend_optimizer_node]: wall prior loosened by ICP covariance: sigma(yaw,x,y)=(0.0130, 0.0063, 0.0063) censi=(0.0063, 0.0063, 0.0063)
[laser_scan_matching_node-4] [WARN] [1785396885.283200879] [laser_scan_matching_node]: IMU coverage wait exceeded 0.050s, processing scan with extrapolated tail
[nice-6] [INFO] [1785396885.748244540] [unity_evaluator_node]: t=15.0s  recent 5s: pos_err mean=0.58mm max=5.13mm samples=15447 balls=0
[laser_scan_matching_node-4] [INFO] [1785396885.774934813] [laser_scan_matching_node]: note rejection: 17/541 returns unexplained, 1 clusters -> 1 accepted, 4 points dropped (last extent=0.0605m; extent gate <=0.350m, adjacent gap <=0.100m, min 4 points)
[backend_optimizer_node-3] [INFO] [1785396886.960159946] [backend_optimizer_node]: wall prior loosened by ICP covariance: sigma(yaw,x,y)=(0.0129, 0.0063, 0.0063) censi=(0.0063, 0.0063, 0.0063)
[backend_optimizer_node-3] [INFO] [1785396889.104945203] [backend_optimizer_node]: wall prior loosened by ICP covariance: sigma(yaw,x,y)=(0.0129, 0.0063, 0.0063) censi=(0.0063, 0.0063, 0.0063)
[laser_scan_matching_node-4] [WARN] [1785396890.298295134] [laser_scan_matching_node]: IMU coverage wait exceeded 0.050s, processing scan with extrapolated tail
[nice-6] [INFO] [1785396890.989039390] [unity_evaluator_node]: t=20.0s  recent 5s: pos_err mean=0.64mm max=2.16mm samples=20640 balls=0
[laser_scan_matching_node-4] [INFO] [1785396891.038481338] [laser_scan_matching_node]: note rejection: 21/541 returns unexplained, 4 clusters -> 4 accepted, 16 points dropped (last extent=0.0513m; extent gate <=0.350m, adjacent gap <=0.100m, min 4 points)
[backend_optimizer_node-3] [INFO] [1785396891.242567427] [backend_optimizer_node]: wall prior loosened by ICP covariance: sigma(yaw,x,y)=(0.0132, 0.0063, 0.0063) censi=(0.0063, 0.0063, 0.0063)
[laser_scan_matching_node-4] [WARN] [1785396893.512029576] [laser_scan_matching_node]: IMU coverage wait exceeded 0.050s, processing scan with extrapolated tail
[backend_optimizer_node-3] [INFO] [1785396893.520274026] [backend_optimizer_node]: wall prior loosened by ICP covariance: sigma(yaw,x,y)=(0.0136, 0.0063, 0.0063) censi=(0.0063, 0.0063, 0.0063)
[backend_optimizer_node-3] [INFO] [1785396895.614597670] [backend_optimizer_node]: wall prior loosened by ICP covariance: sigma(yaw,x,y)=(0.0129, 0.0063, 0.0063) censi=(0.0063, 0.0063, 0.0063)
[nice-6] [INFO] [1785396896.293385980] [unity_evaluator_node]: t=25.0s  recent 5s: pos_err mean=0.52mm max=2.96mm samples=25840 balls=0
[laser_scan_matching_node-4] [INFO] [1785396896.382020940] [laser_scan_matching_node]: note rejection: 0/541 returns unexplained, 0 clusters -> 0 accepted, 0 points dropped (last extent=-1.0000m; extent gate <=0.350m, adjacent gap <=0.100m, min 4 points)
[backend_optimizer_node-3] [WARN] [1785396897.645151521] [backend_optimizer_node]: slow smoother update: 21.5ms (index 1048)
[backend_optimizer_node-3] [INFO] [1785396897.763689617] [backend_optimizer_node]: wall prior loosened by ICP covariance: sigma(yaw,x,y)=(0.0133, 0.0063, 0.0063) censi=(0.0063, 0.0063, 0.0063)
[backend_optimizer_node-3] [INFO] [1785396899.840534007] [backend_optimizer_node]: wall prior loosened by ICP covariance: sigma(yaw,x,y)=(0.0131, 0.0063, 0.0063) censi=(0.0063, 0.0063, 0.0063)
[nice-6] [INFO] [1785396901.510118087] [unity_evaluator_node]: t=30.0s  recent 5s: pos_err mean=0.59mm max=1.66mm samples=31035 balls=0
[laser_scan_matching_node-4] [INFO] [1785396901.613093399] [laser_scan_matching_node]: note rejection: 23/541 returns unexplained, 4 clusters -> 4 accepted, 17 points dropped (last extent=0.0662m; extent gate <=0.350m, adjacent gap <=0.100m, min 4 points)
[backend_optimizer_node-3] [INFO] [1785396901.866787628] [backend_optimizer_node]: wall prior loosened by ICP covariance: sigma(yaw,x,y)=(0.0131, 0.0063, 0.0063) censi=(0.0063, 0.0063, 0.0063)
[laser_scan_matching_node-4] [WARN] [1785396902.047014975] [laser_scan_matching_node]: IMU coverage wait exceeded 0.050s, processing scan with extrapolated tail
[backend_optimizer_node-3] [INFO] [1785396904.009128965] [backend_optimizer_node]: wall prior loosened by ICP covariance: sigma(yaw,x,y)=(0.0129, 0.0063, 0.0063) censi=(0.0063, 0.0063, 0.0063)
[backend_optimizer_node-3] [INFO] [1785396906.197624824] [backend_optimizer_node]: wall prior loosened by ICP covariance: sigma(yaw,x,y)=(0.0131, 0.0063, 0.0063) censi=(0.0063, 0.0063, 0.0063)
[nice-6] [INFO] [1785396906.784030826] [unity_evaluator_node]: t=35.0s  recent 5s: pos_err mean=0.73mm max=2.10mm samples=36220 balls=0
[laser_scan_matching_node-4] [INFO] [1785396906.913163645] [laser_scan_matching_node]: note rejection: 21/541 returns unexplained, 4 clusters -> 4 accepted, 17 points dropped (last extent=0.0621m; extent gate <=0.350m, adjacent gap <=0.100m, min 4 points)
[backend_optimizer_node-3] [INFO] [1785396908.291323923] [backend_optimizer_node]: wall prior loosened by ICP covariance: sigma(yaw,x,y)=(0.0131, 0.0063, 0.0063) censi=(0.0063, 0.0063, 0.0063)
[backend_optimizer_node-3] [INFO] [1785396910.410995317] [backend_optimizer_node]: wall prior loosened by ICP covariance: sigma(yaw,x,y)=(0.0129, 0.0063, 0.0063) censi=(0.0063, 0.0063, 0.0063)
[nice-6] [INFO] [1785396911.973951476] [unity_evaluator_node]: t=40.0s  recent 5s: pos_err mean=0.49mm max=1.39mm samples=41437 balls=0
[laser_scan_matching_node-4] [INFO] [1785396912.111286417] [laser_scan_matching_node]: note rejection: 0/541 returns unexplained, 0 clusters -> 0 accepted, 0 points dropped (last extent=-1.0000m; extent gate <=0.350m, adjacent gap <=0.100m, min 4 points)
[backend_optimizer_node-3] [INFO] [1785396912.446326195] [backend_optimizer_node]: wall prior loosened by ICP covariance: sigma(yaw,x,y)=(0.0129, 0.0063, 0.0063) censi=(0.0063, 0.0063, 0.0063)
[backend_optimizer_node-3] [INFO] [1785396914.649632341] [backend_optimizer_node]: wall prior loosened by ICP covariance: sigma(yaw,x,y)=(0.0135, 0.0063, 0.0063) censi=(0.0063, 0.0063, 0.0063)
[backend_optimizer_node-3] [INFO] [1785396916.742737084] [backend_optimizer_node]: wall prior loosened by ICP covariance: sigma(yaw,x,y)=(0.0130, 0.0063, 0.0063) censi=(0.0063, 0.0063, 0.0063)
[nice-6] [INFO] [1785396917.343746248] [unity_evaluator_node]: t=45.0s  recent 5s: pos_err mean=0.45mm max=1.22mm samples=46631 balls=0
[laser_scan_matching_node-4] [INFO] [1785396917.442896750] [laser_scan_matching_node]: note rejection: 18/541 returns unexplained, 2 clusters -> 2 accepted, 8 points dropped (last extent=0.0609m; extent gate <=0.350m, adjacent gap <=0.100m, min 4 points)
[backend_optimizer_node-3] [WARN] [1785396918.844373034] [backend_optimizer_node]: slow smoother update: 20.2ms (index 1857)
[backend_optimizer_node-3] [INFO] [1785396918.911614342] [backend_optimizer_node]: wall prior loosened by ICP covariance: sigma(yaw,x,y)=(0.0129, 0.0063, 0.0063) censi=(0.0063, 0.0063, 0.0063)
[backend_optimizer_node-3] [INFO] [1785396921.019316809] [backend_optimizer_node]: wall prior loosened by ICP covariance: sigma(yaw,x,y)=(0.0129, 0.0063, 0.0063) censi=(0.0063, 0.0063, 0.0063)
[nice-6] [INFO] [1785396922.512142000] [unity_evaluator_node]: t=50.0s  recent 5s: pos_err mean=0.70mm max=2.25mm samples=51807 balls=0
[laser_scan_matching_node-4] [INFO] [1785396922.697450083] [laser_scan_matching_node]: note rejection: 23/541 returns unexplained, 5 clusters -> 5 accepted, 20 points dropped (last extent=0.0569m; extent gate <=0.350m, adjacent gap <=0.100m, min 4 points)
[backend_optimizer_node-3] [INFO] [1785396923.104854740] [backend_optimizer_node]: wall prior loosened by ICP covariance: sigma(yaw,x,y)=(0.0131, 0.0063, 0.0063) censi=(0.0063, 0.0063, 0.0063)
[laser_scan_matching_node-4] [WARN] [1785396924.714533682] [laser_scan_matching_node]: IMU coverage wait exceeded 0.050s, processing scan with extrapolated tail
[backend_optimizer_node-3] [INFO] [1785396925.288800018] [backend_optimizer_node]: wall prior loosened by ICP covariance: sigma(yaw,x,y)=(0.0135, 0.0063, 0.0063) censi=(0.0063, 0.0063, 0.0063)
[backend_optimizer_node-3] [INFO] [1785396927.332020267] [backend_optimizer_node]: wall prior loosened by ICP covariance: sigma(yaw,x,y)=(0.0129, 0.0063, 0.0063) censi=(0.0063, 0.0063, 0.0063)
[nice-6] [INFO] [1785396927.681432710] [unity_evaluator_node]: t=55.0s  recent 5s: pos_err mean=0.69mm max=3.30mm samples=57013 balls=0
[laser_scan_matching_node-4] [INFO] [1785396927.848432310] [laser_scan_matching_node]: note rejection: 0/541 returns unexplained, 0 clusters -> 0 accepted, 0 points dropped (last extent=-1.0000m; extent gate <=0.350m, adjacent gap <=0.100m, min 4 points)
[laser_scan_matching_node-4] [WARN] [1785396928.721991801] [laser_scan_matching_node]: IMU coverage wait exceeded 0.050s, processing scan with extrapolated tail
[backend_optimizer_node-3] [INFO] [1785396929.567689232] [backend_optimizer_node]: wall prior loosened by ICP covariance: sigma(yaw,x,y)=(0.0138, 0.0063, 0.0063) censi=(0.0063, 0.0063, 0.0063)
[backend_optimizer_node-3] [INFO] [1785396931.719818086] [backend_optimizer_node]: wall prior loosened by ICP covariance: sigma(yaw,x,y)=(0.0131, 0.0063, 0.0063) censi=(0.0063, 0.0063, 0.0063)
[nice-6] [INFO] [1785396932.994072947] [unity_evaluator_node]: t=60.0s  recent 5s: pos_err mean=0.56mm max=1.33mm samples=62214 balls=0
[nice-6] [INFO] [1785396932.998004111] [unity_evaluator_node]: 
[nice-6] ============================================================
[nice-6] main.md 6-A-1 シミュレーション評価レポート (C++ realtime evaluator)
[nice-6] ============================================================
[nice-6] 総サンプル数: 62214  (定常区間 t>=3.0s: 59142)
[nice-6] 真値未着のまま評価できなかったサンプル: 0
[nice-6] 
[nice-6] --- 全体（要件A: 定常RMSE<=10mm, 最大位置誤差<=10mm） ---
[nice-6]   位置誤差: mean=0.59mm  RMSE=0.70mm  max=5.13mm
[nice-6]   ヨー誤差: mean=0.025deg  RMSE=0.033deg  max=0.095deg
[nice-6]   判定: 定常誤差(RMSE<=10mm) PASS / 最大位置誤差(<=10mm) PASS
[nice-6] 
[nice-6] --- 高G旋回スピンバースト中 ---
[nice-6]   位置誤差: mean=nanmm  RMSE=nanmm  max=nanmm
[nice-6] 
[nice-6] --- ボール横切り中 vs 非横切り中 ---
[nice-6]   横切り中   : mean=nanmm  RMSE=nanmm  max=nanmm
[nice-6]   非横切り中 : mean=nanmm  RMSE=nanmm  max=nanmm
[nice-6]   判定: ボール横切りによる自己位置無影響 PASS
[nice-6]   (参考) 横切り中の検出ボール数(最新): 0
[nice-6] ============================================================
[nice-6] 
[nice-6] [INFO] [1785396933.124795180] [unity_evaluator_node]: Saved report and raw error CSV in /tmp
[laser_scan_matching_node-4] [INFO] [1785396933.207392436] [laser_scan_matching_node]: note rejection: 23/541 returns unexplained, 4 clusters -> 4 accepted, 17 points dropped (last extent=0.0607m; extent gate <=0.350m, adjacent gap <=0.100m, min 4 points)
[INFO] [nice-6]: process has finished cleanly [pid 363783]
[INFO] [nice-5]: sending signal 'SIGINT' to process[nice-5]
[INFO] [laser_scan_matching_node-4]: sending signal 'SIGINT' to process[laser_scan_matching_node-4]
[INFO] [backend_optimizer_node-3]: sending signal 'SIGINT' to process[backend_optimizer_node-3]
[INFO] [imu_preintegration_node-2]: sending signal 'SIGINT' to process[imu_preintegration_node-2]
[INFO] [default_server_endpoint-1]: sending signal 'SIGINT' to process[default_server_endpoint-1]
[nice-5] [INFO] [1785396933.325863907] [rclcpp]: signal_handler(signum=2)
[imu_preintegration_node-2] [INFO] [1785396933.331646855] [rclcpp]: signal_handler(signum=2)
[laser_scan_matching_node-4] [INFO] [1785396933.332023619] [rclcpp]: signal_handler(signum=2)
[backend_optimizer_node-3] [INFO] [1785396933.335549020] [rclcpp]: signal_handler(signum=2)
[backend_optimizer_node-3] [INFO] [1785396933.339321086] [backend_optimizer_node]: backend concurrency stats: imu_callbacks=60326, during_worker=6287 (10.4%), during_smoother=4428 (7.3%), callback_gap_max=179.558ms, gaps>2ms=9729, gaps>10ms=945; stamp_gap_max=1.000ms, gaps>1ms=0; ring_enqueue_max=2.661ms, enqueues>2ms=2; callback_duration_max=11.778ms, durations>2ms=41; worker_jobs=2412 mean/max=2.727/27.935ms; smoother_updates=2411 mean/max=1.966/26.742ms; unity_audit reports=242 source_imu_last=60251 receiver_at_last_report=60251 final_receiver=60326
[default_server_endpoint-1] [INFO] [1785396933.350467103] [unity_endpoint]: Disconnected from 127.0.0.1
[default_server_endpoint-1] Exception in thread Thread-2:
[laser_scan_matching_node-4] [INFO] [1785396933.356198993] [laser_scan_matching_node]: scan pipeline stats: received=2413 processed=2413 pending_overwrite=0 pending_queue_overflow=0 fast_rotation_drop=0; unity_audit reports=242 source_scan_last=2410 receiver_at_last_report=2410 final_receiver=2413
[INFO] [imu_preintegration_node-2]: process has finished cleanly [pid 363779]
[INFO] [nice-5]: process has finished cleanly [pid 363782]
[INFO] [backend_optimizer_node-3]: process has finished cleanly [pid 363780]
[INFO] [laser_scan_matching_node-4]: process has finished cleanly [pid 363781]
[INFO] [default_server_endpoint-1]: process has finished cleanly [pid 363522]
