[INFO] [1785155435.605123935] [laser_scan_matching_node]: laser_scan_matching_node started (0 cylinders, 9 internal walls, field 5.572x3.310m, initial seed=(-2.419, 1.354, 0.000))
[WARN] [1785155469.069569529] [laser_scan_matching_node]: IMU coverage wait exceeded 0.050s, processing scan with extrapolated tail
[WARN] [1785155472.073617071] [laser_scan_matching_node]: IMU coverage wait exceeded 0.050s, processing scan with extrapolated tail
[INFO] [1785155472.369070263] [laser_scan_matching_node]: note rejection: 34/541 returns unexplained, 0 clusters -> 0 accepted, 0 points dropped (last extent=-1.0000m; gate <=0.350m, min 4 points)
[INFO] [1785155477.560421427] [laser_scan_matching_node]: note rejection: 18/541 returns unexplained, 1 clusters -> 1 accepted, 4 points dropped (last extent=0.1467m; gate <=0.350m, min 4 points)
[INFO] [1785155482.725241859] [laser_scan_matching_node]: note rejection: 44/541 returns unexplained, 2 clusters -> 2 accepted, 9 points dropped (last extent=0.0692m; gate <=0.350m, min 4 points)
[WARN] [1785155485.259519085] [laser_scan_matching_node]: IMU coverage wait exceeded 0.050s, processing scan with extrapolated tail
[WARN] [1785155486.605634081] [laser_scan_matching_node]: IMU coverage wait exceeded 0.050s, processing scan with extrapolated tail
[INFO] [1785155487.914753136] [laser_scan_matching_node]: note rejection: 26/541 returns unexplained, 0 clusters -> 0 accepted, 0 points dropped (last extent=-1.0000m; gate <=0.350m, min 4 points)
[INFO] [1785155493.027334081] [laser_scan_matching_node]: note rejection: 26/541 returns unexplained, 0 clusters -> 0 accepted, 0 points dropped (last extent=-1.0000m; gate <=0.350m, min 4 points)
[INFO] [1785155498.192748684] [laser_scan_matching_node]: note rejection: 24/541 returns unexplained, 0 clusters -> 0 accepted, 0 points dropped (last extent=-1.0000m; gate <=0.350m, min 4 points)
[WARN] [1785155500.673582040] [laser_scan_matching_node]: IMU coverage wait exceeded 0.050s, processing scan with extrapolated tail
[INFO] [1785155503.418505130] [laser_scan_matching_node]: note rejection: 17/541 returns unexplained, 0 clusters -> 0 accepted, 0 points dropped (last extent=-1.0000m; gate <=0.350m, min 4 points)
[INFO] [1785155508.554923382] [laser_scan_matching_node]: note rejection: 32/541 returns unexplained, 0 clusters -> 0 accepted, 0 points dropped (last extent=-1.0000m; gate <=0.350m, min 4 points)
[WARN] [1785155512.958802645] [laser_scan_matching_node]: IMU coverage wait exceeded 0.050s, processing scan with extrapolated tail
[INFO] [1785155513.662944692] [laser_scan_matching_node]: note rejection: 23/541 returns unexplained, 0 clusters -> 0 accepted, 0 points dropped (last extent=-1.0000m; gate <=0.350m, min 4 points)
[INFO] [1785155518.882113844] [laser_scan_matching_node]: note rejection: 21/541 returns unexplained, 0 clusters -> 0 accepted, 0 points dropped (last extent=-1.0000m; gate <=0.350m, min 4 points)
[WARN] [1785155520.031634797] [laser_scan_matching_node]: IMU coverage wait exceeded 0.050s, processing scan with extrapolated tail
[INFO] [1785155524.025258776] [laser_scan_matching_node]: note rejection: 26/541 returns unexplained, 0 clusters -> 0 accepted, 0 points dropped (last extent=-1.0000m; gate <=0.350m, min 4 points)
[INFO] [1785155529.165071330] [laser_scan_matching_node]: note rejection: 21/541 returns unexplained, 0 clusters -> 0 accepted, 0 points dropped (last extent=-1.0000m; gate <=0.350m, min 4 points)
[INFO] [1785155532.278793329] [rclcpp]: signal_handler(signum=2)
