[INFO] [1785155436.398925325] [unity_evaluator_node]: evaluator_node started: will run for 60.0s starting from the first /ground_truth_pose
[INFO] [1785155467.647886020] [unity_evaluator_node]: first ground truth received: measuring for 60.0s
[INFO] [1785155472.384992953] [unity_evaluator_node]: t=5.0s  直近5秒: pos_err mean=4.01mm max=9.72mm  samples=4273  detected_balls=0
[INFO] [1785155477.539990826] [unity_evaluator_node]: t=10.0s  直近5秒: pos_err mean=4.19mm max=6.01mm  samples=8820  detected_balls=0
[INFO] [1785155482.669586691] [unity_evaluator_node]: t=15.0s  直近5秒: pos_err mean=6.76mm max=12.01mm  samples=13618  detected_balls=0
[INFO] [1785155487.894119112] [unity_evaluator_node]: t=20.0s  直近5秒: pos_err mean=5.70mm max=12.65mm  samples=17885  detected_balls=0
[INFO] [1785155492.956144712] [unity_evaluator_node]: t=25.0s  直近5秒: pos_err mean=2.24mm max=3.72mm  samples=22757  detected_balls=0
[INFO] [1785155498.116839879] [unity_evaluator_node]: t=30.0s  直近5秒: pos_err mean=2.40mm max=4.33mm  samples=27832  detected_balls=0
[INFO] [1785155503.338560467] [unity_evaluator_node]: t=35.0s  直近5秒: pos_err mean=2.22mm max=3.42mm  samples=32571  detected_balls=0
[INFO] [1785155508.468434174] [unity_evaluator_node]: t=40.0s  直近5秒: pos_err mean=2.36mm max=4.14mm  samples=37284  detected_balls=0
[INFO] [1785155513.587761671] [unity_evaluator_node]: t=45.0s  直近5秒: pos_err mean=2.49mm max=4.45mm  samples=42162  detected_balls=0
[INFO] [1785155518.740846374] [unity_evaluator_node]: t=50.0s  直近5秒: pos_err mean=2.24mm max=4.24mm  samples=47045  detected_balls=0
[INFO] [1785155523.867709847] [unity_evaluator_node]: t=55.0s  直近5秒: pos_err mean=2.48mm max=4.02mm  samples=51889  detected_balls=0
[INFO] [1785155529.029931568] [unity_evaluator_node]: t=60.0s  直近5秒: pos_err mean=2.38mm max=3.53mm  samples=56813  detected_balls=0
[INFO] [1785155529.034638699] [unity_evaluator_node]: === 評価終了、集計します ===
[INFO] [1785155529.469304531] [unity_evaluator_node]: 
============================================================
main.md 6-A-1 シミュレーション評価レポート
============================================================
総サンプル数: 56815  (定常区間 t>=3.0s: 54489)
真値未着のまま評価できなかったサンプル: 0

--- 全体（要件A: 定常RMSE<=10mm, 最大位置誤差<=10mm） ---
  位置誤差: mean=3.21mm  RMSE=3.76mm  max=12.65mm
  ヨー誤差: mean=0.066deg  RMSE=0.104deg  max=0.423deg
  判定: 定常誤差(RMSE<=10mm) PASS / 最大位置誤差(<=10mm) FAIL

--- 高G旋回スピンバースト中 ---
  位置誤差: mean=nanmm  RMSE=nanmm  max=nanmm

--- ボール横切り中 vs 非横切り中 ---
  横切り中   : mean=nanmm  RMSE=nanmm  max=nanmm
  非横切り中 : mean=3.21mm  RMSE=3.76mm  max=12.65mm
  判定: ボール横切りによる自己位置無影響 PASS
  (参考) 横切り中の検出ボール数(最新): 0
============================================================
[INFO] [1785155529.478967558] [unity_evaluator_node]: レポートを保存しました: /tmp/sim_eval_report.txt
[INFO] [1785155531.486900211] [unity_evaluator_node]: グラフを保存しました: /tmp/sim_eval_plot.png
