[INFO] [1785335837.755913918] [realtime_evaluator_node]: C++ realtime evaluator started: measuring 60.0s from first ground truth
[INFO] [1785335843.470897847] [realtime_evaluator_node]: first ground truth received; measurement window started
[INFO] [1785335848.470433896] [realtime_evaluator_node]: t=5.0s  recent 5s: pos_err mean=0.49mm max=1.71mm samples=5163 balls=0
[INFO] [1785335853.470411020] [realtime_evaluator_node]: t=10.0s  recent 5s: pos_err mean=1.43mm max=2.01mm samples=10363 balls=0
[INFO] [1785335858.470582203] [realtime_evaluator_node]: t=15.0s  recent 5s: pos_err mean=2.41mm max=3.69mm samples=15573 balls=0
[INFO] [1785335863.470779182] [realtime_evaluator_node]: t=20.0s  recent 5s: pos_err mean=2.78mm max=4.08mm samples=20763 balls=0
[INFO] [1785335868.470816966] [realtime_evaluator_node]: t=25.0s  recent 5s: pos_err mean=3.48mm max=4.27mm samples=25963 balls=0
[INFO] [1785335873.470665706] [realtime_evaluator_node]: t=30.0s  recent 5s: pos_err mean=4.19mm max=5.82mm samples=31163 balls=0
[INFO] [1785335878.470461500] [realtime_evaluator_node]: t=35.0s  recent 5s: pos_err mean=4.25mm max=5.40mm samples=36363 balls=0
[INFO] [1785335883.470523668] [realtime_evaluator_node]: t=40.0s  recent 5s: pos_err mean=4.94mm max=6.01mm samples=41563 balls=0
[INFO] [1785335888.470566347] [realtime_evaluator_node]: t=45.0s  recent 5s: pos_err mean=5.63mm max=7.20mm samples=46773 balls=0
[INFO] [1785335893.470545654] [realtime_evaluator_node]: t=50.0s  recent 5s: pos_err mean=5.68mm max=7.76mm samples=51963 balls=0
[INFO] [1785335898.470553225] [realtime_evaluator_node]: t=55.0s  recent 5s: pos_err mean=6.25mm max=8.05mm samples=57172 balls=0
[INFO] [1785335903.470586367] [realtime_evaluator_node]: t=60.0s  recent 5s: pos_err mean=6.29mm max=8.20mm samples=62363 balls=0
[INFO] [1785335903.475284748] [realtime_evaluator_node]: 
============================================================
main.md 6-A-1 シミュレーション評価レポート (C++ realtime evaluator)
============================================================
総サンプル数: 62363  (定常区間 t>=3.0s: 59271)
真値未着のまま評価できなかったサンプル: 9

--- 全体（要件A: 定常RMSE<=10mm, 最大位置誤差<=10mm） ---
  位置誤差: mean=4.18mm  RMSE=4.55mm  max=8.20mm
  ヨー誤差: mean=0.056deg  RMSE=0.073deg  max=0.207deg
  判定: 定常誤差(RMSE<=10mm) PASS / 最大位置誤差(<=10mm) PASS

--- 高G旋回スピンバースト中 ---
  位置誤差: mean=nanmm  RMSE=nanmm  max=nanmm

--- ボール横切り中 vs 非横切り中 ---
  横切り中   : mean=nanmm  RMSE=nanmm  max=nanmm
  非横切り中 : mean=nanmm  RMSE=nanmm  max=nanmm
  判定: ボール横切りによる自己位置無影響 PASS
  (参考) 横切り中の検出ボール数(最新): 0
============================================================

[INFO] [1785335903.546515792] [realtime_evaluator_node]: Saved report and raw error CSV in /home/yukichi6105/ros2_ws/src/lio_localization_sim/docs/stage4_runs/datasheet_temp_ramp_20c_full_20260729_r1/evaluator_output
