[INFO] [1785309409.730443651] [unity_evaluator_node]: C++ realtime evaluator started: measuring 60.0s from first ground truth
[INFO] [1785309428.162882258] [unity_evaluator_node]: first ground truth received; measurement window started
[INFO] [1785309433.162929866] [unity_evaluator_node]: t=5.0s  recent 5s: pos_err mean=4.12mm max=8.59mm samples=5172 balls=0
[INFO] [1785309438.163054952] [unity_evaluator_node]: t=10.0s  recent 5s: pos_err mean=3.92mm max=5.22mm samples=10363 balls=0
[INFO] [1785309443.162945349] [unity_evaluator_node]: t=15.0s  recent 5s: pos_err mean=5.96mm max=10.33mm samples=15563 balls=0
[INFO] [1785309448.162741413] [unity_evaluator_node]: t=20.0s  recent 5s: pos_err mean=3.91mm max=10.62mm samples=20763 balls=0
[INFO] [1785309453.162955914] [unity_evaluator_node]: t=25.0s  recent 5s: pos_err mean=6.44mm max=10.01mm samples=25963 balls=0
[INFO] [1785309458.162946916] [unity_evaluator_node]: t=30.0s  recent 5s: pos_err mean=5.19mm max=8.17mm samples=31163 balls=0
[INFO] [1785309463.162893905] [unity_evaluator_node]: t=35.0s  recent 5s: pos_err mean=3.99mm max=9.45mm samples=36373 balls=0
[INFO] [1785309468.162865424] [unity_evaluator_node]: t=40.0s  recent 5s: pos_err mean=6.56mm max=10.84mm samples=41563 balls=0
[INFO] [1785309473.163026890] [unity_evaluator_node]: t=45.0s  recent 5s: pos_err mean=5.14mm max=8.02mm samples=46763 balls=0
[INFO] [1785309478.162802053] [unity_evaluator_node]: t=50.0s  recent 5s: pos_err mean=4.37mm max=10.27mm samples=51963 balls=0
[INFO] [1785309483.162819883] [unity_evaluator_node]: t=55.0s  recent 5s: pos_err mean=6.68mm max=9.43mm samples=57163 balls=0
[INFO] [1785309488.162809294] [unity_evaluator_node]: t=60.0s  recent 5s: pos_err mean=5.29mm max=8.04mm samples=62363 balls=0
[INFO] [1785309488.165032918] [unity_evaluator_node]: 
============================================================
main.md 6-A-1 シミュレーション評価レポート (C++ realtime evaluator)
============================================================
総サンプル数: 62363  (定常区間 t>=3.0s: 59271)
真値未着のまま評価できなかったサンプル: 9

--- 全体（要件A: 定常RMSE<=10mm, 最大位置誤差<=10mm） ---
  位置誤差: mean=5.18mm  RMSE=5.66mm  max=10.84mm
  ヨー誤差: mean=0.111deg  RMSE=0.136deg  max=0.298deg
  判定: 定常誤差(RMSE<=10mm) PASS / 最大位置誤差(<=10mm) FAIL

--- 高G旋回スピンバースト中 ---
  位置誤差: mean=nanmm  RMSE=nanmm  max=nanmm

--- ボール横切り中 vs 非横切り中 ---
  横切り中   : mean=nanmm  RMSE=nanmm  max=nanmm
  非横切り中 : mean=nanmm  RMSE=nanmm  max=nanmm
  判定: ボール横切りによる自己位置無影響 PASS
  (参考) 横切り中の検出ボール数(最新): 0
============================================================

[INFO] [1785309488.225976973] [unity_evaluator_node]: Saved report and raw error CSV in /tmp
