[INFO] [1785407521.466486186] [unity_evaluator_node]: C++ realtime evaluator started: measuring 60.0s from first ground truth
[INFO] [1785407548.158860583] [unity_evaluator_node]: first ground truth received; measurement window started
[INFO] [1785407552.824435377] [unity_evaluator_node]: t=5.0s  recent 5s: pos_err mean=0.36mm max=1.15mm samples=5074 balls=0
[INFO] [1785407557.959574791] [unity_evaluator_node]: t=10.0s  recent 5s: pos_err mean=0.50mm max=1.18mm samples=10274 balls=0
[INFO] [1785407563.054984984] [unity_evaluator_node]: t=15.0s  recent 5s: pos_err mean=5402.71mm max=12526.17mm samples=15474 balls=0
[INFO] [1785407568.196107715] [unity_evaluator_node]: t=20.0s  recent 5s: pos_err mean=19745.56mm max=26847.85mm samples=20674 balls=0
[INFO] [1785407573.451692015] [unity_evaluator_node]: t=25.0s  recent 5s: pos_err mean=33977.52mm max=41136.89mm samples=25873 balls=0
[INFO] [1785407578.820663674] [unity_evaluator_node]: t=30.0s  recent 5s: pos_err mean=48368.37mm max=55647.15mm samples=31074 balls=0
[INFO] [1785407584.192517237] [unity_evaluator_node]: t=35.0s  recent 5s: pos_err mean=63034.94mm max=70486.21mm samples=36274 balls=0
[INFO] [1785407589.406776434] [unity_evaluator_node]: t=40.0s  recent 5s: pos_err mean=78059.96mm max=85734.34mm samples=41464 balls=0
[INFO] [1785407594.567360627] [unity_evaluator_node]: t=45.0s  recent 5s: pos_err mean=93546.70mm max=101496.45mm samples=46650 balls=0
[INFO] [1785407599.736775863] [unity_evaluator_node]: t=50.0s  recent 5s: pos_err mean=109731.99mm max=118013.21mm samples=51873 balls=0
[INFO] [1785407604.875326117] [unity_evaluator_node]: t=55.0s  recent 5s: pos_err mean=126393.58mm max=135038.00mm samples=57029 balls=0
[INFO] [1785407610.034213955] [unity_evaluator_node]: t=60.0s  recent 5s: pos_err mean=144033.95mm max=153066.97mm samples=62265 balls=0
[INFO] [1785407610.036481707] [unity_evaluator_node]: 
============================================================
main.md 6-A-1 シミュレーション評価レポート (C++ realtime evaluator)
============================================================
総サンプル数: 62265  (定常区間 t>=3.0s: 59272)
真値未着のまま評価できなかったサンプル: 0

--- 全体（要件A: 定常RMSE<=10mm, 最大位置誤差<=10mm） ---
  位置誤差: mean=63371.46mm  RMSE=79323.37mm  max=153066.97mm
  ヨー誤差: mean=104.236deg  RMSE=111.818deg  max=179.968deg
  判定: 定常誤差(RMSE<=10mm) FAIL / 最大位置誤差(<=10mm) FAIL

--- 高G旋回スピンバースト中 ---
  位置誤差: mean=nanmm  RMSE=nanmm  max=nanmm

--- ボール横切り中 vs 非横切り中 ---
  横切り中   : mean=nanmm  RMSE=nanmm  max=nanmm
  非横切り中 : mean=nanmm  RMSE=nanmm  max=nanmm
  判定: ボール横切りによる自己位置無影響 PASS
  (参考) 横切り中の検出ボール数(最新): 0
============================================================

[INFO] [1785407610.194348432] [unity_evaluator_node]: Saved report and raw error CSV in /tmp
