[INFO] [1785420748.063678141] [backend_optimizer_node]: graph (re)initialized at X0=(-2.419, 1.354, 0.000) V0=(0.000, 0.000)
[INFO] [1785420748.064027728] [backend_optimizer_node]: backend_optimizer_node started (0 cylinders registered)
[INFO] [1785420756.801794557] [backend_optimizer_node]: wall prior loosened by ICP covariance: sigma(yaw,x,y)=(0.0064, 0.0063, 0.0063) censi=(0.0063, 0.0063, 0.0063)
[INFO] [1785420758.802961839] [backend_optimizer_node]: wall prior loosened by ICP covariance: sigma(yaw,x,y)=(0.0064, 0.0063, 0.0063) censi=(0.0063, 0.0063, 0.0063)
[INFO] [1785420760.830894645] [backend_optimizer_node]: wall prior loosened by ICP covariance: sigma(yaw,x,y)=(0.0064, 0.0063, 0.0063) censi=(0.0063, 0.0063, 0.0063)
[WARN] [1785420761.250609170] [backend_optimizer_node]: slow smoother update: 22.5ms (index 256)
[INFO] [1785420762.851884394] [backend_optimizer_node]: wall prior loosened by ICP covariance: sigma(yaw,x,y)=(0.0064, 0.0063, 0.0063) censi=(0.0063, 0.0063, 0.0063)
[INFO] [1785420764.853436584] [backend_optimizer_node]: wall prior loosened by ICP covariance: sigma(yaw,x,y)=(0.0064, 0.0063, 0.0063) censi=(0.0063, 0.0063, 0.0063)
[INFO] [1785420766.878611005] [backend_optimizer_node]: wall prior loosened by ICP covariance: sigma(yaw,x,y)=(0.0065, 0.0063, 0.0063) censi=(0.0063, 0.0063, 0.0063)
[INFO] [1785420768.877256572] [backend_optimizer_node]: wall prior loosened by ICP covariance: sigma(yaw,x,y)=(0.0064, 0.0063, 0.0063) censi=(0.0063, 0.0063, 0.0063)
[INFO] [1785420770.901866004] [backend_optimizer_node]: wall prior loosened by ICP covariance: sigma(yaw,x,y)=(0.0064, 0.0063, 0.0063) censi=(0.0063, 0.0063, 0.0063)
[INFO] [1785420772.901671194] [backend_optimizer_node]: wall prior loosened by ICP covariance: sigma(yaw,x,y)=(0.0064, 0.0063, 0.0063) censi=(0.0063, 0.0063, 0.0063)
[INFO] [1785420774.926451419] [backend_optimizer_node]: wall prior loosened by ICP covariance: sigma(yaw,x,y)=(0.0064, 0.0063, 0.0063) censi=(0.0063, 0.0063, 0.0063)
[INFO] [1785420776.954349521] [backend_optimizer_node]: wall prior loosened by ICP covariance: sigma(yaw,x,y)=(0.0064, 0.0063, 0.0063) censi=(0.0063, 0.0063, 0.0063)
[INFO] [1785420778.976570656] [backend_optimizer_node]: wall prior loosened by ICP covariance: sigma(yaw,x,y)=(0.0064, 0.0063, 0.0063) censi=(0.0063, 0.0063, 0.0063)
[INFO] [1785420780.976269447] [backend_optimizer_node]: wall prior loosened by ICP covariance: sigma(yaw,x,y)=(0.0064, 0.0063, 0.0063) censi=(0.0063, 0.0063, 0.0063)
[INFO] [1785420782.978065991] [backend_optimizer_node]: wall prior loosened by ICP covariance: sigma(yaw,x,y)=(0.0064, 0.0063, 0.0063) censi=(0.0063, 0.0063, 0.0063)
[INFO] [1785420784.978037558] [backend_optimizer_node]: wall prior loosened by ICP covariance: sigma(yaw,x,y)=(0.0064, 0.0063, 0.0063) censi=(0.0063, 0.0063, 0.0063)
[INFO] [1785420787.003991918] [backend_optimizer_node]: wall prior loosened by ICP covariance: sigma(yaw,x,y)=(0.0064, 0.0063, 0.0063) censi=(0.0063, 0.0063, 0.0063)
[INFO] [1785420789.027209275] [backend_optimizer_node]: wall prior loosened by ICP covariance: sigma(yaw,x,y)=(0.0064, 0.0063, 0.0063) censi=(0.0063, 0.0063, 0.0063)
[INFO] [1785420791.053106281] [backend_optimizer_node]: wall prior loosened by ICP covariance: sigma(yaw,x,y)=(0.0064, 0.0063, 0.0063) censi=(0.0063, 0.0063, 0.0063)
[INFO] [1785420793.053067155] [backend_optimizer_node]: wall prior loosened by ICP covariance: sigma(yaw,x,y)=(0.0064, 0.0063, 0.0063) censi=(0.0063, 0.0063, 0.0063)
[ERROR] [1785420796.564244540] [backend_optimizer_node]: IMU signal LOST (no IMU for 2.03s > 2.00s). Self-localization is the dead-reckoning backbone and cannot continue without it: entering FAIL-SAFE HALT (freezing estimate, no further graph updates).
[ros2run]: Received signal:  Interrupt
[INFO] [1785420804.831228304] [rclcpp]: signal_handler(signum=2)
[INFO] [1785420804.834272724] [backend_optimizer_node]: backend concurrency stats: imu_callbacks=39742, during_worker=1720 (4.3%), during_smoother=1286 (3.2%), callback_gap_max=20.047ms, gaps>2ms=713, gaps>10ms=8; stamp_gap_max=1.000ms, gaps>1ms=0; ring_enqueue_max=1.014ms, enqueues>2ms=0; callback_duration_max=4.255ms, durations>2ms=2; worker_jobs=1590 mean/max=1.469/22.894ms; smoother_updates=1589 mean/max=1.129/22.470ms; unity_audit reports=0 source_imu_last=0 receiver_at_last_report=0 final_receiver=39742
