[INFO] [1785317327.523508817] [unity_evaluator_node]: C++ realtime evaluator started: measuring 60.0s from first ground truth
[INFO] [1785317354.571221091] [unity_evaluator_node]: first ground truth received; measurement window started
[INFO] [1785317361.364471620] [unity_evaluator_node]: t=5.0s  recent 5s: pos_err mean=3.66mm max=35.00mm samples=3991 balls=0
[INFO] [1785317366.442731263] [unity_evaluator_node]: t=10.0s  recent 5s: pos_err mean=3.80mm max=4.58mm samples=8979 balls=0
[INFO] [1785317371.568097873] [unity_evaluator_node]: t=15.0s  recent 5s: pos_err mean=5.97mm max=8.63mm samples=14114 balls=0
[INFO] [1785317376.880427306] [unity_evaluator_node]: t=20.0s  recent 5s: pos_err mean=3.66mm max=8.26mm samples=19271 balls=0
[INFO] [1785317381.937109855] [unity_evaluator_node]: t=25.0s  recent 5s: pos_err mean=6.94mm max=9.35mm samples=24450 balls=0
[INFO] [1785317387.102715206] [unity_evaluator_node]: t=30.0s  recent 5s: pos_err mean=5.05mm max=8.51mm samples=29573 balls=0
[INFO] [1785317392.208361285] [unity_evaluator_node]: t=35.0s  recent 5s: pos_err mean=4.08mm max=8.03mm samples=34734 balls=0
[INFO] [1785317397.352857287] [unity_evaluator_node]: t=40.0s  recent 5s: pos_err mean=6.41mm max=10.17mm samples=39911 balls=0
[INFO] [1785317402.535049692] [unity_evaluator_node]: t=45.0s  recent 5s: pos_err mean=4.82mm max=6.98mm samples=45073 balls=0
[INFO] [1785317407.545002022] [unity_evaluator_node]: t=50.0s  recent 5s: pos_err mean=5.98mm max=10.72mm samples=50135 balls=0
[INFO] [1785317412.748558841] [unity_evaluator_node]: t=55.0s  recent 5s: pos_err mean=4.27mm max=23.02mm samples=55258 balls=0
[INFO] [1785317417.891610354] [unity_evaluator_node]: t=60.0s  recent 5s: pos_err mean=5.79mm max=9.11mm samples=60421 balls=0
[INFO] [1785317417.917092702] [unity_evaluator_node]: 
============================================================
main.md 6-A-1 シミュレーション評価レポート (C++ realtime evaluator)
============================================================
総サンプル数: 60421  (定常区間 t>=3.0s: 58355)
真値未着のまま評価できなかったサンプル: 0

--- 全体（要件A: 定常RMSE<=10mm, 最大位置誤差<=10mm） ---
  位置誤差: mean=5.11mm  RMSE=5.56mm  max=23.02mm
  ヨー誤差: mean=0.097deg  RMSE=0.113deg  max=0.238deg
  判定: 定常誤差(RMSE<=10mm) PASS / 最大位置誤差(<=10mm) FAIL

--- 高G旋回スピンバースト中 ---
  位置誤差: mean=nanmm  RMSE=nanmm  max=nanmm

--- ボール横切り中 vs 非横切り中 ---
  横切り中   : mean=nanmm  RMSE=nanmm  max=nanmm
  非横切り中 : mean=nanmm  RMSE=nanmm  max=nanmm
  判定: ボール横切りによる自己位置無影響 PASS
  (参考) 横切り中の検出ボール数(最新): 0
============================================================

[INFO] [1785317418.135545276] [unity_evaluator_node]: Saved report and raw error CSV in /tmp
