[INFO] [1785328955.233716155] [backend_optimizer_node]: graph (re)initialized at X0=(-2.419, 1.354, 0.000) V0=(0.000, 0.000)
[INFO] [1785328955.234115157] [backend_optimizer_node]: backend_optimizer_node started (0 cylinders registered)
[WARN] [1785328962.541482023] [backend_optimizer_node]: wall correction downweighted by DCS: d_xy=0.049m (> 0.047m, dt=0.025s, scale=1.05x) — reduced confidence, not rejected
[INFO] [1785328963.241805094] [backend_optimizer_node]: wall prior loosened by ICP covariance: sigma(yaw,x,y)=(0.0129, 0.0063, 0.0063) censi=(0.0063, 0.0063, 0.0063)
[WARN] [1785328963.566860671] [backend_optimizer_node]: wall correction downweighted by DCS: d_xy=0.047m (> 0.047m, dt=0.025s, scale=1.01x) — reduced confidence, not rejected
[INFO] [1785328965.240532274] [backend_optimizer_node]: wall prior loosened by ICP covariance: sigma(yaw,x,y)=(0.0129, 0.0063, 0.0063) censi=(0.0063, 0.0063, 0.0063)
[INFO] [1785328967.274269109] [backend_optimizer_node]: wall prior loosened by ICP covariance: sigma(yaw,x,y)=(0.0129, 0.0063, 0.0063) censi=(0.0063, 0.0063, 0.0063)
[INFO] [1785328969.290469816] [backend_optimizer_node]: wall prior loosened by ICP covariance: sigma(yaw,x,y)=(0.0129, 0.0063, 0.0063) censi=(0.0063, 0.0063, 0.0063)
[INFO] [1785328971.314921024] [backend_optimizer_node]: wall prior loosened by ICP covariance: sigma(yaw,x,y)=(0.0129, 0.0063, 0.0063) censi=(0.0063, 0.0063, 0.0063)
[INFO] [1785328973.316855773] [backend_optimizer_node]: wall prior loosened by ICP covariance: sigma(yaw,x,y)=(0.0136, 0.0063, 0.0063) censi=(0.0063, 0.0063, 0.0063)
[INFO] [1785328975.316687205] [backend_optimizer_node]: wall prior loosened by ICP covariance: sigma(yaw,x,y)=(0.0132, 0.0063, 0.0063) censi=(0.0063, 0.0063, 0.0063)
[INFO] [1785328977.316842574] [backend_optimizer_node]: wall prior loosened by ICP covariance: sigma(yaw,x,y)=(0.0129, 0.0063, 0.0063) censi=(0.0063, 0.0063, 0.0063)
[INFO] [1785328979.339938820] [backend_optimizer_node]: wall prior loosened by ICP covariance: sigma(yaw,x,y)=(0.0129, 0.0063, 0.0063) censi=(0.0063, 0.0063, 0.0063)
[INFO] [1785328981.364818394] [backend_optimizer_node]: wall prior loosened by ICP covariance: sigma(yaw,x,y)=(0.0132, 0.0063, 0.0063) censi=(0.0063, 0.0063, 0.0063)
[INFO] [1785328983.391076557] [backend_optimizer_node]: wall prior loosened by ICP covariance: sigma(yaw,x,y)=(0.0134, 0.0063, 0.0063) censi=(0.0063, 0.0063, 0.0063)
[INFO] [1785328985.414254548] [backend_optimizer_node]: wall prior loosened by ICP covariance: sigma(yaw,x,y)=(0.0129, 0.0063, 0.0063) censi=(0.0063, 0.0063, 0.0063)
[INFO] [1785328987.418429619] [backend_optimizer_node]: wall prior loosened by ICP covariance: sigma(yaw,x,y)=(0.0133, 0.0063, 0.0063) censi=(0.0063, 0.0063, 0.0063)
[INFO] [1785328989.440236023] [backend_optimizer_node]: wall prior loosened by ICP covariance: sigma(yaw,x,y)=(0.0134, 0.0063, 0.0063) censi=(0.0063, 0.0063, 0.0063)
[INFO] [1785328991.441196454] [backend_optimizer_node]: wall prior loosened by ICP covariance: sigma(yaw,x,y)=(0.0132, 0.0063, 0.0063) censi=(0.0063, 0.0063, 0.0063)
[INFO] [1785328993.440214886] [backend_optimizer_node]: wall prior loosened by ICP covariance: sigma(yaw,x,y)=(0.0129, 0.0063, 0.0063) censi=(0.0063, 0.0063, 0.0063)
[INFO] [1785328995.465070646] [backend_optimizer_node]: wall prior loosened by ICP covariance: sigma(yaw,x,y)=(0.0129, 0.0063, 0.0063) censi=(0.0063, 0.0063, 0.0063)
[INFO] [1785328997.476006905] [backend_optimizer_node]: wall prior loosened by ICP covariance: sigma(yaw,x,y)=(0.0132, 0.0063, 0.0063) censi=(0.0063, 0.0063, 0.0063)
[INFO] [1785328999.491451540] [backend_optimizer_node]: wall prior loosened by ICP covariance: sigma(yaw,x,y)=(0.0131, 0.0063, 0.0063) censi=(0.0063, 0.0063, 0.0063)
[INFO] [1785329001.490077653] [backend_optimizer_node]: wall prior loosened by ICP covariance: sigma(yaw,x,y)=(0.0129, 0.0063, 0.0063) censi=(0.0063, 0.0063, 0.0063)
[INFO] [1785329003.492848492] [backend_optimizer_node]: wall prior loosened by ICP covariance: sigma(yaw,x,y)=(0.0136, 0.0063, 0.0063) censi=(0.0063, 0.0063, 0.0063)
[INFO] [1785329005.514857317] [backend_optimizer_node]: wall prior loosened by ICP covariance: sigma(yaw,x,y)=(0.0131, 0.0063, 0.0063) censi=(0.0063, 0.0063, 0.0063)
[INFO] [1785329007.515452250] [backend_optimizer_node]: wall prior loosened by ICP covariance: sigma(yaw,x,y)=(0.0131, 0.0063, 0.0063) censi=(0.0063, 0.0063, 0.0063)
[INFO] [1785329009.514350761] [backend_optimizer_node]: wall prior loosened by ICP covariance: sigma(yaw,x,y)=(0.0129, 0.0063, 0.0063) censi=(0.0063, 0.0063, 0.0063)
[INFO] [1785329011.542040891] [backend_optimizer_node]: wall prior loosened by ICP covariance: sigma(yaw,x,y)=(0.0131, 0.0063, 0.0063) censi=(0.0063, 0.0063, 0.0063)
[INFO] [1785329013.544542153] [backend_optimizer_node]: wall prior loosened by ICP covariance: sigma(yaw,x,y)=(0.0133, 0.0063, 0.0063) censi=(0.0063, 0.0063, 0.0063)
[INFO] [1785329015.572622317] [backend_optimizer_node]: wall prior loosened by ICP covariance: sigma(yaw,x,y)=(0.0129, 0.0063, 0.0063) censi=(0.0063, 0.0063, 0.0063)
[INFO] [1785329017.596187150] [backend_optimizer_node]: wall prior loosened by ICP covariance: sigma(yaw,x,y)=(0.0129, 0.0063, 0.0063) censi=(0.0063, 0.0063, 0.0063)
[INFO] [1785329019.618851571] [backend_optimizer_node]: wall prior loosened by ICP covariance: sigma(yaw,x,y)=(0.0136, 0.0063, 0.0063) censi=(0.0063, 0.0063, 0.0063)
[INFO] [1785329021.621165721] [backend_optimizer_node]: wall prior loosened by ICP covariance: sigma(yaw,x,y)=(0.0132, 0.0063, 0.0063) censi=(0.0063, 0.0063, 0.0063)
[WARN] [1785329022.922273593] [backend_optimizer_node]: slow smoother update: 21.4ms (index 2451)
[INFO] [1785329023.693513704] [rclcpp]: signal_handler(signum=2)
