[INFO] [1785328955.221705185] [realtime_evaluator_node]: C++ realtime evaluator started: measuring 60.0s from first ground truth
[INFO] [1785328961.548142812] [realtime_evaluator_node]: first ground truth received; measurement window started
[INFO] [1785328966.235743039] [realtime_evaluator_node]: t=5.0s  recent 5s: pos_err mean=22.38mm max=81.00mm samples=4844 balls=0
[INFO] [1785328971.235747625] [realtime_evaluator_node]: t=10.0s  recent 5s: pos_err mean=1.24mm max=2.17mm samples=10043 balls=0
[INFO] [1785328976.235782295] [realtime_evaluator_node]: t=15.0s  recent 5s: pos_err mean=0.82mm max=1.51mm samples=15253 balls=0
[INFO] [1785328981.235775979] [realtime_evaluator_node]: t=20.0s  recent 5s: pos_err mean=1.16mm max=2.17mm samples=20443 balls=0
[INFO] [1785328986.235826399] [realtime_evaluator_node]: t=25.0s  recent 5s: pos_err mean=0.63mm max=1.19mm samples=25643 balls=0
[INFO] [1785328991.235642590] [realtime_evaluator_node]: t=30.0s  recent 5s: pos_err mean=0.71mm max=1.58mm samples=30843 balls=0
[INFO] [1785328996.236295805] [realtime_evaluator_node]: t=35.0s  recent 5s: pos_err mean=0.95mm max=2.14mm samples=36053 balls=0
[INFO] [1785329001.235611033] [realtime_evaluator_node]: t=40.0s  recent 5s: pos_err mean=0.68mm max=1.14mm samples=41243 balls=0
[INFO] [1785329006.235763786] [realtime_evaluator_node]: t=45.0s  recent 5s: pos_err mean=0.48mm max=0.97mm samples=46443 balls=0
[INFO] [1785329011.235897632] [realtime_evaluator_node]: t=50.0s  recent 5s: pos_err mean=0.74mm max=1.54mm samples=51653 balls=0
[INFO] [1785329016.235956381] [realtime_evaluator_node]: t=55.0s  recent 5s: pos_err mean=0.63mm max=1.19mm samples=56842 balls=0
[INFO] [1785329021.236040078] [realtime_evaluator_node]: t=60.0s  recent 5s: pos_err mean=0.49mm max=0.96mm samples=62042 balls=0
[INFO] [1785329021.553504081] [realtime_evaluator_node]: 
============================================================
main.md 6-A-1 シミュレーション評価レポート (C++ realtime evaluator)
============================================================
総サンプル数: 62375  (定常区間 t>=3.0s: 59602)
真値未着のまま評価できなかったサンプル: 1

--- 全体（要件A: 定常RMSE<=10mm, 最大位置誤差<=10mm） ---
  位置誤差: mean=0.88mm  RMSE=1.16mm  max=8.53mm
  ヨー誤差: mean=0.035deg  RMSE=0.041deg  max=0.083deg
  判定: 定常誤差(RMSE<=10mm) PASS / 最大位置誤差(<=10mm) PASS

--- 高G旋回スピンバースト中 ---
  位置誤差: mean=nanmm  RMSE=nanmm  max=nanmm

--- ボール横切り中 vs 非横切り中 ---
  横切り中   : mean=nanmm  RMSE=nanmm  max=nanmm
  非横切り中 : mean=nanmm  RMSE=nanmm  max=nanmm
  判定: ボール横切りによる自己位置無影響 PASS
  (参考) 横切り中の検出ボール数(最新): 0
============================================================

[INFO] [1785329021.848833320] [realtime_evaluator_node]: Saved report and raw error CSV in /home/yukichi6105/ros2_ws/src/lio_localization_sim/docs/stage4_runs/datasheet_initial_offset_20mg_050dps_20260729_r1/evaluator_output
